
 RUN  v4.1.11 C:/Users/matma/Documents/Rozwój gier/lockstate-staff-chair-retained-cycles-production-20261003

xx······
node : 
At line:6 char:128
+ ... +$env:PATH; node node_modules/vitest/vitest.mjs run tests/unit/obliqu ...
+                 ~~~~~~~~~~~~~~~~~~~~~~~~~~~~~~~~~~~~~~~~~~~~~~~~~~~~~~~~~
    + CategoryInfo          : NotSpecified: (:String) [], RemoteException
    + FullyQualifiedErrorId : NativeCommandError
 
⎯⎯⎯⎯⎯⎯⎯ Failed Tests 2 ⎯⎯⎯⎯⎯⎯⎯

 FAIL  tests/unit/oblique-staff-room-padded-chair-context.test.ts > Staff Room ObjectChair context in the actual world 
projection > selects BOTH literal completed Staff Room chairs q0 with their canonical source60/e40 frame
 FAIL  tests/unit/oblique-staff-room-padded-chair-context.test.ts > Staff Room ObjectChair context in the actual world 
projection > selects BOTH literal completed Staff Room chairs q1 with their canonical source60/e40 frame
AssertionError: expected 'assets/source/blender/furniture.staff…' to be 'assets/source/blender/furniture.staff…' // Obj
ect.is equality

Expected: "assets/source/blender/furniture.staff-room.padded-chair.soft-light.blend"
Received: "assets/source/blender/furniture.staff-room.padded-chair.blend"

 ❯ tests/unit/oblique-staff-room-padded-chair-context.test.ts:56:28
     54|     const projected = projectObliqueWorldFrame(actualFrame, camera(tur…
     55|     const catalog = parseObliqueModuleCatalog(JSON.parse(readFileSync(…
     56|     expect(catalog.source).toBe('assets/source/blender/furniture.staff…
       |                            ^
     57|     expect(catalog.sourceSha256).toBe('2dde0a33689685fd067c124c82b7b88…
     58|     for (const structure of structures) {

⎯⎯⎯⎯⎯⎯⎯⎯⎯⎯⎯⎯⎯⎯⎯⎯⎯⎯⎯⎯⎯⎯⎯⎯[1/2]⎯


 Test Files  1 failed (1)
      Tests  2 failed | 6 passed (8)
   Start at  21:19:26
   Duration  943ms (transform 451ms, setup 0ms, import 800ms, tests 17ms, environment 0ms)

