
 RUN  v4.1.11 C:/Users/matma/Documents/Rozwój gier/lockstate-staff-chair-retained-cycles-production-20261003

xx····x·

 Test Files  1 failed (1)
      Tests  3 failed | 5 passed (8)
   Start at  21:21:46
   Duration  648ms (transform 188ms, setup 0ms, import 517ms, tests 18ms, environment 0ms)


⎯⎯⎯⎯⎯⎯⎯ Failed Tests 3 ⎯⎯⎯⎯⎯⎯⎯

 FAIL  tests/unit/oblique-staff-room-padded-chair-context.test.ts > Staff Room ObjectChair context in the actual world projection > selects BOTH literal completed Staff Room chairs q0 with their canonical source60/e40 frame
 FAIL  tests/unit/oblique-staff-room-padded-chair-context.test.ts > Staff Room ObjectChair context in the actual world projection > selects BOTH literal completed Staff Room chairs q1 with their canonical source60/e40 frame
AssertionError: actual Staff Room chair context selector: expected 'furniture.chair.wooden' to be 'furniture.staff-room.padded-chair' // Object.is equality

Expected: "furniture.staff-room.padded-chair"
Received: "furniture.chair.wooden"

 ❯ tests/unit/oblique-staff-room-padded-chair-context.test.ts:60:74
     58|     for (const structure of structures) {
     59|       const solid = projected.raised.find(item => item.id === structur…
     60|       expect(solid?.assetId, 'actual Staff Room chair context selector…
       |                                                                          ^
     61|       if (solid === undefined) throw new Error('Literal purchased Staf…
     62|       const selected = selectObliqueModuleFrame(catalog, { yawRadians:…

⎯⎯⎯⎯⎯⎯⎯⎯⎯⎯⎯⎯⎯⎯⎯⎯⎯⎯⎯⎯⎯⎯⎯⎯[1/3]⎯

 FAIL  tests/unit/oblique-staff-room-padded-chair-context.test.ts > Staff Room ObjectChair context in the actual world projection > uses the entire occupied footprint and never aggregates two adjacent rooms
AssertionError: expected 'furniture.chair.wooden' to be 'furniture.staff-room.padded-chair' // Object.is equality

Expected: "furniture.staff-room.padded-chair"
Received: "furniture.chair.wooden"

 ❯ tests/unit/oblique-staff-room-padded-chair-context.test.ts:103:103
    101|
    102|   it('uses the entire occupied footprint and never aggregates two adja…
    103|     expect(obliqueAssetIdForPlacedObject('object.chair', 8, 8, { width…
       |                                                                                                       ^
    104|     expect(obliqueAssetIdForPlacedObject('object.chair', 8, 8, { width…
    105|     expect(obliqueAssetIdForPlacedObject('object.chair', 8, 8, { width…

⎯⎯⎯⎯⎯⎯⎯⎯⎯⎯⎯⎯⎯⎯⎯⎯⎯⎯⎯⎯⎯⎯⎯⎯[2/3]⎯

