00:01.203  blend            | Read blend: "C:\Users\matma\Documents\Rozwój gier\lockstate-staff-chair-retained-cycles-production-20261003\assets\source\blender\furniture.staff-room.padded-chair.soft-light.blend"
00:02.187  render           | Saved: 'C:\Users\matma\Documents\Rozwój gier\lockstate-staff-chair-retained-cycles-production-20261003\public\assets\environment\oblique\furniture.staff-room.padded-chair-yaw+00-elev20.render.png'
00:02.844  render           | Saved: 'C:\Users\matma\Documents\Rozwój gier\lockstate-staff-chair-retained-cycles-production-20261003\public\assets\environment\oblique\furniture.staff-room.padded-chair-yaw+00-elev30.render.png'
00:03.609  render           | Saved: 'C:\Users\matma\Documents\Rozwój gier\lockstate-staff-chair-retained-cycles-production-20261003\public\assets\environment\oblique\furniture.staff-room.padded-chair-yaw+00-elev40.render.png'
00:04.390  render           | Saved: 'C:\Users\matma\Documents\Rozwój gier\lockstate-staff-chair-retained-cycles-production-20261003\public\assets\environment\oblique\furniture.staff-room.padded-chair-yaw+00-elev50.render.png'
00:05.172  render           | Saved: 'C:\Users\matma\Documents\Rozwój gier\lockstate-staff-chair-retained-cycles-production-20261003\public\assets\environment\oblique\furniture.staff-room.padded-chair-yaw+00-elev60.render.png'
00:05.984  render           | Saved: 'C:\Users\matma\Documents\Rozwój gier\lockstate-staff-chair-retained-cycles-production-20261003\public\assets\environment\oblique\furniture.staff-room.padded-chair-yaw+00-elev70.render.png'
00:06.844  render           | Saved: 'C:\Users\matma\Documents\Rozwój gier\lockstate-staff-chair-retained-cycles-production-20261003\public\assets\environment\oblique\furniture.staff-room.padded-chair-yaw+30-elev20.render.png'
00:07.703  render           | Saved: 'C:\Users\matma\Documents\Rozwój gier\lockstate-staff-chair-retained-cycles-production-20261003\public\assets\environment\oblique\furniture.staff-room.padded-chair-yaw+30-elev30.render.png'
00:08.547  render           | Saved: 'C:\Users\matma\Documents\Rozwój gier\lockstate-staff-chair-retained-cycles-production-20261003\public\assets\environment\oblique\furniture.staff-room.padded-chair-yaw+30-elev40.render.png'
00:09.375  render           | Saved: 'C:\Users\matma\Documents\Rozwój gier\lockstate-staff-chair-retained-cycles-production-20261003\public\assets\environment\oblique\furniture.staff-room.padded-chair-yaw+30-elev50.render.png'
00:10.203  render           | Saved: 'C:\Users\matma\Documents\Rozwój gier\lockstate-staff-chair-retained-cycles-production-20261003\public\assets\environment\oblique\furniture.staff-room.padded-chair-yaw+30-elev60.render.png'
00:11.015  render           | Saved: 'C:\Users\matma\Documents\Rozwój gier\lockstate-staff-chair-retained-cycles-production-20261003\public\assets\environment\oblique\furniture.staff-room.padded-chair-yaw+30-elev70.render.png'
00:11.859  render           | Saved: 'C:\Users\matma\Documents\Rozwój gier\lockstate-staff-chair-retained-cycles-production-20261003\public\assets\environment\oblique\furniture.staff-room.padded-chair-yaw+60-elev20.render.png'
00:12.719  render           | Saved: 'C:\Users\matma\Documents\Rozwój gier\lockstate-staff-chair-retained-cycles-production-20261003\public\assets\environment\oblique\furniture.staff-room.padded-chair-yaw+60-elev30.render.png'
00:13.562  render           | Saved: 'C:\Users\matma\Documents\Rozwój gier\lockstate-staff-chair-retained-cycles-production-20261003\public\assets\environment\oblique\furniture.staff-room.padded-chair-yaw+60-elev40.render.png'
00:14.406  render           | Saved: 'C:\Users\matma\Documents\Rozwój gier\lockstate-staff-chair-retained-cycles-production-20261003\public\assets\environment\oblique\furniture.staff-room.padded-chair-yaw+60-elev50.render.png'
00:15.250  render           | Saved: 'C:\Users\matma\Documents\Rozwój gier\lockstate-staff-chair-retained-cycles-production-20261003\public\assets\environment\oblique\furniture.staff-room.padded-chair-yaw+60-elev60.render.png'
00:16.094  render           | Saved: 'C:\Users\matma\Documents\Rozwój gier\lockstate-staff-chair-retained-cycles-production-20261003\public\assets\environment\oblique\furniture.staff-room.padded-chair-yaw+60-elev70.render.png'
00:16.890  render           | Saved: 'C:\Users\matma\Documents\Rozwój gier\lockstate-staff-chair-retained-cycles-production-20261003\public\assets\environment\oblique\furniture.staff-room.padded-chair-yaw+90-elev20.render.png'
00:17.703  render           | Saved: 'C:\Users\matma\Documents\Rozwój gier\lockstate-staff-chair-retained-cycles-production-20261003\public\assets\environment\oblique\furniture.staff-room.padded-chair-yaw+90-elev30.render.png'
00:18.547  render           | Saved: 'C:\Users\matma\Documents\Rozwój gier\lockstate-staff-chair-retained-cycles-production-20261003\public\assets\environment\oblique\furniture.staff-room.padded-chair-yaw+90-elev40.render.png'
00:19.390  render           | Saved: 'C:\Users\matma\Documents\Rozwój gier\lockstate-staff-chair-retained-cycles-production-20261003\public\assets\environment\oblique\furniture.staff-room.padded-chair-yaw+90-elev50.render.png'
00:20.234  render           | Saved: 'C:\Users\matma\Documents\Rozwój gier\lockstate-staff-chair-retained-cycles-production-20261003\public\assets\environment\oblique\furniture.staff-room.padded-chair-yaw+90-elev60.render.png'
00:21.078  render           | Saved: 'C:\Users\matma\Documents\Rozwój gier\lockstate-staff-chair-retained-cycles-production-20261003\public\assets\environment\oblique\furniture.staff-room.padded-chair-yaw+90-elev70.render.png'
00:21.937  render           | Saved: 'C:\Users\matma\Documents\Rozwój gier\lockstate-staff-chair-retained-cycles-production-20261003\public\assets\environment\oblique\furniture.staff-room.padded-chair-yaw+120-elev20.render.png'
00:22.844  render           | Saved: 'C:\Users\matma\Documents\Rozwój gier\lockstate-staff-chair-retained-cycles-production-20261003\public\assets\environment\oblique\furniture.staff-room.padded-chair-yaw+120-elev30.render.png'
00:23.734  render           | Saved: 'C:\Users\matma\Documents\Rozwój gier\lockstate-staff-chair-retained-cycles-production-20261003\public\assets\environment\oblique\furniture.staff-room.padded-chair-yaw+120-elev40.render.png'
00:24.640  render           | Saved: 'C:\Users\matma\Documents\Rozwój gier\lockstate-staff-chair-retained-cycles-production-20261003\public\assets\environment\oblique\furniture.staff-room.padded-chair-yaw+120-elev50.render.png'
00:25.531  render           | Saved: 'C:\Users\matma\Documents\Rozwój gier\lockstate-staff-chair-retained-cycles-production-20261003\public\assets\environment\oblique\furniture.staff-room.padded-chair-yaw+120-elev60.render.png'
00:26.390  render           | Saved: 'C:\Users\matma\Documents\Rozwój gier\lockstate-staff-chair-retained-cycles-production-20261003\public\assets\environment\oblique\furniture.staff-room.padded-chair-yaw+120-elev70.render.png'
00:27.297  render           | Saved: 'C:\Users\matma\Documents\Rozwój gier\lockstate-staff-chair-retained-cycles-production-20261003\public\assets\environment\oblique\furniture.staff-room.padded-chair-yaw+150-elev20.render.png'
00:28.187  render           | Saved: 'C:\Users\matma\Documents\Rozwój gier\lockstate-staff-chair-retained-cycles-production-20261003\public\assets\environment\oblique\furniture.staff-room.padded-chair-yaw+150-elev30.render.png'
00:29.094  render           | Saved: 'C:\Users\matma\Documents\Rozwój gier\lockstate-staff-chair-retained-cycles-production-20261003\public\assets\environment\oblique\furniture.staff-room.padded-chair-yaw+150-elev40.render.png'
00:30.015  render           | Saved: 'C:\Users\matma\Documents\Rozwój gier\lockstate-staff-chair-retained-cycles-production-20261003\public\assets\environment\oblique\furniture.staff-room.padded-chair-yaw+150-elev50.render.png'
00:30.922  render           | Saved: 'C:\Users\matma\Documents\Rozwój gier\lockstate-staff-chair-retained-cycles-production-20261003\public\assets\environment\oblique\furniture.staff-room.padded-chair-yaw+150-elev60.render.png'
00:31.750  render           | Saved: 'C:\Users\matma\Documents\Rozwój gier\lockstate-staff-chair-retained-cycles-production-20261003\public\assets\environment\oblique\furniture.staff-room.padded-chair-yaw+150-elev70.render.png'
00:32.609  render           | Saved: 'C:\Users\matma\Documents\Rozwój gier\lockstate-staff-chair-retained-cycles-production-20261003\public\assets\environment\oblique\furniture.staff-room.padded-chair-yaw+180-elev20.render.png'
00:33.484  render           | Saved: 'C:\Users\matma\Documents\Rozwój gier\lockstate-staff-chair-retained-cycles-production-20261003\public\assets\environment\oblique\furniture.staff-room.padded-chair-yaw+180-elev30.render.png'
00:34.375  render           | Saved: 'C:\Users\matma\Documents\Rozwój gier\lockstate-staff-chair-retained-cycles-production-20261003\public\assets\environment\oblique\furniture.staff-room.padded-chair-yaw+180-elev40.render.png'
00:35.265  render           | Saved: 'C:\Users\matma\Documents\Rozwój gier\lockstate-staff-chair-retained-cycles-production-20261003\public\assets\environment\oblique\furniture.staff-room.padded-chair-yaw+180-elev50.render.png'
00:36.156  render           | Saved: 'C:\Users\matma\Documents\Rozwój gier\lockstate-staff-chair-retained-cycles-production-20261003\public\assets\environment\oblique\furniture.staff-room.padded-chair-yaw+180-elev60.render.png'
00:37.031  render           | Saved: 'C:\Users\matma\Documents\Rozwój gier\lockstate-staff-chair-retained-cycles-production-20261003\public\assets\environment\oblique\furniture.staff-room.padded-chair-yaw+180-elev70.render.png'
00:37.922  render           | Saved: 'C:\Users\matma\Documents\Rozwój gier\lockstate-staff-chair-retained-cycles-production-20261003\public\assets\environment\oblique\furniture.staff-room.padded-chair-yaw+210-elev20.render.png'
00:38.828  render           | Saved: 'C:\Users\matma\Documents\Rozwój gier\lockstate-staff-chair-retained-cycles-production-20261003\public\assets\environment\oblique\furniture.staff-room.padded-chair-yaw+210-elev30.render.png'
00:39.734  render           | Saved: 'C:\Users\matma\Documents\Rozwój gier\lockstate-staff-chair-retained-cycles-production-20261003\public\assets\environment\oblique\furniture.staff-room.padded-chair-yaw+210-elev40.render.png'
00:40.640  render           | Saved: 'C:\Users\matma\Documents\Rozwój gier\lockstate-staff-chair-retained-cycles-production-20261003\public\assets\environment\oblique\furniture.staff-room.padded-chair-yaw+210-elev50.render.png'
00:41.531  render           | Saved: 'C:\Users\matma\Documents\Rozwój gier\lockstate-staff-chair-retained-cycles-production-20261003\public\assets\environment\oblique\furniture.staff-room.padded-chair-yaw+210-elev60.render.png'
00:42.406  render           | Saved: 'C:\Users\matma\Documents\Rozwój gier\lockstate-staff-chair-retained-cycles-production-20261003\public\assets\environment\oblique\furniture.staff-room.padded-chair-yaw+210-elev70.render.png'
00:43.281  render           | Saved: 'C:\Users\matma\Documents\Rozwój gier\lockstate-staff-chair-retained-cycles-production-20261003\public\assets\environment\oblique\furniture.staff-room.padded-chair-yaw+240-elev20.render.png'
00:44.156  render           | Saved: 'C:\Users\matma\Documents\Rozwój gier\lockstate-staff-chair-retained-cycles-production-20261003\public\assets\environment\oblique\furniture.staff-room.padded-chair-yaw+240-elev30.render.png'
00:45.047  render           | Saved: 'C:\Users\matma\Documents\Rozwój gier\lockstate-staff-chair-retained-cycles-production-20261003\public\assets\environment\oblique\furniture.staff-room.padded-chair-yaw+240-elev40.render.png'
00:45.937  render           | Saved: 'C:\Users\matma\Documents\Rozwój gier\lockstate-staff-chair-retained-cycles-production-20261003\public\assets\environment\oblique\furniture.staff-room.padded-chair-yaw+240-elev50.render.png'
00:46.812  render           | Saved: 'C:\Users\matma\Documents\Rozwój gier\lockstate-staff-chair-retained-cycles-production-20261003\public\assets\environment\oblique\furniture.staff-room.padded-chair-yaw+240-elev60.render.png'
00:47.687  render           | Saved: 'C:\Users\matma\Documents\Rozwój gier\lockstate-staff-chair-retained-cycles-production-20261003\public\assets\environment\oblique\furniture.staff-room.padded-chair-yaw+240-elev70.render.png'
00:48.469  render           | Saved: 'C:\Users\matma\Documents\Rozwój gier\lockstate-staff-chair-retained-cycles-production-20261003\public\assets\environment\oblique\furniture.staff-room.padded-chair-yaw+270-elev20.render.png'
00:49.297  render           | Saved: 'C:\Users\matma\Documents\Rozwój gier\lockstate-staff-chair-retained-cycles-production-20261003\public\assets\environment\oblique\furniture.staff-room.padded-chair-yaw+270-elev30.render.png'
00:50.140  render           | Saved: 'C:\Users\matma\Documents\Rozwój gier\lockstate-staff-chair-retained-cycles-production-20261003\public\assets\environment\oblique\furniture.staff-room.padded-chair-yaw+270-elev40.render.png'
00:50.984  render           | Saved: 'C:\Users\matma\Documents\Rozwój gier\lockstate-staff-chair-retained-cycles-production-20261003\public\assets\environment\oblique\furniture.staff-room.padded-chair-yaw+270-elev50.render.png'
00:51.828  render           | Saved: 'C:\Users\matma\Documents\Rozwój gier\lockstate-staff-chair-retained-cycles-production-20261003\public\assets\environment\oblique\furniture.staff-room.padded-chair-yaw+270-elev60.render.png'
00:52.672  render           | Saved: 'C:\Users\matma\Documents\Rozwój gier\lockstate-staff-chair-retained-cycles-production-20261003\public\assets\environment\oblique\furniture.staff-room.padded-chair-yaw+270-elev70.render.png'
00:53.500  render           | Saved: 'C:\Users\matma\Documents\Rozwój gier\lockstate-staff-chair-retained-cycles-production-20261003\public\assets\environment\oblique\furniture.staff-room.padded-chair-yaw+300-elev20.render.png'
00:54.359  render           | Saved: 'C:\Users\matma\Documents\Rozwój gier\lockstate-staff-chair-retained-cycles-production-20261003\public\assets\environment\oblique\furniture.staff-room.padded-chair-yaw+300-elev30.render.png'
00:55.203  render           | Saved: 'C:\Users\matma\Documents\Rozwój gier\lockstate-staff-chair-retained-cycles-production-20261003\public\assets\environment\oblique\furniture.staff-room.padded-chair-yaw+300-elev40.render.png'
00:56.047  render           | Saved: 'C:\Users\matma\Documents\Rozwój gier\lockstate-staff-chair-retained-cycles-production-20261003\public\assets\environment\oblique\furniture.staff-room.padded-chair-yaw+300-elev50.render.png'
00:56.890  render           | Saved: 'C:\Users\matma\Documents\Rozwój gier\lockstate-staff-chair-retained-cycles-production-20261003\public\assets\environment\oblique\furniture.staff-room.padded-chair-yaw+300-elev60.render.png'
00:57.734  render           | Saved: 'C:\Users\matma\Documents\Rozwój gier\lockstate-staff-chair-retained-cycles-production-20261003\public\assets\environment\oblique\furniture.staff-room.padded-chair-yaw+300-elev70.render.png'
00:58.609  render           | Saved: 'C:\Users\matma\Documents\Rozwój gier\lockstate-staff-chair-retained-cycles-production-20261003\public\assets\environment\oblique\furniture.staff-room.padded-chair-yaw+330-elev20.render.png'
00:59.500  render           | Saved: 'C:\Users\matma\Documents\Rozwój gier\lockstate-staff-chair-retained-cycles-production-20261003\public\assets\environment\oblique\furniture.staff-room.padded-chair-yaw+330-elev30.render.png'
01:00.328  render           | Saved: 'C:\Users\matma\Documents\Rozwój gier\lockstate-staff-chair-retained-cycles-production-20261003\public\assets\environment\oblique\furniture.staff-room.padded-chair-yaw+330-elev40.render.png'
01:01.156  render           | Saved: 'C:\Users\matma\Documents\Rozwój gier\lockstate-staff-chair-retained-cycles-production-20261003\public\assets\environment\oblique\furniture.staff-room.padded-chair-yaw+330-elev50.render.png'
01:01.984  render           | Saved: 'C:\Users\matma\Documents\Rozwój gier\lockstate-staff-chair-retained-cycles-production-20261003\public\assets\environment\oblique\furniture.staff-room.padded-chair-yaw+330-elev60.render.png'
01:02.812  render           | Saved: 'C:\Users\matma\Documents\Rozwój gier\lockstate-staff-chair-retained-cycles-production-20261003\public\assets\environment\oblique\furniture.staff-room.padded-chair-yaw+330-elev70.render.png'
rendered 72 verified poses: C:\Users\matma\Documents\Rozwój gier\lockstate-staff-chair-retained-cycles-production-20261003\public\game-content\oblique-furniture-staff-room-padded-chair.v1.json
STAFF_CYCLES_EXPORT72_DECODED_GREEN
Blender 5.2.1 LTS (hash 9e2066aef7ef built 2026-08-25 02:38:20)

Blender quit
