
 RUN  v4.1.11 C:/Users/matma/Documents/Rozwój gier/hud-cancel-rearm-gesture-audit-20261003

stdout | tests/unit/oblique-hud-cancel-rearm.test.ts > world/wall: HUD cancel then re-arm before next render frame must not complete the cancelled old left press
CANCEL_REARM_OLD_RELEASE {"mode":"world","tool":"wall","transitions":[true,false,true],"commands":[{"type":"PlaceBuildOrder","orderId":"order-3b9c4242-7a98-4848-a1b4-e316efc765b6","definitionId":"wall-brick","x":11,"y":11,"footprint":"square","transactionId":"build-479a4c6d-318c-4aae-98bf-bb0bb4e5bb7e"}],"roomReports":[]}

stdout | tests/unit/oblique-hud-cancel-rearm.test.ts > world/object: HUD cancel then re-arm before next render frame must not complete the cancelled old left press
CANCEL_REARM_OLD_RELEASE {"mode":"world","tool":"object","transitions":[true,false,true],"commands":[{"type":"PlaceObject","orderId":"object-3fbcd4a4-410b-4e53-a0f8-a1531298b9b0","definitionId":"bed-wooden","x":11,"y":11}],"roomReports":[]}

stdout | tests/unit/oblique-hud-cancel-rearm.test.ts > oblique/wall: HUD cancel then re-arm before next render frame must not complete the cancelled old left press
CANCEL_REARM_OLD_RELEASE {"mode":"oblique","tool":"wall","transitions":[true,false,true],"commands":[{"type":"PlaceBuildOrder","orderId":"order-72475bdf-bb39-4994-80e6-76606ac523b0","definitionId":"wall-brick","x":10,"y":11,"footprint":"square","transactionId":"build-e77670b9-9875-4fac-bfdb-09914a69d6ae"},{"type":"PlaceBuildOrder","orderId":"order-c23582b1-0e52-48fc-a523-56da0a2c7392","definitionId":"wall-brick","x":11,"y":11,"footprint":"square","transactionId":"build-e77670b9-9875-4fac-bfdb-09914a69d6ae"}],"roomReports":[]}

stdout | tests/unit/oblique-hud-cancel-rearm.test.ts > oblique/object: HUD cancel then re-arm before next render frame must not complete the cancelled old left press
CANCEL_REARM_OLD_RELEASE {"mode":"oblique","tool":"object","transitions":[true,false,true],"commands":[{"type":"PlaceObject","orderId":"object-b5b98cc1-454f-4df9-9d22-3d57b0dd549b","definitionId":"bed-wooden","x":11,"y":11}],"roomReports":[]}

 ❯ tests/unit/oblique-hud-cancel-rearm.test.ts (21 tests | 4 failed) 88ms
   × world/wall: HUD cancel then re-arm before next render frame must not complete the cancelled old left press 31ms
   × world/object: HUD cancel then re-arm before next render frame must not complete the cancelled old left press 6ms
   × oblique/wall: HUD cancel then re-arm before next render frame must not complete the cancelled old left press 4ms
   × oblique/object: HUD cancel then re-arm before next render frame must not complete the cancelled old left press 2ms

⎯⎯⎯⎯⎯⎯⎯ Failed Tests 4 ⎯⎯⎯⎯⎯⎯⎯

 FAIL  tests/unit/oblique-hud-cancel-rearm.test.ts > world/wall: HUD cancel then re-arm before next render frame must not complete the cancelled old left press
 FAIL  tests/unit/oblique-hud-cancel-rearm.test.ts > world/object: HUD cancel then re-arm before next render frame must not complete the cancelled old left press
AssertionError: a cancelled old press cannot buy after re-arm without a fresh primary down: expected [ { protocolVersion: 1, …(3) } ] to have a length of +0 but got 1

- Expected
+ Received

- 0
+ 1

 ❯ tests/unit/oblique-hud-cancel-rearm.test.ts:149:112
    147|     console.log('CANCEL_REARM_OLD_RELEASE', JSON.stringify({ mode, too…
    148|     expect(h.roomReports, 'cancelled room rectangle must not reach pen…
    149|     expect(h.actors.submitted(), 'a cancelled old press cannot buy aft…
       |                                                                                                                ^
    150|     h.mouse('down', 0, 1); h.mouse('up', 0, 0);
    151|     expect(tool === 'room' ? h.roomReports.length : h.actors.submitted…

⎯⎯⎯⎯⎯⎯⎯⎯⎯⎯⎯⎯⎯⎯⎯⎯⎯⎯⎯⎯⎯⎯⎯⎯[1/4]⎯

 FAIL  tests/unit/oblique-hud-cancel-rearm.test.ts > oblique/wall: HUD cancel then re-arm before next render frame must not complete the cancelled old left press
AssertionError: a cancelled old press cannot buy after re-arm without a fresh primary down: expected [ { protocolVersion: 1, …(3) }, …(1) ] to have a length of +0 but got 2

- Expected
+ Received

- 0
+ 2

 ❯ tests/unit/oblique-hud-cancel-rearm.test.ts:149:112
    147|     console.log('CANCEL_REARM_OLD_RELEASE', JSON.stringify({ mode, too…
    148|     expect(h.roomReports, 'cancelled room rectangle must not reach pen…
    149|     expect(h.actors.submitted(), 'a cancelled old press cannot buy aft…
       |                                                                                                                ^
    150|     h.mouse('down', 0, 1); h.mouse('up', 0, 0);
    151|     expect(tool === 'room' ? h.roomReports.length : h.actors.submitted…

⎯⎯⎯⎯⎯⎯⎯⎯⎯⎯⎯⎯⎯⎯⎯⎯⎯⎯⎯⎯⎯⎯⎯⎯[2/4]⎯

 FAIL  tests/unit/oblique-hud-cancel-rearm.test.ts > oblique/object: HUD cancel then re-arm before next render frame must not complete the cancelled old left press
AssertionError: a cancelled old press cannot buy after re-arm without a fresh primary down: expected [ { protocolVersion: 1, …(3) } ] to have a length of +0 but got 1

- Expected
+ Received

- 0
+ 1

 ❯ tests/unit/oblique-hud-cancel-rearm.test.ts:149:112
    147|     console.log('CANCEL_REARM_OLD_RELEASE', JSON.stringify({ mode, too…
    148|     expect(h.roomReports, 'cancelled room rectangle must not reach pen…
    149|     expect(h.actors.submitted(), 'a cancelled old press cannot buy aft…
       |                                                                                                                ^
    150|     h.mouse('down', 0, 1); h.mouse('up', 0, 0);
    151|     expect(tool === 'room' ? h.roomReports.length : h.actors.submitted…

⎯⎯⎯⎯⎯⎯⎯⎯⎯⎯⎯⎯⎯⎯⎯⎯⎯⎯⎯⎯⎯⎯⎯⎯[3/4]⎯


 Test Files  1 failed (1)
      Tests  4 failed | 17 passed (21)
   Start at  06:15:04
   Duration  3.78s (transform 1.34s, setup 0ms, import 3.55s, tests 88ms, environment 0ms)

