
 RUN  v4.1.11 C:/Users/matma/Documents/Rozwój gier/hud-cancel-rearm-gesture-audit-20261003

stdout | tests/unit/oblique-hud-cancel-rearm.test.ts > Oblique/wall: HUD cancel then re-arm before next render frame must not complete the cancelled old left press
CANCEL_REARM_OLD_RELEASE {"tool":"wall","transitions":[true,false,true],"commands":[{"type":"PlaceBuildOrder","orderId":"order-f31a81a5-461b-4a4f-a47b-1b82ca7088ea","definitionId":"wall-brick","x":10,"y":11,"footprint":"square","transactionId":"build-1a2d48b9-ba84-4fbc-a6bc-df7e92922357"},{"type":"PlaceBuildOrder","orderId":"order-cb5f6d20-7ed0-4f11-82a1-4607445fab47","definitionId":"wall-brick","x":11,"y":11,"footprint":"square","transactionId":"build-1a2d48b9-ba84-4fbc-a6bc-df7e92922357"}]}

stdout | tests/unit/oblique-hud-cancel-rearm.test.ts > Oblique/object: HUD cancel then re-arm before next render frame must not complete the cancelled old left press
CANCEL_REARM_OLD_RELEASE {"tool":"object","transitions":[true,false,true],"commands":[{"type":"PlaceObject","orderId":"object-e495c612-69fb-48e1-8ca2-9270c4911916","definitionId":"bed-wooden","x":11,"y":11}]}

 ❯ tests/unit/oblique-hud-cancel-rearm.test.ts (6 tests | 2 failed) 32ms
   × Oblique/wall: HUD cancel then re-arm before next render frame must not complete the cancelled old left press 19ms
   × Oblique/object: HUD cancel then re-arm before next render frame must not complete the cancelled old left press 4ms

⎯⎯⎯⎯⎯⎯⎯ Failed Tests 2 ⎯⎯⎯⎯⎯⎯⎯

 FAIL  tests/unit/oblique-hud-cancel-rearm.test.ts > Oblique/wall: HUD cancel then re-arm before next render frame must not complete the cancelled old left press
AssertionError: a cancelled old press cannot buy after re-arm without a fresh primary down: expected [ { protocolVersion: 1, …(3) }, …(1) ] to have a length of +0 but got 2

- Expected
+ Received

- 0
+ 2

 ❯ tests/unit/oblique-hud-cancel-rearm.test.ts:135:112
    133|     h.mouse('up', 0, 0, 940);
    134|     console.log('CANCEL_REARM_OLD_RELEASE', JSON.stringify({ tool, tra…
    135|     expect(h.actors.submitted(), 'a cancelled old press cannot buy aft…
       |                                                                                                                ^
    136|     h.mouse('down', 0, 1); h.mouse('up', 0, 0);
    137|     expect(h.actors.submitted().length).toBeGreaterThan(0);

⎯⎯⎯⎯⎯⎯⎯⎯⎯⎯⎯⎯⎯⎯⎯⎯⎯⎯⎯⎯⎯⎯⎯⎯[1/2]⎯

 FAIL  tests/unit/oblique-hud-cancel-rearm.test.ts > Oblique/object: HUD cancel then re-arm before next render frame must not complete the cancelled old left press
AssertionError: a cancelled old press cannot buy after re-arm without a fresh primary down: expected [ { protocolVersion: 1, …(3) } ] to have a length of +0 but got 1

- Expected
+ Received

- 0
+ 1

 ❯ tests/unit/oblique-hud-cancel-rearm.test.ts:135:112
    133|     h.mouse('up', 0, 0, 940);
    134|     console.log('CANCEL_REARM_OLD_RELEASE', JSON.stringify({ tool, tra…
    135|     expect(h.actors.submitted(), 'a cancelled old press cannot buy aft…
       |                                                                                                                ^
    136|     h.mouse('down', 0, 1); h.mouse('up', 0, 0);
    137|     expect(h.actors.submitted().length).toBeGreaterThan(0);

⎯⎯⎯⎯⎯⎯⎯⎯⎯⎯⎯⎯⎯⎯⎯⎯⎯⎯⎯⎯⎯⎯⎯⎯[2/2]⎯


 Test Files  1 failed (1)
      Tests  2 failed | 4 passed (6)
   Start at  06:08:05
   Duration  3.13s (transform 1.08s, setup 0ms, import 2.98s, tests 32ms, environment 0ms)

