
 RUN  v4.1.11 C:/Users/matma/Documents/Rozwój gier/hud-cancel-rearm-gesture-audit-20261003

stdout | tests/unit/oblique-hud-cancel-rearm.test.ts > Oblique/wall: HUD cancel then re-arm before next render frame must not complete the cancelled old left press
CANCEL_REARM_OLD_RELEASE {"tool":"wall","transitions":[true,false,true],"commands":[{"type":"PlaceBuildOrder","orderId":"order-75080a85-a30a-409b-964d-c31adca80bc0","definitionId":"wall-brick","x":10,"y":11,"footprint":"square","transactionId":"build-44ddb1ac-c2a1-438f-9bda-81fa73c5e5eb"},{"type":"PlaceBuildOrder","orderId":"order-ad3747b9-9cf3-4267-b27e-2f7c0150be15","definitionId":"wall-brick","x":11,"y":11,"footprint":"square","transactionId":"build-44ddb1ac-c2a1-438f-9bda-81fa73c5e5eb"}],"roomReports":[]}

stdout | tests/unit/oblique-hud-cancel-rearm.test.ts > Oblique/object: HUD cancel then re-arm before next render frame must not complete the cancelled old left press
CANCEL_REARM_OLD_RELEASE {"tool":"object","transitions":[true,false,true],"commands":[{"type":"PlaceObject","orderId":"object-6e1e78f3-40aa-4ce7-9756-028bc5114115","definitionId":"bed-wooden","x":11,"y":11}],"roomReports":[]}

stdout | tests/unit/oblique-hud-cancel-rearm.test.ts > Oblique/room: HUD cancel then re-arm before next render frame must not complete the cancelled old left press
CANCEL_REARM_OLD_RELEASE {"tool":"room","transitions":[true,false,true],"commands":[],"roomReports":[{"kind":"designate","roomId":"room.yard","area":{"x":10,"y":11,"width":2,"height":1}}]}

 ❯ tests/unit/oblique-hud-cancel-rearm.test.ts (9 tests | 3 failed) 49ms
   × Oblique/wall: HUD cancel then re-arm before next render frame must not complete the cancelled old left press 27ms
   × Oblique/object: HUD cancel then re-arm before next render frame must not complete the cancelled old left press 4ms
   × Oblique/room: HUD cancel then re-arm before next render frame must not complete the cancelled old left press 3ms

⎯⎯⎯⎯⎯⎯⎯ Failed Tests 3 ⎯⎯⎯⎯⎯⎯⎯

 FAIL  tests/unit/oblique-hud-cancel-rearm.test.ts > Oblique/wall: HUD cancel then re-arm before next render frame must not complete the cancelled old left press
AssertionError: a cancelled old press cannot buy after re-arm without a fresh primary down: expected [ { protocolVersion: 1, …(3) }, …(1) ] to have a length of +0 but got 2

- Expected
+ Received

- 0
+ 2

 ❯ tests/unit/oblique-hud-cancel-rearm.test.ts:149:112
    147|     console.log('CANCEL_REARM_OLD_RELEASE', JSON.stringify({ tool, tra…
    148|     expect(h.roomReports, 'cancelled room rectangle must not reach pen…
    149|     expect(h.actors.submitted(), 'a cancelled old press cannot buy aft…
       |                                                                                                                ^
    150|     h.mouse('down', 0, 1); h.mouse('up', 0, 0);
    151|     expect(tool === 'room' ? h.roomReports.length : h.actors.submitted…

⎯⎯⎯⎯⎯⎯⎯⎯⎯⎯⎯⎯⎯⎯⎯⎯⎯⎯⎯⎯⎯⎯⎯⎯[1/3]⎯

 FAIL  tests/unit/oblique-hud-cancel-rearm.test.ts > Oblique/object: HUD cancel then re-arm before next render frame must not complete the cancelled old left press
AssertionError: a cancelled old press cannot buy after re-arm without a fresh primary down: expected [ { protocolVersion: 1, …(3) } ] to have a length of +0 but got 1

- Expected
+ Received

- 0
+ 1

 ❯ tests/unit/oblique-hud-cancel-rearm.test.ts:149:112
    147|     console.log('CANCEL_REARM_OLD_RELEASE', JSON.stringify({ tool, tra…
    148|     expect(h.roomReports, 'cancelled room rectangle must not reach pen…
    149|     expect(h.actors.submitted(), 'a cancelled old press cannot buy aft…
       |                                                                                                                ^
    150|     h.mouse('down', 0, 1); h.mouse('up', 0, 0);
    151|     expect(tool === 'room' ? h.roomReports.length : h.actors.submitted…

⎯⎯⎯⎯⎯⎯⎯⎯⎯⎯⎯⎯⎯⎯⎯⎯⎯⎯⎯⎯⎯⎯⎯⎯[2/3]⎯

 FAIL  tests/unit/oblique-hud-cancel-rearm.test.ts > Oblique/room: HUD cancel then re-arm before next render frame must not complete the cancelled old left press
AssertionError: cancelled room rectangle must not reach pending confirmation: expected [ { kind: 'designate', …(2) } ] to have a length of +0 but got 1

- Expected
+ Received

- 0
+ 1

 ❯ tests/unit/oblique-hud-cancel-rearm.test.ts:148:91
    146|     h.mouse('up', 0, 0, 940);
    147|     console.log('CANCEL_REARM_OLD_RELEASE', JSON.stringify({ tool, tra…
    148|     expect(h.roomReports, 'cancelled room rectangle must not reach pen…
       |                                                                                           ^
    149|     expect(h.actors.submitted(), 'a cancelled old press cannot buy aft…
    150|     h.mouse('down', 0, 1); h.mouse('up', 0, 0);

⎯⎯⎯⎯⎯⎯⎯⎯⎯⎯⎯⎯⎯⎯⎯⎯⎯⎯⎯⎯⎯⎯⎯⎯[3/3]⎯


 Test Files  1 failed (1)
      Tests  3 failed | 6 passed (9)
   Start at  06:11:24
   Duration  3.23s (transform 1.10s, setup 0ms, import 3.06s, tests 49ms, environment 0ms)

