
 RUN  v4.1.11 C:/Users/matma/Documents/Rozwój gier/hud-cancel-rearm-gesture-audit-20261003

stdout | tests/unit/oblique-hud-cancel-rearm.test.ts > world/wall: HUD cancel then re-arm before next render frame must not complete the cancelled old left press
CANCEL_REARM_OLD_RELEASE {"mode":"world","tool":"wall","transitions":[true,false,true],"commands":[{"type":"PlaceBuildOrder","orderId":"order-2a8d04a4-5fef-48c3-9283-2d445fb1b46b","definitionId":"wall-brick","x":11,"y":11,"footprint":"square","transactionId":"build-8cb734e8-a390-42c4-b8f1-69944a0fa875"}],"roomReports":[]}

stdout | tests/unit/oblique-hud-cancel-rearm.test.ts > world/object: HUD cancel then re-arm before next render frame must not complete the cancelled old left press
CANCEL_REARM_OLD_RELEASE {"mode":"world","tool":"object","transitions":[true,false,true],"commands":[{"type":"PlaceObject","orderId":"object-96594703-bbaf-44fb-8205-86dc42d4a9f6","definitionId":"bed-wooden","x":11,"y":11}],"roomReports":[]}

stdout | tests/unit/oblique-hud-cancel-rearm.test.ts > world/room: HUD cancel then re-arm before next render frame must not complete the cancelled old left press
CANCEL_REARM_OLD_RELEASE {"mode":"world","tool":"room","transitions":[true,false,true],"commands":[],"roomReports":[{"kind":"designate","roomId":"room.yard","area":{"x":11,"y":11,"width":1,"height":1}}]}

stdout | tests/unit/oblique-hud-cancel-rearm.test.ts > oblique/wall: HUD cancel then re-arm before next render frame must not complete the cancelled old left press
CANCEL_REARM_OLD_RELEASE {"mode":"oblique","tool":"wall","transitions":[true,false,true],"commands":[{"type":"PlaceBuildOrder","orderId":"order-2ecec233-8699-4a7c-ae25-81f3b94541b4","definitionId":"wall-brick","x":10,"y":11,"footprint":"square","transactionId":"build-fc740e17-a780-4c9c-8271-f55230f22267"},{"type":"PlaceBuildOrder","orderId":"order-544d8591-5f20-473f-9b76-3202ee7e6003","definitionId":"wall-brick","x":11,"y":11,"footprint":"square","transactionId":"build-fc740e17-a780-4c9c-8271-f55230f22267"}],"roomReports":[]}

stdout | tests/unit/oblique-hud-cancel-rearm.test.ts > oblique/object: HUD cancel then re-arm before next render frame must not complete the cancelled old left press
CANCEL_REARM_OLD_RELEASE {"mode":"oblique","tool":"object","transitions":[true,false,true],"commands":[{"type":"PlaceObject","orderId":"object-9dd65287-177d-41f3-9f32-92007060eafd","definitionId":"bed-wooden","x":11,"y":11}],"roomReports":[]}

stdout | tests/unit/oblique-hud-cancel-rearm.test.ts > oblique/room: HUD cancel then re-arm before next render frame must not complete the cancelled old left press
CANCEL_REARM_OLD_RELEASE {"mode":"oblique","tool":"room","transitions":[true,false,true],"commands":[],"roomReports":[{"kind":"designate","roomId":"room.yard","area":{"x":10,"y":11,"width":2,"height":1}}]}

 ❯ tests/unit/oblique-hud-cancel-rearm.test.ts (21 tests | 6 failed) 82ms
   × world/wall: HUD cancel then re-arm before next render frame must not complete the cancelled old left press 25ms
   × world/object: HUD cancel then re-arm before next render frame must not complete the cancelled old left press 5ms
   × world/room: HUD cancel then re-arm before next render frame must not complete the cancelled old left press 3ms
   × oblique/wall: HUD cancel then re-arm before next render frame must not complete the cancelled old left press 4ms
   × oblique/object: HUD cancel then re-arm before next render frame must not complete the cancelled old left press 2ms
   × oblique/room: HUD cancel then re-arm before next render frame must not complete the cancelled old left press 3ms

⎯⎯⎯⎯⎯⎯⎯ Failed Tests 6 ⎯⎯⎯⎯⎯⎯⎯

 FAIL  tests/unit/oblique-hud-cancel-rearm.test.ts > world/wall: HUD cancel then re-arm before next render frame must not complete the cancelled old left press
 FAIL  tests/unit/oblique-hud-cancel-rearm.test.ts > world/object: HUD cancel then re-arm before next render frame must not complete the cancelled old left press
AssertionError: a cancelled old press cannot buy after re-arm without a fresh primary down: expected [ { protocolVersion: 1, …(3) } ] to have a length of +0 but got 1

- Expected
+ Received

- 0
+ 1

 ❯ tests/unit/oblique-hud-cancel-rearm.test.ts:149:112
    147|     console.log('CANCEL_REARM_OLD_RELEASE', JSON.stringify({ mode, too…
    148|     expect(h.roomReports, 'cancelled room rectangle must not reach pen…
    149|     expect(h.actors.submitted(), 'a cancelled old press cannot buy aft…
       |                                                                                                                ^
    150|     h.mouse('down', 0, 1); h.mouse('up', 0, 0);
    151|     expect(tool === 'room' ? h.roomReports.length : h.actors.submitted…

⎯⎯⎯⎯⎯⎯⎯⎯⎯⎯⎯⎯⎯⎯⎯⎯⎯⎯⎯⎯⎯⎯⎯⎯[1/6]⎯

 FAIL  tests/unit/oblique-hud-cancel-rearm.test.ts > world/room: HUD cancel then re-arm before next render frame must not complete the cancelled old left press
AssertionError: cancelled room rectangle must not reach pending confirmation: expected [ { kind: 'designate', …(2) } ] to have a length of +0 but got 1

- Expected
+ Received

- 0
+ 1

 ❯ tests/unit/oblique-hud-cancel-rearm.test.ts:148:91
    146|     h.mouse('up', 0, 0, 940);
    147|     console.log('CANCEL_REARM_OLD_RELEASE', JSON.stringify({ mode, too…
    148|     expect(h.roomReports, 'cancelled room rectangle must not reach pen…
       |                                                                                           ^
    149|     expect(h.actors.submitted(), 'a cancelled old press cannot buy aft…
    150|     h.mouse('down', 0, 1); h.mouse('up', 0, 0);

⎯⎯⎯⎯⎯⎯⎯⎯⎯⎯⎯⎯⎯⎯⎯⎯⎯⎯⎯⎯⎯⎯⎯⎯[2/6]⎯

 FAIL  tests/unit/oblique-hud-cancel-rearm.test.ts > oblique/wall: HUD cancel then re-arm before next render frame must not complete the cancelled old left press
AssertionError: a cancelled old press cannot buy after re-arm without a fresh primary down: expected [ { protocolVersion: 1, …(3) }, …(1) ] to have a length of +0 but got 2

- Expected
+ Received

- 0
+ 2

 ❯ tests/unit/oblique-hud-cancel-rearm.test.ts:149:112
    147|     console.log('CANCEL_REARM_OLD_RELEASE', JSON.stringify({ mode, too…
    148|     expect(h.roomReports, 'cancelled room rectangle must not reach pen…
    149|     expect(h.actors.submitted(), 'a cancelled old press cannot buy aft…
       |                                                                                                                ^
    150|     h.mouse('down', 0, 1); h.mouse('up', 0, 0);
    151|     expect(tool === 'room' ? h.roomReports.length : h.actors.submitted…

⎯⎯⎯⎯⎯⎯⎯⎯⎯⎯⎯⎯⎯⎯⎯⎯⎯⎯⎯⎯⎯⎯⎯⎯[3/6]⎯

 FAIL  tests/unit/oblique-hud-cancel-rearm.test.ts > oblique/object: HUD cancel then re-arm before next render frame must not complete the cancelled old left press
AssertionError: a cancelled old press cannot buy after re-arm without a fresh primary down: expected [ { protocolVersion: 1, …(3) } ] to have a length of +0 but got 1

- Expected
+ Received

- 0
+ 1

 ❯ tests/unit/oblique-hud-cancel-rearm.test.ts:149:112
    147|     console.log('CANCEL_REARM_OLD_RELEASE', JSON.stringify({ mode, too…
    148|     expect(h.roomReports, 'cancelled room rectangle must not reach pen…
    149|     expect(h.actors.submitted(), 'a cancelled old press cannot buy aft…
       |                                                                                                                ^
    150|     h.mouse('down', 0, 1); h.mouse('up', 0, 0);
    151|     expect(tool === 'room' ? h.roomReports.length : h.actors.submitted…

⎯⎯⎯⎯⎯⎯⎯⎯⎯⎯⎯⎯⎯⎯⎯⎯⎯⎯⎯⎯⎯⎯⎯⎯[4/6]⎯

 FAIL  tests/unit/oblique-hud-cancel-rearm.test.ts > oblique/room: HUD cancel then re-arm before next render frame must not complete the cancelled old left press
AssertionError: cancelled room rectangle must not reach pending confirmation: expected [ { kind: 'designate', …(2) } ] to have a length of +0 but got 1

- Expected
+ Received

- 0
+ 1

 ❯ tests/unit/oblique-hud-cancel-rearm.test.ts:148:91
    146|     h.mouse('up', 0, 0, 940);
    147|     console.log('CANCEL_REARM_OLD_RELEASE', JSON.stringify({ mode, too…
    148|     expect(h.roomReports, 'cancelled room rectangle must not reach pen…
       |                                                                                           ^
    149|     expect(h.actors.submitted(), 'a cancelled old press cannot buy aft…
    150|     h.mouse('down', 0, 1); h.mouse('up', 0, 0);

⎯⎯⎯⎯⎯⎯⎯⎯⎯⎯⎯⎯⎯⎯⎯⎯⎯⎯⎯⎯⎯⎯⎯⎯[5/6]⎯


 Test Files  1 failed (1)
      Tests  6 failed | 15 passed (21)
   Start at  06:14:55
   Duration  3.93s (transform 1.40s, setup 0ms, import 3.68s, tests 82ms, environment 0ms)

