
 RUN  v4.1.11 C:/Users/matma/Documents/Rozwój gier/lockstate-wooden-bench-ground-mounts-20261003

xx·

 Test Files  1 failed (1)
      Tests  2 failed | 1 passed (3)
   Start at  19:05:35
   Duration  612ms (transform 165ms, setup 0ms, import 487ms, tests 14ms, environment 0ms)


⎯⎯⎯⎯⎯⎯⎯ Failed Tests 2 ⎯⎯⎯⎯⎯⎯⎯

 FAIL  tests/unit/oblique-wooden-bench-ground-mounts-consumer.test.ts > existing completed bench consumers select the genuinely grounded retained assembly > selects both literal Holding Cell benches q0 at world60/-30 and elevation40
 FAIL  tests/unit/oblique-wooden-bench-ground-mounts-consumer.test.ts > existing completed bench consumers select the genuinely grounded retained assembly > selects both literal Holding Cell benches q1 at world60/-30 and elevation40
AssertionError: expected [] to deeply equal [ { …(2) } ]

- Expected
+ Received

- [
-   {
-     "assetId": "furniture.corridor.bench.variants",
-     "manifest": "/game-content/oblique-canteen-bench.v1.json",
-   },
- ]
+ []

 ❯ registeredCatalog tests/unit/oblique-wooden-bench-ground-mounts-consumer.test.ts:22:19
     20|   const registry = parseObliqueModuleRegistry(json('game-content/obliq…
     21|   const entries = registry.entries.filter(entry => entry.assetId === a…
     22|   expect(entries).toEqual([{ assetId, manifest: '/game-content/oblique…
       |                   ^
     23|   const entry = entries[0]!;
     24|   const catalog = parseObliqueModuleCatalog(json(entry.manifest.slice(…
 ❯ tests/unit/oblique-wooden-bench-ground-mounts-consumer.test.ts:49:74

⎯⎯⎯⎯⎯⎯⎯⎯⎯⎯⎯⎯⎯⎯⎯⎯⎯⎯⎯⎯⎯⎯⎯⎯[1/2]⎯
