
 RUN  v4.1.11 C:/Users/matma/Documents/Rozwój gier/lockstate-wooden-bench-ground-mounts-20261003

xxx

 Test Files  1 failed (1)
      Tests  3 failed (3)
   Start at  19:05:33
   Duration  622ms (transform 177ms, setup 0ms, import 489ms, tests 12ms, environment 0ms)


⎯⎯⎯⎯⎯⎯⎯ Failed Tests 3 ⎯⎯⎯⎯⎯⎯⎯

 FAIL  tests/unit/oblique-wooden-bench-ground-mounts-consumer.test.ts > existing completed bench consumers select the genuinely grounded retained assembly > selects both literal Holding Cell benches q0 at world60/-30 and elevation40
 FAIL  tests/unit/oblique-wooden-bench-ground-mounts-consumer.test.ts > existing completed bench consumers select the genuinely grounded retained assembly > selects both literal Holding Cell benches q1 at world60/-30 and elevation40
AssertionError: expected undefined to be { schemaVersion: 1, …(11) } // Object.is equality

- Expected:
{
  "assetId": "furniture.corridor.bench.variants",
  "cameraTargetTiles": [
    1,
    0.5,
    0.44325,
  ],
  "elevationDegrees": [
    20,
    30,
    40,
    50,
    60,
    70,
  ],
  "frames": [
    {
      "elevationDegrees": 20,
      "image": "/assets/environment/oblique/furniture.corridor.bench.variants-yaw+00-elev20.7f88684a9d1b.png",
      "sha256": "7f88684a9d1b62cf7f6c2f88d14533f164c899977f836cb74720955605144e48",
      "yawDegrees": 0,
    },
    {
      "elevationDegrees": 30,
      "image": "/assets/environment/oblique/furniture.corridor.bench.variants-yaw+00-elev30.40e6cc3ca3ef.png",
      "sha256": "40e6cc3ca3efa4f272a274aa61da2718696d7f9a1d93506b99e41e14f7f0fc14",
      "yawDegrees": 0,
    },
    {
      "elevationDegrees": 40,
      "image": "/assets/environment/oblique/furniture.corridor.bench.variants-yaw+00-elev40.426eb58f6385.png",
      "sha256": "426eb58f63859ef099f2b69ececcf40b3a075c11c24570ce0b874ad5dcd48fcc",
      "yawDegrees": 0,
    },
    {
      "elevationDegrees": 50,
      "image": "/assets/environment/oblique/furniture.corridor.bench.variants-yaw+00-elev50.52f5839b42b4.png",
      "sha256": "52f5839b42b4673c0b964e93b6269556655569aba274f3086761858cc7d159ea",
      "yawDegrees": 0,
    },
    {
      "elevationDegrees": 60,
      "image": "/assets/environment/oblique/furniture.corridor.bench.variants-yaw+00-elev60.467ee684f1af.png",
      "sha256": "467ee684f1af9f749c0c4866cf5a02a7b8c2d7c040a40c4342b23c93870327c3",
      "yawDegrees": 0,
    },
    {
      "elevationDegrees": 70,
      "image": "/assets/environment/oblique/furniture.corridor.bench.variants-yaw+00-elev70.90a1ffad0f02.png",
      "sha256": "90a1ffad0f021736844c75c98cb946b9786f65e98eed549469f9fadbc666f65c",
      "yawDegrees": 0,
    },
    {
      "elevationDegrees": 20,
      "image": "/assets/environment/oblique/furniture.corridor.bench.variants-yaw+30-elev20.bf6362dc960b.png",
      "sha256": "bf6362dc960b7d69853e073fa0ddeb52f6a2bcb9533140ff0f0938eceffaa9d8",
      "yawDegrees": 30,
    },
    {
      "elevationDegrees": 30,
      "image": "/assets/environment/oblique/furniture.corridor.bench.variants-yaw+30-elev30.51cbb0486869.png",
      "sha256": "51cbb0486869b78ecbbf2102391df20c2a1c7ccc240731fb82e946e0081914c1",
      "yawDegrees": 30,
    },
    {
      "elevationDegrees": 40,
      "image": "/assets/environment/oblique/furniture.corridor.bench.variants-yaw+30-elev40.2f068e69d22d.png",
      "sha256": "2f068e69d22d3e05f77e540cebb14bb7fcb5b7143ee8a82b377199b8f1119189",
      "yawDegrees": 30,
    },
    {
      "elevationDegrees": 50,
      "image": "/assets/environment/oblique/furniture.corridor.bench.variants-yaw+30-elev50.cb3f0f1cfe45.png",
      "sha256": "cb3f0f1cfe457639dc83d4e532648bb59bf784a115f336fde56597806be24483",
      "yawDegrees": 30,
    },
    {
      "elevationDegrees": 60,
      "image": "/assets/environment/oblique/furniture.corridor.bench.variants-yaw+30-elev60.8c07666f354d.png",
      "sha256": "8c07666f354dbf31cf779d3f71d8084279f5fd89c376299ce1192b1ad51ef86b",
      "yawDegrees": 30,
    },
    {
      "elevationDegrees": 70,
      "image": "/assets/environment/oblique/furniture.corridor.bench.variants-yaw+30-elev70.0ff6ecee79b5.png",
      "sha256": "0ff6ecee79b5221d731b490f8aca0d1077d205063cf89b8929b97a664af2ba64",
      "yawDegrees": 30,
    },
    {
      "elevationDegrees": 20,
      "image": "/assets/environment/oblique/furniture.corridor.bench.variants-yaw+60-elev20.c87cbea12306.png",
      "sha256": "c87cbea1230699581e89516d2010c3f8281e32737250975d4e24f878214d8149",
      "yawDegrees": 60,
    },
    {
      "elevationDegrees": 30,
      "image": "/assets/environment/oblique/furniture.corridor.bench.variants-yaw+60-elev30.9ae48f14cbe5.png",
      "sha256": "9ae48f14cbe5b212ebafb85d15e729baca0511c3fc49932ffbc07846d137afe9",
      "yawDegrees": 60,
    },
    {
      "elevationDegrees": 40,
      "image": "/assets/environment/oblique/furniture.corridor.bench.variants-yaw+60-elev40.b2399fd4b40d.png",
      "sha256": "b2399fd4b40d565ea877fc4af39be18468d191cd5faf5f95bb00c6519c00096a",
      "yawDegrees": 60,
    },
    {
      "elevationDegrees": 50,
      "image": "/assets/environment/oblique/furniture.corridor.bench.variants-yaw+60-elev50.3a45e4b82bb6.png",
      "sha256": "3a45e4b82bb6dba54e06d00a1b49108a83426f5127d02708720de20d0a761742",
      "yawDegrees": 60,
    },
    {
      "elevationDegrees": 60,
      "image": "/assets/environment/oblique/furniture.corridor.bench.variants-yaw+60-elev60.d63179d5dc8a.png",
      "sha256": "d63179d5dc8a239dc327957f72c8ef45fd0c4b290acfa8d9a68a722020e11ae6",
      "yawDegrees": 60,
    },
    {
      "elevationDegrees": 70,
      "image": "/assets/environment/oblique/furniture.corridor.bench.variants-yaw+60-elev70.f3a8dbb4642e.png",
      "sha256": "f3a8dbb4642e33df220a94db6c6d68cf914de7efde6e447384a17f6dbf0c6d4d",
      "yawDegrees": 60,
    },
    {
      "elevationDegrees": 20,
      "image": "/assets/environment/oblique/furniture.corridor.bench.variants-yaw+90-elev20.55277a7965e3.png",
      "sha256": "55277a7965e35fa924cfceea76b7094ef394f11302dd9ae1bc691ab7d7683ee0",
      "yawDegrees": 90,
    },
    {
      "elevationDegrees": 30,
      "image": "/assets/environment/oblique/furniture.corridor.bench.variants-yaw+90-elev30.c897586dc0da.png",
      "sha256": "c897586dc0daa813fcc80427664a8e142b8da56dd4cdf3da188342f2edd802ea",
      "yawDegrees": 90,
    },
    {
      "elevationDegrees": 40,
      "image": "/assets/environment/oblique/furniture.corridor.bench.variants-yaw+90-elev40.4708eb367d47.png",
      "sha256": "4708eb367d47f828e6fd62ed40d4c64d13abd92185fd03f27455f5a2be4c49a1",
      "yawDegrees": 90,
    },
    {
      "elevationDegrees": 50,
      "image": "/assets/environment/oblique/furniture.corridor.bench.variants-yaw+90-elev50.38fde094cef0.png",
      "sha256": "38fde094cef034b97957217ca11863a6835634b4c425fd879453238ba41667d9",
      "yawDegrees": 90,
    },
    {
      "elevationDegrees": 60,
      "image": "/assets/environment/oblique/furniture.corridor.bench.variants-yaw+90-elev60.32893c7f0749.png",
      "sha256": "32893c7f07497cda2635b8264661dbb116278607c3764595f21e904c524a67ef",
      "yawDegrees": 90,
    },
    {
      "elevationDegrees": 70,
      "image": "/assets/environment/oblique/furniture.corridor.bench.variants-yaw+90-elev70.19ba934a8eba.png",
      "sha256": "19ba934a8eba9c3453092d7db15bfaf5b16b201b0e7df13eb3e95956a3598a73",
      "yawDegrees": 90,
    },
    {
      "elevationDegrees": 20,
      "image": "/assets/environment/oblique/furniture.corridor.bench.variants-yaw+120-elev20.da132e214490.png",
      "sha256": "da132e214490c36faa6114da0722b23de746889b45d92bc66c29d3de3ab13a84",
      "yawDegrees": 120,
    },
    {
      "elevationDegrees": 30,
      "image": "/assets/environment/oblique/furniture.corridor.bench.variants-yaw+120-elev30.055c74b88045.png",
      "sha256": "055c74b88045fd39eba0eeec9154b1b1a2dc1541183d9b54d43a94580c93340c",
      "yawDegrees": 120,
    },
    {
      "elevationDegrees": 40,
      "image": "/assets/environment/oblique/furniture.corridor.bench.variants-yaw+120-elev40.1009b5412ed6.png",
      "sha256": "1009b5412ed6e02547a4ac8076a1b9b89a721ecaba8c1d0187d51de78610e5aa",
      "yawDegrees": 120,
    },
    {
      "elevationDegrees": 50,
      "image": "/assets/environment/oblique/furniture.corridor.bench.variants-yaw+120-elev50.2438e0c7fdf9.png",
      "sha256": "2438e0c7fdf93e43ecf59cc313c7e6d0666a734ce2e9ab4f285fcdb979b8dfd0",
      "yawDegrees": 120,
    },
    {
      "elevationDegrees": 60,
      "image": "/assets/environment/oblique/furniture.corridor.bench.variants-yaw+120-elev60.f6e38bdafcd0.png",
      "sha256": "f6e38bdafcd0af8d9247204627dd04d621ec1b91639e410b6280e42bf5a4bbe0",
      "yawDegrees": 120,
    },
    {
      "elevationDegrees": 70,
      "image": "/assets/environment/oblique/furniture.corridor.bench.variants-yaw+120-elev70.8d6fc77f8dfe.png",
      "sha256": "8d6fc77f8dfec2d5c06455ade234c6151188df0fc5d93e5359fb2f528f39e0e3",
      "yawDegrees": 120,
    },
    {
      "elevationDegrees": 20,
      "image": "/assets/environment/oblique/furniture.corridor.bench.variants-yaw+150-elev20.f356031bfabe.png",
      "sha256": "f356031bfabe02150079b009a286ae7695b35b5cb28487d8378e0ea5dedac4e0",
      "yawDegrees": 150,
    },
    {
      "elevationDegrees": 30,
      "image": "/assets/environment/oblique/furniture.corridor.bench.variants-yaw+150-elev30.0eca0b384cbd.png",
      "sha256": "0eca0b384cbd54538be232de1907b7bad6545237008b59734b5bb189f6fe6c5c",
      "yawDegrees": 150,
    },
    {
      "elevationDegrees": 40,
      "image": "/assets/environment/oblique/furniture.corridor.bench.variants-yaw+150-elev40.1544ccbf274a.png",
      "sha256": "1544ccbf274adb010784feff75c68bb9edf287935c44a8f274c55fc581212214",
      "yawDegrees": 150,
    },
    {
      "elevationDegrees": 50,
      "image": "/assets/environment/oblique/furniture.corridor.bench.variants-yaw+150-elev50.81246f3a241c.png",
      "sha256": "81246f3a241ca60525d29b5b5b2165be20beab1e6fdfa87b12d810d21cbcdeba",
      "yawDegrees": 150,
    },
    {
      "elevationDegrees": 60,
      "image": "/assets/environment/oblique/furniture.corridor.bench.variants-yaw+150-elev60.c21a05f18e63.png",
      "sha256": "c21a05f18e63b41d822ff8774ceebf21ed9212f9bfe1bcdd23dd5c4282836bd4",
      "yawDegrees": 150,
    },
    {
      "elevationDegrees": 70,
      "image": "/assets/environment/oblique/furniture.corridor.bench.variants-yaw+150-elev70.5e214d4ad258.png",
      "sha256": "5e214d4ad2584fea7b9ed41bb176d08b9f54dcae9b3ab9e0c9a986cacf72ea59",
      "yawDegrees": 150,
    },
    {
      "elevationDegrees": 20,
      "image": "/assets/environment/oblique/furniture.corridor.bench.variants-yaw+180-elev20.308d0b163e15.png",
      "sha256": "308d0b163e15d5b962eb5fdceddc546deedae4696899eb59dbf5d6cbed2573aa",
      "yawDegrees": 180,
    },
    {
      "elevationDegrees": 30,
      "image": "/assets/environment/oblique/furniture.corridor.bench.variants-yaw+180-elev30.7ca204c27c40.png",
      "sha256": "7ca204c27c40926528e89eaaf64f01f92e4f235013e221ad6f9bbcdbb7e487e2",
      "yawDegrees": 180,
    },
    {
      "elevationDegrees": 40,
      "image": "/assets/environment/oblique/furniture.corridor.bench.variants-yaw+180-elev40.fe5d2eab3e72.png",
      "sha256": "fe5d2eab3e72db8def9704e625745a7e30aac40775909295e15bc4179da3c4b9",
      "yawDegrees": 180,
    },
    {
      "elevationDegrees": 50,
      "image": "/assets/environment/oblique/furniture.corridor.bench.variants-yaw+180-elev50.d94a1222d7c3.png",
      "sha256": "d94a1222d7c3f01c1f23f6787c4d866463bf49535420cd06c6a8d1d9f919a897",
      "yawDegrees": 180,
    },
    {
      "elevationDegrees": 60,
      "image": "/assets/environment/oblique/furniture.corridor.bench.variants-yaw+180-elev60.b1415039e407.png",
      "sha256": "b1415039e4073ec5ecec725b572870eab4e118a6a7869bb7fe451b6fca649a7f",
      "yawDegrees": 180,
    },
    {
      "elevationDegrees": 70,
      "image": "/assets/environment/oblique/furniture.corridor.bench.variants-yaw+180-elev70.3177f2b3b165.png",
      "sha256": "3177f2b3b165d58d284bc6c3f7202024dfabb5a5224936c730904afb83528c1e",
      "yawDegrees": 180,
    },
    {
      "elevationDegrees": 20,
      "image": "/assets/environment/oblique/furniture.corridor.bench.variants-yaw+210-elev20.9627c45b85f5.png",
      "sha256": "9627c45b85f5bccb800dc2065f64e2da2259fd33536bdea4b4a78a32751fd8df",
      "yawDegrees": 210,
    },
    {
      "elevationDegrees": 30,
      "image": "/assets/environment/oblique/furniture.corridor.bench.variants-yaw+210-elev30.1bab5bf503f8.png",
      "sha256": "1bab5bf503f812ab541a6020a1d2dfccddaabc47a87f87cb5d12a5b04045a166",
      "yawDegrees": 210,
    },
    {
      "elevationDegrees": 40,
      "image": "/assets/environment/oblique/furniture.corridor.bench.variants-yaw+210-elev40.f3311c248522.png",
      "sha256": "f3311c248522303e9e7b765346e3eaaef7596fcabca689d5ce99d2073038c92c",
      "yawDegrees": 210,
    },
    {
      "elevationDegrees": 50,
      "image": "/assets/environment/oblique/furniture.corridor.bench.variants-yaw+210-elev50.e8e095be70a5.png",
      "sha256": "e8e095be70a5c2b24030c5be66d44c78ab1e517d51b507879c98478851b35d7f",
      "yawDegrees": 210,
    },
    {
      "elevationDegrees": 60,
      "image": "/assets/environment/oblique/furniture.corridor.bench.variants-yaw+210-elev60.e37d6224c41a.png",
      "sha256": "e37d6224c41af09cbf6a2b75b21fc5aaf6c8205ae1afbe16e8741cffeaacd714",
      "yawDegrees": 210,
    },
    {
      "elevationDegrees": 70,
      "image": "/assets/environment/oblique/furniture.corridor.bench.variants-yaw+210-elev70.552e05f75030.png",
      "sha256": "552e05f75030ad9b4e0c8b0e5e761a4765f6b2fb8000986f618182886223eae5",
      "yawDegrees": 210,
    },
    {
      "elevationDegrees": 20,
      "image": "/assets/environment/oblique/furniture.corridor.bench.variants-yaw+240-elev20.6e88c3cd116b.png",
      "sha256": "6e88c3cd116b26dadc957e2ce70f20be35df4a8fae0fa8356cde40180f3ad09c",
      "yawDegrees": 240,
    },
    {
      "elevationDegrees": 30,
      "image": "/assets/environment/oblique/furniture.corridor.bench.variants-yaw+240-elev30.d9ca83224a2f.png",
      "sha256": "d9ca83224a2f6666966ec360244f683ba84820012c3bc3534128597fe9d358aa",
      "yawDegrees": 240,
    },
    {
      "elevationDegrees": 40,
      "image": "/assets/environment/oblique/furniture.corridor.bench.variants-yaw+240-elev40.5a84a4290f9b.png",
      "sha256": "5a84a4290f9b354ba1ae0d5f4eab5227a8dc250a620d5f4b12a663fd94fd571d",
      "yawDegrees": 240,
    },
    {
      "elevationDegrees": 50,
      "image": "/assets/environment/oblique/furniture.corridor.bench.variants-yaw+240-elev50.ec125f62899d.png",
      "sha256": "ec125f62899d96c1b8e61f191e1278f45bb1b4b650a69ee55a0a96c5981faaab",
      "yawDegrees": 240,
    },
    {
      "elevationDegrees": 60,
      "image": "/assets/environment/oblique/furniture.corridor.bench.variants-yaw+240-elev60.ed76ec68c7b2.png",
      "sha256": "ed76ec68c7b2efdb6865e29d5a3600b79c9522d394144cb427a24db6ded92d25",
      "yawDegrees": 240,
    },
    {
      "elevationDegrees": 70,
      "image": "/assets/environment/oblique/furniture.corridor.bench.variants-yaw+240-elev70.617aee170fe0.png",
      "sha256": "617aee170fe04a28f4bf139119f307deb6676f6ae26f136b28cf533fa54622ec",
      "yawDegrees": 240,
    },
    {
      "elevationDegrees": 20,
      "image": "/assets/environment/oblique/furniture.corridor.bench.variants-yaw+270-elev20.2bbdb684522a.png",
      "sha256": "2bbdb684522adaf6dcee27b6ff704c123853a1f97698ed37830c878b18d54f85",
      "yawDegrees": 270,
    },
    {
      "elevationDegrees": 30,
      "image": "/assets/environment/oblique/furniture.corridor.bench.variants-yaw+270-elev30.853959a95df1.png",
      "sha256": "853959a95df10f0201a7ea9d199a746243555a6a1a0ebfbd614e7d1e94fae621",
      "yawDegrees": 270,
    },
    {
      "elevationDegrees": 40,
      "image": "/assets/environment/oblique/furniture.corridor.bench.variants-yaw+270-elev40.4337202ba9b0.png",
      "sha256": "4337202ba9b0d0b53c7c5e83a36846660c28edb09a128eb969a3d9ed19dab00c",
      "yawDegrees": 270,
    },
    {
      "elevationDegrees": 50,
      "image": "/assets/environment/oblique/furniture.corridor.bench.variants-yaw+270-elev50.264331c58dd8.png",
      "sha256": "264331c58dd8f78c651e737762cc4cec19738e169e820c0a58a97c9d20fa059c",
      "yawDegrees": 270,
    },
    {
      "elevationDegrees": 60,
      "image": "/assets/environment/oblique/furniture.corridor.bench.variants-yaw+270-elev60.eba813f94afa.png",
      "sha256": "eba813f94afa40fa38e33f75915f1c47a3d2307a1d72b50d8a1b6fa8eb679e5b",
      "yawDegrees": 270,
    },
    {
      "elevationDegrees": 70,
      "image": "/assets/environment/oblique/furniture.corridor.bench.variants-yaw+270-elev70.f2b78bc8ec3c.png",
      "sha256": "f2b78bc8ec3c0cc0a2aedd2808626bc7a1cfa4bf5826869f9e561849b04bcdad",
      "yawDegrees": 270,
    },
    {
      "elevationDegrees": 20,
      "image": "/assets/environment/oblique/furniture.corridor.bench.variants-yaw+300-elev20.4af00dc47928.png",
      "sha256": "4af00dc47928c9e84a21149650a085d4cb829a773f6ed6f9fe063b5b8d2f94b3",
      "yawDegrees": 300,
    },
    {
      "elevationDegrees": 30,
      "image": "/assets/environment/oblique/furniture.corridor.bench.variants-yaw+300-elev30.956172c30154.png",
      "sha256": "956172c30154803ef4c90df205099f9fe51a1bb0749061eccf88ac5b8c1bd01f",
      "yawDegrees": 300,
    },
    {
      "elevationDegrees": 40,
      "image": "/assets/environment/oblique/furniture.corridor.bench.variants-yaw+300-elev40.24d275f632f6.png",
      "sha256": "24d275f632f68c57f6b6ae976b9eb4e8224accdbfebfeeb40685d8c296e86c31",
      "yawDegrees": 300,
    },
    {
      "elevationDegrees": 50,
      "image": "/assets/environment/oblique/furniture.corridor.bench.variants-yaw+300-elev50.51add2c2642f.png",
      "sha256": "51add2c2642fc3f2884ccbc4a86237ceaf106de520ca79417b3389fc5535f0f2",
      "yawDegrees": 300,
    },
    {
      "elevationDegrees": 60,
      "image": "/assets/environment/oblique/furniture.corridor.bench.variants-yaw+300-elev60.91336ad220e8.png",
      "sha256": "91336ad220e8313709699753f5a2cd17a853d223b7e3677b383fe6d83001e49f",
      "yawDegrees": 300,
    },
    {
      "elevationDegrees": 70,
      "image": "/assets/environment/oblique/furniture.corridor.bench.variants-yaw+300-elev70.316298abfdaa.png",
      "sha256": "316298abfdaa69fe174204f5ea0a60d36385790dcbff7d2b7ef73c4bce7b1bc8",
      "yawDegrees": 300,
    },
    {
      "elevationDegrees": 20,
      "image": "/assets/environment/oblique/furniture.corridor.bench.variants-yaw+330-elev20.a26faf432c69.png",
      "sha256": "a26faf432c6998d451e23a7530eda47e6a5bd6d419e3a2fd65e4a0c679edccd0",
      "yawDegrees": 330,
    },
    {
      "elevationDegrees": 30,
      "image": "/assets/environment/oblique/furniture.corridor.bench.variants-yaw+330-elev30.ef4e1a467ea3.png",
      "sha256": "ef4e1a467ea3e7c36c81abe20859d880b6bdd8e8ca6e711cb61911b43de2610b",
      "yawDegrees": 330,
    },
    {
      "elevationDegrees": 40,
      "image": "/assets/environment/oblique/furniture.corridor.bench.variants-yaw+330-elev40.8732038a77dd.png",
      "sha256": "8732038a77dd6ac1a91d47be059cca0c2730d5cb898a145fe6aed81b5e7da4f8",
      "yawDegrees": 330,
    },
    {
      "elevationDegrees": 50,
      "image": "/assets/environment/oblique/furniture.corridor.bench.variants-yaw+330-elev50.bb9f1e04d042.png",
      "sha256": "bb9f1e04d0426974d72ff060e3d8d39cacefb8061b79266aa0710f629d13a10e",
      "yawDegrees": 330,
    },
    {
      "elevationDegrees": 60,
      "image": "/assets/environment/oblique/furniture.corridor.bench.variants-yaw+330-elev60.19ee8296dedb.png",
      "sha256": "19ee8296dedb7d5b0b035308c5df468c3fbe9c877d923eb64e06b65ecd7c7524",
      "yawDegrees": 330,
    },
    {
      "elevationDegrees": 70,
      "image": "/assets/environment/oblique/furniture.corridor.bench.variants-yaw+330-elev70.cdce4bb94f31.png",
      "sha256": "cdce4bb94f318c5580ccc62e0a5950e37b8279a9eb42b17153fe0a9499676261",
      "yawDegrees": 330,
    },
  ],
  "nominalPixelsPerTile": 64,
  "pivotPx": [
    128,
    128,
  ],
  "projection": "orthographic",
  "resolutionPx": [
    256,
    256,
  ],
  "schemaVersion": 1,
  "source": "assets/source/blender/furniture.corridor.bench.grounded-detail.blend",
  "sourceSha256": "8518e5d755352f6511bcb4f2165674e1bca44f918f945e7c5cfa09b60ba05986",
  "yawDegrees": [
    0,
    30,
    60,
    90,
    120,
    150,
    180,
    210,
    240,
    270,
    300,
    330,
  ],
}

+ Received:
undefined

 ❯ registeredCatalog tests/unit/oblique-wooden-bench-ground-mounts-consumer.test.ts:27:90
     25|   expect(catalog.source).toBe('assets/source/blender/furniture.corrido…
     26|   expect(catalog.sourceSha256).toBe('8518e5d755352f6511bcb4f2165674e1b…
     27|   expect(obliqueCatalogForObject('object.bench', new Map([[catalog.ass…
       |                                                                                          ^
     28|   return catalog;
     29| }
 ❯ tests/unit/oblique-wooden-bench-ground-mounts-consumer.test.ts:49:74

⎯⎯⎯⎯⎯⎯⎯⎯⎯⎯⎯⎯⎯⎯⎯⎯⎯⎯⎯⎯⎯⎯⎯⎯[1/3]⎯

 FAIL  tests/unit/oblique-wooden-bench-ground-mounts-consumer.test.ts > existing completed bench consumers select the genuinely grounded retained assembly > preserves existing Yard and Common Room skins, full footprint eligibility and ordinary default fallback
AssertionError: expected undefined to be 'furniture.corridor.bench.variants' // Object.is equality

- Expected:
"furniture.corridor.bench.variants"

+ Received:
undefined

 ❯ tests/unit/oblique-wooden-bench-ground-mounts-consumer.test.ts:68:101
     66|     expect(obliqueAssetIdForPlacedObject('object.bench', 21, 6, { widt…
     67|     expect(obliqueAssetIdForPlacedObject('object.bench', 24, 6, { widt…
     68|     expect(obliqueAssetIdForPlacedObject('object.bench', 24, 6, { widt…
       |                                                                                                     ^
     69|     expect(obliqueAssetIdForPlacedObject('object.bench', 21, 9, { widt…
     70|     expect(obliqueAssetIdForPlacedObject('object.bench', 24, 6, { widt…

⎯⎯⎯⎯⎯⎯⎯⎯⎯⎯⎯⎯⎯⎯⎯⎯⎯⎯⎯⎯⎯⎯⎯⎯[2/3]⎯
