00:01.312  blend            | Read blend: "C:\Users\matma\Documents\Rozwój gier\lockstate-wooden-bench-ground-mounts-20261003\assets\source\blender\furniture.corridor.bench.grounded-detail.blend"
BENCH_GROUND_MOUNTS_SOURCE_GREEN 46 parts/42 retained/9 graphs/8 ground +6 retained tie contacts
00:01.906  render           | Saved: 'C:\Users\matma\Documents\Rozwój gier\lockstate-wooden-bench-ground-mounts-20261003\public\assets\environment\oblique\furniture.corridor.bench.variants-yaw+00-elev20.render.png'
00:01.984  render           | Saved: 'C:\Users\matma\Documents\Rozwój gier\lockstate-wooden-bench-ground-mounts-20261003\public\assets\environment\oblique\furniture.corridor.bench.variants-yaw+00-elev30.render.png'
00:02.062  render           | Saved: 'C:\Users\matma\Documents\Rozwój gier\lockstate-wooden-bench-ground-mounts-20261003\public\assets\environment\oblique\furniture.corridor.bench.variants-yaw+00-elev40.render.png'
00:02.140  render           | Saved: 'C:\Users\matma\Documents\Rozwój gier\lockstate-wooden-bench-ground-mounts-20261003\public\assets\environment\oblique\furniture.corridor.bench.variants-yaw+00-elev50.render.png'
00:02.234  render           | Saved: 'C:\Users\matma\Documents\Rozwój gier\lockstate-wooden-bench-ground-mounts-20261003\public\assets\environment\oblique\furniture.corridor.bench.variants-yaw+00-elev60.render.png'
00:02.297  render           | Saved: 'C:\Users\matma\Documents\Rozwój gier\lockstate-wooden-bench-ground-mounts-20261003\public\assets\environment\oblique\furniture.corridor.bench.variants-yaw+00-elev70.render.png'
00:02.390  render           | Saved: 'C:\Users\matma\Documents\Rozwój gier\lockstate-wooden-bench-ground-mounts-20261003\public\assets\environment\oblique\furniture.corridor.bench.variants-yaw+30-elev20.render.png'
00:02.469  render           | Saved: 'C:\Users\matma\Documents\Rozwój gier\lockstate-wooden-bench-ground-mounts-20261003\public\assets\environment\oblique\furniture.corridor.bench.variants-yaw+30-elev30.render.png'
00:02.531  render           | Saved: 'C:\Users\matma\Documents\Rozwój gier\lockstate-wooden-bench-ground-mounts-20261003\public\assets\environment\oblique\furniture.corridor.bench.variants-yaw+30-elev40.render.png'
00:02.609  render           | Saved: 'C:\Users\matma\Documents\Rozwój gier\lockstate-wooden-bench-ground-mounts-20261003\public\assets\environment\oblique\furniture.corridor.bench.variants-yaw+30-elev50.render.png'
00:02.687  render           | Saved: 'C:\Users\matma\Documents\Rozwój gier\lockstate-wooden-bench-ground-mounts-20261003\public\assets\environment\oblique\furniture.corridor.bench.variants-yaw+30-elev60.render.png'
00:02.750  render           | Saved: 'C:\Users\matma\Documents\Rozwój gier\lockstate-wooden-bench-ground-mounts-20261003\public\assets\environment\oblique\furniture.corridor.bench.variants-yaw+30-elev70.render.png'
00:02.828  render           | Saved: 'C:\Users\matma\Documents\Rozwój gier\lockstate-wooden-bench-ground-mounts-20261003\public\assets\environment\oblique\furniture.corridor.bench.variants-yaw+60-elev20.render.png'
00:02.906  render           | Saved: 'C:\Users\matma\Documents\Rozwój gier\lockstate-wooden-bench-ground-mounts-20261003\public\assets\environment\oblique\furniture.corridor.bench.variants-yaw+60-elev30.render.png'
00:02.984  render           | Saved: 'C:\Users\matma\Documents\Rozwój gier\lockstate-wooden-bench-ground-mounts-20261003\public\assets\environment\oblique\furniture.corridor.bench.variants-yaw+60-elev40.render.png'
00:03.047  render           | Saved: 'C:\Users\matma\Documents\Rozwój gier\lockstate-wooden-bench-ground-mounts-20261003\public\assets\environment\oblique\furniture.corridor.bench.variants-yaw+60-elev50.render.png'
00:03.125  render           | Saved: 'C:\Users\matma\Documents\Rozwój gier\lockstate-wooden-bench-ground-mounts-20261003\public\assets\environment\oblique\furniture.corridor.bench.variants-yaw+60-elev60.render.png'
00:03.187  render           | Saved: 'C:\Users\matma\Documents\Rozwój gier\lockstate-wooden-bench-ground-mounts-20261003\public\assets\environment\oblique\furniture.corridor.bench.variants-yaw+60-elev70.render.png'
00:03.265  render           | Saved: 'C:\Users\matma\Documents\Rozwój gier\lockstate-wooden-bench-ground-mounts-20261003\public\assets\environment\oblique\furniture.corridor.bench.variants-yaw+90-elev20.render.png'
00:03.344  render           | Saved: 'C:\Users\matma\Documents\Rozwój gier\lockstate-wooden-bench-ground-mounts-20261003\public\assets\environment\oblique\furniture.corridor.bench.variants-yaw+90-elev30.render.png'
00:03.422  render           | Saved: 'C:\Users\matma\Documents\Rozwój gier\lockstate-wooden-bench-ground-mounts-20261003\public\assets\environment\oblique\furniture.corridor.bench.variants-yaw+90-elev40.render.png'
00:03.500  render           | Saved: 'C:\Users\matma\Documents\Rozwój gier\lockstate-wooden-bench-ground-mounts-20261003\public\assets\environment\oblique\furniture.corridor.bench.variants-yaw+90-elev50.render.png'
00:03.578  render           | Saved: 'C:\Users\matma\Documents\Rozwój gier\lockstate-wooden-bench-ground-mounts-20261003\public\assets\environment\oblique\furniture.corridor.bench.variants-yaw+90-elev60.render.png'
00:03.672  render           | Saved: 'C:\Users\matma\Documents\Rozwój gier\lockstate-wooden-bench-ground-mounts-20261003\public\assets\environment\oblique\furniture.corridor.bench.variants-yaw+90-elev70.render.png'
00:03.734  render           | Saved: 'C:\Users\matma\Documents\Rozwój gier\lockstate-wooden-bench-ground-mounts-20261003\public\assets\environment\oblique\furniture.corridor.bench.variants-yaw+120-elev20.render.png'
00:03.828  render           | Saved: 'C:\Users\matma\Documents\Rozwój gier\lockstate-wooden-bench-ground-mounts-20261003\public\assets\environment\oblique\furniture.corridor.bench.variants-yaw+120-elev30.render.png'
00:03.906  render           | Saved: 'C:\Users\matma\Documents\Rozwój gier\lockstate-wooden-bench-ground-mounts-20261003\public\assets\environment\oblique\furniture.corridor.bench.variants-yaw+120-elev40.render.png'
00:03.984  render           | Saved: 'C:\Users\matma\Documents\Rozwój gier\lockstate-wooden-bench-ground-mounts-20261003\public\assets\environment\oblique\furniture.corridor.bench.variants-yaw+120-elev50.render.png'
00:04.062  render           | Saved: 'C:\Users\matma\Documents\Rozwój gier\lockstate-wooden-bench-ground-mounts-20261003\public\assets\environment\oblique\furniture.corridor.bench.variants-yaw+120-elev60.render.png'
00:04.156  render           | Saved: 'C:\Users\matma\Documents\Rozwój gier\lockstate-wooden-bench-ground-mounts-20261003\public\assets\environment\oblique\furniture.corridor.bench.variants-yaw+120-elev70.render.png'
00:04.234  render           | Saved: 'C:\Users\matma\Documents\Rozwój gier\lockstate-wooden-bench-ground-mounts-20261003\public\assets\environment\oblique\furniture.corridor.bench.variants-yaw+150-elev20.render.png'
00:04.328  render           | Saved: 'C:\Users\matma\Documents\Rozwój gier\lockstate-wooden-bench-ground-mounts-20261003\public\assets\environment\oblique\furniture.corridor.bench.variants-yaw+150-elev30.render.png'
00:04.422  render           | Saved: 'C:\Users\matma\Documents\Rozwój gier\lockstate-wooden-bench-ground-mounts-20261003\public\assets\environment\oblique\furniture.corridor.bench.variants-yaw+150-elev40.render.png'
00:04.531  render           | Saved: 'C:\Users\matma\Documents\Rozwój gier\lockstate-wooden-bench-ground-mounts-20261003\public\assets\environment\oblique\furniture.corridor.bench.variants-yaw+150-elev50.render.png'
00:04.609  render           | Saved: 'C:\Users\matma\Documents\Rozwój gier\lockstate-wooden-bench-ground-mounts-20261003\public\assets\environment\oblique\furniture.corridor.bench.variants-yaw+150-elev60.render.png'
00:04.687  render           | Saved: 'C:\Users\matma\Documents\Rozwój gier\lockstate-wooden-bench-ground-mounts-20261003\public\assets\environment\oblique\furniture.corridor.bench.variants-yaw+150-elev70.render.png'
00:04.781  render           | Saved: 'C:\Users\matma\Documents\Rozwój gier\lockstate-wooden-bench-ground-mounts-20261003\public\assets\environment\oblique\furniture.corridor.bench.variants-yaw+180-elev20.render.png'
00:04.875  render           | Saved: 'C:\Users\matma\Documents\Rozwój gier\lockstate-wooden-bench-ground-mounts-20261003\public\assets\environment\oblique\furniture.corridor.bench.variants-yaw+180-elev30.render.png'
00:04.984  render           | Saved: 'C:\Users\matma\Documents\Rozwój gier\lockstate-wooden-bench-ground-mounts-20261003\public\assets\environment\oblique\furniture.corridor.bench.variants-yaw+180-elev40.render.png'
00:05.078  render           | Saved: 'C:\Users\matma\Documents\Rozwój gier\lockstate-wooden-bench-ground-mounts-20261003\public\assets\environment\oblique\furniture.corridor.bench.variants-yaw+180-elev50.render.png'
00:05.172  render           | Saved: 'C:\Users\matma\Documents\Rozwój gier\lockstate-wooden-bench-ground-mounts-20261003\public\assets\environment\oblique\furniture.corridor.bench.variants-yaw+180-elev60.render.png'
00:05.265  render           | Saved: 'C:\Users\matma\Documents\Rozwój gier\lockstate-wooden-bench-ground-mounts-20261003\public\assets\environment\oblique\furniture.corridor.bench.variants-yaw+180-elev70.render.png'
00:05.344  render           | Saved: 'C:\Users\matma\Documents\Rozwój gier\lockstate-wooden-bench-ground-mounts-20261003\public\assets\environment\oblique\furniture.corridor.bench.variants-yaw+210-elev20.render.png'
00:05.422  render           | Saved: 'C:\Users\matma\Documents\Rozwój gier\lockstate-wooden-bench-ground-mounts-20261003\public\assets\environment\oblique\furniture.corridor.bench.variants-yaw+210-elev30.render.png'
00:05.500  render           | Saved: 'C:\Users\matma\Documents\Rozwój gier\lockstate-wooden-bench-ground-mounts-20261003\public\assets\environment\oblique\furniture.corridor.bench.variants-yaw+210-elev40.render.png'
00:05.578  render           | Saved: 'C:\Users\matma\Documents\Rozwój gier\lockstate-wooden-bench-ground-mounts-20261003\public\assets\environment\oblique\furniture.corridor.bench.variants-yaw+210-elev50.render.png'
00:05.656  render           | Saved: 'C:\Users\matma\Documents\Rozwój gier\lockstate-wooden-bench-ground-mounts-20261003\public\assets\environment\oblique\furniture.corridor.bench.variants-yaw+210-elev60.render.png'
00:05.734  render           | Saved: 'C:\Users\matma\Documents\Rozwój gier\lockstate-wooden-bench-ground-mounts-20261003\public\assets\environment\oblique\furniture.corridor.bench.variants-yaw+210-elev70.render.png'
00:05.812  render           | Saved: 'C:\Users\matma\Documents\Rozwój gier\lockstate-wooden-bench-ground-mounts-20261003\public\assets\environment\oblique\furniture.corridor.bench.variants-yaw+240-elev20.render.png'
00:05.890  render           | Saved: 'C:\Users\matma\Documents\Rozwój gier\lockstate-wooden-bench-ground-mounts-20261003\public\assets\environment\oblique\furniture.corridor.bench.variants-yaw+240-elev30.render.png'
00:05.969  render           | Saved: 'C:\Users\matma\Documents\Rozwój gier\lockstate-wooden-bench-ground-mounts-20261003\public\assets\environment\oblique\furniture.corridor.bench.variants-yaw+240-elev40.render.png'
00:06.062  render           | Saved: 'C:\Users\matma\Documents\Rozwój gier\lockstate-wooden-bench-ground-mounts-20261003\public\assets\environment\oblique\furniture.corridor.bench.variants-yaw+240-elev50.render.png'
00:06.125  render           | Saved: 'C:\Users\matma\Documents\Rozwój gier\lockstate-wooden-bench-ground-mounts-20261003\public\assets\environment\oblique\furniture.corridor.bench.variants-yaw+240-elev60.render.png'
00:06.203  render           | Saved: 'C:\Users\matma\Documents\Rozwój gier\lockstate-wooden-bench-ground-mounts-20261003\public\assets\environment\oblique\furniture.corridor.bench.variants-yaw+240-elev70.render.png'
00:06.281  render           | Saved: 'C:\Users\matma\Documents\Rozwój gier\lockstate-wooden-bench-ground-mounts-20261003\public\assets\environment\oblique\furniture.corridor.bench.variants-yaw+270-elev20.render.png'
00:06.359  render           | Saved: 'C:\Users\matma\Documents\Rozwój gier\lockstate-wooden-bench-ground-mounts-20261003\public\assets\environment\oblique\furniture.corridor.bench.variants-yaw+270-elev30.render.png'
00:06.437  render           | Saved: 'C:\Users\matma\Documents\Rozwój gier\lockstate-wooden-bench-ground-mounts-20261003\public\assets\environment\oblique\furniture.corridor.bench.variants-yaw+270-elev40.render.png'
00:06.531  render           | Saved: 'C:\Users\matma\Documents\Rozwój gier\lockstate-wooden-bench-ground-mounts-20261003\public\assets\environment\oblique\furniture.corridor.bench.variants-yaw+270-elev50.render.png'
00:06.625  render           | Saved: 'C:\Users\matma\Documents\Rozwój gier\lockstate-wooden-bench-ground-mounts-20261003\public\assets\environment\oblique\furniture.corridor.bench.variants-yaw+270-elev60.render.png'
00:06.703  render           | Saved: 'C:\Users\matma\Documents\Rozwój gier\lockstate-wooden-bench-ground-mounts-20261003\public\assets\environment\oblique\furniture.corridor.bench.variants-yaw+270-elev70.render.png'
00:06.781  render           | Saved: 'C:\Users\matma\Documents\Rozwój gier\lockstate-wooden-bench-ground-mounts-20261003\public\assets\environment\oblique\furniture.corridor.bench.variants-yaw+300-elev20.render.png'
00:06.875  render           | Saved: 'C:\Users\matma\Documents\Rozwój gier\lockstate-wooden-bench-ground-mounts-20261003\public\assets\environment\oblique\furniture.corridor.bench.variants-yaw+300-elev30.render.png'
00:06.953  render           | Saved: 'C:\Users\matma\Documents\Rozwój gier\lockstate-wooden-bench-ground-mounts-20261003\public\assets\environment\oblique\furniture.corridor.bench.variants-yaw+300-elev40.render.png'
00:07.031  render           | Saved: 'C:\Users\matma\Documents\Rozwój gier\lockstate-wooden-bench-ground-mounts-20261003\public\assets\environment\oblique\furniture.corridor.bench.variants-yaw+300-elev50.render.png'
00:07.125  render           | Saved: 'C:\Users\matma\Documents\Rozwój gier\lockstate-wooden-bench-ground-mounts-20261003\public\assets\environment\oblique\furniture.corridor.bench.variants-yaw+300-elev60.render.png'
00:07.203  render           | Saved: 'C:\Users\matma\Documents\Rozwój gier\lockstate-wooden-bench-ground-mounts-20261003\public\assets\environment\oblique\furniture.corridor.bench.variants-yaw+300-elev70.render.png'
00:07.281  render           | Saved: 'C:\Users\matma\Documents\Rozwój gier\lockstate-wooden-bench-ground-mounts-20261003\public\assets\environment\oblique\furniture.corridor.bench.variants-yaw+330-elev20.render.png'
00:07.375  render           | Saved: 'C:\Users\matma\Documents\Rozwój gier\lockstate-wooden-bench-ground-mounts-20261003\public\assets\environment\oblique\furniture.corridor.bench.variants-yaw+330-elev30.render.png'
00:07.437  render           | Saved: 'C:\Users\matma\Documents\Rozwój gier\lockstate-wooden-bench-ground-mounts-20261003\public\assets\environment\oblique\furniture.corridor.bench.variants-yaw+330-elev40.render.png'
00:07.515  render           | Saved: 'C:\Users\matma\Documents\Rozwój gier\lockstate-wooden-bench-ground-mounts-20261003\public\assets\environment\oblique\furniture.corridor.bench.variants-yaw+330-elev50.render.png'
00:07.594  render           | Saved: 'C:\Users\matma\Documents\Rozwój gier\lockstate-wooden-bench-ground-mounts-20261003\public\assets\environment\oblique\furniture.corridor.bench.variants-yaw+330-elev60.render.png'
00:07.672  render           | Saved: 'C:\Users\matma\Documents\Rozwój gier\lockstate-wooden-bench-ground-mounts-20261003\public\assets\environment\oblique\furniture.corridor.bench.variants-yaw+330-elev70.render.png'
KITCHEN_BOUNDS furniture.corridor.bench.variants [0.03200053423643112, 0.025000154972076416, 0.0] [1.9679994583129883, 0.9749998450279236, 0.8865000009536743]
rendered 72 verified poses: C:\Users\matma\Documents\Rozwój gier\lockstate-wooden-bench-ground-mounts-20261003\public\game-content\oblique-canteen-bench.v1.json
BENCH_GROUND_MOUNTS_EXPORTED_BODY_GREEN 72 genuinely decoded RGBA bodies
Blender 5.2.1 LTS (hash 9e2066aef7ef built 2026-08-25 02:38:20)

Blender quit
