
 RUN  v4.1.11 C:/Users/matma/Documents/Rozwój gier/lockstate-garbage-room-native-preparation-20261003

 ❯ tests/integration/native-garbage-room-preparation.test.ts (2 tests | 1 failed) 374ms
   × builds literal public Garbage Room q1 owners and square shell with whole V8 roundtrip 155ms

 Test Files  1 failed (1)
      Tests  1 failed | 1 passed (2)
   Start at  13:12:22
   Duration  3.46s (transform 1.02s, setup 0ms, import 2.92s, tests 374ms, environment 0ms)

[ELIFECYCLE] Test failed. See above for more details.
$ vitest run "tests/integration/native-garbage-room-preparation.test.ts"

⎯⎯⎯⎯⎯⎯⎯ Failed Tests 1 ⎯⎯⎯⎯⎯⎯⎯

 FAIL  tests/integration/native-garbage-room-preparation.test.ts > builds literal public Garbage Room q1 owners and square shell with whole V8 roundtrip
Error: expect(received).toEqual(expected) // deep equality

- Expected  - 1
+ Received  + 1

@@ -3,10 +3,10 @@
      "anchorTile": Object {
        "x": 6,
        "y": 5,
      },
      "objectId": "object.waste-bin",
-     "orientation": 1,
+     "orientation": 0,
      "placedObjectId": "object:6:5",
      "sourceOrderId": "room-template-000000000002-2-object-000",
    },
  ]
 ❯ Proxy.<anonymous> ../lockstate-1382-doc-anchor-2026-09-24/node_modules/.pnpm/playwright@1.56.1/node_modules/playwright/lib/matchers/expect.js:221:24
 ❯ assertGarbageRoom tests/browser/native-garbage-room-evidence.ts:49:114
     47|   if (built) for (const [ordinal, [x, y]] of plan.bins.entries()) {
     48|     const id = garbageOwner('object', ordinal);
     49|     expect(bins.filter(object => object.sourceOrderId === id), 'litera…
       |                                                                                                                  ^
     50|       { placedObjectId: `object:${x}:${y}`, objectId: 'object.waste-bi…
     51|     ]);
 ❯ tests/integration/native-garbage-room-preparation.test.ts:48:3

⎯⎯⎯⎯⎯⎯⎯⎯⎯⎯⎯⎯⎯⎯⎯⎯⎯⎯⎯⎯⎯⎯⎯⎯[1/1]⎯

