
 RUN  v4.1.11 C:/Users/matma/Documents/Rozwój gier/lockstate-functional-angled-model-next-20261003

·x

 Test Files  1 failed (1)
      Tests  1 failed | 1 passed (2)
   Start at  18:41:37
   Duration  3.03s (transform 891ms, setup 0ms, import 2.59s, tests 325ms, environment 0ms)


⎯⎯⎯⎯⎯⎯⎯ Failed Tests 1 ⎯⎯⎯⎯⎯⎯⎯

 FAIL  tests/integration/native-staff-room-padded-chair-preparation.test.ts > prepares the existing public Staff route q1 with paid owners and whole V8 roundtrip
Error: expect(received).toEqual(expected) // deep equality

- Expected  - 1
+ Received  + 1

@@ -3,10 +3,10 @@
      "anchorTile": Object {
        "x": 22,
        "y": 8,
      },
      "objectId": "object.chair",
-     "orientation": 1,
+     "orientation": 0,
      "placedObjectId": "object:22:8",
      "sourceOrderId": "room-template-000000000002-2-object-002",
    },
  ]
 ❯ Proxy.<anonymous> ../lockstate-1382-doc-anchor-2026-09-24/node_modules/.pnpm/playwright@1.56.1/node_modules/playwright/lib/matchers/expect.js:221:24
 ❯ assertStaffNativeOwners tests/browser/staff-room-padded-chair/native-evidence.ts:91:83
     89|   expect(chairs).toHaveLength(2);
     90|   for (const owner of STAFF_CHAIR_OWNERS[turns]) {
     91|     expect(chairs.filter(object => object.sourceOrderId === owner.sour…
       |                                                                                   ^
     92|       { placedObjectId: `object:${owner.anchorTile.x}:${owner.anchorTi…
     93|     ]);
 ❯ tests/integration/native-staff-room-padded-chair-preparation.test.ts:47:51

⎯⎯⎯⎯⎯⎯⎯⎯⎯⎯⎯⎯⎯⎯⎯⎯⎯⎯⎯⎯⎯⎯⎯⎯[1/1]⎯
