00:01.078  blend            | Read blend: "C:\Users\matma\Documents\Rozwój gier\lockstate-functional-angled-model-next-20261003\assets\source\blender\furniture.staff-room.padded-chair.blend"
STAFF_ROOM_CHAIR_SOURCE_GREEN 54 meshes/3 actual contacts/all original materials/four occupied turns
00:01.750  render           | Saved: 'C:\Users\matma\Documents\Rozwój gier\lockstate-functional-angled-model-next-20261003\public\assets\environment\oblique\furniture.staff-room.padded-chair-yaw+00-elev20.render.png'
00:01.844  render           | Saved: 'C:\Users\matma\Documents\Rozwój gier\lockstate-functional-angled-model-next-20261003\public\assets\environment\oblique\furniture.staff-room.padded-chair-yaw+00-elev30.render.png'
00:01.922  render           | Saved: 'C:\Users\matma\Documents\Rozwój gier\lockstate-functional-angled-model-next-20261003\public\assets\environment\oblique\furniture.staff-room.padded-chair-yaw+00-elev40.render.png'
00:02.000  render           | Saved: 'C:\Users\matma\Documents\Rozwój gier\lockstate-functional-angled-model-next-20261003\public\assets\environment\oblique\furniture.staff-room.padded-chair-yaw+00-elev50.render.png'
00:02.094  render           | Saved: 'C:\Users\matma\Documents\Rozwój gier\lockstate-functional-angled-model-next-20261003\public\assets\environment\oblique\furniture.staff-room.padded-chair-yaw+00-elev60.render.png'
00:02.172  render           | Saved: 'C:\Users\matma\Documents\Rozwój gier\lockstate-functional-angled-model-next-20261003\public\assets\environment\oblique\furniture.staff-room.padded-chair-yaw+00-elev70.render.png'
00:02.250  render           | Saved: 'C:\Users\matma\Documents\Rozwój gier\lockstate-functional-angled-model-next-20261003\public\assets\environment\oblique\furniture.staff-room.padded-chair-yaw+30-elev20.render.png'
00:02.344  render           | Saved: 'C:\Users\matma\Documents\Rozwój gier\lockstate-functional-angled-model-next-20261003\public\assets\environment\oblique\furniture.staff-room.padded-chair-yaw+30-elev30.render.png'
00:02.438  render           | Saved: 'C:\Users\matma\Documents\Rozwój gier\lockstate-functional-angled-model-next-20261003\public\assets\environment\oblique\furniture.staff-room.padded-chair-yaw+30-elev40.render.png'
00:02.516  render           | Saved: 'C:\Users\matma\Documents\Rozwój gier\lockstate-functional-angled-model-next-20261003\public\assets\environment\oblique\furniture.staff-room.padded-chair-yaw+30-elev50.render.png'
00:02.594  render           | Saved: 'C:\Users\matma\Documents\Rozwój gier\lockstate-functional-angled-model-next-20261003\public\assets\environment\oblique\furniture.staff-room.padded-chair-yaw+30-elev60.render.png'
00:02.672  render           | Saved: 'C:\Users\matma\Documents\Rozwój gier\lockstate-functional-angled-model-next-20261003\public\assets\environment\oblique\furniture.staff-room.padded-chair-yaw+30-elev70.render.png'
00:02.750  render           | Saved: 'C:\Users\matma\Documents\Rozwój gier\lockstate-functional-angled-model-next-20261003\public\assets\environment\oblique\furniture.staff-room.padded-chair-yaw+60-elev20.render.png'
00:02.844  render           | Saved: 'C:\Users\matma\Documents\Rozwój gier\lockstate-functional-angled-model-next-20261003\public\assets\environment\oblique\furniture.staff-room.padded-chair-yaw+60-elev30.render.png'
00:02.922  render           | Saved: 'C:\Users\matma\Documents\Rozwój gier\lockstate-functional-angled-model-next-20261003\public\assets\environment\oblique\furniture.staff-room.padded-chair-yaw+60-elev40.render.png'
00:03.016  render           | Saved: 'C:\Users\matma\Documents\Rozwój gier\lockstate-functional-angled-model-next-20261003\public\assets\environment\oblique\furniture.staff-room.padded-chair-yaw+60-elev50.render.png'
00:03.094  render           | Saved: 'C:\Users\matma\Documents\Rozwój gier\lockstate-functional-angled-model-next-20261003\public\assets\environment\oblique\furniture.staff-room.padded-chair-yaw+60-elev60.render.png'
00:03.172  render           | Saved: 'C:\Users\matma\Documents\Rozwój gier\lockstate-functional-angled-model-next-20261003\public\assets\environment\oblique\furniture.staff-room.padded-chair-yaw+60-elev70.render.png'
00:03.250  render           | Saved: 'C:\Users\matma\Documents\Rozwój gier\lockstate-functional-angled-model-next-20261003\public\assets\environment\oblique\furniture.staff-room.padded-chair-yaw+90-elev20.render.png'
00:03.344  render           | Saved: 'C:\Users\matma\Documents\Rozwój gier\lockstate-functional-angled-model-next-20261003\public\assets\environment\oblique\furniture.staff-room.padded-chair-yaw+90-elev30.render.png'
00:03.422  render           | Saved: 'C:\Users\matma\Documents\Rozwój gier\lockstate-functional-angled-model-next-20261003\public\assets\environment\oblique\furniture.staff-room.padded-chair-yaw+90-elev40.render.png'
00:03.500  render           | Saved: 'C:\Users\matma\Documents\Rozwój gier\lockstate-functional-angled-model-next-20261003\public\assets\environment\oblique\furniture.staff-room.padded-chair-yaw+90-elev50.render.png'
00:03.578  render           | Saved: 'C:\Users\matma\Documents\Rozwój gier\lockstate-functional-angled-model-next-20261003\public\assets\environment\oblique\furniture.staff-room.padded-chair-yaw+90-elev60.render.png'
00:03.672  render           | Saved: 'C:\Users\matma\Documents\Rozwój gier\lockstate-functional-angled-model-next-20261003\public\assets\environment\oblique\furniture.staff-room.padded-chair-yaw+90-elev70.render.png'
00:03.750  render           | Saved: 'C:\Users\matma\Documents\Rozwój gier\lockstate-functional-angled-model-next-20261003\public\assets\environment\oblique\furniture.staff-room.padded-chair-yaw+120-elev20.render.png'
00:03.844  render           | Saved: 'C:\Users\matma\Documents\Rozwój gier\lockstate-functional-angled-model-next-20261003\public\assets\environment\oblique\furniture.staff-room.padded-chair-yaw+120-elev30.render.png'
00:03.938  render           | Saved: 'C:\Users\matma\Documents\Rozwój gier\lockstate-functional-angled-model-next-20261003\public\assets\environment\oblique\furniture.staff-room.padded-chair-yaw+120-elev40.render.png'
00:04.016  render           | Saved: 'C:\Users\matma\Documents\Rozwój gier\lockstate-functional-angled-model-next-20261003\public\assets\environment\oblique\furniture.staff-room.padded-chair-yaw+120-elev50.render.png'
00:04.094  render           | Saved: 'C:\Users\matma\Documents\Rozwój gier\lockstate-functional-angled-model-next-20261003\public\assets\environment\oblique\furniture.staff-room.padded-chair-yaw+120-elev60.render.png'
00:04.188  render           | Saved: 'C:\Users\matma\Documents\Rozwój gier\lockstate-functional-angled-model-next-20261003\public\assets\environment\oblique\furniture.staff-room.padded-chair-yaw+120-elev70.render.png'
00:04.266  render           | Saved: 'C:\Users\matma\Documents\Rozwój gier\lockstate-functional-angled-model-next-20261003\public\assets\environment\oblique\furniture.staff-room.padded-chair-yaw+150-elev20.render.png'
00:04.360  render           | Saved: 'C:\Users\matma\Documents\Rozwój gier\lockstate-functional-angled-model-next-20261003\public\assets\environment\oblique\furniture.staff-room.padded-chair-yaw+150-elev30.render.png'
00:04.438  render           | Saved: 'C:\Users\matma\Documents\Rozwój gier\lockstate-functional-angled-model-next-20261003\public\assets\environment\oblique\furniture.staff-room.padded-chair-yaw+150-elev40.render.png'
00:04.531  render           | Saved: 'C:\Users\matma\Documents\Rozwój gier\lockstate-functional-angled-model-next-20261003\public\assets\environment\oblique\furniture.staff-room.padded-chair-yaw+150-elev50.render.png'
00:04.610  render           | Saved: 'C:\Users\matma\Documents\Rozwój gier\lockstate-functional-angled-model-next-20261003\public\assets\environment\oblique\furniture.staff-room.padded-chair-yaw+150-elev60.render.png'
00:04.688  render           | Saved: 'C:\Users\matma\Documents\Rozwój gier\lockstate-functional-angled-model-next-20261003\public\assets\environment\oblique\furniture.staff-room.padded-chair-yaw+150-elev70.render.png'
00:04.781  render           | Saved: 'C:\Users\matma\Documents\Rozwój gier\lockstate-functional-angled-model-next-20261003\public\assets\environment\oblique\furniture.staff-room.padded-chair-yaw+180-elev20.render.png'
00:04.860  render           | Saved: 'C:\Users\matma\Documents\Rozwój gier\lockstate-functional-angled-model-next-20261003\public\assets\environment\oblique\furniture.staff-room.padded-chair-yaw+180-elev30.render.png'
00:04.953  render           | Saved: 'C:\Users\matma\Documents\Rozwój gier\lockstate-functional-angled-model-next-20261003\public\assets\environment\oblique\furniture.staff-room.padded-chair-yaw+180-elev40.render.png'
00:05.031  render           | Saved: 'C:\Users\matma\Documents\Rozwój gier\lockstate-functional-angled-model-next-20261003\public\assets\environment\oblique\furniture.staff-room.padded-chair-yaw+180-elev50.render.png'
00:05.110  render           | Saved: 'C:\Users\matma\Documents\Rozwój gier\lockstate-functional-angled-model-next-20261003\public\assets\environment\oblique\furniture.staff-room.padded-chair-yaw+180-elev60.render.png'
00:05.203  render           | Saved: 'C:\Users\matma\Documents\Rozwój gier\lockstate-functional-angled-model-next-20261003\public\assets\environment\oblique\furniture.staff-room.padded-chair-yaw+180-elev70.render.png'
00:05.281  render           | Saved: 'C:\Users\matma\Documents\Rozwój gier\lockstate-functional-angled-model-next-20261003\public\assets\environment\oblique\furniture.staff-room.padded-chair-yaw+210-elev20.render.png'
00:05.375  render           | Saved: 'C:\Users\matma\Documents\Rozwój gier\lockstate-functional-angled-model-next-20261003\public\assets\environment\oblique\furniture.staff-room.padded-chair-yaw+210-elev30.render.png'
00:05.469  render           | Saved: 'C:\Users\matma\Documents\Rozwój gier\lockstate-functional-angled-model-next-20261003\public\assets\environment\oblique\furniture.staff-room.padded-chair-yaw+210-elev40.render.png'
00:05.547  render           | Saved: 'C:\Users\matma\Documents\Rozwój gier\lockstate-functional-angled-model-next-20261003\public\assets\environment\oblique\furniture.staff-room.padded-chair-yaw+210-elev50.render.png'
00:05.641  render           | Saved: 'C:\Users\matma\Documents\Rozwój gier\lockstate-functional-angled-model-next-20261003\public\assets\environment\oblique\furniture.staff-room.padded-chair-yaw+210-elev60.render.png'
00:05.719  render           | Saved: 'C:\Users\matma\Documents\Rozwój gier\lockstate-functional-angled-model-next-20261003\public\assets\environment\oblique\furniture.staff-room.padded-chair-yaw+210-elev70.render.png'
00:05.797  render           | Saved: 'C:\Users\matma\Documents\Rozwój gier\lockstate-functional-angled-model-next-20261003\public\assets\environment\oblique\furniture.staff-room.padded-chair-yaw+240-elev20.render.png'
00:05.875  render           | Saved: 'C:\Users\matma\Documents\Rozwój gier\lockstate-functional-angled-model-next-20261003\public\assets\environment\oblique\furniture.staff-room.padded-chair-yaw+240-elev30.render.png'
00:05.969  render           | Saved: 'C:\Users\matma\Documents\Rozwój gier\lockstate-functional-angled-model-next-20261003\public\assets\environment\oblique\furniture.staff-room.padded-chair-yaw+240-elev40.render.png'
00:06.047  render           | Saved: 'C:\Users\matma\Documents\Rozwój gier\lockstate-functional-angled-model-next-20261003\public\assets\environment\oblique\furniture.staff-room.padded-chair-yaw+240-elev50.render.png'
00:06.125  render           | Saved: 'C:\Users\matma\Documents\Rozwój gier\lockstate-functional-angled-model-next-20261003\public\assets\environment\oblique\furniture.staff-room.padded-chair-yaw+240-elev60.render.png'
00:06.203  render           | Saved: 'C:\Users\matma\Documents\Rozwój gier\lockstate-functional-angled-model-next-20261003\public\assets\environment\oblique\furniture.staff-room.padded-chair-yaw+240-elev70.render.png'
00:06.281  render           | Saved: 'C:\Users\matma\Documents\Rozwój gier\lockstate-functional-angled-model-next-20261003\public\assets\environment\oblique\furniture.staff-room.padded-chair-yaw+270-elev20.render.png'
00:06.360  render           | Saved: 'C:\Users\matma\Documents\Rozwój gier\lockstate-functional-angled-model-next-20261003\public\assets\environment\oblique\furniture.staff-room.padded-chair-yaw+270-elev30.render.png'
00:06.453  render           | Saved: 'C:\Users\matma\Documents\Rozwój gier\lockstate-functional-angled-model-next-20261003\public\assets\environment\oblique\furniture.staff-room.padded-chair-yaw+270-elev40.render.png'
00:06.531  render           | Saved: 'C:\Users\matma\Documents\Rozwój gier\lockstate-functional-angled-model-next-20261003\public\assets\environment\oblique\furniture.staff-room.padded-chair-yaw+270-elev50.render.png'
00:06.610  render           | Saved: 'C:\Users\matma\Documents\Rozwój gier\lockstate-functional-angled-model-next-20261003\public\assets\environment\oblique\furniture.staff-room.padded-chair-yaw+270-elev60.render.png'
00:06.703  render           | Saved: 'C:\Users\matma\Documents\Rozwój gier\lockstate-functional-angled-model-next-20261003\public\assets\environment\oblique\furniture.staff-room.padded-chair-yaw+270-elev70.render.png'
00:06.797  render           | Saved: 'C:\Users\matma\Documents\Rozwój gier\lockstate-functional-angled-model-next-20261003\public\assets\environment\oblique\furniture.staff-room.padded-chair-yaw+300-elev20.render.png'
00:06.875  render           | Saved: 'C:\Users\matma\Documents\Rozwój gier\lockstate-functional-angled-model-next-20261003\public\assets\environment\oblique\furniture.staff-room.padded-chair-yaw+300-elev30.render.png'
00:06.969  render           | Saved: 'C:\Users\matma\Documents\Rozwój gier\lockstate-functional-angled-model-next-20261003\public\assets\environment\oblique\furniture.staff-room.padded-chair-yaw+300-elev40.render.png'
00:07.047  render           | Saved: 'C:\Users\matma\Documents\Rozwój gier\lockstate-functional-angled-model-next-20261003\public\assets\environment\oblique\furniture.staff-room.padded-chair-yaw+300-elev50.render.png'
00:07.125  render           | Saved: 'C:\Users\matma\Documents\Rozwój gier\lockstate-functional-angled-model-next-20261003\public\assets\environment\oblique\furniture.staff-room.padded-chair-yaw+300-elev60.render.png'
00:07.203  render           | Saved: 'C:\Users\matma\Documents\Rozwój gier\lockstate-functional-angled-model-next-20261003\public\assets\environment\oblique\furniture.staff-room.padded-chair-yaw+300-elev70.render.png'
00:07.281  render           | Saved: 'C:\Users\matma\Documents\Rozwój gier\lockstate-functional-angled-model-next-20261003\public\assets\environment\oblique\furniture.staff-room.padded-chair-yaw+330-elev20.render.png'
00:07.375  render           | Saved: 'C:\Users\matma\Documents\Rozwój gier\lockstate-functional-angled-model-next-20261003\public\assets\environment\oblique\furniture.staff-room.padded-chair-yaw+330-elev30.render.png'
00:07.469  render           | Saved: 'C:\Users\matma\Documents\Rozwój gier\lockstate-functional-angled-model-next-20261003\public\assets\environment\oblique\furniture.staff-room.padded-chair-yaw+330-elev40.render.png'
00:07.547  render           | Saved: 'C:\Users\matma\Documents\Rozwój gier\lockstate-functional-angled-model-next-20261003\public\assets\environment\oblique\furniture.staff-room.padded-chair-yaw+330-elev50.render.png'
00:07.625  render           | Saved: 'C:\Users\matma\Documents\Rozwój gier\lockstate-functional-angled-model-next-20261003\public\assets\environment\oblique\furniture.staff-room.padded-chair-yaw+330-elev60.render.png'
00:07.719  render           | Saved: 'C:\Users\matma\Documents\Rozwój gier\lockstate-functional-angled-model-next-20261003\public\assets\environment\oblique\furniture.staff-room.padded-chair-yaw+330-elev70.render.png'
KITCHEN_BOUNDS furniture.staff-room.padded-chair [0.11400030553340912, 0.014750592410564423, 0.0] [0.8859996795654297, 0.9852507710456848, 1.3200000524520874]
rendered 72 verified poses: C:\Users\matma\Documents\Rozwój gier\lockstate-functional-angled-model-next-20261003\public\game-content\oblique-furniture-staff-room-padded-chair.v1.json
STAFF_ROOM_CHAIR_EXPORTED_BODY_GREEN 72 genuinely decoded RGBA bodies
Blender 5.2.1 LTS (hash 9e2066aef7ef built 2026-08-25 02:38:20)

Blender quit
