
 RUN  v4.1.11 C:/Users/matma/Documents/Rozwój gier/lockstate-functional-angled-model-next-20261003

xx····x·

 Test Files  1 failed (1)
      Tests  3 failed | 5 passed (8)
   Start at  18:20:01
   Duration  640ms (transform 174ms, setup 0ms, import 500ms, tests 17ms, environment 0ms)


⎯⎯⎯⎯⎯⎯⎯ Failed Tests 3 ⎯⎯⎯⎯⎯⎯⎯

 FAIL  tests/unit/oblique-staff-room-padded-chair-context.test.ts > Staff Room ObjectChair context in the actual world projection > selects BOTH literal completed Staff Room chairs q0 with their canonical source60/e40 frame
 FAIL  tests/unit/oblique-staff-room-padded-chair-context.test.ts > Staff Room ObjectChair context in the actual world projection > selects BOTH literal completed Staff Room chairs q1 with their canonical source60/e40 frame
AssertionError: actual Staff Room chair context selector: expected 'furniture.chair.wooden' to be 'furniture.staff-room.padded-chair' // Object.is equality

Expected: "furniture.staff-room.padded-chair"
Received: "furniture.chair.wooden"

 ❯ tests/unit/oblique-staff-room-padded-chair-context.test.ts:58:74
     56|     for (const structure of structures) {
     57|       const solid = projected.raised.find(item => item.id === structur…
     58|       expect(solid?.assetId, 'actual Staff Room chair context selector…
       |                                                                          ^
     59|       if (solid === undefined) throw new Error('Literal purchased Staf…
     60|       const selected = selectObliqueModuleFrame(catalog, { yawRadians:…

⎯⎯⎯⎯⎯⎯⎯⎯⎯⎯⎯⎯⎯⎯⎯⎯⎯⎯⎯⎯⎯⎯⎯⎯[1/3]⎯

 FAIL  tests/unit/oblique-staff-room-padded-chair-context.test.ts > Staff Room ObjectChair context in the actual world projection > uses the entire occupied footprint and never aggregates two adjacent rooms
AssertionError: expected 'furniture.chair.wooden' to be 'furniture.staff-room.padded-chair' // Object.is equality

Expected: "furniture.staff-room.padded-chair"
Received: "furniture.chair.wooden"

 ❯ tests/unit/oblique-staff-room-padded-chair-context.test.ts:101:103
     99|
    100|   it('uses the entire occupied footprint and never aggregates two adja…
    101|     expect(obliqueAssetIdForPlacedObject('object.chair', 8, 8, { width…
       |                                                                                                       ^
    102|     expect(obliqueAssetIdForPlacedObject('object.chair', 8, 8, { width…
    103|     expect(obliqueAssetIdForPlacedObject('object.chair', 8, 8, { width…

⎯⎯⎯⎯⎯⎯⎯⎯⎯⎯⎯⎯⎯⎯⎯⎯⎯⎯⎯⎯⎯⎯⎯⎯[2/3]⎯
