00:01.094  blend            | Read blend: "C:\Users\matma\Documents\Rozwój gier\lockstate-functional-angled-model-next-20261003\assets\source\blender\furniture.staff-room.padded-chair.blend"
Blender 5.2.1 LTS (hash 9e2066aef7ef built 2026-08-25 02:38:20)

Blender quit
Traceback (most recent call last):
  File "C:\Users\matma\Documents\Rozwój gier\lockstate-functional-angled-model-next-20261003\tooling\blender\render-staff-room-padded-chair-oblique.py", line 129, in <module>
    scene, camera, target = configure(MODEL)
                            ~~~~~~~~~^^^^^^^
  File "C:\Users\matma\Documents\Rozwój gier\lockstate-functional-angled-model-next-20261003\tooling\blender\render-staff-room-padded-chair-oblique.py", line 52, in configure
    scene, camera, target = shared_configure(model, prepare_source)
                            ~~~~~~~~~~~~~~~~^^^^^^^^^^^^^^^^^^^^^^^
  File "C:\Users\matma\Documents\Rozwój gier\lockstate-functional-angled-model-next-20261003\tooling\blender\render-kitchen-fixtures-oblique.py", line 132, in configure
    prepare_source(scene, model)
    ~~~~~~~~~~~~~~^^^^^^^^^^^^^^
  File "C:\Users\matma\Documents\Rozwój gier\lockstate-functional-angled-model-next-20261003\tooling\blender\render-staff-room-padded-chair-oblique.py", line 48, in prepare_source
    builder.verify_source(scene)
    ~~~~~~~~~~~~~~~~~~~~~^^^^^^^
  File "C:\Users\matma\Documents\Rozwój gier\lockstate-functional-angled-model-next-20261003\tooling\blender\build-staff-room-padded-chair.py", line 93, in verify_source
    contacts = source_contacts(scene, receipt['actualContactPairs'])
  File "C:\Users\matma\Documents\Rozwój gier\lockstate-functional-angled-model-next-20261003\tooling\blender\build-staff-room-padded-chair.py", line 64, in source_contacts
    raise ValueError(f'Staff Room padded chair actual contact disconnected: {first} / {second}')
ValueError: Staff Room padded chair actual contact disconnected: Staff Room padded chair.connected seat pad / Chair refinement.wooden seat

Error: script failed, file: 'C:\Users\matma\Documents\Rozwój gier\lockstate-functional-angled-model-next-20261003\tooling\blender\render-staff-room-padded-chair-oblique.py', exiting.
