
 RUN  v4.1.11 C:/Users/matma/Documents/Rozwój gier/lockstate-common-room-connectivity-review-20261003

 ❯ docs/research/2026-10-03-common-room-connectivity-review/integration.audit.ts (4 tests | 1 failed) 637ms
   × integrated q1 Common Room plus inaccessible first Shower keeps independent V8 continuations identical with only one cache warmed 611ms
vitest.CMD : 
At C:\Users\matma\Documents\Rozwój gier\lockstate-common-room-connectivity-review-20261003\docs\research\2026-10-03-com
mon-room-connectivity-review\run-producer-controls.ps1:17 char:5
+     & node_modules/.bin/vitest.cmd run --config docs/research/2026-10 ...
+     ~~~~~~~~~~~~~~~~~~~~~~~~~~~~~~~~~~~~~~~~~~~~~~~~~~~~~~~~~~~~~~~~~
    + CategoryInfo          : NotSpecified: (:String) [], RemoteException
    + FullyQualifiedErrorId : NativeCommandError
 
⎯⎯⎯⎯⎯⎯⎯ Failed Tests 1 ⎯⎯⎯⎯⎯⎯⎯

 FAIL  docs/research/2026-10-03-common-room-connectivity-review/integration.audit.ts > integrated q1 Common Room plus i
naccessible first Shower keeps independent V8 continuations identical with only one cache warmed
AssertionError: expected 0 to be greater than 0
 ❯ docs/research/2026-10-03-common-room-connectivity-review/integration.audit.ts:90:23
     88|     if(tick%750===0)expect(captureSessionSnapshot(a)).toEqual(captureS…
     89|   }
     90|   expect(showerTicks).toBeGreaterThan(0);expect([...targets]).toEqual(…
       |                       ^
     91|   expect(saved.simulation?.objects).toBeDefined();
     92|   expect(a.placedObjects.getSnapshot()).toEqual(saved.simulation!.obje…

⎯⎯⎯⎯⎯⎯⎯⎯⎯⎯⎯⎯⎯⎯⎯⎯⎯⎯⎯⎯⎯⎯⎯⎯[1/1]⎯


 Test Files  1 failed (1)
      Tests  1 failed | 3 passed (4)
   Start at  11:51:20
   Duration  2.80s (transform 771ms, setup 0ms, import 2.05s, tests 637ms, environment 0ms)

