
 RUN  v4.1.11 C:/Users/matma/Documents/Rozwój gier/lockstate-common-room-connectivity-review-20261003

stdout | docs/research/2026-10-03-common-room-connectivity-review/saturated-room-cost.audit.ts > ordinary full Shower rooms need no physical query when no capability seat is free
{"kind":"ordinary-saturated-rooms","roomCount":2,"seats":4,"previousFreshnessChunkReads":0,"physicalQueries":2,"freshnessChunkReads":2}

 ❯ docs/research/2026-10-03-common-room-connectivity-review/saturated-room-cost.audit.ts (1 test | 1 failed) 115ms
   × ordinary full Shower rooms need no physical query when no capability seat is free 114ms
vitest.CMD : 
At line:2 char:106
+ ... +$env:PATH; & node_modules/.bin/vitest.cmd run --config docs/research ...
+                 ~~~~~~~~~~~~~~~~~~~~~~~~~~~~~~~~~~~~~~~~~~~~~~~~~~~~~~~~~
    + CategoryInfo          : NotSpecified: (:String) [], RemoteException
    + FullyQualifiedErrorId : NativeCommandError
 
⎯⎯⎯⎯⎯⎯⎯ Failed Tests 1 ⎯⎯⎯⎯⎯⎯⎯

 FAIL  docs/research/2026-10-03-common-room-connectivity-review/saturated-room-cost.audit.ts > ordinary full Shower roo
ms need no physical query when no capability seat is free
AssertionError: expected 2 to be +0 // Object.is equality

- Expected
+ Received

- 0
+ 2

 ❯ docs/research/2026-10-03-common-room-connectivity-review/saturated-room-cost.audit.ts:39:38
     37|   expect(chosen).toBeUndefined();
     38|   console.log(JSON.stringify({kind:'ordinary-saturated-rooms',roomCoun…
     39|   expect(physical.mock.calls.length).toBe(0);
       |                                      ^
     40| });
     41|

⎯⎯⎯⎯⎯⎯⎯⎯⎯⎯⎯⎯⎯⎯⎯⎯⎯⎯⎯⎯⎯⎯⎯⎯[1/1]⎯


 Test Files  1 failed (1)
      Tests  1 failed (1)
   Start at  11:57:32
   Duration  2.17s (transform 702ms, setup 0ms, import 1.94s, tests 115ms, environment 0ms)

