00:01.125  blend            | Read blend: "C:\Users\matma\Documents\Rozwój gier\lockstate-missing-room-fixture-oblique-20261003\assets\source\blender\fixture.garbage-room.waste-bin.blend"
Blender 5.2.1 LTS (hash 9e2066aef7ef built 2026-08-25 02:38:20)

Blender quit
Traceback (most recent call last):
  File "C:\Users\matma\Documents\Rozwój gier\lockstate-missing-room-fixture-oblique-20261003\tooling\blender\render-garbage-room-bin-oblique.py", line 99, in <module>
    exporter.main()
    ~~~~~~~~~~~~~^^
  File "C:\Users\matma\Documents\Rozwój gier\lockstate-missing-room-fixture-oblique-20261003\tooling\blender\render-kitchen-fixtures-oblique.py", line 184, in main
    scene, camera, target = configure(model)
                            ~~~~~~~~~^^^^^^^
  File "C:\Users\matma\Documents\Rozwój gier\lockstate-missing-room-fixture-oblique-20261003\tooling\blender\render-garbage-room-bin-oblique.py", line 43, in configure
    scene, camera, target = shared_configure(model, prepare_source)
                            ~~~~~~~~~~~~~~~~^^^^^^^^^^^^^^^^^^^^^^^
  File "C:\Users\matma\Documents\Rozwój gier\lockstate-missing-room-fixture-oblique-20261003\tooling\blender\render-kitchen-fixtures-oblique.py", line 132, in configure
    prepare_source(scene, model)
    ~~~~~~~~~~~~~~^^^^^^^^^^^^^^
  File "C:\Users\matma\Documents\Rozwój gier\lockstate-missing-room-fixture-oblique-20261003\tooling\blender\render-garbage-room-bin-oblique.py", line 39, in prepare_source
    builder.verify_source(scene)
    ~~~~~~~~~~~~~~~~~~~~~^^^^^^^
  File "C:\Users\matma\Documents\Rozwój gier\lockstate-missing-room-fixture-oblique-20261003\tooling\blender\build-garbage-room-bin.py", line 99, in verify_source
    contacts = source_contacts(scene, receipt['actualContactPairs'])
  File "C:\Users\matma\Documents\Rozwój gier\lockstate-missing-room-fixture-oblique-20261003\tooling\blender\build-garbage-room-bin.py", line 70, in source_contacts
    raise ValueError(f'Refuse trolley actual contact disconnected: {first} / {second}')
ValueError: Refuse trolley actual contact disconnected: Refuse trolley.rubber caster wheel.-0.35.-0.23 / Refuse trolley.solid wheel axle.-0.35.-0.23

Error: script failed, file: 'C:\Users\matma\Documents\Rozwój gier\lockstate-missing-room-fixture-oblique-20261003\tooling\blender\render-garbage-room-bin-oblique.py', exiting.
