vite v8.2.2 building lockstate_development environment for production...
transforming...
✓ 92 modules transformed.
rendering chunks...
computing gzip size...
dist/lockstate_development/.vite/manifest.json    0.15 kB │ gzip:  0.11 kB
dist/lockstate_development/wrangler.json          1.64 kB │ gzip:  0.80 kB
dist/lockstate_development/index.js             289.15 kB │ gzip: 76.65 kB

✓ built in 69ms
vite v8.2.2 building client environment for production...
transforming...
✓ 497 modules transformed.
rendering chunks...
computing gzip size...
dist/client/.assetsignore                      0.02 kB
dist/client/index.html                         1.71 kB │ gzip:   0.87 kB
dist/client/assets/worker-CUtL3oKL.js        443.79 kB
dist/client/assets/index-5ZA72Oh0.css         83.36 kB │ gzip:  12.75 kB
dist/client/assets/pl-catalog-DQ0PXWG1.js     51.26 kB │ gzip:  14.82 kB
dist/client/assets/catalog-lZH0TBdb.js        86.41 kB │ gzip:  23.73 kB
dist/client/assets/index-CtbEJ_Eq.js       1,936.84 kB │ gzip: 512.85 kB

✓ built in 5.55s
Verified Cloudflare production output: dist\lockstate_development\wrangler.json -> dist\client
$ pnpm typecheck && node scripts/cloudflare-task.mjs build production
$ tsc -b --pretty false && tsc -b tsconfig.tools.json --pretty false
[plugin builtin:vite-reporter]
(!) Some chunks are larger than 500 kB after minification. Consider:
- Using dynamic import() to code-split the application
- Use build.rolldownOptions.output.codeSplitting to improve chunking: https://rolldown.rs/reference/OutputOptions.codeSplitting
- Adjust chunk size limit for this warning via build.chunkSizeWarningLimit.
[33m[PLUGIN_TIMINGS] [0mYour build spent 95% of 5.5s inside plugin hooks (5.3s).
Measured inside the callback, so queue time is excluded and time the callback itself awaited is not:
  - vite:prepare-out-dir renderStart (86%, 4.7s, 1 call)
See https://rolldown.rs/reference/InputOptions.checks#plugintimings for more details.
