
 RUN  v4.1.11 C:/Users/matma/Documents/Rozwój gier/hud-template-history-verdict-audit-20261003

stdout | tests/unit/ui-template-history-verdict.test.ts > world: stationary blocked ghost must refresh after actual public Undo removes completed template
HISTORY_GHOST_STALE {"mode":"world","origin":{"x":11,"y":11},"command":[{"type":"Undo"}],"oldQueries":4,"afterPaintQueries":4,"oldRenderRevision":1,"newRenderRevision":2,"actualVerdict":{"ok":true},"ghostReady":"blocked","afterOrders":[{"id":"room-template-000000000000-0-wall-000","state":"cancelled"},{"id":"room-template-000000000000-0-wall-001","state":"cancelled"},{"id":"room-template-000000000000-0-wall-002","state":"cancelled"},{"id":"room-template-000000000000-0-wall-003","state":"cancelled"},{"id":"room-template-000000000000-0-wall-004","state":"cancelled"},{"id":"room-template-000000000000-0-wall-005","state":"cancelled"},{"id":"room-template-000000000000-0-wall-006","state":"cancelled"},{"id":"room-template-000000000000-0-wall-007","state":"cancelled"},{"id":"room-template-000000000000-0-wall-008","state":"cancelled"},{"id":"room-template-000000000000-0-wall-009","state":"cancelled"},{"id":"room-template-000000000000-0-wall-010","state":"cancelled"},{"id":"room-template-000000000000-0-wall-011","state":"cancelled"},{"id":"room-template-000000000000-0-wall-012","state":"cancelled"},{"id":"room-template-000000000000-0-wall-013","state":"cancelled"},{"id":"room-template-000000000000-0-wall-014","state":"cancelled"},{"id":"room-template-000000000000-0-wall-015","state":"cancelled"},{"id":"room-template-000000000000-0-wall-016","state":"cancelled"},{"id":"room-template-000000000000-1-door-000","state":"cancelled"},{"id":"room-template-000000000000-2-object-000","state":"cancelled"},{"id":"room-template-000000000000-2-object-001","state":"cancelled"}],"afterObjects":[],"afterHistory":{"version":1,"pending":[],"undone":[{"templateId":"cell-basic","origin":{"x":11,"y":11},"mirrorX":false,"quarterTurns":1,"sequence":0}]}}

stdout | tests/unit/ui-template-history-verdict.test.ts > oblique: stationary blocked ghost must refresh after actual public Undo removes completed template
HISTORY_GHOST_STALE {"mode":"oblique","origin":{"x":10,"y":11},"command":[{"type":"Undo"}],"oldQueries":4,"afterPaintQueries":4,"oldRenderRevision":1,"newRenderRevision":2,"actualVerdict":{"ok":true},"ghostReady":"blocked","afterOrders":[{"id":"room-template-000000000000-0-wall-000","state":"cancelled"},{"id":"room-template-000000000000-0-wall-001","state":"cancelled"},{"id":"room-template-000000000000-0-wall-002","state":"cancelled"},{"id":"room-template-000000000000-0-wall-003","state":"cancelled"},{"id":"room-template-000000000000-0-wall-004","state":"cancelled"},{"id":"room-template-000000000000-0-wall-005","state":"cancelled"},{"id":"room-template-000000000000-0-wall-006","state":"cancelled"},{"id":"room-template-000000000000-0-wall-007","state":"cancelled"},{"id":"room-template-000000000000-0-wall-008","state":"cancelled"},{"id":"room-template-000000000000-0-wall-009","state":"cancelled"},{"id":"room-template-000000000000-0-wall-010","state":"cancelled"},{"id":"room-template-000000000000-0-wall-011","state":"cancelled"},{"id":"room-template-000000000000-0-wall-012","state":"cancelled"},{"id":"room-template-000000000000-0-wall-013","state":"cancelled"},{"id":"room-template-000000000000-0-wall-014","state":"cancelled"},{"id":"room-template-000000000000-0-wall-015","state":"cancelled"},{"id":"room-template-000000000000-0-wall-016","state":"cancelled"},{"id":"room-template-000000000000-1-door-000","state":"cancelled"},{"id":"room-template-000000000000-2-object-000","state":"cancelled"},{"id":"room-template-000000000000-2-object-001","state":"cancelled"}],"afterObjects":[],"afterHistory":{"version":1,"pending":[],"undone":[{"templateId":"cell-basic","origin":{"x":10,"y":11},"mirrorX":false,"quarterTurns":1,"sequence":0}]}}

 ❯ tests/unit/ui-template-history-verdict.test.ts (8 tests | 6 failed) 583ms
   × world: stationary blocked ghost must refresh after actual public Undo removes completed template 134ms
   × oblique: stationary blocked ghost must refresh after actual public Undo removes completed template 71ms
   × world: stationary clear ghost must refresh after actual public Redo restores same template reservation 55ms
   × world: stationary clear ghost public reselection control after actual public Redo restores same template reservation 60ms
   × oblique: stationary clear ghost must refresh after actual public Redo restores same template reservation 55ms
   × oblique: stationary clear ghost public reselection control after actual public Redo restores same template reservation 57ms

 Test Files  1 failed (1)
      Tests  6 failed | 2 passed (8)
   Start at  07:46:27
   Duration  4.30s (transform 1.23s, setup 0ms, import 3.59s, tests 583ms, environment 0ms)


⎯⎯⎯⎯⎯⎯⎯ Failed Tests 6 ⎯⎯⎯⎯⎯⎯⎯

 FAIL  tests/unit/ui-template-history-verdict.test.ts > world: stationary blocked ghost must refresh after actual public Undo removes completed template
 FAIL  tests/unit/ui-template-history-verdict.test.ts > oblique: stationary blocked ghost must refresh after actual public Undo removes completed template
AssertionError: real current worker is clear after Undo, but cached ghost remains blocked; prior queries 4 current 5: expected 'blocked' to be 'clear' // Object.is equality

Expected: "clear"
Received: "blocked"

 ❯ tests/unit/ui-template-history-verdict.test.ts:207:165


⎯⎯⎯⎯⎯⎯⎯⎯⎯⎯⎯⎯⎯⎯⎯⎯⎯⎯⎯⎯⎯⎯⎯⎯[1/6]⎯

 FAIL  tests/unit/ui-template-history-verdict.test.ts > world: stationary clear ghost must refresh after actual public Redo restores same template reservation
 FAIL  tests/unit/ui-template-history-verdict.test.ts > world: stationary clear ghost public reselection control after actual public Redo restores same template reservation
 FAIL  tests/unit/ui-template-history-verdict.test.ts > oblique: stationary clear ghost must refresh after actual public Redo restores same template reservation
 FAIL  tests/unit/ui-template-history-verdict.test.ts > oblique: stationary clear ghost public reselection control after actual public Redo restores same template reservation
AssertionError: expected [ { …(9) }, { …(9) }, { …(9) }, …(17) ] to have a length of 18 but got 20

- Expected
+ Received

- 18
+ 20

 ❯ tests/unit/ui-template-history-verdict.test.ts:235:97
    233|       const oldQueries=queries(h),oldFrame=h.readFrame();history(h,'re…
    234|       const after=h.actors.snapshot();expect(after.simulation?.roomTem…
    235|       expect(after.construction.orders.filter(o=>o.state!=='cancelled'…
       |                                                                                                 ^
    236|       const afterFrame=h.readFrame();expect(afterFrame.revision).toBeG…
    237|       const actual=(await h.tool.inspectAt(h.initialOrigin)).verdict;e…

⎯⎯⎯⎯⎯⎯⎯⎯⎯⎯⎯⎯⎯⎯⎯⎯⎯⎯⎯⎯⎯⎯⎯⎯[2/6]⎯

