
 RUN  v4.1.11 C:/Users/matma/Documents/Rozwój gier/hud-template-history-verdict-audit-20261003

stdout | tests/unit/ui-template-history-verdict.test.ts > world: stationary blocked ghost must refresh after actual public Undo removes completed template
HISTORY_GHOST_STALE {"mode":"world","origin":{"x":11,"y":11},"command":[{"type":"Undo"}],"oldQueries":4,"afterPaintQueries":4,"oldRenderRevision":1,"newRenderRevision":2,"actualVerdict":{"ok":true},"ghostReady":"blocked","afterOrders":[{"id":"room-template-000000000000-0-wall-000","state":"cancelled"},{"id":"room-template-000000000000-0-wall-001","state":"cancelled"},{"id":"room-template-000000000000-0-wall-002","state":"cancelled"},{"id":"room-template-000000000000-0-wall-003","state":"cancelled"},{"id":"room-template-000000000000-0-wall-004","state":"cancelled"},{"id":"room-template-000000000000-0-wall-005","state":"cancelled"},{"id":"room-template-000000000000-0-wall-006","state":"cancelled"},{"id":"room-template-000000000000-0-wall-007","state":"cancelled"},{"id":"room-template-000000000000-0-wall-008","state":"cancelled"},{"id":"room-template-000000000000-0-wall-009","state":"cancelled"},{"id":"room-template-000000000000-0-wall-010","state":"cancelled"},{"id":"room-template-000000000000-0-wall-011","state":"cancelled"},{"id":"room-template-000000000000-0-wall-012","state":"cancelled"},{"id":"room-template-000000000000-0-wall-013","state":"cancelled"},{"id":"room-template-000000000000-0-wall-014","state":"cancelled"},{"id":"room-template-000000000000-0-wall-015","state":"cancelled"},{"id":"room-template-000000000000-0-wall-016","state":"cancelled"},{"id":"room-template-000000000000-1-door-000","state":"cancelled"},{"id":"room-template-000000000000-2-object-000","state":"cancelled"},{"id":"room-template-000000000000-2-object-001","state":"cancelled"}],"afterObjects":[],"afterHistory":{"version":1,"pending":[],"undone":[{"templateId":"cell-basic","origin":{"x":11,"y":11},"mirrorX":false,"quarterTurns":1,"sequence":0}]}}

stdout | tests/unit/ui-template-history-verdict.test.ts > oblique: stationary blocked ghost must refresh after actual public Undo removes completed template
HISTORY_GHOST_STALE {"mode":"oblique","origin":{"x":10,"y":11},"command":[{"type":"Undo"}],"oldQueries":4,"afterPaintQueries":4,"oldRenderRevision":1,"newRenderRevision":2,"actualVerdict":{"ok":true},"ghostReady":"blocked","afterOrders":[{"id":"room-template-000000000000-0-wall-000","state":"cancelled"},{"id":"room-template-000000000000-0-wall-001","state":"cancelled"},{"id":"room-template-000000000000-0-wall-002","state":"cancelled"},{"id":"room-template-000000000000-0-wall-003","state":"cancelled"},{"id":"room-template-000000000000-0-wall-004","state":"cancelled"},{"id":"room-template-000000000000-0-wall-005","state":"cancelled"},{"id":"room-template-000000000000-0-wall-006","state":"cancelled"},{"id":"room-template-000000000000-0-wall-007","state":"cancelled"},{"id":"room-template-000000000000-0-wall-008","state":"cancelled"},{"id":"room-template-000000000000-0-wall-009","state":"cancelled"},{"id":"room-template-000000000000-0-wall-010","state":"cancelled"},{"id":"room-template-000000000000-0-wall-011","state":"cancelled"},{"id":"room-template-000000000000-0-wall-012","state":"cancelled"},{"id":"room-template-000000000000-0-wall-013","state":"cancelled"},{"id":"room-template-000000000000-0-wall-014","state":"cancelled"},{"id":"room-template-000000000000-0-wall-015","state":"cancelled"},{"id":"room-template-000000000000-0-wall-016","state":"cancelled"},{"id":"room-template-000000000000-1-door-000","state":"cancelled"},{"id":"room-template-000000000000-2-object-000","state":"cancelled"},{"id":"room-template-000000000000-2-object-001","state":"cancelled"}],"afterObjects":[],"afterHistory":{"version":1,"pending":[],"undone":[{"templateId":"cell-basic","origin":{"x":10,"y":11},"mirrorX":false,"quarterTurns":1,"sequence":0}]}}

stdout | tests/unit/ui-template-history-verdict.test.ts > world: stationary clear ghost must refresh after actual public Redo restores same template reservation
HISTORY_REDO_STALE {"mode":"world","refresh":false,"origin":{"x":11,"y":11},"oldQueries":7,"newQueries":8,"oldRenderRevision":2,"newRenderRevision":3,"actualVerdict":{"ok":false,"reason":"structure-occupied","tile":{"x":11,"y":11}},"ghostReady":"clear","commands":[{"type":"Undo"},{"type":"Redo"}]}

stdout | tests/unit/ui-template-history-verdict.test.ts > oblique: stationary clear ghost must refresh after actual public Redo restores same template reservation
HISTORY_REDO_STALE {"mode":"oblique","refresh":false,"origin":{"x":10,"y":11},"oldQueries":7,"newQueries":8,"oldRenderRevision":2,"newRenderRevision":3,"actualVerdict":{"ok":false,"reason":"structure-occupied","tile":{"x":10,"y":11}},"ghostReady":"clear","commands":[{"type":"Undo"},{"type":"Redo"}]}

 ❯ tests/unit/ui-template-history-verdict.test.ts (8 tests | 4 failed) 656ms
   × world: stationary blocked ghost must refresh after actual public Undo removes completed template 162ms
   × oblique: stationary blocked ghost must refresh after actual public Undo removes completed template 75ms
   × world: stationary clear ghost must refresh after actual public Redo restores same template reservation 71ms
   × oblique: stationary clear ghost must refresh after actual public Redo restores same template reservation 61ms

⎯⎯⎯⎯⎯⎯⎯ Failed Tests 4 ⎯⎯⎯⎯⎯⎯⎯

 FAIL  tests/unit/ui-template-history-verdict.test.ts > world: stationary blocked ghost must refresh after actual public Undo removes completed template
 FAIL  tests/unit/ui-template-history-verdict.test.ts > oblique: stationary blocked ghost must refresh after actual public Undo removes completed template
AssertionError: real current worker is clear after Undo, but cached ghost remains blocked; prior queries 4 current 5: expected 'blocked' to be 'clear' // Object.is equality

Expected: "clear"
Received: "blocked"

 ❯ tests/unit/ui-template-history-verdict.test.ts:207:165


⎯⎯⎯⎯⎯⎯⎯⎯⎯⎯⎯⎯⎯⎯⎯⎯⎯⎯⎯⎯⎯⎯⎯⎯[1/4]⎯

 FAIL  tests/unit/ui-template-history-verdict.test.ts > world: stationary clear ghost must refresh after actual public Redo restores same template reservation
 FAIL  tests/unit/ui-template-history-verdict.test.ts > oblique: stationary clear ghost must refresh after actual public Redo restores same template reservation
AssertionError: actual Redo reservation blocks this plan; stationary ghost must not still advertise clear: expected 'clear' to be 'blocked' // Object.is equality

Expected: "blocked"
Received: "clear"

 ❯ tests/unit/ui-template-history-verdict.test.ts:240:131


⎯⎯⎯⎯⎯⎯⎯⎯⎯⎯⎯⎯⎯⎯⎯⎯⎯⎯⎯⎯⎯⎯⎯⎯[2/4]⎯


 Test Files  1 failed (1)
      Tests  4 failed | 4 passed (8)
   Start at  07:59:59
   Duration  4.81s (transform 1.63s, setup 0ms, import 3.99s, tests 656ms, environment 0ms)

