
 RUN  v4.1.11 C:/Users/matma/Documents/Rozwój gier/lockstate-canteen-material-inputs-20261004

 × tests/unit/oblique-library-bookshelf-modern-consumer.test.ts > selects genuine saved modern Classroom bookshelf q0 over its whole unchanged paid footprint 10ms
   → expected 'assets/source/blender/furniture.libra…' to be 'assets/source/blender/furniture.libra…' // Object.is equality
 × tests/unit/oblique-library-bookshelf-modern-consumer.test.ts > selects genuine saved modern Classroom bookshelf q1 over its whole unchanged paid footprint 3ms
   → expected 'assets/source/blender/furniture.libra…' to be 'assets/source/blender/furniture.libra…' // Object.is equality
node :
At line:19 char:1
+ node node_modules/vitest/vitest.mjs run tests/unit/oblique-library-bo ...
+ ~~~~~~~~~~~~~~~~~~~~~~~~~~~~~~~~~~~~~~~~~~~~~~~~~~~~~~~~~~~~~~~~~~~~~
    + CategoryInfo          : NotSpecified: (:String) [], RemoteException
    + FullyQualifiedErrorId : NativeCommandError

⎯⎯⎯⎯⎯⎯⎯ Failed Tests 2 ⎯⎯⎯⎯⎯⎯⎯

 FAIL  tests/unit/oblique-library-bookshelf-modern-consumer.test.ts > selects genuine saved modern Classroom bookshelf
q0 over its whole unchanged paid footprint
 FAIL  tests/unit/oblique-library-bookshelf-modern-consumer.test.ts > selects genuine saved modern Classroom bookshelf
q1 over its whole unchanged paid footprint
AssertionError: expected 'assets/source/blender/furniture.libra…' to be 'assets/source/blender/furniture.libra…' // Obj
ect.is equality

Expected: "assets/source/blender/furniture.library.bookshelf.soft-light.blend"
Received: "assets/source/blender/furniture.library.bookshelf.angled-detail.blend"

 ❯ tests/unit/oblique-library-bookshelf-modern-consumer.test.ts:41:26
     39|   expect(registry.entries.filter(row=>row.assetId===solid.assetId)).to…
     40|   const catalog=parseObliqueModuleCatalog(JSON.parse(readFileSync(new …
     41|   expect(catalog.source).toBe('assets/source/blender/furniture.library…
       |                          ^
     42|   expect(catalog.sourceSha256).toBe('aff857256da9b5895e3acd8a5fabe387e…
     43|   const selected=selectObliqueModuleFrame(catalog,{yawRadians:solid.as…

⎯⎯⎯⎯⎯⎯⎯⎯⎯⎯⎯⎯⎯⎯⎯⎯⎯⎯⎯⎯⎯⎯⎯⎯[1/2]⎯


 Test Files  1 failed (1)
      Tests  2 failed (2)
   Start at  03:11:02
   Duration  1.04s (transform 377ms, setup 0ms, import 856ms, tests 13ms, environment 0ms)
