
 RUN  v4.1.11 C:/Users/matma/Documents/Rozwój gier/lockstate-canteen-material-inputs-20261004

 ✓ tests/unit/library-bookshelf-retained-cycles-source.test.ts > retains complete Bookshelf physical source and every authored shader input 5ms
 ✓ tests/unit/library-bookshelf-retained-cycles-source.test.ts > uses only this saved source bounded CPU128 profile after genuine noisy64 evidence 2ms
 ↓ tests/determinism/art-pipeline-determinism.test.ts > Blender-to-atlas pipeline determinism > produces byte-identical artefacts from two independent runs
 ✓ tests/determinism/art-pipeline-determinism.test.ts > Blender-to-atlas pipeline determinism > pins a concrete Blender version and asserts it in every Blender entry point 10ms
 ✓ tests/determinism/art-pipeline-determinism.test.ts > Blender-to-atlas pipeline determinism > never builds geometry through an order-unstable primitive operator 12ms
 ✓ tests/determinism/art-pipeline-determinism.test.ts > Blender-to-atlas pipeline determinism > disables dither and pins every byte-visible image setting 0ms
 ✓ tests/determinism/art-pipeline-determinism.test.ts > Blender-to-atlas pipeline determinism > writes every generated text file with LF endings on all platforms 8ms
 ✓ tests/unit/oblique-module-registry.test.ts > uses fallback when registry fetch fails 2ms
 ✓ tests/unit/oblique-module-registry.test.ts > rejects duplicate asset ids in the registry contract 1ms
 ✓ tests/unit/oblique-module-registry.test.ts > applies each concurrent caller fallback when the shared request fails 0ms
 ✓ tests/unit/oblique-module-registry.test.ts > retries after a shared failure and does not mutate the fallback map 0ms
 ✓ tests/unit/oblique-object-mapping.test.ts > medical oblique object mapping > maps object.medical-bed to registered asset 1ms
 ✓ tests/unit/oblique-object-mapping.test.ts > medical oblique object mapping > maps object.medicine-cabinet to registered asset 0ms
 ✓ tests/unit/oblique-object-mapping.test.ts > medical oblique object mapping > maps object.security-console to registered asset 0ms
 ✓ tests/unit/oblique-object-mapping.test.ts > medical oblique object mapping > maps object.loading-dock-door to registered asset 1ms
 ✓ tests/unit/oblique-object-mapping.test.ts > medical oblique object mapping > maps object.utility-panel to registered asset 0ms
 ✓ tests/unit/oblique-object-mapping.test.ts > medical oblique object mapping > maps object.bookshelf to registered asset 0ms
 ✓ tests/unit/oblique-object-mapping.test.ts > medical oblique object mapping > maps object.prep-counter to registered asset 0ms
 ✓ tests/unit/oblique-object-mapping.test.ts > medical oblique object mapping > maps object.waste-bin to registered asset 0ms
 ✓ tests/unit/oblique-object-mapping.test.ts > medical oblique object mapping > maps object.desk to registered asset 0ms
 ✓ tests/unit/oblique-object-mapping.test.ts > medical oblique object mapping > maps object.sink to registered asset 0ms
 ✓ tests/unit/oblique-object-mapping.test.ts > medical oblique object mapping > resolves mapped catalogs and fails closed for unknown ids 0ms
 ✓ tests/unit/oblique-object-mapping.test.ts > fails closed when the mapped asset is absent from the registry 0ms
 ✓ tests/unit/oblique-object-mapping.test.ts > registry contains both medical mapped assets 1ms
 ✓ tests/unit/oblique-object-mapping.test.ts > oblique canonical aliases > resolves wall.interior.module 0ms
 ✓ tests/unit/oblique-object-mapping.test.ts > oblique canonical aliases > resolves wall.interior.module 0ms
 ✓ tests/unit/oblique-object-mapping.test.ts > oblique canonical aliases > resolves wall.interior.module 0ms
 ✓ tests/unit/oblique-object-mapping.test.ts > oblique canonical aliases > resolves wall.interior.module 0ms
 ✓ tests/unit/oblique-object-mapping.test.ts > oblique canonical aliases > resolves door.interior 0ms
 ✓ tests/unit/oblique-object-mapping.test.ts > oblique canonical aliases > resolves door.interior 0ms
 ✓ tests/unit/oblique-object-mapping.test.ts > oblique canonical aliases > resolves door.interior 0ms
 ✓ tests/unit/oblique-object-mapping.test.ts > oblique canonical aliases > resolves door.interior 0ms
 ✓ tests/unit/oblique-object-mapping.test.ts > oblique canonical aliases > fails closed for unknown ids 0ms
 ✓ tests/unit/oblique-library-bookshelf-integrity.test.ts > exports the library bookshelf around its authoritative two-tile footprint with verified source and frame bytes 11ms
 ✓ tests/unit/room-template-build-plan.test.ts > one deterministic room template build plan > keeps cell-basic wall orders on the exact preview squares 2ms
 ✓ tests/unit/room-template-build-plan.test.ts > one deterministic room template build plan > keeps cell-large wall orders on the exact preview squares 0ms
 ✓ tests/unit/room-template-build-plan.test.ts > one deterministic room template build plan > keeps shower-room wall orders on the exact preview squares 0ms
 ✓ tests/unit/room-template-build-plan.test.ts > one deterministic room template build plan > orders every square wall, one north-facing door and the furniture after the shell 1ms
 ✓ tests/unit/room-template-build-plan.test.ts > one deterministic room template build plan > keeps mirrored geometry and identity stable for a queued command restored later 0ms
 ✓ tests/unit/canteen-bench-retained-cycles-production.test.ts > preserves all46 authored bench parts/nine full graphs/14 triangle contacts and the whole 2x1 bench using actual saved soft shaders 140ms
 ✓ tests/unit/canteen-dining-table-retained-cycles-production.test.ts > preserves all65 authored parts/ten full graphs/six triangle contacts and the whole 3x2 table using actual saved soft shaders 141ms
 ✓ tests/unit/oblique-library-bookshelf-detail-integrity.test.ts > preserves original library bookshelf geometry/materials/modifiers and publishes actual physical shelf bearing and rear joining hardware 93ms
 ✓ tests/unit/library-bookshelf-retained-cycles-production.test.ts > preserves all63 raw parts and complete nine authored material graphs including the unused fake-user original 12ms
 ✓ tests/unit/library-bookshelf-retained-cycles-production.test.ts > retains every historical72 PNG while actual saved-source72 agrees with two opened samples and four real repeats 183ms
 ✓ tests/unit/library-bookshelf-retained-cycles-production.test.ts > requires real saved-source/material/light/dispatch/decoded-PNG/current-consumer/callback RED and exact restore 21ms
 ✓ tests/unit/oblique-library-bookshelf-modern-consumer.test.ts > selects genuine saved modern Classroom bookshelf q0 over its whole unchanged paid footprint 7ms
 ✓ tests/unit/oblique-library-bookshelf-modern-consumer.test.ts > selects genuine saved modern Classroom bookshelf q1 over its whole unchanged paid footprint 2ms
 ✓ tests/unit/oblique-world-projection.test.ts > oblique projection of an actual simulation snapshot > opens furnishing-blocking near walls in kitchen-basic 10ms
 ✓ tests/unit/oblique-world-projection.test.ts > oblique projection of an actual simulation snapshot > opens furnishing-blocking near walls in laundry-basic 1ms
 ✓ tests/unit/oblique-world-projection.test.ts > oblique projection of an actual simulation snapshot > lowers only the near perimeter wall of a furnished cell as yaw reverses 3ms
 ✓ tests/unit/oblique-world-projection.test.ts > oblique projection of an actual simulation snapshot > cuts a legacy near wall while keeping the adjacent door at full height 1ms
 ✓ tests/unit/oblique-world-projection.test.ts > oblique projection of an actual simulation snapshot > reads loaded ground, distinct wall and door edges, a whole bed, and the actor without duplicating a finished wall 1ms
 ✓ tests/unit/oblique-world-projection.test.ts > oblique projection of an actual simulation snapshot > sorts by view direction when the player turns the camera 1ms
 ✓ tests/unit/canteen-bench-retained-cycles-production.test.ts > preserves every historical72 body, genuine two inspected samples and real72 production with four exact independent repeats 155ms
 ✓ tests/unit/canteen-bench-retained-cycles-production.test.ts > requires genuine production source/dispatch/hash-valid border/old consumer/registry REDs and exact restoration 7ms
 ✓ tests/unit/canteen-dining-table-retained-cycles-production.test.ts > preserves every historical72 body, genuine two inspected samples and real72 production with four exact independent repeats 294ms
 ✓ tests/unit/canteen-dining-table-retained-cycles-production.test.ts > requires genuine production source/dispatch/hash-valid border/old consumer/registry REDs and exact restoration 8ms

 Test Files  12 passed (12)
      Tests  56 passed | 1 skipped (57)
   Start at  03:18:51
   Duration  707ms (transform 473ms, setup 0ms, import 1.72s, tests 1.15s, environment 1ms)
