00:01.156  blend            | Read blend: "C:\Users\matma\Documents\Rozwój gier\lockstate-canteen-material-inputs-20261004\assets\source\blender\furniture.library.bookshelf.soft-light.blend"
Traceback (most recent call last):
  File "C:\Users\matma\Documents\Rozwój gier\lockstate-canteen-material-inputs-20261004\tooling\blender\render-library-bookshelf-cycles.py", line 115, in <module>
    main()
    ~~~~^^
  File "C:\Users\matma\Documents\Rozwój gier\lockstate-canteen-material-inputs-20261004\tooling\blender\render-library-bookshelf-cycles.py", line 75, in main
    scene,camera = configure()
                   ~~~~~~~~~^^
  File "C:\Users\matma\Documents\Rozwój gier\lockstate-canteen-material-inputs-20261004\tooling\blender\render-library-bookshelf-cycles.py", line 37, in configure
    prepare.verify_scene(scene, scene.camera, EXPECTED)
    ~~~~~~~~~~~~~~~~~~~~^^^^^^^^^^^^^^^^^^^^^^^^^^^^^^^
  File "C:\Users\matma\Documents\Rozwój gier\lockstate-canteen-material-inputs-20261004\tooling\blender\prepare-library-bookshelf-cycles.py", line 78, in verify_scene
    contacts.verify_contacts(scene)
    ~~~~~~~~~~~~~~~~~~~~~~~~^^^^^^^
  File "C:\Users\matma\Documents\Rozwój gier\lockstate-canteen-material-inputs-20261004\tooling\blender\bookshelf-retained-contacts.py", line 89, in verify_contacts
    if witness is None: raise ValueError('Bookshelf retained triangle-interior contact absent: ' + part + ' / ' + target)
                        ^^^^^^^^^^^^^^^^^^^^^^^^^^^^^^^^^^^^^^^^^^^^^^^^^^^^^^^^^^^^^^^^^^^^^^^^^^^^^^^^^^^^^^^^^^^^^^^^^
ValueError: Bookshelf retained triangle-interior contact absent: angled-library-bookshelf.shelf end horizontal bearing 0 -0.875 / angled-library-bookshelf.shelf end vertical bearing 0 -0.875

Error: script failed, file: 'C:\Users\matma\Documents\Rozwój gier\lockstate-canteen-material-inputs-20261004\tooling\blender\render-library-bookshelf-cycles.py', exiting.
Blender 5.2.1 LTS (hash 9e2066aef7ef built 2026-08-25 02:38:20)

Blender quit
