00:01.344  blend            | Read blend: "C:\Users\matma\Documents\Rozwój gier\lockstate-canteen-material-inputs-20261004\assets\source\blender\furniture.library.bookshelf.soft-light.blend"
00:06.422  render           | Saved: 'C:\Users\matma\Documents\Rozwój gier\lockstate-canteen-material-inputs-20261004\public\assets\environment\oblique\furniture.library.bookshelf.variants-yaw+00-elev20.render.png'
00:11.422  render           | Saved: 'C:\Users\matma\Documents\Rozwój gier\lockstate-canteen-material-inputs-20261004\public\assets\environment\oblique\furniture.library.bookshelf.variants-yaw+00-elev30.render.png'
00:16.219  render           | Saved: 'C:\Users\matma\Documents\Rozwój gier\lockstate-canteen-material-inputs-20261004\public\assets\environment\oblique\furniture.library.bookshelf.variants-yaw+00-elev40.render.png'
00:20.828  render           | Saved: 'C:\Users\matma\Documents\Rozwój gier\lockstate-canteen-material-inputs-20261004\public\assets\environment\oblique\furniture.library.bookshelf.variants-yaw+00-elev50.render.png'
00:25.375  render           | Saved: 'C:\Users\matma\Documents\Rozwój gier\lockstate-canteen-material-inputs-20261004\public\assets\environment\oblique\furniture.library.bookshelf.variants-yaw+00-elev60.render.png'
00:29.594  render           | Saved: 'C:\Users\matma\Documents\Rozwój gier\lockstate-canteen-material-inputs-20261004\public\assets\environment\oblique\furniture.library.bookshelf.variants-yaw+00-elev70.render.png'
00:35.000  render           | Saved: 'C:\Users\matma\Documents\Rozwój gier\lockstate-canteen-material-inputs-20261004\public\assets\environment\oblique\furniture.library.bookshelf.variants-yaw+30-elev20.render.png'
00:40.344  render           | Saved: 'C:\Users\matma\Documents\Rozwój gier\lockstate-canteen-material-inputs-20261004\public\assets\environment\oblique\furniture.library.bookshelf.variants-yaw+30-elev30.render.png'
00:45.406  render           | Saved: 'C:\Users\matma\Documents\Rozwój gier\lockstate-canteen-material-inputs-20261004\public\assets\environment\oblique\furniture.library.bookshelf.variants-yaw+30-elev40.render.png'
00:50.469  render           | Saved: 'C:\Users\matma\Documents\Rozwój gier\lockstate-canteen-material-inputs-20261004\public\assets\environment\oblique\furniture.library.bookshelf.variants-yaw+30-elev50.render.png'
00:55.250  render           | Saved: 'C:\Users\matma\Documents\Rozwój gier\lockstate-canteen-material-inputs-20261004\public\assets\environment\oblique\furniture.library.bookshelf.variants-yaw+30-elev60.render.png'
00:59.562  render           | Saved: 'C:\Users\matma\Documents\Rozwój gier\lockstate-canteen-material-inputs-20261004\public\assets\environment\oblique\furniture.library.bookshelf.variants-yaw+30-elev70.render.png'
01:04.750  render           | Saved: 'C:\Users\matma\Documents\Rozwój gier\lockstate-canteen-material-inputs-20261004\public\assets\environment\oblique\furniture.library.bookshelf.variants-yaw+60-elev20.render.png'
01:09.781  render           | Saved: 'C:\Users\matma\Documents\Rozwój gier\lockstate-canteen-material-inputs-20261004\public\assets\environment\oblique\furniture.library.bookshelf.variants-yaw+60-elev30.render.png'
01:14.656  render           | Saved: 'C:\Users\matma\Documents\Rozwój gier\lockstate-canteen-material-inputs-20261004\public\assets\environment\oblique\furniture.library.bookshelf.variants-yaw+60-elev40.render.png'
01:19.531  render           | Saved: 'C:\Users\matma\Documents\Rozwój gier\lockstate-canteen-material-inputs-20261004\public\assets\environment\oblique\furniture.library.bookshelf.variants-yaw+60-elev50.render.png'
01:24.031  render           | Saved: 'C:\Users\matma\Documents\Rozwój gier\lockstate-canteen-material-inputs-20261004\public\assets\environment\oblique\furniture.library.bookshelf.variants-yaw+60-elev60.render.png'
01:28.344  render           | Saved: 'C:\Users\matma\Documents\Rozwój gier\lockstate-canteen-material-inputs-20261004\public\assets\environment\oblique\furniture.library.bookshelf.variants-yaw+60-elev70.render.png'
01:32.141  render           | Saved: 'C:\Users\matma\Documents\Rozwój gier\lockstate-canteen-material-inputs-20261004\public\assets\environment\oblique\furniture.library.bookshelf.variants-yaw+90-elev20.render.png'
01:35.953  render           | Saved: 'C:\Users\matma\Documents\Rozwój gier\lockstate-canteen-material-inputs-20261004\public\assets\environment\oblique\furniture.library.bookshelf.variants-yaw+90-elev30.render.png'
01:39.562  render           | Saved: 'C:\Users\matma\Documents\Rozwój gier\lockstate-canteen-material-inputs-20261004\public\assets\environment\oblique\furniture.library.bookshelf.variants-yaw+90-elev40.render.png'
01:43.047  render           | Saved: 'C:\Users\matma\Documents\Rozwój gier\lockstate-canteen-material-inputs-20261004\public\assets\environment\oblique\furniture.library.bookshelf.variants-yaw+90-elev50.render.png'
01:46.578  render           | Saved: 'C:\Users\matma\Documents\Rozwój gier\lockstate-canteen-material-inputs-20261004\public\assets\environment\oblique\furniture.library.bookshelf.variants-yaw+90-elev60.render.png'
01:50.016  render           | Saved: 'C:\Users\matma\Documents\Rozwój gier\lockstate-canteen-material-inputs-20261004\public\assets\environment\oblique\furniture.library.bookshelf.variants-yaw+90-elev70.render.png'
01:54.391  render           | Saved: 'C:\Users\matma\Documents\Rozwój gier\lockstate-canteen-material-inputs-20261004\public\assets\environment\oblique\furniture.library.bookshelf.variants-yaw+120-elev20.render.png'
01:58.734  render           | Saved: 'C:\Users\matma\Documents\Rozwój gier\lockstate-canteen-material-inputs-20261004\public\assets\environment\oblique\furniture.library.bookshelf.variants-yaw+120-elev30.render.png'
02:02.969  render           | Saved: 'C:\Users\matma\Documents\Rozwój gier\lockstate-canteen-material-inputs-20261004\public\assets\environment\oblique\furniture.library.bookshelf.variants-yaw+120-elev40.render.png'
02:07.391  render           | Saved: 'C:\Users\matma\Documents\Rozwój gier\lockstate-canteen-material-inputs-20261004\public\assets\environment\oblique\furniture.library.bookshelf.variants-yaw+120-elev50.render.png'
02:11.375  render           | Saved: 'C:\Users\matma\Documents\Rozwój gier\lockstate-canteen-material-inputs-20261004\public\assets\environment\oblique\furniture.library.bookshelf.variants-yaw+120-elev60.render.png'
02:14.875  render           | Saved: 'C:\Users\matma\Documents\Rozwój gier\lockstate-canteen-material-inputs-20261004\public\assets\environment\oblique\furniture.library.bookshelf.variants-yaw+120-elev70.render.png'
02:19.391  render           | Saved: 'C:\Users\matma\Documents\Rozwój gier\lockstate-canteen-material-inputs-20261004\public\assets\environment\oblique\furniture.library.bookshelf.variants-yaw+150-elev20.render.png'
02:23.641  render           | Saved: 'C:\Users\matma\Documents\Rozwój gier\lockstate-canteen-material-inputs-20261004\public\assets\environment\oblique\furniture.library.bookshelf.variants-yaw+150-elev30.render.png'
02:28.047  render           | Saved: 'C:\Users\matma\Documents\Rozwój gier\lockstate-canteen-material-inputs-20261004\public\assets\environment\oblique\furniture.library.bookshelf.variants-yaw+150-elev40.render.png'
02:32.203  render           | Saved: 'C:\Users\matma\Documents\Rozwój gier\lockstate-canteen-material-inputs-20261004\public\assets\environment\oblique\furniture.library.bookshelf.variants-yaw+150-elev50.render.png'
02:36.109  render           | Saved: 'C:\Users\matma\Documents\Rozwój gier\lockstate-canteen-material-inputs-20261004\public\assets\environment\oblique\furniture.library.bookshelf.variants-yaw+150-elev60.render.png'
02:39.734  render           | Saved: 'C:\Users\matma\Documents\Rozwój gier\lockstate-canteen-material-inputs-20261004\public\assets\environment\oblique\furniture.library.bookshelf.variants-yaw+150-elev70.render.png'
02:44.219  render           | Saved: 'C:\Users\matma\Documents\Rozwój gier\lockstate-canteen-material-inputs-20261004\public\assets\environment\oblique\furniture.library.bookshelf.variants-yaw+180-elev20.render.png'
02:48.812  render           | Saved: 'C:\Users\matma\Documents\Rozwój gier\lockstate-canteen-material-inputs-20261004\public\assets\environment\oblique\furniture.library.bookshelf.variants-yaw+180-elev30.render.png'
02:53.328  render           | Saved: 'C:\Users\matma\Documents\Rozwój gier\lockstate-canteen-material-inputs-20261004\public\assets\environment\oblique\furniture.library.bookshelf.variants-yaw+180-elev40.render.png'
02:57.437  render           | Saved: 'C:\Users\matma\Documents\Rozwój gier\lockstate-canteen-material-inputs-20261004\public\assets\environment\oblique\furniture.library.bookshelf.variants-yaw+180-elev50.render.png'
03:01.297  render           | Saved: 'C:\Users\matma\Documents\Rozwój gier\lockstate-canteen-material-inputs-20261004\public\assets\environment\oblique\furniture.library.bookshelf.variants-yaw+180-elev60.render.png'
03:04.844  render           | Saved: 'C:\Users\matma\Documents\Rozwój gier\lockstate-canteen-material-inputs-20261004\public\assets\environment\oblique\furniture.library.bookshelf.variants-yaw+180-elev70.render.png'
03:08.750  render           | Saved: 'C:\Users\matma\Documents\Rozwój gier\lockstate-canteen-material-inputs-20261004\public\assets\environment\oblique\furniture.library.bookshelf.variants-yaw+210-elev20.render.png'
03:12.344  render           | Saved: 'C:\Users\matma\Documents\Rozwój gier\lockstate-canteen-material-inputs-20261004\public\assets\environment\oblique\furniture.library.bookshelf.variants-yaw+210-elev30.render.png'
03:15.844  render           | Saved: 'C:\Users\matma\Documents\Rozwój gier\lockstate-canteen-material-inputs-20261004\public\assets\environment\oblique\furniture.library.bookshelf.variants-yaw+210-elev40.render.png'
03:19.172  render           | Saved: 'C:\Users\matma\Documents\Rozwój gier\lockstate-canteen-material-inputs-20261004\public\assets\environment\oblique\furniture.library.bookshelf.variants-yaw+210-elev50.render.png'
03:22.328  render           | Saved: 'C:\Users\matma\Documents\Rozwój gier\lockstate-canteen-material-inputs-20261004\public\assets\environment\oblique\furniture.library.bookshelf.variants-yaw+210-elev60.render.png'
03:25.203  render           | Saved: 'C:\Users\matma\Documents\Rozwój gier\lockstate-canteen-material-inputs-20261004\public\assets\environment\oblique\furniture.library.bookshelf.variants-yaw+210-elev70.render.png'
03:28.484  render           | Saved: 'C:\Users\matma\Documents\Rozwój gier\lockstate-canteen-material-inputs-20261004\public\assets\environment\oblique\furniture.library.bookshelf.variants-yaw+240-elev20.render.png'
03:31.812  render           | Saved: 'C:\Users\matma\Documents\Rozwój gier\lockstate-canteen-material-inputs-20261004\public\assets\environment\oblique\furniture.library.bookshelf.variants-yaw+240-elev30.render.png'
03:35.000  render           | Saved: 'C:\Users\matma\Documents\Rozwój gier\lockstate-canteen-material-inputs-20261004\public\assets\environment\oblique\furniture.library.bookshelf.variants-yaw+240-elev40.render.png'
03:38.094  render           | Saved: 'C:\Users\matma\Documents\Rozwój gier\lockstate-canteen-material-inputs-20261004\public\assets\environment\oblique\furniture.library.bookshelf.variants-yaw+240-elev50.render.png'
03:41.016  render           | Saved: 'C:\Users\matma\Documents\Rozwój gier\lockstate-canteen-material-inputs-20261004\public\assets\environment\oblique\furniture.library.bookshelf.variants-yaw+240-elev60.render.png'
03:43.781  render           | Saved: 'C:\Users\matma\Documents\Rozwój gier\lockstate-canteen-material-inputs-20261004\public\assets\environment\oblique\furniture.library.bookshelf.variants-yaw+240-elev70.render.png'
03:46.375  render           | Saved: 'C:\Users\matma\Documents\Rozwój gier\lockstate-canteen-material-inputs-20261004\public\assets\environment\oblique\furniture.library.bookshelf.variants-yaw+270-elev20.render.png'
03:49.078  render           | Saved: 'C:\Users\matma\Documents\Rozwój gier\lockstate-canteen-material-inputs-20261004\public\assets\environment\oblique\furniture.library.bookshelf.variants-yaw+270-elev30.render.png'
03:51.828  render           | Saved: 'C:\Users\matma\Documents\Rozwój gier\lockstate-canteen-material-inputs-20261004\public\assets\environment\oblique\furniture.library.bookshelf.variants-yaw+270-elev40.render.png'
03:54.516  render           | Saved: 'C:\Users\matma\Documents\Rozwój gier\lockstate-canteen-material-inputs-20261004\public\assets\environment\oblique\furniture.library.bookshelf.variants-yaw+270-elev50.render.png'
03:57.234  render           | Saved: 'C:\Users\matma\Documents\Rozwój gier\lockstate-canteen-material-inputs-20261004\public\assets\environment\oblique\furniture.library.bookshelf.variants-yaw+270-elev60.render.png'
03:59.844  render           | Saved: 'C:\Users\matma\Documents\Rozwój gier\lockstate-canteen-material-inputs-20261004\public\assets\environment\oblique\furniture.library.bookshelf.variants-yaw+270-elev70.render.png'
04:03.453  render           | Saved: 'C:\Users\matma\Documents\Rozwój gier\lockstate-canteen-material-inputs-20261004\public\assets\environment\oblique\furniture.library.bookshelf.variants-yaw+300-elev20.render.png'
04:07.078  render           | Saved: 'C:\Users\matma\Documents\Rozwój gier\lockstate-canteen-material-inputs-20261004\public\assets\environment\oblique\furniture.library.bookshelf.variants-yaw+300-elev30.render.png'
04:10.750  render           | Saved: 'C:\Users\matma\Documents\Rozwój gier\lockstate-canteen-material-inputs-20261004\public\assets\environment\oblique\furniture.library.bookshelf.variants-yaw+300-elev40.render.png'
04:14.203  render           | Saved: 'C:\Users\matma\Documents\Rozwój gier\lockstate-canteen-material-inputs-20261004\public\assets\environment\oblique\furniture.library.bookshelf.variants-yaw+300-elev50.render.png'
04:17.516  render           | Saved: 'C:\Users\matma\Documents\Rozwój gier\lockstate-canteen-material-inputs-20261004\public\assets\environment\oblique\furniture.library.bookshelf.variants-yaw+300-elev60.render.png'
04:20.547  render           | Saved: 'C:\Users\matma\Documents\Rozwój gier\lockstate-canteen-material-inputs-20261004\public\assets\environment\oblique\furniture.library.bookshelf.variants-yaw+300-elev70.render.png'
04:24.719  render           | Saved: 'C:\Users\matma\Documents\Rozwój gier\lockstate-canteen-material-inputs-20261004\public\assets\environment\oblique\furniture.library.bookshelf.variants-yaw+330-elev20.render.png'
04:28.781  render           | Saved: 'C:\Users\matma\Documents\Rozwój gier\lockstate-canteen-material-inputs-20261004\public\assets\environment\oblique\furniture.library.bookshelf.variants-yaw+330-elev30.render.png'
04:32.750  render           | Saved: 'C:\Users\matma\Documents\Rozwój gier\lockstate-canteen-material-inputs-20261004\public\assets\environment\oblique\furniture.library.bookshelf.variants-yaw+330-elev40.render.png'
04:36.500  render           | Saved: 'C:\Users\matma\Documents\Rozwój gier\lockstate-canteen-material-inputs-20261004\public\assets\environment\oblique\furniture.library.bookshelf.variants-yaw+330-elev50.render.png'
04:40.062  render           | Saved: 'C:\Users\matma\Documents\Rozwój gier\lockstate-canteen-material-inputs-20261004\public\assets\environment\oblique\furniture.library.bookshelf.variants-yaw+330-elev60.render.png'
04:43.266  render           | Saved: 'C:\Users\matma\Documents\Rozwój gier\lockstate-canteen-material-inputs-20261004\public\assets\environment\oblique\furniture.library.bookshelf.variants-yaw+330-elev70.render.png'
rendered 72 verified poses: C:\Users\matma\Documents\Rozwój gier\lockstate-canteen-material-inputs-20261004\public\game-content\oblique-furniture.library-bookshelf.v1.json
LIBRARY_BOOKSHELF_CYCLES_EXPORT72_DECODED_GREEN
Blender 5.2.1 LTS (hash 9e2066aef7ef built 2026-08-25 02:38:20)

Blender quit
