
 RUN  v4.1.11 C:/Users/matma/Documents/Rozwój gier/lockstate-canteen-material-inputs-20261004

 × tests/unit/oblique-library-bookshelf-modern-consumer.test.ts > selects genuine saved modern Classroom bookshelf q0 over its whole unchanged paid footprint 14ms
   → expected [] to deeply equal [ { …(2) } ]
 × tests/unit/oblique-library-bookshelf-modern-consumer.test.ts > selects genuine saved modern Classroom bookshelf q1 over its whole unchanged paid footprint 2ms
   → expected [] to deeply equal [ { …(2) } ]

⎯⎯⎯⎯⎯⎯⎯ Failed Tests 2 ⎯⎯⎯⎯⎯⎯⎯

 FAIL  tests/unit/oblique-library-bookshelf-modern-consumer.test.ts > selects genuine saved modern Classroom bookshelf q0 over its whole unchanged paid footprint
 FAIL  tests/unit/oblique-library-bookshelf-modern-consumer.test.ts > selects genuine saved modern Classroom bookshelf q1 over its whole unchanged paid footprint
AssertionError: expected [] to deeply equal [ { …(2) } ]

- Expected
+ Received

- [
-   {
-     "assetId": "furniture.library.bookshelf.variants",
-     "manifest": "/game-content/oblique-furniture.library-bookshelf.v1.json",
-   },
- ]
+ []

 ❯ tests/unit/oblique-library-bookshelf-modern-consumer.test.ts:39:69
     37|     turns===0?128:64,turns===0?64:128,1,camera).footprint);
     38|   const registry=parseObliqueModuleRegistry(JSON.parse(readFileSync(ne…
     39|   expect(registry.entries.filter(row=>row.assetId===solid.assetId)).to…
       |                                                                     ^
     40|   const catalog=parseObliqueModuleCatalog(JSON.parse(readFileSync(new …
     41|   expect(catalog.source).toBe('assets/source/blender/furniture.library…

⎯⎯⎯⎯⎯⎯⎯⎯⎯⎯⎯⎯⎯⎯⎯⎯⎯⎯⎯⎯⎯⎯⎯⎯[1/2]⎯


 Test Files  1 failed (1)
      Tests  2 failed (2)
   Start at  03:17:09
   Duration  646ms (transform 167ms, setup 0ms, import 504ms, tests 17ms, environment 0ms)
