
 RUN  v4.1.11 C:/Users/matma/Documents/Rozwój gier/lockstate-canteen-material-inputs-20261004

 × tests/unit/oblique-library-bookshelf-modern-consumer.test.ts > selects genuine saved modern Classroom bookshelf q0 over its whole unchanged paid footprint 13ms
   → expected 'assets/source/blender/furniture.libra…' to be 'assets/source/blender/furniture.libra…' // Object.is equality
 × tests/unit/oblique-library-bookshelf-modern-consumer.test.ts > selects genuine saved modern Classroom bookshelf q1 over its whole unchanged paid footprint 2ms
   → expected 'assets/source/blender/furniture.libra…' to be 'assets/source/blender/furniture.libra…' // Object.is equality

⎯⎯⎯⎯⎯⎯⎯ Failed Tests 2 ⎯⎯⎯⎯⎯⎯⎯

 FAIL  tests/unit/oblique-library-bookshelf-modern-consumer.test.ts > selects genuine saved modern Classroom bookshelf q0 over its whole unchanged paid footprint
 FAIL  tests/unit/oblique-library-bookshelf-modern-consumer.test.ts > selects genuine saved modern Classroom bookshelf q1 over its whole unchanged paid footprint
AssertionError: expected 'assets/source/blender/furniture.libra…' to be 'assets/source/blender/furniture.libra…' // Object.is equality

Expected: "assets/source/blender/furniture.library.bookshelf.soft-light.blend"
Received: "assets/source/blender/furniture.library.bookshelf.angled-detail.blend"

 ❯ tests/unit/oblique-library-bookshelf-modern-consumer.test.ts:41:26
     39|   expect(registry.entries.filter(row=>row.assetId===solid.assetId)).to…
     40|   const catalog=parseObliqueModuleCatalog(JSON.parse(readFileSync(new …
     41|   expect(catalog.source).toBe('assets/source/blender/furniture.library…
       |                          ^
     42|   expect(catalog.sourceSha256).toBe('aff857256da9b5895e3acd8a5fabe387e…
     43|   const selected=selectObliqueModuleFrame(catalog,{yawRadians:solid.as…

⎯⎯⎯⎯⎯⎯⎯⎯⎯⎯⎯⎯⎯⎯⎯⎯⎯⎯⎯⎯⎯⎯⎯⎯[1/2]⎯


 Test Files  1 failed (1)
      Tests  2 failed (2)
   Start at  03:17:07
   Duration  656ms (transform 175ms, setup 0ms, import 512ms, tests 16ms, environment 0ms)
