
 RUN  v4.1.11 C:/Users/matma/Documents/Rozwój gier/hud-camera-build-gesture-audit-20261003

stdout | tests/unit/world-build-camera-button-release.test.ts > world/wall/canvas: a middle-button release cannot commit the still-held left construction press
ACTUAL_CHORD_RELEASE {"mode":"world","tool":"wall","outside":false,"primaryDown":true,"buttons":1,"commands":[{"type":"PlaceBuildOrder","orderId":"order-14f54590-ab51-4fb8-a629-f135e988142b","definitionId":"wall-brick","x":11,"y":11,"footprint":"square","transactionId":"build-6cfa22b9-1139-45bb-8720-86e2549410c0"}],"roomReports":[]}

stdout | tests/unit/world-build-camera-button-release.test.ts > world/wall/outside: a middle-button release cannot commit the still-held left construction press
ACTUAL_CHORD_RELEASE {"mode":"world","tool":"wall","outside":true,"primaryDown":true,"buttons":1,"commands":[{"type":"PlaceBuildOrder","orderId":"order-b283c287-3b1b-4ddd-b20a-5f40739b62dc","definitionId":"wall-brick","x":11,"y":11,"footprint":"square","transactionId":"build-9bd69a41-09ce-4d78-be53-f17e13528501"}],"roomReports":[]}

stdout | tests/unit/world-build-camera-button-release.test.ts > world/object/canvas: a middle-button release cannot commit the still-held left construction press
ACTUAL_CHORD_RELEASE {"mode":"world","tool":"object","outside":false,"primaryDown":true,"buttons":1,"commands":[{"type":"PlaceObject","orderId":"object-1d80b1e2-bdf1-46a4-a465-f40b4eceabc8","definitionId":"bed-wooden","x":11,"y":11}],"roomReports":[]}

stdout | tests/unit/world-build-camera-button-release.test.ts > world/object/outside: a middle-button release cannot commit the still-held left construction press
ACTUAL_CHORD_RELEASE {"mode":"world","tool":"object","outside":true,"primaryDown":true,"buttons":1,"commands":[{"type":"PlaceObject","orderId":"object-2dc964eb-855e-40ee-b79f-9c541fc19979","definitionId":"bed-wooden","x":11,"y":11}],"roomReports":[]}

stdout | tests/unit/world-build-camera-button-release.test.ts > world/room/canvas: a middle-button release cannot commit the still-held left construction press
ACTUAL_CHORD_RELEASE {"mode":"world","tool":"room","outside":false,"primaryDown":true,"buttons":1,"commands":[],"roomReports":[{"kind":"designate","roomId":"room.yard","area":{"x":11,"y":11,"width":1,"height":1}}]}

stdout | tests/unit/world-build-camera-button-release.test.ts > world/room/outside: a middle-button release cannot commit the still-held left construction press
ACTUAL_CHORD_RELEASE {"mode":"world","tool":"room","outside":true,"primaryDown":true,"buttons":1,"commands":[],"roomReports":[{"kind":"designate","roomId":"room.yard","area":{"x":11,"y":11,"width":1,"height":1}}]}

 ❯ tests/unit/world-build-camera-button-release.test.ts (30 tests | 6 failed) 114ms
   × world/wall/canvas: a middle-button release cannot commit the still-held left construction press 27ms
   × world/wall/outside: a middle-button release cannot commit the still-held left construction press 5ms
   × world/object/canvas: a middle-button release cannot commit the still-held left construction press 4ms
   × world/object/outside: a middle-button release cannot commit the still-held left construction press 3ms
   × world/room/canvas: a middle-button release cannot commit the still-held left construction press 3ms
   × world/room/outside: a middle-button release cannot commit the still-held left construction press 3ms

⎯⎯⎯⎯⎯⎯⎯ Failed Tests 6 ⎯⎯⎯⎯⎯⎯⎯

 FAIL  tests/unit/world-build-camera-button-release.test.ts > world/wall/canvas: a middle-button release cannot commit the still-held left construction press
 FAIL  tests/unit/world-build-camera-button-release.test.ts > world/wall/outside: a middle-button release cannot commit the still-held left construction press
 FAIL  tests/unit/world-build-camera-button-release.test.ts > world/object/canvas: a middle-button release cannot commit the still-held left construction press
 FAIL  tests/unit/world-build-camera-button-release.test.ts > world/object/outside: a middle-button release cannot commit the still-held left construction press
AssertionError: the real main/worker path must stay empty until the primary construction button is released: expected [ { protocolVersion: 1, …(3) } ] to have a length of +0 but got 1

- Expected
+ Received

- 0
+ 1

 ❯ tests/unit/world-build-camera-button-release.test.ts:114:131


⎯⎯⎯⎯⎯⎯⎯⎯⎯⎯⎯⎯⎯⎯⎯⎯⎯⎯⎯⎯⎯⎯⎯⎯[1/6]⎯

 FAIL  tests/unit/world-build-camera-button-release.test.ts > world/room/canvas: a middle-button release cannot commit the still-held left construction press
 FAIL  tests/unit/world-build-camera-button-release.test.ts > world/room/outside: a middle-button release cannot commit the still-held left construction press
AssertionError: room completion must wait for its primary release before the HUD offers explicit confirmation: expected [ { kind: 'designate', …(2) } ] to have a length of +0 but got 1

- Expected
+ Received

- 0
+ 1

 ❯ tests/unit/world-build-camera-button-release.test.ts:113:126


⎯⎯⎯⎯⎯⎯⎯⎯⎯⎯⎯⎯⎯⎯⎯⎯⎯⎯⎯⎯⎯⎯⎯⎯[2/6]⎯


 Test Files  1 failed (1)
      Tests  6 failed | 24 passed (30)
   Start at  05:43:03
   Duration  3.99s (transform 1.32s, setup 0ms, import 3.74s, tests 114ms, environment 0ms)

