
 RUN  v4.1.11 C:/Users/matma/Documents/Rozwój gier/hud-camera-build-gesture-audit-20261003

stdout | tests/unit/world-build-camera-button-release.test.ts > world/wall/canvas: a middle-button release cannot commit the still-held left construction press
ACTUAL_CHORD_RELEASE {"mode":"world","tool":"wall","outside":false,"primaryDown":true,"buttons":1,"commands":[{"type":"PlaceBuildOrder","orderId":"order-ca734905-967f-4d08-b059-798b24871284","definitionId":"wall-brick","x":11,"y":11,"footprint":"square","transactionId":"build-41511222-80c6-400f-bbfc-cc7a8181fd49"}],"roomReports":[]}

stdout | tests/unit/world-build-camera-button-release.test.ts > world/wall/outside: a middle-button release cannot commit the still-held left construction press
ACTUAL_CHORD_RELEASE {"mode":"world","tool":"wall","outside":true,"primaryDown":true,"buttons":1,"commands":[{"type":"PlaceBuildOrder","orderId":"order-cdc5b0c7-252d-4f8d-a4a7-b18be85d5170","definitionId":"wall-brick","x":11,"y":11,"footprint":"square","transactionId":"build-1a56cd21-f748-4426-92fc-94f2e278c824"}],"roomReports":[]}

stdout | tests/unit/world-build-camera-button-release.test.ts > world/object/canvas: a middle-button release cannot commit the still-held left construction press
ACTUAL_CHORD_RELEASE {"mode":"world","tool":"object","outside":false,"primaryDown":true,"buttons":1,"commands":[{"type":"PlaceObject","orderId":"object-c93c60a3-8919-43dc-983c-c88bab867518","definitionId":"bed-wooden","x":11,"y":11}],"roomReports":[]}

stdout | tests/unit/world-build-camera-button-release.test.ts > world/object/outside: a middle-button release cannot commit the still-held left construction press
ACTUAL_CHORD_RELEASE {"mode":"world","tool":"object","outside":true,"primaryDown":true,"buttons":1,"commands":[{"type":"PlaceObject","orderId":"object-066e801d-6904-4680-a2bc-a5e62db4c7ba","definitionId":"bed-wooden","x":11,"y":11}],"roomReports":[]}

stdout | tests/unit/world-build-camera-button-release.test.ts > world/room/canvas: a middle-button release cannot commit the still-held left construction press
ACTUAL_CHORD_RELEASE {"mode":"world","tool":"room","outside":false,"primaryDown":true,"buttons":1,"commands":[],"roomReports":[{"kind":"designate","roomId":"room.yard","area":{"x":11,"y":11,"width":1,"height":1}}]}

stdout | tests/unit/world-build-camera-button-release.test.ts > world/room/outside: a middle-button release cannot commit the still-held left construction press
ACTUAL_CHORD_RELEASE {"mode":"world","tool":"room","outside":true,"primaryDown":true,"buttons":1,"commands":[],"roomReports":[{"kind":"designate","roomId":"room.yard","area":{"x":11,"y":11,"width":1,"height":1}}]}

 ❯ tests/unit/world-build-camera-button-release.test.ts (30 tests | 6 failed) 97ms
   × world/wall/canvas: a middle-button release cannot commit the still-held left construction press 27ms
   × world/wall/outside: a middle-button release cannot commit the still-held left construction press 4ms
   × world/object/canvas: a middle-button release cannot commit the still-held left construction press 4ms
   × world/object/outside: a middle-button release cannot commit the still-held left construction press 2ms
   × world/room/canvas: a middle-button release cannot commit the still-held left construction press 2ms
   × world/room/outside: a middle-button release cannot commit the still-held left construction press 2ms

⎯⎯⎯⎯⎯⎯⎯ Failed Tests 6 ⎯⎯⎯⎯⎯⎯⎯

 FAIL  tests/unit/world-build-camera-button-release.test.ts > world/wall/canvas: a middle-button release cannot commit the still-held left construction press
 FAIL  tests/unit/world-build-camera-button-release.test.ts > world/wall/outside: a middle-button release cannot commit the still-held left construction press
 FAIL  tests/unit/world-build-camera-button-release.test.ts > world/object/canvas: a middle-button release cannot commit the still-held left construction press
 FAIL  tests/unit/world-build-camera-button-release.test.ts > world/object/outside: a middle-button release cannot commit the still-held left construction press
AssertionError: the real main/worker path must stay empty until the primary construction button is released: expected [ { protocolVersion: 1, …(3) } ] to have a length of +0 but got 1

- Expected
+ Received

- 0
+ 1

 ❯ tests/unit/world-build-camera-button-release.test.ts:114:131


⎯⎯⎯⎯⎯⎯⎯⎯⎯⎯⎯⎯⎯⎯⎯⎯⎯⎯⎯⎯⎯⎯⎯⎯[1/6]⎯

 FAIL  tests/unit/world-build-camera-button-release.test.ts > world/room/canvas: a middle-button release cannot commit the still-held left construction press
 FAIL  tests/unit/world-build-camera-button-release.test.ts > world/room/outside: a middle-button release cannot commit the still-held left construction press
AssertionError: room completion must wait for its primary release before the HUD offers explicit confirmation: expected [ { kind: 'designate', …(2) } ] to have a length of +0 but got 1

- Expected
+ Received

- 0
+ 1

 ❯ tests/unit/world-build-camera-button-release.test.ts:113:126


⎯⎯⎯⎯⎯⎯⎯⎯⎯⎯⎯⎯⎯⎯⎯⎯⎯⎯⎯⎯⎯⎯⎯⎯[2/6]⎯


 Test Files  1 failed (1)
      Tests  6 failed | 24 passed (30)
   Start at  05:43:12
   Duration  3.63s (transform 1.32s, setup 0ms, import 3.39s, tests 97ms, environment 0ms)

