pnpm : $ node --experimental-transform-types --disable-warning=ExperimentalWarning tests/browser/run-suite.ts --suite a
rtifact "--config" "tests/browser/.local-integrated-layout.config.ts" "--workers=1" "--output=C:/Users/matma/Documents/
Rozwój gier/hud-angle-panel-review-runtime/wall-native-footprint-confirmed"
At line:2 char:300
+ ... ORT='5402'; pnpm test:artifact --config tests/browser/.local-integrat ...
+                 ~~~~~~~~~~~~~~~~~~~~~~~~~~~~~~~~~~~~~~~~~~~~~~~~~~~~~~~~~
    + CategoryInfo          : NotSpecified: ($ node --experi...rint-confirmed":String) [], RemoteException
    + FullyQualifiedErrorId : NativeCommandError
 
[2m[WebServer] [22m(node:64200) Warning: The 'NO_COLOR' env is ignored due to the 'FORCE_COLOR' env being set.
[2m[WebServer] [22m(Use `node --trace-warnings ...` to show where the warning was created)
[2m[WebServer] [22m[33m▲ [43;33m[[43;30mWARNING[43;33m][0m [1mProcessing dist\lockstate_development\wrangler.js
on configuration:[0m
[2m[WebServer] [22m
[2m[WebServer] [22m    - No environment found in configuration with name "production".
[2m[WebServer] [22m      Before using `--env=production` there should be an equivalent environment section in the con
figuration.
[2m[WebServer] [22m  
[2m[WebServer] [22m      Consider adding an environment configuration section to the wrangler.json file:
[2m[WebServer] [22m      ```
[2m[WebServer] [22m      [env.production]
[2m[WebServer] [22m      ```
[2m[WebServer] [22m  
[2m[WebServer] [22m
[2m[WebServer] [22m

Running 3 tests using 1 worker

(node:29064) Warning: The 'NO_COLOR' env is ignored due to the 'FORCE_COLOR' env being set.
(Use `node --trace-warnings ...` to show where the warning was created)
(node:29064) Warning: The 'NO_COLOR' env is ignored due to the 'FORCE_COLOR' env being set.
(Use `node --trace-warnings ...` to show where the warning was created)
  x  1 tests\browser\oblique-square-wall-native-footprint.spec.ts:168:27 › native completed Brick wall occupies its chosen whole square at -45/45 (19.6s)
(node:32416) Warning: The 'NO_COLOR' env is ignored due to the 'FORCE_COLOR' env being set.
(Use `node --trace-warnings ...` to show where the warning was created)
(node:32416) Warning: The 'NO_COLOR' env is ignored due to the 'FORCE_COLOR' env being set.
(Use `node --trace-warnings ...` to show where the warning was created)
  x  2 tests\browser\oblique-square-wall-native-footprint.spec.ts:168:27 › native completed Brick wall occupies its chosen whole square at 45/65 (22.6s)
(node:64492) Warning: The 'NO_COLOR' env is ignored due to the 'FORCE_COLOR' env being set.
(Use `node --trace-warnings ...` to show where the warning was created)
(node:64492) Warning: The 'NO_COLOR' env is ignored due to the 'FORCE_COLOR' env being set.
(Use `node --trace-warnings ...` to show where the warning was created)
  x  3 tests\browser\oblique-square-wall-native-footprint.spec.ts:168:27 › native completed Brick wall occupies its chosen whole square at 45/80 (23.8s)


  1) tests\browser\oblique-square-wall-native-footprint.spec.ts:168:27 › native completed Brick wall occupies its chosen whole square at -45/45 

    Error: visible masonry must fit the horizontal span of its occupied1×1 square; height and shadows cannot justify sideways spill

    [2mexpect([22m[31mreceived[39m[2m).[22mtoBeLessThanOrEqual[2m([22m[32mexpected[39m[2m)[22m

    Expected: <= [32m20[39m
    Received:    [31m7931[39m

      166 |   expect((await sentCommands(page)).filter(c=>c.type==='PlaceBuildOrder')).toHaveLength(1);
      167 |   expect(measured.masonryInside,'actual wall material must be visible in the occupied volume').toBeGreaterThan(200);
    > 168 |   expect(measured.masonryOutsideGroundSpan,'visible masonry must fit the horizontal span of its occupied1×1 square; height and shadows cannot justify sideways spill').toBeLessThanOrEqual(20);
          |                                                                                                                                                                        ^
      169 | });
      170 |
        at C:\Users\matma\Documents\Rozwój gier\hud-angle-wall-cutaway-audit-20261002\tests\browser\oblique-square-wall-native-footprint.spec.ts:168:168

    Error Context: ..\hud-angle-panel-review-runtime\wall-native-footprint-confirmed\oblique-square-wall-native-67b95-osen-whole-square-at--45-45\error-context.md

  2) tests\browser\oblique-square-wall-native-footprint.spec.ts:168:27 › native completed Brick wall occupies its chosen whole square at 45/65 

    Error: visible masonry must fit the horizontal span of its occupied1×1 square; height and shadows cannot justify sideways spill

    [2mexpect([22m[31mreceived[39m[2m).[22mtoBeLessThanOrEqual[2m([22m[32mexpected[39m[2m)[22m

    Expected: <= [32m20[39m
    Received:    [31m1042[39m

      166 |   expect((await sentCommands(page)).filter(c=>c.type==='PlaceBuildOrder')).toHaveLength(1);
      167 |   expect(measured.masonryInside,'actual wall material must be visible in the occupied volume').toBeGreaterThan(200);
    > 168 |   expect(measured.masonryOutsideGroundSpan,'visible masonry must fit the horizontal span of its occupied1×1 square; height and shadows cannot justify sideways spill').toBeLessThanOrEqual(20);
          |                                                                                                                                                                        ^
      169 | });
      170 |
        at C:\Users\matma\Documents\Rozwój gier\hud-angle-wall-cutaway-audit-20261002\tests\browser\oblique-square-wall-native-footprint.spec.ts:168:168

    Error Context: ..\hud-angle-panel-review-runtime\wall-native-footprint-confirmed\oblique-square-wall-native-ef29b-hosen-whole-square-at-45-65\error-context.md

  3) tests\browser\oblique-square-wall-native-footprint.spec.ts:168:27 › native completed Brick wall occupies its chosen whole square at 45/80 

    Error: visible masonry must fit the horizontal span of its occupied1×1 square; height and shadows cannot justify sideways spill

    [2mexpect([22m[31mreceived[39m[2m).[22mtoBeLessThanOrEqual[2m([22m[32mexpected[39m[2m)[22m

    Expected: <= [32m20[39m
    Received:    [31m1041[39m

      166 |   expect((await sentCommands(page)).filter(c=>c.type==='PlaceBuildOrder')).toHaveLength(1);
      167 |   expect(measured.masonryInside,'actual wall material must be visible in the occupied volume').toBeGreaterThan(200);
    > 168 |   expect(measured.masonryOutsideGroundSpan,'visible masonry must fit the horizontal span of its occupied1×1 square; height and shadows cannot justify sideways spill').toBeLessThanOrEqual(20);
          |                                                                                                                                                                        ^
      169 | });
      170 |
        at C:\Users\matma\Documents\Rozwój gier\hud-angle-wall-cutaway-audit-20261002\tests\browser\oblique-square-wall-native-footprint.spec.ts:168:168

    Error Context: ..\hud-angle-panel-review-runtime\wall-native-footprint-confirmed\oblique-square-wall-native-0549d-hosen-whole-square-at-45-80\error-context.md

  3 failed
    tests\browser\oblique-square-wall-native-footprint.spec.ts:168:27 › native completed Brick wall occupies its chosen whole square at -45/45 
    tests\browser\oblique-square-wall-native-footprint.spec.ts:168:27 › native completed Brick wall occupies its chosen whole square at 45/65 
    tests\browser\oblique-square-wall-native-footprint.spec.ts:168:27 › native completed Brick wall occupies its chosen whole square at 45/80 

==============================================================================
LOCKSTATE_BROWSER_SUITE_NO_RETRY suite=artifact reason=no-last-run-file
Playwright left no readable test-results/.last-run.json, so the run failed before it
could record which tests failed. That is not net::ERR_NETWORK_CHANGED; not retrying.
==============================================================================

[ELIFECYCLE] Command failed with exit code 1.
