00:01.125  blend            | Read blend: "C:\Users\matma\Documents\Rozwój gier\lockstate-cell-cot-retained-cycles-production-20261003\assets\source\blender\furniture.cell.cot.single.soft-light.blend"
00:01.781  render           | Saved: 'C:\Users\matma\Documents\Rozwój gier\lockstate-cell-cot-retained-cycles-production-20261003\public\assets\environment\oblique\cell-cot-yaw+00-elev20.render.png'
00:02.437  render           | Saved: 'C:\Users\matma\Documents\Rozwój gier\lockstate-cell-cot-retained-cycles-production-20261003\public\assets\environment\oblique\cell-cot-yaw+00-elev30.render.png'
00:03.109  render           | Saved: 'C:\Users\matma\Documents\Rozwój gier\lockstate-cell-cot-retained-cycles-production-20261003\public\assets\environment\oblique\cell-cot-yaw+00-elev40.render.png'
00:03.859  render           | Saved: 'C:\Users\matma\Documents\Rozwój gier\lockstate-cell-cot-retained-cycles-production-20261003\public\assets\environment\oblique\cell-cot-yaw+00-elev50.render.png'
00:04.641  render           | Saved: 'C:\Users\matma\Documents\Rozwój gier\lockstate-cell-cot-retained-cycles-production-20261003\public\assets\environment\oblique\cell-cot-yaw+00-elev60.render.png'
00:05.437  render           | Saved: 'C:\Users\matma\Documents\Rozwój gier\lockstate-cell-cot-retained-cycles-production-20261003\public\assets\environment\oblique\cell-cot-yaw+00-elev70.render.png'
00:06.141  render           | Saved: 'C:\Users\matma\Documents\Rozwój gier\lockstate-cell-cot-retained-cycles-production-20261003\public\assets\environment\oblique\cell-cot-yaw+30-elev20.render.png'
00:06.844  render           | Saved: 'C:\Users\matma\Documents\Rozwój gier\lockstate-cell-cot-retained-cycles-production-20261003\public\assets\environment\oblique\cell-cot-yaw+30-elev30.render.png'
00:07.609  render           | Saved: 'C:\Users\matma\Documents\Rozwój gier\lockstate-cell-cot-retained-cycles-production-20261003\public\assets\environment\oblique\cell-cot-yaw+30-elev40.render.png'
00:08.437  render           | Saved: 'C:\Users\matma\Documents\Rozwój gier\lockstate-cell-cot-retained-cycles-production-20261003\public\assets\environment\oblique\cell-cot-yaw+30-elev50.render.png'
00:09.281  render           | Saved: 'C:\Users\matma\Documents\Rozwój gier\lockstate-cell-cot-retained-cycles-production-20261003\public\assets\environment\oblique\cell-cot-yaw+30-elev60.render.png'
00:10.172  render           | Saved: 'C:\Users\matma\Documents\Rozwój gier\lockstate-cell-cot-retained-cycles-production-20261003\public\assets\environment\oblique\cell-cot-yaw+30-elev70.render.png'
00:10.937  render           | Saved: 'C:\Users\matma\Documents\Rozwój gier\lockstate-cell-cot-retained-cycles-production-20261003\public\assets\environment\oblique\cell-cot-yaw+60-elev20.render.png'
00:11.687  render           | Saved: 'C:\Users\matma\Documents\Rozwój gier\lockstate-cell-cot-retained-cycles-production-20261003\public\assets\environment\oblique\cell-cot-yaw+60-elev30.render.png'
00:12.453  render           | Saved: 'C:\Users\matma\Documents\Rozwój gier\lockstate-cell-cot-retained-cycles-production-20261003\public\assets\environment\oblique\cell-cot-yaw+60-elev40.render.png'
00:13.250  render           | Saved: 'C:\Users\matma\Documents\Rozwój gier\lockstate-cell-cot-retained-cycles-production-20261003\public\assets\environment\oblique\cell-cot-yaw+60-elev50.render.png'
00:14.078  render           | Saved: 'C:\Users\matma\Documents\Rozwój gier\lockstate-cell-cot-retained-cycles-production-20261003\public\assets\environment\oblique\cell-cot-yaw+60-elev60.render.png'
00:14.922  render           | Saved: 'C:\Users\matma\Documents\Rozwój gier\lockstate-cell-cot-retained-cycles-production-20261003\public\assets\environment\oblique\cell-cot-yaw+60-elev70.render.png'
00:15.641  render           | Saved: 'C:\Users\matma\Documents\Rozwój gier\lockstate-cell-cot-retained-cycles-production-20261003\public\assets\environment\oblique\cell-cot-yaw+90-elev20.render.png'
00:16.422  render           | Saved: 'C:\Users\matma\Documents\Rozwój gier\lockstate-cell-cot-retained-cycles-production-20261003\public\assets\environment\oblique\cell-cot-yaw+90-elev30.render.png'
00:17.203  render           | Saved: 'C:\Users\matma\Documents\Rozwój gier\lockstate-cell-cot-retained-cycles-production-20261003\public\assets\environment\oblique\cell-cot-yaw+90-elev40.render.png'
00:18.094  render           | Saved: 'C:\Users\matma\Documents\Rozwój gier\lockstate-cell-cot-retained-cycles-production-20261003\public\assets\environment\oblique\cell-cot-yaw+90-elev50.render.png'
00:18.906  render           | Saved: 'C:\Users\matma\Documents\Rozwój gier\lockstate-cell-cot-retained-cycles-production-20261003\public\assets\environment\oblique\cell-cot-yaw+90-elev60.render.png'
00:19.734  render           | Saved: 'C:\Users\matma\Documents\Rozwój gier\lockstate-cell-cot-retained-cycles-production-20261003\public\assets\environment\oblique\cell-cot-yaw+90-elev70.render.png'
00:20.484  render           | Saved: 'C:\Users\matma\Documents\Rozwój gier\lockstate-cell-cot-retained-cycles-production-20261003\public\assets\environment\oblique\cell-cot-yaw+120-elev20.render.png'
00:21.250  render           | Saved: 'C:\Users\matma\Documents\Rozwój gier\lockstate-cell-cot-retained-cycles-production-20261003\public\assets\environment\oblique\cell-cot-yaw+120-elev30.render.png'
00:22.094  render           | Saved: 'C:\Users\matma\Documents\Rozwój gier\lockstate-cell-cot-retained-cycles-production-20261003\public\assets\environment\oblique\cell-cot-yaw+120-elev40.render.png'
00:22.984  render           | Saved: 'C:\Users\matma\Documents\Rozwój gier\lockstate-cell-cot-retained-cycles-production-20261003\public\assets\environment\oblique\cell-cot-yaw+120-elev50.render.png'
00:23.781  render           | Saved: 'C:\Users\matma\Documents\Rozwój gier\lockstate-cell-cot-retained-cycles-production-20261003\public\assets\environment\oblique\cell-cot-yaw+120-elev60.render.png'
00:24.562  render           | Saved: 'C:\Users\matma\Documents\Rozwój gier\lockstate-cell-cot-retained-cycles-production-20261003\public\assets\environment\oblique\cell-cot-yaw+120-elev70.render.png'
00:25.297  render           | Saved: 'C:\Users\matma\Documents\Rozwój gier\lockstate-cell-cot-retained-cycles-production-20261003\public\assets\environment\oblique\cell-cot-yaw+150-elev20.render.png'
00:26.078  render           | Saved: 'C:\Users\matma\Documents\Rozwój gier\lockstate-cell-cot-retained-cycles-production-20261003\public\assets\environment\oblique\cell-cot-yaw+150-elev30.render.png'
00:26.828  render           | Saved: 'C:\Users\matma\Documents\Rozwój gier\lockstate-cell-cot-retained-cycles-production-20261003\public\assets\environment\oblique\cell-cot-yaw+150-elev40.render.png'
00:27.703  render           | Saved: 'C:\Users\matma\Documents\Rozwój gier\lockstate-cell-cot-retained-cycles-production-20261003\public\assets\environment\oblique\cell-cot-yaw+150-elev50.render.png'
00:28.516  render           | Saved: 'C:\Users\matma\Documents\Rozwój gier\lockstate-cell-cot-retained-cycles-production-20261003\public\assets\environment\oblique\cell-cot-yaw+150-elev60.render.png'
00:29.344  render           | Saved: 'C:\Users\matma\Documents\Rozwój gier\lockstate-cell-cot-retained-cycles-production-20261003\public\assets\environment\oblique\cell-cot-yaw+150-elev70.render.png'
00:30.031  render           | Saved: 'C:\Users\matma\Documents\Rozwój gier\lockstate-cell-cot-retained-cycles-production-20261003\public\assets\environment\oblique\cell-cot-yaw+180-elev20.render.png'
00:30.750  render           | Saved: 'C:\Users\matma\Documents\Rozwój gier\lockstate-cell-cot-retained-cycles-production-20261003\public\assets\environment\oblique\cell-cot-yaw+180-elev30.render.png'
00:31.484  render           | Saved: 'C:\Users\matma\Documents\Rozwój gier\lockstate-cell-cot-retained-cycles-production-20261003\public\assets\environment\oblique\cell-cot-yaw+180-elev40.render.png'
00:32.312  render           | Saved: 'C:\Users\matma\Documents\Rozwój gier\lockstate-cell-cot-retained-cycles-production-20261003\public\assets\environment\oblique\cell-cot-yaw+180-elev50.render.png'
00:33.141  render           | Saved: 'C:\Users\matma\Documents\Rozwój gier\lockstate-cell-cot-retained-cycles-production-20261003\public\assets\environment\oblique\cell-cot-yaw+180-elev60.render.png'
00:34.000  render           | Saved: 'C:\Users\matma\Documents\Rozwój gier\lockstate-cell-cot-retained-cycles-production-20261003\public\assets\environment\oblique\cell-cot-yaw+180-elev70.render.png'
00:34.703  render           | Saved: 'C:\Users\matma\Documents\Rozwój gier\lockstate-cell-cot-retained-cycles-production-20261003\public\assets\environment\oblique\cell-cot-yaw+210-elev20.render.png'
00:35.437  render           | Saved: 'C:\Users\matma\Documents\Rozwój gier\lockstate-cell-cot-retained-cycles-production-20261003\public\assets\environment\oblique\cell-cot-yaw+210-elev30.render.png'
00:36.219  render           | Saved: 'C:\Users\matma\Documents\Rozwój gier\lockstate-cell-cot-retained-cycles-production-20261003\public\assets\environment\oblique\cell-cot-yaw+210-elev40.render.png'
00:37.047  render           | Saved: 'C:\Users\matma\Documents\Rozwój gier\lockstate-cell-cot-retained-cycles-production-20261003\public\assets\environment\oblique\cell-cot-yaw+210-elev50.render.png'
00:37.859  render           | Saved: 'C:\Users\matma\Documents\Rozwój gier\lockstate-cell-cot-retained-cycles-production-20261003\public\assets\environment\oblique\cell-cot-yaw+210-elev60.render.png'
00:38.687  render           | Saved: 'C:\Users\matma\Documents\Rozwój gier\lockstate-cell-cot-retained-cycles-production-20261003\public\assets\environment\oblique\cell-cot-yaw+210-elev70.render.png'
00:39.406  render           | Saved: 'C:\Users\matma\Documents\Rozwój gier\lockstate-cell-cot-retained-cycles-production-20261003\public\assets\environment\oblique\cell-cot-yaw+240-elev20.render.png'
00:40.172  render           | Saved: 'C:\Users\matma\Documents\Rozwój gier\lockstate-cell-cot-retained-cycles-production-20261003\public\assets\environment\oblique\cell-cot-yaw+240-elev30.render.png'
00:41.000  render           | Saved: 'C:\Users\matma\Documents\Rozwój gier\lockstate-cell-cot-retained-cycles-production-20261003\public\assets\environment\oblique\cell-cot-yaw+240-elev40.render.png'
00:41.797  render           | Saved: 'C:\Users\matma\Documents\Rozwój gier\lockstate-cell-cot-retained-cycles-production-20261003\public\assets\environment\oblique\cell-cot-yaw+240-elev50.render.png'
00:42.562  render           | Saved: 'C:\Users\matma\Documents\Rozwój gier\lockstate-cell-cot-retained-cycles-production-20261003\public\assets\environment\oblique\cell-cot-yaw+240-elev60.render.png'
00:43.437  render           | Saved: 'C:\Users\matma\Documents\Rozwój gier\lockstate-cell-cot-retained-cycles-production-20261003\public\assets\environment\oblique\cell-cot-yaw+240-elev70.render.png'
00:44.234  render           | Saved: 'C:\Users\matma\Documents\Rozwój gier\lockstate-cell-cot-retained-cycles-production-20261003\public\assets\environment\oblique\cell-cot-yaw+270-elev20.render.png'
00:44.969  render           | Saved: 'C:\Users\matma\Documents\Rozwój gier\lockstate-cell-cot-retained-cycles-production-20261003\public\assets\environment\oblique\cell-cot-yaw+270-elev30.render.png'
00:45.734  render           | Saved: 'C:\Users\matma\Documents\Rozwój gier\lockstate-cell-cot-retained-cycles-production-20261003\public\assets\environment\oblique\cell-cot-yaw+270-elev40.render.png'
00:46.500  render           | Saved: 'C:\Users\matma\Documents\Rozwój gier\lockstate-cell-cot-retained-cycles-production-20261003\public\assets\environment\oblique\cell-cot-yaw+270-elev50.render.png'
00:47.297  render           | Saved: 'C:\Users\matma\Documents\Rozwój gier\lockstate-cell-cot-retained-cycles-production-20261003\public\assets\environment\oblique\cell-cot-yaw+270-elev60.render.png'
00:48.125  render           | Saved: 'C:\Users\matma\Documents\Rozwój gier\lockstate-cell-cot-retained-cycles-production-20261003\public\assets\environment\oblique\cell-cot-yaw+270-elev70.render.png'
00:48.828  render           | Saved: 'C:\Users\matma\Documents\Rozwój gier\lockstate-cell-cot-retained-cycles-production-20261003\public\assets\environment\oblique\cell-cot-yaw+300-elev20.render.png'
00:49.562  render           | Saved: 'C:\Users\matma\Documents\Rozwój gier\lockstate-cell-cot-retained-cycles-production-20261003\public\assets\environment\oblique\cell-cot-yaw+300-elev30.render.png'
00:50.281  render           | Saved: 'C:\Users\matma\Documents\Rozwój gier\lockstate-cell-cot-retained-cycles-production-20261003\public\assets\environment\oblique\cell-cot-yaw+300-elev40.render.png'
00:51.031  render           | Saved: 'C:\Users\matma\Documents\Rozwój gier\lockstate-cell-cot-retained-cycles-production-20261003\public\assets\environment\oblique\cell-cot-yaw+300-elev50.render.png'
00:51.781  render           | Saved: 'C:\Users\matma\Documents\Rozwój gier\lockstate-cell-cot-retained-cycles-production-20261003\public\assets\environment\oblique\cell-cot-yaw+300-elev60.render.png'
00:52.547  render           | Saved: 'C:\Users\matma\Documents\Rozwój gier\lockstate-cell-cot-retained-cycles-production-20261003\public\assets\environment\oblique\cell-cot-yaw+300-elev70.render.png'
00:53.187  render           | Saved: 'C:\Users\matma\Documents\Rozwój gier\lockstate-cell-cot-retained-cycles-production-20261003\public\assets\environment\oblique\cell-cot-yaw+330-elev20.render.png'
00:53.875  render           | Saved: 'C:\Users\matma\Documents\Rozwój gier\lockstate-cell-cot-retained-cycles-production-20261003\public\assets\environment\oblique\cell-cot-yaw+330-elev30.render.png'
00:54.562  render           | Saved: 'C:\Users\matma\Documents\Rozwój gier\lockstate-cell-cot-retained-cycles-production-20261003\public\assets\environment\oblique\cell-cot-yaw+330-elev40.render.png'
00:55.312  render           | Saved: 'C:\Users\matma\Documents\Rozwój gier\lockstate-cell-cot-retained-cycles-production-20261003\public\assets\environment\oblique\cell-cot-yaw+330-elev50.render.png'
00:56.078  render           | Saved: 'C:\Users\matma\Documents\Rozwój gier\lockstate-cell-cot-retained-cycles-production-20261003\public\assets\environment\oblique\cell-cot-yaw+330-elev60.render.png'
00:56.844  render           | Saved: 'C:\Users\matma\Documents\Rozwój gier\lockstate-cell-cot-retained-cycles-production-20261003\public\assets\environment\oblique\cell-cot-yaw+330-elev70.render.png'
rendered 72 verified poses: C:\Users\matma\Documents\Rozwój gier\lockstate-cell-cot-retained-cycles-production-20261003\public\game-content\oblique-furniture.cell-cot.v1.json
COT_CYCLES_EXPORT72_DECODED_GREEN
Blender 5.2.1 LTS (hash 9e2066aef7ef built 2026-08-25 02:38:20)
