
 RUN  v4.1.11 C:/Users/matma/Documents/Rozwój gier/lockstate-cell-cot-retained-cycles-production-20261003

xx

 Test Files  1 failed (1)
      Tests  2 failed (2)
   Start at  22:44:57
   Duration  613ms (transform 168ms, setup 0ms, import 484ms, tests 15ms, environment 0ms)


⎯⎯⎯⎯⎯⎯⎯ Failed Tests 2 ⎯⎯⎯⎯⎯⎯⎯

 FAIL  tests/unit/oblique-cell-cot-modern-consumer.test.ts > selects genuine modern cot body in literal Basic Cell q0 over its whole paid occupied footprint
 FAIL  tests/unit/oblique-cell-cot-modern-consumer.test.ts > selects genuine modern cot body in literal Basic Cell q1 over its whole paid occupied footprint
AssertionError: expected [] to deeply equal [ { …(2) } ]

- Expected
+ Received

- [
-   {
-     "assetId": "furniture.cell.cot.single",
-     "manifest": "/game-content/oblique-furniture.cell-cot.v1.json",
-   },
- ]
+ []

 ❯ tests/unit/oblique-cell-cot-modern-consumer.test.ts:39:69
     37|     (turns===0?1:2)*64,(turns===0?2:1)*64,1,camera).footprint);
     38|   const registry=parseObliqueModuleRegistry(JSON.parse(readFileSync(ne…
     39|   expect(registry.entries.filter(row=>row.assetId===solid.assetId)).to…
       |                                                                     ^
     40|   const catalog=parseObliqueModuleCatalog(JSON.parse(readFileSync(new …
     41|   expect(catalog.source).toBe('assets/source/blender/furniture.cell.co…

⎯⎯⎯⎯⎯⎯⎯⎯⎯⎯⎯⎯⎯⎯⎯⎯⎯⎯⎯⎯⎯⎯⎯⎯[1/2]⎯

