
 RUN  v4.1.11 C:/Users/matma/Documents/Rozwój gier/lockstate-reception-armchair-native-prep-20261003

 ❯ tests/integration/native-reception-room-preparation.test.ts (2 tests | 1 failed) 331ms
   × builds literal public Reception Room q1 owners and square shell with whole V8 roundtrip 135ms

 Test Files  1 failed (1)
      Tests  1 failed | 1 passed (2)
   Start at  14:20:34
   Duration  3.04s (transform 818ms, setup 0ms, import 2.59s, tests 331ms, environment 0ms)

[ELIFECYCLE] Test failed. See above for more details.
$ vitest run "tests/integration/native-reception-room-preparation.test.ts"

⎯⎯⎯⎯⎯⎯⎯ Failed Tests 1 ⎯⎯⎯⎯⎯⎯⎯

 FAIL  tests/integration/native-reception-room-preparation.test.ts > builds literal public Reception Room q1 owners and square shell with whole V8 roundtrip
Error: expect(received).toEqual(expected) // deep equality

- Expected  - 1
+ Received  + 1

@@ -3,10 +3,10 @@
      "anchorTile": Object {
        "x": 7,
        "y": 5,
      },
      "objectId": "object.chair",
-     "orientation": 1,
+     "orientation": 0,
      "placedObjectId": "object:7:5",
      "sourceOrderId": "room-template-000000000002-2-object-001",
    },
  ]
 ❯ Proxy.<anonymous> ../lockstate-1382-doc-anchor-2026-09-24/node_modules/.pnpm/playwright@1.56.1/node_modules/playwright/lib/matchers/expect.js:221:24
 ❯ assertReceptionRoom tests/browser/native-reception-room-evidence.ts:56:117
     54|     for (const [ordinal, [chairX, chairY]] of plan.chairs.entries()) {
     55|       const id = receptionOwner('object', ordinal + 1);
     56|       expect(chairs.filter(object => object.sourceOrderId === id), 'li…
       |                                                                                                                     ^
     57|         { placedObjectId: `object:${chairX}:${chairY}`, objectId: 'obj…
     58|       ]);
 ❯ tests/integration/native-reception-room-preparation.test.ts:48:3

⎯⎯⎯⎯⎯⎯⎯⎯⎯⎯⎯⎯⎯⎯⎯⎯⎯⎯⎯⎯⎯⎯⎯⎯[1/1]⎯

