
 RUN  v4.1.11 C:/Users/matma/Documents/Rozwój gier/hud-template-numeric-submit-20261003

 ❯ tests/unit/ui-template-numeric-submit-ownership.test.ts (14 tests | 4 failed) 184ms
   × world/accepted: accepted numeric plan consumes an owning map press; legal untouched/refused map press still commits 59ms
   × oblique/accepted: accepted numeric plan consumes an owning map press; legal untouched/refused map press still commits 18ms
   × world/edited-close: delayed numeric result consumes only its original accepted armed selection 7ms
   × oblique/edited-close: delayed numeric result consumes only its original accepted armed selection 9ms

⎯⎯⎯⎯⎯⎯⎯ Failed Tests 4 ⎯⎯⎯⎯⎯⎯⎯

 FAIL  tests/unit/ui-template-numeric-submit-ownership.test.ts > world/accepted: accepted numeric plan consumes an owning map press; legal untouched/refused map press still commits
 FAIL  tests/unit/ui-template-numeric-submit-ownership.test.ts > oblique/accepted: accepted numeric plan consumes an owning map press; legal untouched/refused map press still commits
AssertionError: accepted numeric placement should consume same armed tool/old map press: expected true to be false // Object.is equality

- Expected
+ Received

- false
+ true

 ❯ tests/unit/ui-template-numeric-submit-ownership.test.ts:204:131
    202|   expect(beforeRelease).toHaveLength(numeric==='accepted'?1:0);
    203|   h.close();await settle(h);
    204|   if(numeric==='accepted')expect.soft(h.tool.isArmed(),'accepted numer…
       |                                                                                                                                   ^
    205|   dispatch(h.canvas,'pointerup',h.point,0,0);await settle(h);
    206|   const actual=submitted(h).map(m=>m.payload.command.data),snapshot=h.…

⎯⎯⎯⎯⎯⎯⎯⎯⎯⎯⎯⎯⎯⎯⎯⎯⎯⎯⎯⎯⎯⎯⎯⎯[1/6]⎯

 FAIL  tests/unit/ui-template-numeric-submit-ownership.test.ts > world/accepted: accepted numeric plan consumes an owning map press; legal untouched/refused map press still commits
 FAIL  tests/unit/ui-template-numeric-submit-ownership.test.ts > oblique/accepted: accepted numeric plan consumes an owning map press; legal untouched/refused map press still commits
AssertionError: old map release must not buy a second plan after numeric acceptance: expected [ { …(4) }, { …(4) } ] to have a length of 1 but got 2

- Expected
+ Received

- 1
+ 2

 ❯ tests/unit/ui-template-numeric-submit-ownership.test.ts:208:88


⎯⎯⎯⎯⎯⎯⎯⎯⎯⎯⎯⎯⎯⎯⎯⎯⎯⎯⎯⎯⎯⎯⎯⎯[2/6]⎯

 FAIL  tests/unit/ui-template-numeric-submit-ownership.test.ts > world/edited-close: delayed numeric result consumes only its original accepted armed selection
 FAIL  tests/unit/ui-template-numeric-submit-ownership.test.ts > oblique/edited-close: delayed numeric result consumes only its original accepted armed selection
AssertionError: expected true to be false // Object.is equality

- Expected
+ Received

- false
+ true

 ❯ tests/unit/ui-template-numeric-submit-ownership.test.ts:227:28
    225|   }
    226|   h.actors.release();await settle(h);
    227|   expect(h.tool.isArmed()).toBe(next!=='edited-close');
       |                            ^
    228|   dispatch(h.canvas,'pointerup',h.point,0,0);await settle(h);expect(su…
    229|   if(next==='edited-close') {

⎯⎯⎯⎯⎯⎯⎯⎯⎯⎯⎯⎯⎯⎯⎯⎯⎯⎯⎯⎯⎯⎯⎯⎯[3/6]⎯


 Test Files  1 failed | 1 passed (2)
      Tests  4 failed | 18 passed (22)
   Start at  09:35:31
   Duration  3.27s (transform 2.18s, setup 0ms, import 5.86s, tests 336ms, environment 0ms)

