
 RUN  v4.1.11 C:/Users/matma/Documents/Rozwój gier/lockstate-laundry-retained-cycles-production-20261003

xx
node : 
At line:7 char:128
+ ... +$env:PATH; node node_modules/vitest/vitest.mjs run tests/integration ...
+                 ~~~~~~~~~~~~~~~~~~~~~~~~~~~~~~~~~~~~~~~~~~~~~~~~~~~~~~~~~
    + CategoryInfo          : NotSpecified: (:String) [], RemoteException
    + FullyQualifiedErrorId : NativeCommandError
 
⎯⎯⎯⎯⎯⎯⎯ Failed Tests 2 ⎯⎯⎯⎯⎯⎯⎯

 FAIL  tests/integration/laundry-linen-rack-public-consumer.test.ts > buys a separate orientation0 rack inside actual p
ublic Laundry q0, retains both washers and whole V9
 FAIL  tests/integration/laundry-linen-rack-public-consumer.test.ts > buys a separate orientation0 rack inside actual p
ublic Laundry q1, retains both washers and whole V9
AssertionError: expected 'assets/source/blender/furniture.laund…' to be 'assets/source/blender/furniture.laund…' // Obj
ect.is equality

Expected: "assets/source/blender/furniture.laundry.linen-rack.soft-light.blend"
Received: "assets/source/blender/furniture.laundry.linen-rack.blend"

 ❯ tests/integration/laundry-linen-rack-public-consumer.test.ts:81:26
     79|   expect(entries).toEqual([{ assetId: 'furniture.laundry.linen-rack', …
     80|   const catalog = parseObliqueModuleCatalog(JSON.parse(readFileSync(ne…
     81|   expect(catalog.source).toBe('assets/source/blender/furniture.laundry…
       |                          ^
     82|   expect(catalog.sourceSha256).toBe('2916717c4dd17d7be39a5725858b2356e…
     83|   const selected = selectObliqueModuleFrame(catalog, { yawRadians: sol…

⎯⎯⎯⎯⎯⎯⎯⎯⎯⎯⎯⎯⎯⎯⎯⎯⎯⎯⎯⎯⎯⎯⎯⎯[1/2]⎯


 Test Files  1 failed (1)
      Tests  2 failed (2)
   Start at  20:57:52
   Duration  3.23s (transform 941ms, setup 0ms, import 2.73s, tests 367ms, environment 0ms)

