00:01.171  blend            | Read blend: "C:\Users\matma\Documents\Rozwój gier\lockstate-laundry-retained-cycles-production-20261003\assets\source\blender\furniture.laundry.linen-rack.soft-light.blend"
00:02.140  render           | Saved: 'C:\Users\matma\Documents\Rozwój gier\lockstate-laundry-retained-cycles-production-20261003\public\assets\environment\oblique\furniture.laundry.linen-rack-yaw+00-elev20.render.png'
00:02.921  render           | Saved: 'C:\Users\matma\Documents\Rozwój gier\lockstate-laundry-retained-cycles-production-20261003\public\assets\environment\oblique\furniture.laundry.linen-rack-yaw+00-elev30.render.png'
00:03.875  render           | Saved: 'C:\Users\matma\Documents\Rozwój gier\lockstate-laundry-retained-cycles-production-20261003\public\assets\environment\oblique\furniture.laundry.linen-rack-yaw+00-elev40.render.png'
00:04.843  render           | Saved: 'C:\Users\matma\Documents\Rozwój gier\lockstate-laundry-retained-cycles-production-20261003\public\assets\environment\oblique\furniture.laundry.linen-rack-yaw+00-elev50.render.png'
00:05.828  render           | Saved: 'C:\Users\matma\Documents\Rozwój gier\lockstate-laundry-retained-cycles-production-20261003\public\assets\environment\oblique\furniture.laundry.linen-rack-yaw+00-elev60.render.png'
00:06.843  render           | Saved: 'C:\Users\matma\Documents\Rozwój gier\lockstate-laundry-retained-cycles-production-20261003\public\assets\environment\oblique\furniture.laundry.linen-rack-yaw+00-elev70.render.png'
00:07.921  render           | Saved: 'C:\Users\matma\Documents\Rozwój gier\lockstate-laundry-retained-cycles-production-20261003\public\assets\environment\oblique\furniture.laundry.linen-rack-yaw+30-elev20.render.png'
00:09.046  render           | Saved: 'C:\Users\matma\Documents\Rozwój gier\lockstate-laundry-retained-cycles-production-20261003\public\assets\environment\oblique\furniture.laundry.linen-rack-yaw+30-elev30.render.png'
00:10.125  render           | Saved: 'C:\Users\matma\Documents\Rozwój gier\lockstate-laundry-retained-cycles-production-20261003\public\assets\environment\oblique\furniture.laundry.linen-rack-yaw+30-elev40.render.png'
00:11.187  render           | Saved: 'C:\Users\matma\Documents\Rozwój gier\lockstate-laundry-retained-cycles-production-20261003\public\assets\environment\oblique\furniture.laundry.linen-rack-yaw+30-elev50.render.png'
00:12.265  render           | Saved: 'C:\Users\matma\Documents\Rozwój gier\lockstate-laundry-retained-cycles-production-20261003\public\assets\environment\oblique\furniture.laundry.linen-rack-yaw+30-elev60.render.png'
00:13.328  render           | Saved: 'C:\Users\matma\Documents\Rozwój gier\lockstate-laundry-retained-cycles-production-20261003\public\assets\environment\oblique\furniture.laundry.linen-rack-yaw+30-elev70.render.png'
00:14.421  render           | Saved: 'C:\Users\matma\Documents\Rozwój gier\lockstate-laundry-retained-cycles-production-20261003\public\assets\environment\oblique\furniture.laundry.linen-rack-yaw+60-elev20.render.png'
00:15.531  render           | Saved: 'C:\Users\matma\Documents\Rozwój gier\lockstate-laundry-retained-cycles-production-20261003\public\assets\environment\oblique\furniture.laundry.linen-rack-yaw+60-elev30.render.png'
00:16.656  render           | Saved: 'C:\Users\matma\Documents\Rozwój gier\lockstate-laundry-retained-cycles-production-20261003\public\assets\environment\oblique\furniture.laundry.linen-rack-yaw+60-elev40.render.png'
00:17.765  render           | Saved: 'C:\Users\matma\Documents\Rozwój gier\lockstate-laundry-retained-cycles-production-20261003\public\assets\environment\oblique\furniture.laundry.linen-rack-yaw+60-elev50.render.png'
00:18.859  render           | Saved: 'C:\Users\matma\Documents\Rozwój gier\lockstate-laundry-retained-cycles-production-20261003\public\assets\environment\oblique\furniture.laundry.linen-rack-yaw+60-elev60.render.png'
00:19.953  render           | Saved: 'C:\Users\matma\Documents\Rozwój gier\lockstate-laundry-retained-cycles-production-20261003\public\assets\environment\oblique\furniture.laundry.linen-rack-yaw+60-elev70.render.png'
00:20.921  render           | Saved: 'C:\Users\matma\Documents\Rozwój gier\lockstate-laundry-retained-cycles-production-20261003\public\assets\environment\oblique\furniture.laundry.linen-rack-yaw+90-elev20.render.png'
00:21.921  render           | Saved: 'C:\Users\matma\Documents\Rozwój gier\lockstate-laundry-retained-cycles-production-20261003\public\assets\environment\oblique\furniture.laundry.linen-rack-yaw+90-elev30.render.png'
00:22.953  render           | Saved: 'C:\Users\matma\Documents\Rozwój gier\lockstate-laundry-retained-cycles-production-20261003\public\assets\environment\oblique\furniture.laundry.linen-rack-yaw+90-elev40.render.png'
00:24.000  render           | Saved: 'C:\Users\matma\Documents\Rozwój gier\lockstate-laundry-retained-cycles-production-20261003\public\assets\environment\oblique\furniture.laundry.linen-rack-yaw+90-elev50.render.png'
00:25.062  render           | Saved: 'C:\Users\matma\Documents\Rozwój gier\lockstate-laundry-retained-cycles-production-20261003\public\assets\environment\oblique\furniture.laundry.linen-rack-yaw+90-elev60.render.png'
00:26.140  render           | Saved: 'C:\Users\matma\Documents\Rozwój gier\lockstate-laundry-retained-cycles-production-20261003\public\assets\environment\oblique\furniture.laundry.linen-rack-yaw+90-elev70.render.png'
00:27.296  render           | Saved: 'C:\Users\matma\Documents\Rozwój gier\lockstate-laundry-retained-cycles-production-20261003\public\assets\environment\oblique\furniture.laundry.linen-rack-yaw+120-elev20.render.png'
00:28.468  render           | Saved: 'C:\Users\matma\Documents\Rozwój gier\lockstate-laundry-retained-cycles-production-20261003\public\assets\environment\oblique\furniture.laundry.linen-rack-yaw+120-elev30.render.png'
00:29.625  render           | Saved: 'C:\Users\matma\Documents\Rozwój gier\lockstate-laundry-retained-cycles-production-20261003\public\assets\environment\oblique\furniture.laundry.linen-rack-yaw+120-elev40.render.png'
00:30.765  render           | Saved: 'C:\Users\matma\Documents\Rozwój gier\lockstate-laundry-retained-cycles-production-20261003\public\assets\environment\oblique\furniture.laundry.linen-rack-yaw+120-elev50.render.png'
00:31.890  render           | Saved: 'C:\Users\matma\Documents\Rozwój gier\lockstate-laundry-retained-cycles-production-20261003\public\assets\environment\oblique\furniture.laundry.linen-rack-yaw+120-elev60.render.png'
00:32.984  render           | Saved: 'C:\Users\matma\Documents\Rozwój gier\lockstate-laundry-retained-cycles-production-20261003\public\assets\environment\oblique\furniture.laundry.linen-rack-yaw+120-elev70.render.png'
00:34.156  render           | Saved: 'C:\Users\matma\Documents\Rozwój gier\lockstate-laundry-retained-cycles-production-20261003\public\assets\environment\oblique\furniture.laundry.linen-rack-yaw+150-elev20.render.png'
00:35.390  render           | Saved: 'C:\Users\matma\Documents\Rozwój gier\lockstate-laundry-retained-cycles-production-20261003\public\assets\environment\oblique\furniture.laundry.linen-rack-yaw+150-elev30.render.png'
00:36.640  render           | Saved: 'C:\Users\matma\Documents\Rozwój gier\lockstate-laundry-retained-cycles-production-20261003\public\assets\environment\oblique\furniture.laundry.linen-rack-yaw+150-elev40.render.png'
00:37.843  render           | Saved: 'C:\Users\matma\Documents\Rozwój gier\lockstate-laundry-retained-cycles-production-20261003\public\assets\environment\oblique\furniture.laundry.linen-rack-yaw+150-elev50.render.png'
00:38.984  render           | Saved: 'C:\Users\matma\Documents\Rozwój gier\lockstate-laundry-retained-cycles-production-20261003\public\assets\environment\oblique\furniture.laundry.linen-rack-yaw+150-elev60.render.png'
00:40.109  render           | Saved: 'C:\Users\matma\Documents\Rozwój gier\lockstate-laundry-retained-cycles-production-20261003\public\assets\environment\oblique\furniture.laundry.linen-rack-yaw+150-elev70.render.png'
00:41.203  render           | Saved: 'C:\Users\matma\Documents\Rozwój gier\lockstate-laundry-retained-cycles-production-20261003\public\assets\environment\oblique\furniture.laundry.linen-rack-yaw+180-elev20.render.png'
00:42.343  render           | Saved: 'C:\Users\matma\Documents\Rozwój gier\lockstate-laundry-retained-cycles-production-20261003\public\assets\environment\oblique\furniture.laundry.linen-rack-yaw+180-elev30.render.png'
00:43.515  render           | Saved: 'C:\Users\matma\Documents\Rozwój gier\lockstate-laundry-retained-cycles-production-20261003\public\assets\environment\oblique\furniture.laundry.linen-rack-yaw+180-elev40.render.png'
00:44.718  render           | Saved: 'C:\Users\matma\Documents\Rozwój gier\lockstate-laundry-retained-cycles-production-20261003\public\assets\environment\oblique\furniture.laundry.linen-rack-yaw+180-elev50.render.png'
00:45.828  render           | Saved: 'C:\Users\matma\Documents\Rozwój gier\lockstate-laundry-retained-cycles-production-20261003\public\assets\environment\oblique\furniture.laundry.linen-rack-yaw+180-elev60.render.png'
00:46.890  render           | Saved: 'C:\Users\matma\Documents\Rozwój gier\lockstate-laundry-retained-cycles-production-20261003\public\assets\environment\oblique\furniture.laundry.linen-rack-yaw+180-elev70.render.png'
00:48.093  render           | Saved: 'C:\Users\matma\Documents\Rozwój gier\lockstate-laundry-retained-cycles-production-20261003\public\assets\environment\oblique\furniture.laundry.linen-rack-yaw+210-elev20.render.png'
00:49.328  render           | Saved: 'C:\Users\matma\Documents\Rozwój gier\lockstate-laundry-retained-cycles-production-20261003\public\assets\environment\oblique\furniture.laundry.linen-rack-yaw+210-elev30.render.png'
00:50.562  render           | Saved: 'C:\Users\matma\Documents\Rozwój gier\lockstate-laundry-retained-cycles-production-20261003\public\assets\environment\oblique\furniture.laundry.linen-rack-yaw+210-elev40.render.png'
00:51.765  render           | Saved: 'C:\Users\matma\Documents\Rozwój gier\lockstate-laundry-retained-cycles-production-20261003\public\assets\environment\oblique\furniture.laundry.linen-rack-yaw+210-elev50.render.png'
00:52.921  render           | Saved: 'C:\Users\matma\Documents\Rozwój gier\lockstate-laundry-retained-cycles-production-20261003\public\assets\environment\oblique\furniture.laundry.linen-rack-yaw+210-elev60.render.png'
00:54.015  render           | Saved: 'C:\Users\matma\Documents\Rozwój gier\lockstate-laundry-retained-cycles-production-20261003\public\assets\environment\oblique\furniture.laundry.linen-rack-yaw+210-elev70.render.png'
00:55.125  render           | Saved: 'C:\Users\matma\Documents\Rozwój gier\lockstate-laundry-retained-cycles-production-20261003\public\assets\environment\oblique\furniture.laundry.linen-rack-yaw+240-elev20.render.png'
00:56.265  render           | Saved: 'C:\Users\matma\Documents\Rozwój gier\lockstate-laundry-retained-cycles-production-20261003\public\assets\environment\oblique\furniture.laundry.linen-rack-yaw+240-elev30.render.png'
00:57.406  render           | Saved: 'C:\Users\matma\Documents\Rozwój gier\lockstate-laundry-retained-cycles-production-20261003\public\assets\environment\oblique\furniture.laundry.linen-rack-yaw+240-elev40.render.png'
00:58.531  render           | Saved: 'C:\Users\matma\Documents\Rozwój gier\lockstate-laundry-retained-cycles-production-20261003\public\assets\environment\oblique\furniture.laundry.linen-rack-yaw+240-elev50.render.png'
00:59.671  render           | Saved: 'C:\Users\matma\Documents\Rozwój gier\lockstate-laundry-retained-cycles-production-20261003\public\assets\environment\oblique\furniture.laundry.linen-rack-yaw+240-elev60.render.png'
01:00.765  render           | Saved: 'C:\Users\matma\Documents\Rozwój gier\lockstate-laundry-retained-cycles-production-20261003\public\assets\environment\oblique\furniture.laundry.linen-rack-yaw+240-elev70.render.png'
01:01.687  render           | Saved: 'C:\Users\matma\Documents\Rozwój gier\lockstate-laundry-retained-cycles-production-20261003\public\assets\environment\oblique\furniture.laundry.linen-rack-yaw+270-elev20.render.png'
01:02.671  render           | Saved: 'C:\Users\matma\Documents\Rozwój gier\lockstate-laundry-retained-cycles-production-20261003\public\assets\environment\oblique\furniture.laundry.linen-rack-yaw+270-elev30.render.png'
01:03.671  render           | Saved: 'C:\Users\matma\Documents\Rozwój gier\lockstate-laundry-retained-cycles-production-20261003\public\assets\environment\oblique\furniture.laundry.linen-rack-yaw+270-elev40.render.png'
01:04.703  render           | Saved: 'C:\Users\matma\Documents\Rozwój gier\lockstate-laundry-retained-cycles-production-20261003\public\assets\environment\oblique\furniture.laundry.linen-rack-yaw+270-elev50.render.png'
01:05.765  render           | Saved: 'C:\Users\matma\Documents\Rozwój gier\lockstate-laundry-retained-cycles-production-20261003\public\assets\environment\oblique\furniture.laundry.linen-rack-yaw+270-elev60.render.png'
01:06.828  render           | Saved: 'C:\Users\matma\Documents\Rozwój gier\lockstate-laundry-retained-cycles-production-20261003\public\assets\environment\oblique\furniture.laundry.linen-rack-yaw+270-elev70.render.png'
01:07.890  render           | Saved: 'C:\Users\matma\Documents\Rozwój gier\lockstate-laundry-retained-cycles-production-20261003\public\assets\environment\oblique\furniture.laundry.linen-rack-yaw+300-elev20.render.png'
01:08.984  render           | Saved: 'C:\Users\matma\Documents\Rozwój gier\lockstate-laundry-retained-cycles-production-20261003\public\assets\environment\oblique\furniture.laundry.linen-rack-yaw+300-elev30.render.png'
01:10.046  render           | Saved: 'C:\Users\matma\Documents\Rozwój gier\lockstate-laundry-retained-cycles-production-20261003\public\assets\environment\oblique\furniture.laundry.linen-rack-yaw+300-elev40.render.png'
01:11.140  render           | Saved: 'C:\Users\matma\Documents\Rozwój gier\lockstate-laundry-retained-cycles-production-20261003\public\assets\environment\oblique\furniture.laundry.linen-rack-yaw+300-elev50.render.png'
01:12.218  render           | Saved: 'C:\Users\matma\Documents\Rozwój gier\lockstate-laundry-retained-cycles-production-20261003\public\assets\environment\oblique\furniture.laundry.linen-rack-yaw+300-elev60.render.png'
01:13.296  render           | Saved: 'C:\Users\matma\Documents\Rozwój gier\lockstate-laundry-retained-cycles-production-20261003\public\assets\environment\oblique\furniture.laundry.linen-rack-yaw+300-elev70.render.png'
01:14.375  render           | Saved: 'C:\Users\matma\Documents\Rozwój gier\lockstate-laundry-retained-cycles-production-20261003\public\assets\environment\oblique\furniture.laundry.linen-rack-yaw+330-elev20.render.png'
01:15.453  render           | Saved: 'C:\Users\matma\Documents\Rozwój gier\lockstate-laundry-retained-cycles-production-20261003\public\assets\environment\oblique\furniture.laundry.linen-rack-yaw+330-elev30.render.png'
01:16.546  render           | Saved: 'C:\Users\matma\Documents\Rozwój gier\lockstate-laundry-retained-cycles-production-20261003\public\assets\environment\oblique\furniture.laundry.linen-rack-yaw+330-elev40.render.png'
01:17.609  render           | Saved: 'C:\Users\matma\Documents\Rozwój gier\lockstate-laundry-retained-cycles-production-20261003\public\assets\environment\oblique\furniture.laundry.linen-rack-yaw+330-elev50.render.png'
01:18.671  render           | Saved: 'C:\Users\matma\Documents\Rozwój gier\lockstate-laundry-retained-cycles-production-20261003\public\assets\environment\oblique\furniture.laundry.linen-rack-yaw+330-elev60.render.png'
01:19.734  render           | Saved: 'C:\Users\matma\Documents\Rozwój gier\lockstate-laundry-retained-cycles-production-20261003\public\assets\environment\oblique\furniture.laundry.linen-rack-yaw+330-elev70.render.png'
rendered 72 verified poses: C:\Users\matma\Documents\Rozwój gier\lockstate-laundry-retained-cycles-production-20261003\public\game-content\oblique-furniture-laundry-linen-rack.v1.json
LAUNDRY_CYCLES_EXPORT72_DECODED_GREEN
Blender 5.2.1 LTS (hash 9e2066aef7ef built 2026-08-25 02:38:20)

Blender quit
