
 RUN  v4.1.11 C:/Users/matma/Documents/Rozwój gier/lockstate-laundry-retained-cycles-production-20261003

·xx

 Test Files  1 failed | 1 passed (2)
      Tests  2 failed | 1 passed (3)
   Start at  21:02:45
   Duration  3.11s (transform 958ms, setup 0ms, import 2.68s, tests 367ms, environment 0ms)


⎯⎯⎯⎯⎯⎯⎯ Failed Tests 2 ⎯⎯⎯⎯⎯⎯⎯

 FAIL  tests/integration/laundry-linen-rack-public-consumer.test.ts > buys a separate orientation0 rack inside actual public Laundry q0, retains both washers and whole V9
 FAIL  tests/integration/laundry-linen-rack-public-consumer.test.ts > buys a separate orientation0 rack inside actual public Laundry q1, retains both washers and whole V9
AssertionError: expected 'assets/source/blender/furniture.laund…' to be 'assets/source/blender/furniture.laund…' // Object.is equality

Expected: "assets/source/blender/furniture.laundry.linen-rack.soft-light.blend"
Received: "assets/source/blender/furniture.laundry.linen-rack.blend"

 ❯ tests/integration/laundry-linen-rack-public-consumer.test.ts:81:26
     79|   expect(entries).toEqual([{ assetId: 'furniture.laundry.linen-rack', …
     80|   const catalog = parseObliqueModuleCatalog(JSON.parse(readFileSync(ne…
     81|   expect(catalog.source).toBe('assets/source/blender/furniture.laundry…
       |                          ^
     82|   expect(catalog.sourceSha256).toBe('2916717c4dd17d7be39a5725858b2356e…
     83|   const selected = selectObliqueModuleFrame(catalog, { yawRadians: sol…

⎯⎯⎯⎯⎯⎯⎯⎯⎯⎯⎯⎯⎯⎯⎯⎯⎯⎯⎯⎯⎯⎯⎯⎯[1/2]⎯

