00:01.078  blend            | Read blend: "C:\Users\matma\Documents\Rozwój gier\lockstate-classroom-student-chair-model-20261003\assets\source\blender\furniture.classroom.student-chair.blend"
CLASSROOM_STUDENT_CHAIR_SOURCE_GREEN 33 meshes/13 actual contacts/all original materials/four occupied turns
00:01.500  render           | Saved: 'C:\Users\matma\Documents\Rozwój gier\lockstate-classroom-student-chair-model-20261003\public\assets\environment\oblique\furniture.classroom.student-chair-yaw+00-elev20.render.png'
00:01.578  render           | Saved: 'C:\Users\matma\Documents\Rozwój gier\lockstate-classroom-student-chair-model-20261003\public\assets\environment\oblique\furniture.classroom.student-chair-yaw+00-elev30.render.png'
00:01.656  render           | Saved: 'C:\Users\matma\Documents\Rozwój gier\lockstate-classroom-student-chair-model-20261003\public\assets\environment\oblique\furniture.classroom.student-chair-yaw+00-elev40.render.png'
00:01.718  render           | Saved: 'C:\Users\matma\Documents\Rozwój gier\lockstate-classroom-student-chair-model-20261003\public\assets\environment\oblique\furniture.classroom.student-chair-yaw+00-elev50.render.png'
00:01.796  render           | Saved: 'C:\Users\matma\Documents\Rozwój gier\lockstate-classroom-student-chair-model-20261003\public\assets\environment\oblique\furniture.classroom.student-chair-yaw+00-elev60.render.png'
00:01.875  render           | Saved: 'C:\Users\matma\Documents\Rozwój gier\lockstate-classroom-student-chair-model-20261003\public\assets\environment\oblique\furniture.classroom.student-chair-yaw+00-elev70.render.png'
00:01.953  render           | Saved: 'C:\Users\matma\Documents\Rozwój gier\lockstate-classroom-student-chair-model-20261003\public\assets\environment\oblique\furniture.classroom.student-chair-yaw+30-elev20.render.png'
00:02.031  render           | Saved: 'C:\Users\matma\Documents\Rozwój gier\lockstate-classroom-student-chair-model-20261003\public\assets\environment\oblique\furniture.classroom.student-chair-yaw+30-elev30.render.png'
00:02.109  render           | Saved: 'C:\Users\matma\Documents\Rozwój gier\lockstate-classroom-student-chair-model-20261003\public\assets\environment\oblique\furniture.classroom.student-chair-yaw+30-elev40.render.png'
00:02.171  render           | Saved: 'C:\Users\matma\Documents\Rozwój gier\lockstate-classroom-student-chair-model-20261003\public\assets\environment\oblique\furniture.classroom.student-chair-yaw+30-elev50.render.png'
00:02.250  render           | Saved: 'C:\Users\matma\Documents\Rozwój gier\lockstate-classroom-student-chair-model-20261003\public\assets\environment\oblique\furniture.classroom.student-chair-yaw+30-elev60.render.png'
00:02.312  render           | Saved: 'C:\Users\matma\Documents\Rozwój gier\lockstate-classroom-student-chair-model-20261003\public\assets\environment\oblique\furniture.classroom.student-chair-yaw+30-elev70.render.png'
00:02.390  render           | Saved: 'C:\Users\matma\Documents\Rozwój gier\lockstate-classroom-student-chair-model-20261003\public\assets\environment\oblique\furniture.classroom.student-chair-yaw+60-elev20.render.png'
00:02.453  render           | Saved: 'C:\Users\matma\Documents\Rozwój gier\lockstate-classroom-student-chair-model-20261003\public\assets\environment\oblique\furniture.classroom.student-chair-yaw+60-elev30.render.png'
00:02.531  render           | Saved: 'C:\Users\matma\Documents\Rozwój gier\lockstate-classroom-student-chair-model-20261003\public\assets\environment\oblique\furniture.classroom.student-chair-yaw+60-elev40.render.png'
00:02.593  render           | Saved: 'C:\Users\matma\Documents\Rozwój gier\lockstate-classroom-student-chair-model-20261003\public\assets\environment\oblique\furniture.classroom.student-chair-yaw+60-elev50.render.png'
00:02.671  render           | Saved: 'C:\Users\matma\Documents\Rozwój gier\lockstate-classroom-student-chair-model-20261003\public\assets\environment\oblique\furniture.classroom.student-chair-yaw+60-elev60.render.png'
00:02.734  render           | Saved: 'C:\Users\matma\Documents\Rozwój gier\lockstate-classroom-student-chair-model-20261003\public\assets\environment\oblique\furniture.classroom.student-chair-yaw+60-elev70.render.png'
00:02.812  render           | Saved: 'C:\Users\matma\Documents\Rozwój gier\lockstate-classroom-student-chair-model-20261003\public\assets\environment\oblique\furniture.classroom.student-chair-yaw+90-elev20.render.png'
00:02.875  render           | Saved: 'C:\Users\matma\Documents\Rozwój gier\lockstate-classroom-student-chair-model-20261003\public\assets\environment\oblique\furniture.classroom.student-chair-yaw+90-elev30.render.png'
00:02.953  render           | Saved: 'C:\Users\matma\Documents\Rozwój gier\lockstate-classroom-student-chair-model-20261003\public\assets\environment\oblique\furniture.classroom.student-chair-yaw+90-elev40.render.png'
00:03.015  render           | Saved: 'C:\Users\matma\Documents\Rozwój gier\lockstate-classroom-student-chair-model-20261003\public\assets\environment\oblique\furniture.classroom.student-chair-yaw+90-elev50.render.png'
00:03.093  render           | Saved: 'C:\Users\matma\Documents\Rozwój gier\lockstate-classroom-student-chair-model-20261003\public\assets\environment\oblique\furniture.classroom.student-chair-yaw+90-elev60.render.png'
00:03.171  render           | Saved: 'C:\Users\matma\Documents\Rozwój gier\lockstate-classroom-student-chair-model-20261003\public\assets\environment\oblique\furniture.classroom.student-chair-yaw+90-elev70.render.png'
00:03.250  render           | Saved: 'C:\Users\matma\Documents\Rozwój gier\lockstate-classroom-student-chair-model-20261003\public\assets\environment\oblique\furniture.classroom.student-chair-yaw+120-elev20.render.png'
00:03.328  render           | Saved: 'C:\Users\matma\Documents\Rozwój gier\lockstate-classroom-student-chair-model-20261003\public\assets\environment\oblique\furniture.classroom.student-chair-yaw+120-elev30.render.png'
00:03.406  render           | Saved: 'C:\Users\matma\Documents\Rozwój gier\lockstate-classroom-student-chair-model-20261003\public\assets\environment\oblique\furniture.classroom.student-chair-yaw+120-elev40.render.png'
00:03.468  render           | Saved: 'C:\Users\matma\Documents\Rozwój gier\lockstate-classroom-student-chair-model-20261003\public\assets\environment\oblique\furniture.classroom.student-chair-yaw+120-elev50.render.png'
00:03.546  render           | Saved: 'C:\Users\matma\Documents\Rozwój gier\lockstate-classroom-student-chair-model-20261003\public\assets\environment\oblique\furniture.classroom.student-chair-yaw+120-elev60.render.png'
00:03.625  render           | Saved: 'C:\Users\matma\Documents\Rozwój gier\lockstate-classroom-student-chair-model-20261003\public\assets\environment\oblique\furniture.classroom.student-chair-yaw+120-elev70.render.png'
00:03.687  render           | Saved: 'C:\Users\matma\Documents\Rozwój gier\lockstate-classroom-student-chair-model-20261003\public\assets\environment\oblique\furniture.classroom.student-chair-yaw+150-elev20.render.png'
00:03.765  render           | Saved: 'C:\Users\matma\Documents\Rozwój gier\lockstate-classroom-student-chair-model-20261003\public\assets\environment\oblique\furniture.classroom.student-chair-yaw+150-elev30.render.png'
00:03.828  render           | Saved: 'C:\Users\matma\Documents\Rozwój gier\lockstate-classroom-student-chair-model-20261003\public\assets\environment\oblique\furniture.classroom.student-chair-yaw+150-elev40.render.png'
00:03.906  render           | Saved: 'C:\Users\matma\Documents\Rozwój gier\lockstate-classroom-student-chair-model-20261003\public\assets\environment\oblique\furniture.classroom.student-chair-yaw+150-elev50.render.png'
00:03.984  render           | Saved: 'C:\Users\matma\Documents\Rozwój gier\lockstate-classroom-student-chair-model-20261003\public\assets\environment\oblique\furniture.classroom.student-chair-yaw+150-elev60.render.png'
00:04.046  render           | Saved: 'C:\Users\matma\Documents\Rozwój gier\lockstate-classroom-student-chair-model-20261003\public\assets\environment\oblique\furniture.classroom.student-chair-yaw+150-elev70.render.png'
00:04.125  render           | Saved: 'C:\Users\matma\Documents\Rozwój gier\lockstate-classroom-student-chair-model-20261003\public\assets\environment\oblique\furniture.classroom.student-chair-yaw+180-elev20.render.png'
00:04.187  render           | Saved: 'C:\Users\matma\Documents\Rozwój gier\lockstate-classroom-student-chair-model-20261003\public\assets\environment\oblique\furniture.classroom.student-chair-yaw+180-elev30.render.png'
00:04.265  render           | Saved: 'C:\Users\matma\Documents\Rozwój gier\lockstate-classroom-student-chair-model-20261003\public\assets\environment\oblique\furniture.classroom.student-chair-yaw+180-elev40.render.png'
00:04.328  render           | Saved: 'C:\Users\matma\Documents\Rozwój gier\lockstate-classroom-student-chair-model-20261003\public\assets\environment\oblique\furniture.classroom.student-chair-yaw+180-elev50.render.png'
00:04.406  render           | Saved: 'C:\Users\matma\Documents\Rozwój gier\lockstate-classroom-student-chair-model-20261003\public\assets\environment\oblique\furniture.classroom.student-chair-yaw+180-elev60.render.png'
00:04.484  render           | Saved: 'C:\Users\matma\Documents\Rozwój gier\lockstate-classroom-student-chair-model-20261003\public\assets\environment\oblique\furniture.classroom.student-chair-yaw+180-elev70.render.png'
00:04.562  render           | Saved: 'C:\Users\matma\Documents\Rozwój gier\lockstate-classroom-student-chair-model-20261003\public\assets\environment\oblique\furniture.classroom.student-chair-yaw+210-elev20.render.png'
00:04.640  render           | Saved: 'C:\Users\matma\Documents\Rozwój gier\lockstate-classroom-student-chair-model-20261003\public\assets\environment\oblique\furniture.classroom.student-chair-yaw+210-elev30.render.png'
00:04.718  render           | Saved: 'C:\Users\matma\Documents\Rozwój gier\lockstate-classroom-student-chair-model-20261003\public\assets\environment\oblique\furniture.classroom.student-chair-yaw+210-elev40.render.png'
00:04.781  render           | Saved: 'C:\Users\matma\Documents\Rozwój gier\lockstate-classroom-student-chair-model-20261003\public\assets\environment\oblique\furniture.classroom.student-chair-yaw+210-elev50.render.png'
00:04.859  render           | Saved: 'C:\Users\matma\Documents\Rozwój gier\lockstate-classroom-student-chair-model-20261003\public\assets\environment\oblique\furniture.classroom.student-chair-yaw+210-elev60.render.png'
00:04.921  render           | Saved: 'C:\Users\matma\Documents\Rozwój gier\lockstate-classroom-student-chair-model-20261003\public\assets\environment\oblique\furniture.classroom.student-chair-yaw+210-elev70.render.png'
00:05.000  render           | Saved: 'C:\Users\matma\Documents\Rozwój gier\lockstate-classroom-student-chair-model-20261003\public\assets\environment\oblique\furniture.classroom.student-chair-yaw+240-elev20.render.png'
00:05.062  render           | Saved: 'C:\Users\matma\Documents\Rozwój gier\lockstate-classroom-student-chair-model-20261003\public\assets\environment\oblique\furniture.classroom.student-chair-yaw+240-elev30.render.png'
00:05.140  render           | Saved: 'C:\Users\matma\Documents\Rozwój gier\lockstate-classroom-student-chair-model-20261003\public\assets\environment\oblique\furniture.classroom.student-chair-yaw+240-elev40.render.png'
00:05.203  render           | Saved: 'C:\Users\matma\Documents\Rozwój gier\lockstate-classroom-student-chair-model-20261003\public\assets\environment\oblique\furniture.classroom.student-chair-yaw+240-elev50.render.png'
00:05.281  render           | Saved: 'C:\Users\matma\Documents\Rozwój gier\lockstate-classroom-student-chair-model-20261003\public\assets\environment\oblique\furniture.classroom.student-chair-yaw+240-elev60.render.png'
00:05.343  render           | Saved: 'C:\Users\matma\Documents\Rozwój gier\lockstate-classroom-student-chair-model-20261003\public\assets\environment\oblique\furniture.classroom.student-chair-yaw+240-elev70.render.png'
00:05.421  render           | Saved: 'C:\Users\matma\Documents\Rozwój gier\lockstate-classroom-student-chair-model-20261003\public\assets\environment\oblique\furniture.classroom.student-chair-yaw+270-elev20.render.png'
00:05.484  render           | Saved: 'C:\Users\matma\Documents\Rozwój gier\lockstate-classroom-student-chair-model-20261003\public\assets\environment\oblique\furniture.classroom.student-chair-yaw+270-elev30.render.png'
00:05.562  render           | Saved: 'C:\Users\matma\Documents\Rozwój gier\lockstate-classroom-student-chair-model-20261003\public\assets\environment\oblique\furniture.classroom.student-chair-yaw+270-elev40.render.png'
00:05.640  render           | Saved: 'C:\Users\matma\Documents\Rozwój gier\lockstate-classroom-student-chair-model-20261003\public\assets\environment\oblique\furniture.classroom.student-chair-yaw+270-elev50.render.png'
00:05.703  render           | Saved: 'C:\Users\matma\Documents\Rozwój gier\lockstate-classroom-student-chair-model-20261003\public\assets\environment\oblique\furniture.classroom.student-chair-yaw+270-elev60.render.png'
00:05.781  render           | Saved: 'C:\Users\matma\Documents\Rozwój gier\lockstate-classroom-student-chair-model-20261003\public\assets\environment\oblique\furniture.classroom.student-chair-yaw+270-elev70.render.png'
00:05.859  render           | Saved: 'C:\Users\matma\Documents\Rozwój gier\lockstate-classroom-student-chair-model-20261003\public\assets\environment\oblique\furniture.classroom.student-chair-yaw+300-elev20.render.png'
00:05.937  render           | Saved: 'C:\Users\matma\Documents\Rozwój gier\lockstate-classroom-student-chair-model-20261003\public\assets\environment\oblique\furniture.classroom.student-chair-yaw+300-elev30.render.png'
00:06.000  render           | Saved: 'C:\Users\matma\Documents\Rozwój gier\lockstate-classroom-student-chair-model-20261003\public\assets\environment\oblique\furniture.classroom.student-chair-yaw+300-elev40.render.png'
00:06.078  render           | Saved: 'C:\Users\matma\Documents\Rozwój gier\lockstate-classroom-student-chair-model-20261003\public\assets\environment\oblique\furniture.classroom.student-chair-yaw+300-elev50.render.png'
00:06.156  render           | Saved: 'C:\Users\matma\Documents\Rozwój gier\lockstate-classroom-student-chair-model-20261003\public\assets\environment\oblique\furniture.classroom.student-chair-yaw+300-elev60.render.png'
00:06.218  render           | Saved: 'C:\Users\matma\Documents\Rozwój gier\lockstate-classroom-student-chair-model-20261003\public\assets\environment\oblique\furniture.classroom.student-chair-yaw+300-elev70.render.png'
00:06.296  render           | Saved: 'C:\Users\matma\Documents\Rozwój gier\lockstate-classroom-student-chair-model-20261003\public\assets\environment\oblique\furniture.classroom.student-chair-yaw+330-elev20.render.png'
00:06.375  render           | Saved: 'C:\Users\matma\Documents\Rozwój gier\lockstate-classroom-student-chair-model-20261003\public\assets\environment\oblique\furniture.classroom.student-chair-yaw+330-elev30.render.png'
00:06.453  render           | Saved: 'C:\Users\matma\Documents\Rozwój gier\lockstate-classroom-student-chair-model-20261003\public\assets\environment\oblique\furniture.classroom.student-chair-yaw+330-elev40.render.png'
00:06.531  render           | Saved: 'C:\Users\matma\Documents\Rozwój gier\lockstate-classroom-student-chair-model-20261003\public\assets\environment\oblique\furniture.classroom.student-chair-yaw+330-elev50.render.png'
00:06.609  render           | Saved: 'C:\Users\matma\Documents\Rozwój gier\lockstate-classroom-student-chair-model-20261003\public\assets\environment\oblique\furniture.classroom.student-chair-yaw+330-elev60.render.png'
00:06.687  render           | Saved: 'C:\Users\matma\Documents\Rozwój gier\lockstate-classroom-student-chair-model-20261003\public\assets\environment\oblique\furniture.classroom.student-chair-yaw+330-elev70.render.png'
CLASSROOM_STUDENT_CHAIR_CANONICAL_72_GREEN original camera/palette/settings unchanged
Blender 5.2.1 LTS (hash 9e2066aef7ef built 2026-08-25 02:38:20)

Blender quit
