blender.exe : C:\Users\matma\Documents\Rozwój gier\lockstate-structural-component-art-audit-20261003\tooling\blender\re
nder-interior-north-door-oblique.py:124: DeprecationWarning: 'World.use_nodes' is expected to be removed in Blender 6.0
At line:2 char:237
+ ... da11a.png'; & 'C:\Program Files\Blender Foundation\Blender 5.2\blende ...
+                 ~~~~~~~~~~~~~~~~~~~~~~~~~~~~~~~~~~~~~~~~~~~~~~~~~~~~~~~~~
    + CategoryInfo          : NotSpecified: (C:\Users\matma\... in Blender 6.0:String) [], RemoteException
    + FullyQualifiedErrorId : NativeCommandError

  world.use_nodes = True
NORTH_DOOR_RETAINED_ASSEMBLY_GREEN 29 meshes 10 material graphs [{"partA": "Hinge barrel 0.38", "partB": "door metal reveal -1", "actualTriangleInteriorWitness": [-0.36899998784065247, -0.009829824790358543, 0.3799999952316284]}, {"partA": "Hinge barrel 1.89", "partB": "door metal reveal -1", "actualTriangleInteriorWitness": [-0.36899998784065247, -0.009829824790358543, 1.8899999856948853]}]
00:01.750  render           | Saved: 'C:\Users\matma\Documents\Rozwój gier\lockstate-structural-component-art-audit-20261003\public\assets\environment\oblique\cell-door-open-yaw-180-elev25.staging.png'
00:02.141  render           | Saved: 'C:\Users\matma\Documents\Rozwój gier\lockstate-structural-component-art-audit-20261003\public\assets\environment\oblique\cell-door-open-yaw-180-elev45.staging.png'
00:02.531  render           | Saved: 'C:\Users\matma\Documents\Rozwój gier\lockstate-structural-component-art-audit-20261003\public\assets\environment\oblique\cell-door-open-yaw-180-elev65.staging.png'
00:02.922  render           | Saved: 'C:\Users\matma\Documents\Rozwój gier\lockstate-structural-component-art-audit-20261003\public\assets\environment\oblique\cell-door-open-yaw-165-elev25.staging.png'
00:03.328  render           | Saved: 'C:\Users\matma\Documents\Rozwój gier\lockstate-structural-component-art-audit-20261003\public\assets\environment\oblique\cell-door-open-yaw-165-elev45.staging.png'
00:03.719  render           | Saved: 'C:\Users\matma\Documents\Rozwój gier\lockstate-structural-component-art-audit-20261003\public\assets\environment\oblique\cell-door-open-yaw-165-elev65.staging.png'
00:04.109  render           | Saved: 'C:\Users\matma\Documents\Rozwój gier\lockstate-structural-component-art-audit-20261003\public\assets\environment\oblique\cell-door-open-yaw-150-elev25.staging.png'
00:04.500  render           | Saved: 'C:\Users\matma\Documents\Rozwój gier\lockstate-structural-component-art-audit-20261003\public\assets\environment\oblique\cell-door-open-yaw-150-elev45.staging.png'
00:04.906  render           | Saved: 'C:\Users\matma\Documents\Rozwój gier\lockstate-structural-component-art-audit-20261003\public\assets\environment\oblique\cell-door-open-yaw-150-elev65.staging.png'
00:05.297  render           | Saved: 'C:\Users\matma\Documents\Rozwój gier\lockstate-structural-component-art-audit-20261003\public\assets\environment\oblique\cell-door-open-yaw-135-elev25.staging.png'
00:05.703  render           | Saved: 'C:\Users\matma\Documents\Rozwój gier\lockstate-structural-component-art-audit-20261003\public\assets\environment\oblique\cell-door-open-yaw-135-elev45.staging.png'
00:06.094  render           | Saved: 'C:\Users\matma\Documents\Rozwój gier\lockstate-structural-component-art-audit-20261003\public\assets\environment\oblique\cell-door-open-yaw-135-elev65.staging.png'
00:06.484  render           | Saved: 'C:\Users\matma\Documents\Rozwój gier\lockstate-structural-component-art-audit-20261003\public\assets\environment\oblique\cell-door-open-yaw-120-elev25.staging.png'
00:06.891  render           | Saved: 'C:\Users\matma\Documents\Rozwój gier\lockstate-structural-component-art-audit-20261003\public\assets\environment\oblique\cell-door-open-yaw-120-elev45.staging.png'
00:07.281  render           | Saved: 'C:\Users\matma\Documents\Rozwój gier\lockstate-structural-component-art-audit-20261003\public\assets\environment\oblique\cell-door-open-yaw-120-elev65.staging.png'
00:07.672  render           | Saved: 'C:\Users\matma\Documents\Rozwój gier\lockstate-structural-component-art-audit-20261003\public\assets\environment\oblique\cell-door-open-yaw-105-elev25.staging.png'
00:08.062  render           | Saved: 'C:\Users\matma\Documents\Rozwój gier\lockstate-structural-component-art-audit-20261003\public\assets\environment\oblique\cell-door-open-yaw-105-elev45.staging.png'
00:08.453  render           | Saved: 'C:\Users\matma\Documents\Rozwój gier\lockstate-structural-component-art-audit-20261003\public\assets\environment\oblique\cell-door-open-yaw-105-elev65.staging.png'
00:08.844  render           | Saved: 'C:\Users\matma\Documents\Rozwój gier\lockstate-structural-component-art-audit-20261003\public\assets\environment\oblique\cell-door-open-yaw-90-elev25.staging.png'
00:09.234  render           | Saved: 'C:\Users\matma\Documents\Rozwój gier\lockstate-structural-component-art-audit-20261003\public\assets\environment\oblique\cell-door-open-yaw-90-elev45.staging.png'
00:09.625  render           | Saved: 'C:\Users\matma\Documents\Rozwój gier\lockstate-structural-component-art-audit-20261003\public\assets\environment\oblique\cell-door-open-yaw-90-elev65.staging.png'
00:10.031  render           | Saved: 'C:\Users\matma\Documents\Rozwój gier\lockstate-structural-component-art-audit-20261003\public\assets\environment\oblique\cell-door-open-yaw-75-elev25.staging.png'
00:10.422  render           | Saved: 'C:\Users\matma\Documents\Rozwój gier\lockstate-structural-component-art-audit-20261003\public\assets\environment\oblique\cell-door-open-yaw-75-elev45.staging.png'
00:10.812  render           | Saved: 'C:\Users\matma\Documents\Rozwój gier\lockstate-structural-component-art-audit-20261003\public\assets\environment\oblique\cell-door-open-yaw-75-elev65.staging.png'
00:11.187  render           | Saved: 'C:\Users\matma\Documents\Rozwój gier\lockstate-structural-component-art-audit-20261003\public\assets\environment\oblique\cell-door-open-yaw-60-elev25.staging.png'
00:11.594  render           | Saved: 'C:\Users\matma\Documents\Rozwój gier\lockstate-structural-component-art-audit-20261003\public\assets\environment\oblique\cell-door-open-yaw-60-elev45.staging.png'
00:11.984  render           | Saved: 'C:\Users\matma\Documents\Rozwój gier\lockstate-structural-component-art-audit-20261003\public\assets\environment\oblique\cell-door-open-yaw-60-elev65.staging.png'
00:12.375  render           | Saved: 'C:\Users\matma\Documents\Rozwój gier\lockstate-structural-component-art-audit-20261003\public\assets\environment\oblique\cell-door-open-yaw-45-elev25.staging.png'
00:12.781  render           | Saved: 'C:\Users\matma\Documents\Rozwój gier\lockstate-structural-component-art-audit-20261003\public\assets\environment\oblique\cell-door-open-yaw-45-elev45.staging.png'
00:13.187  render           | Saved: 'C:\Users\matma\Documents\Rozwój gier\lockstate-structural-component-art-audit-20261003\public\assets\environment\oblique\cell-door-open-yaw-45-elev65.staging.png'
00:13.578  render           | Saved: 'C:\Users\matma\Documents\Rozwój gier\lockstate-structural-component-art-audit-20261003\public\assets\environment\oblique\cell-door-open-yaw-30-elev25.staging.png'
00:13.969  render           | Saved: 'C:\Users\matma\Documents\Rozwój gier\lockstate-structural-component-art-audit-20261003\public\assets\environment\oblique\cell-door-open-yaw-30-elev45.staging.png'
00:14.375  render           | Saved: 'C:\Users\matma\Documents\Rozwój gier\lockstate-structural-component-art-audit-20261003\public\assets\environment\oblique\cell-door-open-yaw-30-elev65.staging.png'
00:14.781  render           | Saved: 'C:\Users\matma\Documents\Rozwój gier\lockstate-structural-component-art-audit-20261003\public\assets\environment\oblique\cell-door-open-yaw-15-elev25.staging.png'
00:15.172  render           | Saved: 'C:\Users\matma\Documents\Rozwój gier\lockstate-structural-component-art-audit-20261003\public\assets\environment\oblique\cell-door-open-yaw-15-elev45.staging.png'
00:15.578  render           | Saved: 'C:\Users\matma\Documents\Rozwój gier\lockstate-structural-component-art-audit-20261003\public\assets\environment\oblique\cell-door-open-yaw-15-elev65.staging.png'
00:15.984  render           | Saved: 'C:\Users\matma\Documents\Rozwój gier\lockstate-structural-component-art-audit-20261003\public\assets\environment\oblique\cell-door-open-yaw+00-elev25.staging.png'
00:16.375  render           | Saved: 'C:\Users\matma\Documents\Rozwój gier\lockstate-structural-component-art-audit-20261003\public\assets\environment\oblique\cell-door-open-yaw+00-elev45.staging.png'
00:16.781  render           | Saved: 'C:\Users\matma\Documents\Rozwój gier\lockstate-structural-component-art-audit-20261003\public\assets\environment\oblique\cell-door-open-yaw+00-elev65.staging.png'
00:17.172  render           | Saved: 'C:\Users\matma\Documents\Rozwój gier\lockstate-structural-component-art-audit-20261003\public\assets\environment\oblique\cell-door-open-yaw+15-elev25.staging.png'
00:17.562  render           | Saved: 'C:\Users\matma\Documents\Rozwój gier\lockstate-structural-component-art-audit-20261003\public\assets\environment\oblique\cell-door-open-yaw+15-elev45.staging.png'
00:17.969  render           | Saved: 'C:\Users\matma\Documents\Rozwój gier\lockstate-structural-component-art-audit-20261003\public\assets\environment\oblique\cell-door-open-yaw+15-elev65.staging.png'
00:18.359  render           | Saved: 'C:\Users\matma\Documents\Rozwój gier\lockstate-structural-component-art-audit-20261003\public\assets\environment\oblique\cell-door-open-yaw+30-elev25.staging.png'
00:18.750  render           | Saved: 'C:\Users\matma\Documents\Rozwój gier\lockstate-structural-component-art-audit-20261003\public\assets\environment\oblique\cell-door-open-yaw+30-elev45.staging.png'
00:19.141  render           | Saved: 'C:\Users\matma\Documents\Rozwój gier\lockstate-structural-component-art-audit-20261003\public\assets\environment\oblique\cell-door-open-yaw+30-elev65.staging.png'
00:19.531  render           | Saved: 'C:\Users\matma\Documents\Rozwój gier\lockstate-structural-component-art-audit-20261003\public\assets\environment\oblique\cell-door-open-yaw+45-elev25.staging.png'
00:19.922  render           | Saved: 'C:\Users\matma\Documents\Rozwój gier\lockstate-structural-component-art-audit-20261003\public\assets\environment\oblique\cell-door-open-yaw+45-elev45.staging.png'
00:20.312  render           | Saved: 'C:\Users\matma\Documents\Rozwój gier\lockstate-structural-component-art-audit-20261003\public\assets\environment\oblique\cell-door-open-yaw+45-elev65.staging.png'
00:20.703  render           | Saved: 'C:\Users\matma\Documents\Rozwój gier\lockstate-structural-component-art-audit-20261003\public\assets\environment\oblique\cell-door-open-yaw+60-elev25.staging.png'
00:21.094  render           | Saved: 'C:\Users\matma\Documents\Rozwój gier\lockstate-structural-component-art-audit-20261003\public\assets\environment\oblique\cell-door-open-yaw+60-elev45.staging.png'
00:21.484  render           | Saved: 'C:\Users\matma\Documents\Rozwój gier\lockstate-structural-component-art-audit-20261003\public\assets\environment\oblique\cell-door-open-yaw+60-elev65.staging.png'
00:21.875  render           | Saved: 'C:\Users\matma\Documents\Rozwój gier\lockstate-structural-component-art-audit-20261003\public\assets\environment\oblique\cell-door-open-yaw+75-elev25.staging.png'
00:22.266  render           | Saved: 'C:\Users\matma\Documents\Rozwój gier\lockstate-structural-component-art-audit-20261003\public\assets\environment\oblique\cell-door-open-yaw+75-elev45.staging.png'
00:22.672  render           | Saved: 'C:\Users\matma\Documents\Rozwój gier\lockstate-structural-component-art-audit-20261003\public\assets\environment\oblique\cell-door-open-yaw+75-elev65.staging.png'
00:23.078  render           | Saved: 'C:\Users\matma\Documents\Rozwój gier\lockstate-structural-component-art-audit-20261003\public\assets\environment\oblique\cell-door-open-yaw+90-elev25.staging.png'
00:23.469  render           | Saved: 'C:\Users\matma\Documents\Rozwój gier\lockstate-structural-component-art-audit-20261003\public\assets\environment\oblique\cell-door-open-yaw+90-elev45.staging.png'
00:23.859  render           | Saved: 'C:\Users\matma\Documents\Rozwój gier\lockstate-structural-component-art-audit-20261003\public\assets\environment\oblique\cell-door-open-yaw+90-elev65.staging.png'
00:24.266  render           | Saved: 'C:\Users\matma\Documents\Rozwój gier\lockstate-structural-component-art-audit-20261003\public\assets\environment\oblique\cell-door-open-yaw+105-elev25.staging.png'
00:24.656  render           | Saved: 'C:\Users\matma\Documents\Rozwój gier\lockstate-structural-component-art-audit-20261003\public\assets\environment\oblique\cell-door-open-yaw+105-elev45.staging.png'
00:25.062  render           | Saved: 'C:\Users\matma\Documents\Rozwój gier\lockstate-structural-component-art-audit-20261003\public\assets\environment\oblique\cell-door-open-yaw+105-elev65.staging.png'
00:25.469  render           | Saved: 'C:\Users\matma\Documents\Rozwój gier\lockstate-structural-component-art-audit-20261003\public\assets\environment\oblique\cell-door-open-yaw+120-elev25.staging.png'
00:25.859  render           | Saved: 'C:\Users\matma\Documents\Rozwój gier\lockstate-structural-component-art-audit-20261003\public\assets\environment\oblique\cell-door-open-yaw+120-elev45.staging.png'
00:26.266  render           | Saved: 'C:\Users\matma\Documents\Rozwój gier\lockstate-structural-component-art-audit-20261003\public\assets\environment\oblique\cell-door-open-yaw+120-elev65.staging.png'
00:26.656  render           | Saved: 'C:\Users\matma\Documents\Rozwój gier\lockstate-structural-component-art-audit-20261003\public\assets\environment\oblique\cell-door-open-yaw+135-elev25.staging.png'
00:27.047  render           | Saved: 'C:\Users\matma\Documents\Rozwój gier\lockstate-structural-component-art-audit-20261003\public\assets\environment\oblique\cell-door-open-yaw+135-elev45.staging.png'
00:27.437  render           | Saved: 'C:\Users\matma\Documents\Rozwój gier\lockstate-structural-component-art-audit-20261003\public\assets\environment\oblique\cell-door-open-yaw+135-elev65.staging.png'
00:27.844  render           | Saved: 'C:\Users\matma\Documents\Rozwój gier\lockstate-structural-component-art-audit-20261003\public\assets\environment\oblique\cell-door-open-yaw+150-elev25.staging.png'
00:28.234  render           | Saved: 'C:\Users\matma\Documents\Rozwój gier\lockstate-structural-component-art-audit-20261003\public\assets\environment\oblique\cell-door-open-yaw+150-elev45.staging.png'
00:28.625  render           | Saved: 'C:\Users\matma\Documents\Rozwój gier\lockstate-structural-component-art-audit-20261003\public\assets\environment\oblique\cell-door-open-yaw+150-elev65.staging.png'
00:29.031  render           | Saved: 'C:\Users\matma\Documents\Rozwój gier\lockstate-structural-component-art-audit-20261003\public\assets\environment\oblique\cell-door-open-yaw+165-elev25.staging.png'
00:29.422  render           | Saved: 'C:\Users\matma\Documents\Rozwój gier\lockstate-structural-component-art-audit-20261003\public\assets\environment\oblique\cell-door-open-yaw+165-elev45.staging.png'
00:29.812  render           | Saved: 'C:\Users\matma\Documents\Rozwój gier\lockstate-structural-component-art-audit-20261003\public\assets\environment\oblique\cell-door-open-yaw+165-elev65.staging.png'
NORTH_DOOR_EXPORTED_BODY_GREEN 72 genuinely decoded RGBA bodies
Blender 5.2.1 LTS (hash 9e2066aef7ef built 2026-08-25 02:38:20)

Blender quit
