
 RUN  v4.1.11 C:/Users/matma/Documents/Rozwój gier/lockstate-canteen-bench-cycles-20261004

xxxxxxxx

 Test Files  1 failed (1)
      Tests  8 failed (8)
   Start at  01:10:02
   Duration  768ms (transform 208ms, setup 0ms, import 584ms, tests 27ms, environment 0ms)


⎯⎯⎯⎯⎯⎯⎯ Failed Tests 8 ⎯⎯⎯⎯⎯⎯⎯

 FAIL  tests/unit/oblique-canteen-bench-modern-consumer.test.ts > selects genuine saved modern Canteen wooden bench q0 owner0 over its whole unchanged template footprint
 FAIL  tests/unit/oblique-canteen-bench-modern-consumer.test.ts > selects genuine saved modern Canteen wooden bench q0 owner1 over its whole unchanged template footprint
 FAIL  tests/unit/oblique-canteen-bench-modern-consumer.test.ts > selects genuine saved modern Canteen wooden bench q0 owner2 over its whole unchanged template footprint
 FAIL  tests/unit/oblique-canteen-bench-modern-consumer.test.ts > selects genuine saved modern Canteen wooden bench q0 owner3 over its whole unchanged template footprint
 FAIL  tests/unit/oblique-canteen-bench-modern-consumer.test.ts > selects genuine saved modern Canteen wooden bench q1 owner0 over its whole unchanged template footprint
 FAIL  tests/unit/oblique-canteen-bench-modern-consumer.test.ts > selects genuine saved modern Canteen wooden bench q1 owner1 over its whole unchanged template footprint
 FAIL  tests/unit/oblique-canteen-bench-modern-consumer.test.ts > selects genuine saved modern Canteen wooden bench q1 owner2 over its whole unchanged template footprint
 FAIL  tests/unit/oblique-canteen-bench-modern-consumer.test.ts > selects genuine saved modern Canteen wooden bench q1 owner3 over its whole unchanged template footprint
AssertionError: expected [] to deeply equal [ { …(2) } ]

- Expected
+ Received

- [
-   {
-     "assetId": "furniture.corridor.bench.variants",
-     "manifest": "/game-content/oblique-canteen-bench.v1.json",
-   },
- ]
+ []

 ❯ tests/unit/oblique-canteen-bench-modern-consumer.test.ts:39:69
     37|     (turns===0?2:1)*64,(turns===0?1:2)*64,1,camera).footprint);
     38|   const registry=parseObliqueModuleRegistry(JSON.parse(readFileSync(ne…
     39|   expect(registry.entries.filter(row=>row.assetId===solid.assetId)).to…
       |                                                                     ^
     40|   const catalog=parseObliqueModuleCatalog(JSON.parse(readFileSync(new …
     41|   expect(catalog.source).toBe('assets/source/blender/furniture.corrido…

⎯⎯⎯⎯⎯⎯⎯⎯⎯⎯⎯⎯⎯⎯⎯⎯⎯⎯⎯⎯⎯⎯⎯⎯[1/8]⎯
