00:01.485  blend            | Read blend: "C:\Users\matma\Documents\Rozwój gier\lockstate-canteen-bench-cycles-20261004\assets\source\blender\furniture.corridor.bench.soft-light.blend"
Blender 5.2.1 LTS (hash 9e2066aef7ef built 2026-08-25 02:38:20)

Blender quit
Traceback (most recent call last):
  File "C:\Users\matma\Documents\Rozwój gier\lockstate-canteen-bench-cycles-20261004\tooling\blender\build-wooden-bench-ground-mounts.py", line 32, in contacts
    return contact_reader.source_contacts(scene, pairs)
           ~~~~~~~~~~~~~~~~~~~~~~~~~~~~~~^^^^^^^^^^^^^^
  File "C:\Users\matma\Documents\Rozwój gier\lockstate-canteen-bench-cycles-20261004\tooling\blender\build-staff-room-padded-chair.py", line 64, in source_contacts
    raise ValueError(f'Staff Room padded chair actual contact disconnected: {first} / {second}')
ValueError: Staff Room padded chair actual contact disconnected: physical-bench.ground mounting shoe 0 / Angled support.-0.7.-0.41

The above exception was the direct cause of the following exception:

Traceback (most recent call last):
  File "C:\Users\matma\Documents\Rozwój gier\lockstate-canteen-bench-cycles-20261004\tooling\blender\render-canteen-bench-cycles.py", line 117, in <module>
    main()
    ~~~~^^
  File "C:\Users\matma\Documents\Rozwój gier\lockstate-canteen-bench-cycles-20261004\tooling\blender\render-canteen-bench-cycles.py", line 77, in main
    scene,camera = configure()
                   ~~~~~~~~~^^
  File "C:\Users\matma\Documents\Rozwój gier\lockstate-canteen-bench-cycles-20261004\tooling\blender\render-canteen-bench-cycles.py", line 37, in configure
    prepare.verify_scene(scene, scene.camera, EXPECTED)
    ~~~~~~~~~~~~~~~~~~~~^^^^^^^^^^^^^^^^^^^^^^^^^^^^^^^
  File "C:\Users\matma\Documents\Rozwój gier\lockstate-canteen-bench-cycles-20261004\tooling\blender\prepare-canteen-bench-cycles.py", line 77, in verify_scene
    source.builder.contacts(scene, ORIGINAL_RECEIPT['actualContactPairs'])
    ~~~~~~~~~~~~~~~~~~~~~~~^^^^^^^^^^^^^^^^^^^^^^^^^^^^^^^^^^^^^^^^^^^^^^^
  File "C:\Users\matma\Documents\Rozwój gier\lockstate-canteen-bench-cycles-20261004\tooling\blender\build-wooden-bench-ground-mounts.py", line 34, in contacts
    raise ValueError('Bench floor mounting shoe actual contact disconnected: ' + str(error)) from error
ValueError: Bench floor mounting shoe actual contact disconnected: Staff Room padded chair actual contact disconnected: physical-bench.ground mounting shoe 0 / Angled support.-0.7.-0.41

Error: script failed, file: 'C:\Users\matma\Documents\Rozwój gier\lockstate-canteen-bench-cycles-20261004\tooling\blender\render-canteen-bench-cycles.py', exiting.
