00:01.484  blend            | Read blend: "C:\Users\matma\Documents\Rozwój gier\lockstate-canteen-bench-cycles-20261004\assets\source\blender\furniture.corridor.bench.soft-light.blend"
00:02.781  render           | Saved: 'C:\Users\matma\Documents\Rozwój gier\lockstate-canteen-bench-cycles-20261004\public\assets\environment\oblique\furniture.corridor.bench.variants-yaw+00-elev20.render.png'
00:03.656  render           | Saved: 'C:\Users\matma\Documents\Rozwój gier\lockstate-canteen-bench-cycles-20261004\public\assets\environment\oblique\furniture.corridor.bench.variants-yaw+00-elev30.render.png'
00:04.578  render           | Saved: 'C:\Users\matma\Documents\Rozwój gier\lockstate-canteen-bench-cycles-20261004\public\assets\environment\oblique\furniture.corridor.bench.variants-yaw+00-elev40.render.png'
00:05.531  render           | Saved: 'C:\Users\matma\Documents\Rozwój gier\lockstate-canteen-bench-cycles-20261004\public\assets\environment\oblique\furniture.corridor.bench.variants-yaw+00-elev50.render.png'
00:06.515  render           | Saved: 'C:\Users\matma\Documents\Rozwój gier\lockstate-canteen-bench-cycles-20261004\public\assets\environment\oblique\furniture.corridor.bench.variants-yaw+00-elev60.render.png'
00:07.562  render           | Saved: 'C:\Users\matma\Documents\Rozwój gier\lockstate-canteen-bench-cycles-20261004\public\assets\environment\oblique\furniture.corridor.bench.variants-yaw+00-elev70.render.png'
00:08.500  render           | Saved: 'C:\Users\matma\Documents\Rozwój gier\lockstate-canteen-bench-cycles-20261004\public\assets\environment\oblique\furniture.corridor.bench.variants-yaw+30-elev20.render.png'
00:09.437  render           | Saved: 'C:\Users\matma\Documents\Rozwój gier\lockstate-canteen-bench-cycles-20261004\public\assets\environment\oblique\furniture.corridor.bench.variants-yaw+30-elev30.render.png'
00:10.406  render           | Saved: 'C:\Users\matma\Documents\Rozwój gier\lockstate-canteen-bench-cycles-20261004\public\assets\environment\oblique\furniture.corridor.bench.variants-yaw+30-elev40.render.png'
00:11.359  render           | Saved: 'C:\Users\matma\Documents\Rozwój gier\lockstate-canteen-bench-cycles-20261004\public\assets\environment\oblique\furniture.corridor.bench.variants-yaw+30-elev50.render.png'
00:12.359  render           | Saved: 'C:\Users\matma\Documents\Rozwój gier\lockstate-canteen-bench-cycles-20261004\public\assets\environment\oblique\furniture.corridor.bench.variants-yaw+30-elev60.render.png'
00:13.359  render           | Saved: 'C:\Users\matma\Documents\Rozwój gier\lockstate-canteen-bench-cycles-20261004\public\assets\environment\oblique\furniture.corridor.bench.variants-yaw+30-elev70.render.png'
00:14.219  render           | Saved: 'C:\Users\matma\Documents\Rozwój gier\lockstate-canteen-bench-cycles-20261004\public\assets\environment\oblique\furniture.corridor.bench.variants-yaw+60-elev20.render.png'
00:15.140  render           | Saved: 'C:\Users\matma\Documents\Rozwój gier\lockstate-canteen-bench-cycles-20261004\public\assets\environment\oblique\furniture.corridor.bench.variants-yaw+60-elev30.render.png'
00:16.094  render           | Saved: 'C:\Users\matma\Documents\Rozwój gier\lockstate-canteen-bench-cycles-20261004\public\assets\environment\oblique\furniture.corridor.bench.variants-yaw+60-elev40.render.png'
00:17.078  render           | Saved: 'C:\Users\matma\Documents\Rozwój gier\lockstate-canteen-bench-cycles-20261004\public\assets\environment\oblique\furniture.corridor.bench.variants-yaw+60-elev50.render.png'
00:18.094  render           | Saved: 'C:\Users\matma\Documents\Rozwój gier\lockstate-canteen-bench-cycles-20261004\public\assets\environment\oblique\furniture.corridor.bench.variants-yaw+60-elev60.render.png'
00:19.156  render           | Saved: 'C:\Users\matma\Documents\Rozwój gier\lockstate-canteen-bench-cycles-20261004\public\assets\environment\oblique\furniture.corridor.bench.variants-yaw+60-elev70.render.png'
00:19.984  render           | Saved: 'C:\Users\matma\Documents\Rozwój gier\lockstate-canteen-bench-cycles-20261004\public\assets\environment\oblique\furniture.corridor.bench.variants-yaw+90-elev20.render.png'
00:20.875  render           | Saved: 'C:\Users\matma\Documents\Rozwój gier\lockstate-canteen-bench-cycles-20261004\public\assets\environment\oblique\furniture.corridor.bench.variants-yaw+90-elev30.render.png'
00:21.844  render           | Saved: 'C:\Users\matma\Documents\Rozwój gier\lockstate-canteen-bench-cycles-20261004\public\assets\environment\oblique\furniture.corridor.bench.variants-yaw+90-elev40.render.png'
00:22.859  render           | Saved: 'C:\Users\matma\Documents\Rozwój gier\lockstate-canteen-bench-cycles-20261004\public\assets\environment\oblique\furniture.corridor.bench.variants-yaw+90-elev50.render.png'
00:23.890  render           | Saved: 'C:\Users\matma\Documents\Rozwój gier\lockstate-canteen-bench-cycles-20261004\public\assets\environment\oblique\furniture.corridor.bench.variants-yaw+90-elev60.render.png'
00:24.984  render           | Saved: 'C:\Users\matma\Documents\Rozwój gier\lockstate-canteen-bench-cycles-20261004\public\assets\environment\oblique\furniture.corridor.bench.variants-yaw+90-elev70.render.png'
00:25.906  render           | Saved: 'C:\Users\matma\Documents\Rozwój gier\lockstate-canteen-bench-cycles-20261004\public\assets\environment\oblique\furniture.corridor.bench.variants-yaw+120-elev20.render.png'
00:26.844  render           | Saved: 'C:\Users\matma\Documents\Rozwój gier\lockstate-canteen-bench-cycles-20261004\public\assets\environment\oblique\furniture.corridor.bench.variants-yaw+120-elev30.render.png'
00:27.828  render           | Saved: 'C:\Users\matma\Documents\Rozwój gier\lockstate-canteen-bench-cycles-20261004\public\assets\environment\oblique\furniture.corridor.bench.variants-yaw+120-elev40.render.png'
00:28.890  render           | Saved: 'C:\Users\matma\Documents\Rozwój gier\lockstate-canteen-bench-cycles-20261004\public\assets\environment\oblique\furniture.corridor.bench.variants-yaw+120-elev50.render.png'
00:29.906  render           | Saved: 'C:\Users\matma\Documents\Rozwój gier\lockstate-canteen-bench-cycles-20261004\public\assets\environment\oblique\furniture.corridor.bench.variants-yaw+120-elev60.render.png'
00:30.953  render           | Saved: 'C:\Users\matma\Documents\Rozwój gier\lockstate-canteen-bench-cycles-20261004\public\assets\environment\oblique\furniture.corridor.bench.variants-yaw+120-elev70.render.png'
00:31.875  render           | Saved: 'C:\Users\matma\Documents\Rozwój gier\lockstate-canteen-bench-cycles-20261004\public\assets\environment\oblique\furniture.corridor.bench.variants-yaw+150-elev20.render.png'
00:32.875  render           | Saved: 'C:\Users\matma\Documents\Rozwój gier\lockstate-canteen-bench-cycles-20261004\public\assets\environment\oblique\furniture.corridor.bench.variants-yaw+150-elev30.render.png'
00:33.859  render           | Saved: 'C:\Users\matma\Documents\Rozwój gier\lockstate-canteen-bench-cycles-20261004\public\assets\environment\oblique\furniture.corridor.bench.variants-yaw+150-elev40.render.png'
00:34.859  render           | Saved: 'C:\Users\matma\Documents\Rozwój gier\lockstate-canteen-bench-cycles-20261004\public\assets\environment\oblique\furniture.corridor.bench.variants-yaw+150-elev50.render.png'
00:35.906  render           | Saved: 'C:\Users\matma\Documents\Rozwój gier\lockstate-canteen-bench-cycles-20261004\public\assets\environment\oblique\furniture.corridor.bench.variants-yaw+150-elev60.render.png'
00:36.922  render           | Saved: 'C:\Users\matma\Documents\Rozwój gier\lockstate-canteen-bench-cycles-20261004\public\assets\environment\oblique\furniture.corridor.bench.variants-yaw+150-elev70.render.png'
00:37.844  render           | Saved: 'C:\Users\matma\Documents\Rozwój gier\lockstate-canteen-bench-cycles-20261004\public\assets\environment\oblique\furniture.corridor.bench.variants-yaw+180-elev20.render.png'
00:38.765  render           | Saved: 'C:\Users\matma\Documents\Rozwój gier\lockstate-canteen-bench-cycles-20261004\public\assets\environment\oblique\furniture.corridor.bench.variants-yaw+180-elev30.render.png'
00:39.625  render           | Saved: 'C:\Users\matma\Documents\Rozwój gier\lockstate-canteen-bench-cycles-20261004\public\assets\environment\oblique\furniture.corridor.bench.variants-yaw+180-elev40.render.png'
00:40.500  render           | Saved: 'C:\Users\matma\Documents\Rozwój gier\lockstate-canteen-bench-cycles-20261004\public\assets\environment\oblique\furniture.corridor.bench.variants-yaw+180-elev50.render.png'
00:41.406  render           | Saved: 'C:\Users\matma\Documents\Rozwój gier\lockstate-canteen-bench-cycles-20261004\public\assets\environment\oblique\furniture.corridor.bench.variants-yaw+180-elev60.render.png'
00:42.297  render           | Saved: 'C:\Users\matma\Documents\Rozwój gier\lockstate-canteen-bench-cycles-20261004\public\assets\environment\oblique\furniture.corridor.bench.variants-yaw+180-elev70.render.png'
00:43.094  render           | Saved: 'C:\Users\matma\Documents\Rozwój gier\lockstate-canteen-bench-cycles-20261004\public\assets\environment\oblique\furniture.corridor.bench.variants-yaw+210-elev20.render.png'
00:43.922  render           | Saved: 'C:\Users\matma\Documents\Rozwój gier\lockstate-canteen-bench-cycles-20261004\public\assets\environment\oblique\furniture.corridor.bench.variants-yaw+210-elev30.render.png'
00:44.750  render           | Saved: 'C:\Users\matma\Documents\Rozwój gier\lockstate-canteen-bench-cycles-20261004\public\assets\environment\oblique\furniture.corridor.bench.variants-yaw+210-elev40.render.png'
00:45.625  render           | Saved: 'C:\Users\matma\Documents\Rozwój gier\lockstate-canteen-bench-cycles-20261004\public\assets\environment\oblique\furniture.corridor.bench.variants-yaw+210-elev50.render.png'
00:46.484  render           | Saved: 'C:\Users\matma\Documents\Rozwój gier\lockstate-canteen-bench-cycles-20261004\public\assets\environment\oblique\furniture.corridor.bench.variants-yaw+210-elev60.render.png'
00:47.328  render           | Saved: 'C:\Users\matma\Documents\Rozwój gier\lockstate-canteen-bench-cycles-20261004\public\assets\environment\oblique\furniture.corridor.bench.variants-yaw+210-elev70.render.png'
00:48.078  render           | Saved: 'C:\Users\matma\Documents\Rozwój gier\lockstate-canteen-bench-cycles-20261004\public\assets\environment\oblique\furniture.corridor.bench.variants-yaw+240-elev20.render.png'
00:48.859  render           | Saved: 'C:\Users\matma\Documents\Rozwój gier\lockstate-canteen-bench-cycles-20261004\public\assets\environment\oblique\furniture.corridor.bench.variants-yaw+240-elev30.render.png'
00:49.703  render           | Saved: 'C:\Users\matma\Documents\Rozwój gier\lockstate-canteen-bench-cycles-20261004\public\assets\environment\oblique\furniture.corridor.bench.variants-yaw+240-elev40.render.png'
00:50.562  render           | Saved: 'C:\Users\matma\Documents\Rozwój gier\lockstate-canteen-bench-cycles-20261004\public\assets\environment\oblique\furniture.corridor.bench.variants-yaw+240-elev50.render.png'
00:51.453  render           | Saved: 'C:\Users\matma\Documents\Rozwój gier\lockstate-canteen-bench-cycles-20261004\public\assets\environment\oblique\furniture.corridor.bench.variants-yaw+240-elev60.render.png'
00:52.297  render           | Saved: 'C:\Users\matma\Documents\Rozwój gier\lockstate-canteen-bench-cycles-20261004\public\assets\environment\oblique\furniture.corridor.bench.variants-yaw+240-elev70.render.png'
00:52.969  render           | Saved: 'C:\Users\matma\Documents\Rozwój gier\lockstate-canteen-bench-cycles-20261004\public\assets\environment\oblique\furniture.corridor.bench.variants-yaw+270-elev20.render.png'
00:53.703  render           | Saved: 'C:\Users\matma\Documents\Rozwój gier\lockstate-canteen-bench-cycles-20261004\public\assets\environment\oblique\furniture.corridor.bench.variants-yaw+270-elev30.render.png'
00:54.515  render           | Saved: 'C:\Users\matma\Documents\Rozwój gier\lockstate-canteen-bench-cycles-20261004\public\assets\environment\oblique\furniture.corridor.bench.variants-yaw+270-elev40.render.png'
00:55.328  render           | Saved: 'C:\Users\matma\Documents\Rozwój gier\lockstate-canteen-bench-cycles-20261004\public\assets\environment\oblique\furniture.corridor.bench.variants-yaw+270-elev50.render.png'
00:56.203  render           | Saved: 'C:\Users\matma\Documents\Rozwój gier\lockstate-canteen-bench-cycles-20261004\public\assets\environment\oblique\furniture.corridor.bench.variants-yaw+270-elev60.render.png'
00:57.078  render           | Saved: 'C:\Users\matma\Documents\Rozwój gier\lockstate-canteen-bench-cycles-20261004\public\assets\environment\oblique\furniture.corridor.bench.variants-yaw+270-elev70.render.png'
00:57.812  render           | Saved: 'C:\Users\matma\Documents\Rozwój gier\lockstate-canteen-bench-cycles-20261004\public\assets\environment\oblique\furniture.corridor.bench.variants-yaw+300-elev20.render.png'
00:58.562  render           | Saved: 'C:\Users\matma\Documents\Rozwój gier\lockstate-canteen-bench-cycles-20261004\public\assets\environment\oblique\furniture.corridor.bench.variants-yaw+300-elev30.render.png'
00:59.344  render           | Saved: 'C:\Users\matma\Documents\Rozwój gier\lockstate-canteen-bench-cycles-20261004\public\assets\environment\oblique\furniture.corridor.bench.variants-yaw+300-elev40.render.png'
01:00.125  render           | Saved: 'C:\Users\matma\Documents\Rozwój gier\lockstate-canteen-bench-cycles-20261004\public\assets\environment\oblique\furniture.corridor.bench.variants-yaw+300-elev50.render.png'
01:00.953  render           | Saved: 'C:\Users\matma\Documents\Rozwój gier\lockstate-canteen-bench-cycles-20261004\public\assets\environment\oblique\furniture.corridor.bench.variants-yaw+300-elev60.render.png'
01:01.781  render           | Saved: 'C:\Users\matma\Documents\Rozwój gier\lockstate-canteen-bench-cycles-20261004\public\assets\environment\oblique\furniture.corridor.bench.variants-yaw+300-elev70.render.png'
01:02.547  render           | Saved: 'C:\Users\matma\Documents\Rozwój gier\lockstate-canteen-bench-cycles-20261004\public\assets\environment\oblique\furniture.corridor.bench.variants-yaw+330-elev20.render.png'
01:03.344  render           | Saved: 'C:\Users\matma\Documents\Rozwój gier\lockstate-canteen-bench-cycles-20261004\public\assets\environment\oblique\furniture.corridor.bench.variants-yaw+330-elev30.render.png'
01:04.156  render           | Saved: 'C:\Users\matma\Documents\Rozwój gier\lockstate-canteen-bench-cycles-20261004\public\assets\environment\oblique\furniture.corridor.bench.variants-yaw+330-elev40.render.png'
01:04.969  render           | Saved: 'C:\Users\matma\Documents\Rozwój gier\lockstate-canteen-bench-cycles-20261004\public\assets\environment\oblique\furniture.corridor.bench.variants-yaw+330-elev50.render.png'
01:05.781  render           | Saved: 'C:\Users\matma\Documents\Rozwój gier\lockstate-canteen-bench-cycles-20261004\public\assets\environment\oblique\furniture.corridor.bench.variants-yaw+330-elev60.render.png'
01:06.609  render           | Saved: 'C:\Users\matma\Documents\Rozwój gier\lockstate-canteen-bench-cycles-20261004\public\assets\environment\oblique\furniture.corridor.bench.variants-yaw+330-elev70.render.png'
rendered 72 verified poses: C:\Users\matma\Documents\Rozwój gier\lockstate-canteen-bench-cycles-20261004\public\game-content\oblique-canteen-bench.v1.json
CANTEEN_BENCH_CYCLES_EXPORT72_DECODED_GREEN
Blender 5.2.1 LTS (hash 9e2066aef7ef built 2026-08-25 02:38:20)

Blender quit
