
 RUN  v4.1.11 C:/Users/matma/Documents/Rozwój gier/lockstate-canteen-bench-cycles-20261004

xxxxxxxx

 Test Files  1 failed (1)
      Tests  8 failed (8)
   Start at  01:10:00
   Duration  766ms (transform 204ms, setup 0ms, import 585ms, tests 27ms, environment 0ms)


⎯⎯⎯⎯⎯⎯⎯ Failed Tests 8 ⎯⎯⎯⎯⎯⎯⎯

 FAIL  tests/unit/oblique-canteen-bench-modern-consumer.test.ts > selects genuine saved modern Canteen wooden bench q0 owner0 over its whole unchanged template footprint
 FAIL  tests/unit/oblique-canteen-bench-modern-consumer.test.ts > selects genuine saved modern Canteen wooden bench q0 owner1 over its whole unchanged template footprint
 FAIL  tests/unit/oblique-canteen-bench-modern-consumer.test.ts > selects genuine saved modern Canteen wooden bench q0 owner2 over its whole unchanged template footprint
 FAIL  tests/unit/oblique-canteen-bench-modern-consumer.test.ts > selects genuine saved modern Canteen wooden bench q0 owner3 over its whole unchanged template footprint
 FAIL  tests/unit/oblique-canteen-bench-modern-consumer.test.ts > selects genuine saved modern Canteen wooden bench q1 owner0 over its whole unchanged template footprint
 FAIL  tests/unit/oblique-canteen-bench-modern-consumer.test.ts > selects genuine saved modern Canteen wooden bench q1 owner1 over its whole unchanged template footprint
 FAIL  tests/unit/oblique-canteen-bench-modern-consumer.test.ts > selects genuine saved modern Canteen wooden bench q1 owner2 over its whole unchanged template footprint
 FAIL  tests/unit/oblique-canteen-bench-modern-consumer.test.ts > selects genuine saved modern Canteen wooden bench q1 owner3 over its whole unchanged template footprint
AssertionError: expected 'assets/source/blender/furniture.corri…' to be 'assets/source/blender/furniture.corri…' // Object.is equality

Expected: "assets/source/blender/furniture.corridor.bench.soft-light.blend"
Received: "assets/source/blender/furniture.corridor.bench.grounded-detail.blend"

 ❯ tests/unit/oblique-canteen-bench-modern-consumer.test.ts:41:26
     39|   expect(registry.entries.filter(row=>row.assetId===solid.assetId)).to…
     40|   const catalog=parseObliqueModuleCatalog(JSON.parse(readFileSync(new …
     41|   expect(catalog.source).toBe('assets/source/blender/furniture.corrido…
       |                          ^
     42|   expect(catalog.sourceSha256).toBe('b4e5ca9317c74e0f8182937658c0a3f70…
     43|   const selected=selectObliqueModuleFrame(catalog,{yawRadians:solid.as…

⎯⎯⎯⎯⎯⎯⎯⎯⎯⎯⎯⎯⎯⎯⎯⎯⎯⎯⎯⎯⎯⎯⎯⎯[1/8]⎯
