
 RUN  v4.1.11 C:/Users/matma/Documents/Rozwój gier/lockstate-cell-cot-material-observer-20261004

 ❯ tests/unit/cell-cot-material-observer.test.ts (10 tests | 8 failed) 129ms
     × preserves immutable21d actual q0 old72 RED and recognizes1033 source-colored pixels above the unchanged700 floor 89ms
     × rejects all genuine whole-body frames in oblique-floor-cell.v1.json 2ms
     × rejects all genuine whole-body frames in oblique-square-brick-full-wall.v1.json 5ms
     × rejects all genuine whole-body frames in oblique-wall-cutaway.v1.json 5ms
     × rejects all genuine whole-body frames in oblique-cell-bed.v1.json 5ms
     × rejects all genuine whole-body frames in oblique-reception-employee-desk.v1.json 5ms
     × rejects all genuine whole-body frames in oblique-furniture-office-desk-generic.v1.json 2ms
     × rejects actual unrotated Cell floor source art and an out-of-image ROI 2ms

⎯⎯⎯⎯⎯⎯⎯ Failed Tests 8 ⎯⎯⎯⎯⎯⎯⎯

 FAIL  tests/unit/cell-cot-material-observer.test.ts > retained Cot material observer: source-derived exact colors, original native ROI and floor > preserves immutable21d actual q0 old72 RED and recognizes1033 source-colored pixels above the unchanged700 floor
AssertionError: expected 3750 to be 1033 // Object.is equality

- Expected
+ Received

- 1033
+ 3750

 ❯ tests/unit/cell-cot-material-observer.test.ts:77:44
     75|     const evidence=cotBlanketMaterialEvidence(png);
     76|     expect(evidence.originalOchreRangePixels).toBe(72);expect(evidence…
     77|     expect(evidence.authoredBlanketPixels).toBe(1033);expect(evidence.…
       |                                            ^
     78|     expect(evidence.projectedGraphiteRgbPixels).toBe(19);expect(eviden…
     79|   });

⎯⎯⎯⎯⎯⎯⎯⎯⎯⎯⎯⎯⎯⎯⎯⎯⎯⎯⎯⎯⎯⎯⎯⎯[1/8]⎯

 FAIL  tests/unit/cell-cot-material-observer.test.ts > retained Cot material observer: source-derived exact colors, original native ROI and floor > rejects all genuine whole-body frames in oblique-floor-cell.v1.json
AssertionError: /assets/environment/oblique/floor-cell-yaw-180-elev25.e245f2214cd6.png: expected 1860 to be +0 // Object.is equality

- Expected
+ Received

- 0
+ 1860

 ❯ tests/unit/cell-cot-material-observer.test.ts:89:93
     87|       const png=bytes(`public${frame.image}`);expect(sha(png),frame.im…
     88|       const bitmap=decodeStaffMaterialPng(png);
     89|       expect(cotAuthoredBlanketPixels(bitmap,[0,0,bitmap.width,bitmap.…
       |                                                                                             ^
     90|     }
     91|   });

⎯⎯⎯⎯⎯⎯⎯⎯⎯⎯⎯⎯⎯⎯⎯⎯⎯⎯⎯⎯⎯⎯⎯⎯[2/8]⎯

 FAIL  tests/unit/cell-cot-material-observer.test.ts > retained Cot material observer: source-derived exact colors, original native ROI and floor > rejects all genuine whole-body frames in oblique-square-brick-full-wall.v1.json
AssertionError: /assets/environment/oblique/square-brick-full-wall-yaw-180-elev25.08bee01f8f1d.png: expected 4204 to be +0 // Object.is equality

- Expected
+ Received

- 0
+ 4204

 ❯ tests/unit/cell-cot-material-observer.test.ts:89:93
     87|       const png=bytes(`public${frame.image}`);expect(sha(png),frame.im…
     88|       const bitmap=decodeStaffMaterialPng(png);
     89|       expect(cotAuthoredBlanketPixels(bitmap,[0,0,bitmap.width,bitmap.…
       |                                                                                             ^
     90|     }
     91|   });

⎯⎯⎯⎯⎯⎯⎯⎯⎯⎯⎯⎯⎯⎯⎯⎯⎯⎯⎯⎯⎯⎯⎯⎯[3/8]⎯

 FAIL  tests/unit/cell-cot-material-observer.test.ts > retained Cot material observer: source-derived exact colors, original native ROI and floor > rejects all genuine whole-body frames in oblique-wall-cutaway.v1.json
AssertionError: /assets/environment/oblique/wall-module-cutaway-yaw-180-elev25.8a18ac3a4965.png: expected 2480 to be +0 // Object.is equality

- Expected
+ Received

- 0
+ 2480

 ❯ tests/unit/cell-cot-material-observer.test.ts:89:93
     87|       const png=bytes(`public${frame.image}`);expect(sha(png),frame.im…
     88|       const bitmap=decodeStaffMaterialPng(png);
     89|       expect(cotAuthoredBlanketPixels(bitmap,[0,0,bitmap.width,bitmap.…
       |                                                                                             ^
     90|     }
     91|   });

⎯⎯⎯⎯⎯⎯⎯⎯⎯⎯⎯⎯⎯⎯⎯⎯⎯⎯⎯⎯⎯⎯⎯⎯[4/8]⎯

 FAIL  tests/unit/cell-cot-material-observer.test.ts > retained Cot material observer: source-derived exact colors, original native ROI and floor > rejects all genuine whole-body frames in oblique-cell-bed.v1.json
AssertionError: /assets/environment/oblique/cell-bed-yaw-45-elev25.c106e7f3c86c.png: expected 4940 to be +0 // Object.is equality

- Expected
+ Received

- 0
+ 4940

 ❯ tests/unit/cell-cot-material-observer.test.ts:89:93
     87|       const png=bytes(`public${frame.image}`);expect(sha(png),frame.im…
     88|       const bitmap=decodeStaffMaterialPng(png);
     89|       expect(cotAuthoredBlanketPixels(bitmap,[0,0,bitmap.width,bitmap.…
       |                                                                                             ^
     90|     }
     91|   });

⎯⎯⎯⎯⎯⎯⎯⎯⎯⎯⎯⎯⎯⎯⎯⎯⎯⎯⎯⎯⎯⎯⎯⎯[5/8]⎯

 FAIL  tests/unit/cell-cot-material-observer.test.ts > retained Cot material observer: source-derived exact colors, original native ROI and floor > rejects all genuine whole-body frames in oblique-reception-employee-desk.v1.json
AssertionError: /assets/environment/oblique/furniture.office.desk.employee.variants-yaw+00-elev20.14b7d133262a.png: expected 3946 to be +0 // Object.is equality

- Expected
+ Received

- 0
+ 3946

 ❯ tests/unit/cell-cot-material-observer.test.ts:89:93
     87|       const png=bytes(`public${frame.image}`);expect(sha(png),frame.im…
     88|       const bitmap=decodeStaffMaterialPng(png);
     89|       expect(cotAuthoredBlanketPixels(bitmap,[0,0,bitmap.width,bitmap.…
       |                                                                                             ^
     90|     }
     91|   });

⎯⎯⎯⎯⎯⎯⎯⎯⎯⎯⎯⎯⎯⎯⎯⎯⎯⎯⎯⎯⎯⎯⎯⎯[6/8]⎯

 FAIL  tests/unit/cell-cot-material-observer.test.ts > retained Cot material observer: source-derived exact colors, original native ROI and floor > rejects all genuine whole-body frames in oblique-furniture-office-desk-generic.v1.json
AssertionError: /assets/environment/oblique/furniture.office.desk.generic-yaw+00-elev20.8114f2826c80.png: expected 4309 to be +0 // Object.is equality

- Expected
+ Received

- 0
+ 4309

 ❯ tests/unit/cell-cot-material-observer.test.ts:89:93
     87|       const png=bytes(`public${frame.image}`);expect(sha(png),frame.im…
     88|       const bitmap=decodeStaffMaterialPng(png);
     89|       expect(cotAuthoredBlanketPixels(bitmap,[0,0,bitmap.width,bitmap.…
       |                                                                                             ^
     90|     }
     91|   });

⎯⎯⎯⎯⎯⎯⎯⎯⎯⎯⎯⎯⎯⎯⎯⎯⎯⎯⎯⎯⎯⎯⎯⎯[7/8]⎯

 FAIL  tests/unit/cell-cot-material-observer.test.ts > retained Cot material observer: source-derived exact colors, original native ROI and floor > rejects actual unrotated Cell floor source art and an out-of-image ROI
AssertionError: expected 65025 to be +0 // Object.is equality

- Expected
+ Received

- 0
+ 65025

 ❯ tests/unit/cell-cot-material-observer.test.ts:94:79
     92|   it('rejects actual unrotated Cell floor source art and an out-of-ima…
     93|     const bitmap=decodeStaffMaterialPng(bytes('public/game-content/sou…
     94|     expect(cotAuthoredBlanketPixels(bitmap,[0,0,bitmap.width,bitmap.he…
       |                                                                               ^
     95|     expect(()=>cotAuthoredBlanketPixels(bitmap,COT_BLANKET_ROI)).toThr…
     96|   });

⎯⎯⎯⎯⎯⎯⎯⎯⎯⎯⎯⎯⎯⎯⎯⎯⎯⎯⎯⎯⎯⎯⎯⎯[8/8]⎯


 Test Files  1 failed (1)
      Tests  8 failed | 2 passed (10)
   Start at  01:35:58
   Duration  374ms (transform 41ms, setup 0ms, import 126ms, tests 129ms, environment 0ms)
