
 RUN  v4.1.11 C:/Users/matma/Documents/Rozwój gier/lockstate-native-small-prison-showcase-prep-20261003

 ❯ tests/integration/native-small-prison-showcase.test.ts (1 test | 1 failed) 8ms
   × builds the literal four-cell prison within 25k and retains the whole stopped save 7ms

 Test Files  1 failed (1)
      Tests  1 failed (1)
   Start at  11:57:15
   Duration  2.62s (transform 839ms, setup 0ms, import 2.50s, tests 8ms, environment 0ms)

[ELIFECYCLE] Test failed. See above for more details.
$ vitest run "tests/integration/native-small-prison-showcase.test.ts"

⎯⎯⎯⎯⎯⎯⎯ Failed Tests 1 ⎯⎯⎯⎯⎯⎯⎯

 FAIL  tests/integration/native-small-prison-showcase.test.ts > builds the literal four-cell prison within 25k and retains the whole stopped save
AssertionError: expected 24999 to be 25000 // Object.is equality

- Expected
+ Received

- 25000
+ 24999

 ❯ tests/integration/native-small-prison-showcase.test.ts:21:46
     19| it('builds the literal four-cell prison within 25k and retains the who…
     20|   const runtime = createNewSimulationRuntime(73);
     21|   expect(runtime.treasury.balanceMinorUnits).toBe(25_000);
       |                                              ^
     22|   let elapsedTicks = 0;
     23|   for (const [index, plan] of SMALL_PRISON_PLANS.entries()) {

⎯⎯⎯⎯⎯⎯⎯⎯⎯⎯⎯⎯⎯⎯⎯⎯⎯⎯⎯⎯⎯⎯⎯⎯[1/1]⎯

