
 RUN  v4.1.11 C:/Users/matma/Documents/Rozwój gier/lockstate-native-small-prison-showcase-prep-20261003

 ❯ tests/integration/native-small-prison-showcase.test.ts (1 test | 1 failed) 70ms
   × builds the literal four-cell prison within 25k and retains the whole stopped save 69ms

 Test Files  1 failed (1)
      Tests  1 failed (1)
   Start at  11:40:12
   Duration  2.33s (transform 807ms, setup 0ms, import 2.14s, tests 70ms, environment 0ms)

[ELIFECYCLE] Test failed. See above for more details.
$ vitest run "tests/integration/native-small-prison-showcase.test.ts"

⎯⎯⎯⎯⎯⎯⎯ Failed Tests 1 ⎯⎯⎯⎯⎯⎯⎯

 FAIL  tests/integration/native-small-prison-showcase.test.ts > builds the literal four-cell prison within 25k and retains the whole stopped save
AssertionError: expected { placedObjectId: 'object:6:6', …(3) } to deeply equal { placedObjectId: 'object:6:6', …(4) }

- Expected
+ Received

@@ -4,7 +4,6 @@
      "y": 6,
    },
    "objectId": "object.storage-rack",
    "orientation": 0,
    "placedObjectId": "object:6:6",
-   "sourceOrderId": "room-template-000000000000-2-object-000",
  }

 ❯ tests/integration/native-small-prison-showcase.test.ts:53:102
     51|     for (const [gesture, fixture, definitionId, objectId, x, y, orient…
     52|       const id = showcaseOwnerId(gesture, fixture);
     53|       expect(runtime.placedObjects.getSnapshot().find(o => o.placedObj…
       |                                                                                                      ^
     54|         placedObjectId: `object:${x}:${y}`, objectId, anchorTile: { x,…
     55|       });

⎯⎯⎯⎯⎯⎯⎯⎯⎯⎯⎯⎯⎯⎯⎯⎯⎯⎯⎯⎯⎯⎯⎯⎯[1/1]⎯

