00:01.141  blend            | Read blend: "C:\Users\matma\Documents\Rozwój gier\lockstate-canteen-table-cycles-20261004\assets\source\blender\furniture.canteen.dining-table.soft-light.blend"
Blender 5.2.1 LTS (hash 9e2066aef7ef built 2026-08-25 02:38:20)

Blender quit
Traceback (most recent call last):
  File "C:\Users\matma\Documents\Rozwój gier\lockstate-canteen-table-cycles-20261004\tooling\blender\render-canteen-dining-table-cycles.py", line 116, in <module>
    main()
    ~~~~^^
  File "C:\Users\matma\Documents\Rozwój gier\lockstate-canteen-table-cycles-20261004\tooling\blender\render-canteen-dining-table-cycles.py", line 76, in main
    scene,camera = configure()
                   ~~~~~~~~~^^
  File "C:\Users\matma\Documents\Rozwój gier\lockstate-canteen-table-cycles-20261004\tooling\blender\render-canteen-dining-table-cycles.py", line 37, in configure
    prepare.verify_scene(scene, scene.camera, EXPECTED)
    ~~~~~~~~~~~~~~~~~~~~^^^^^^^^^^^^^^^^^^^^^^^^^^^^^^^
  File "C:\Users\matma\Documents\Rozwój gier\lockstate-canteen-table-cycles-20261004\tooling\blender\prepare-canteen-dining-table-cycles.py", line 76, in verify_scene
    audit.actual_triangle_contacts(scene, ORIGINAL_RECEIPT['actualContactTargets'])
    ~~~~~~~~~~~~~~~~~~~~~~~~~~~~~~^^^^^^^^^^^^^^^^^^^^^^^^^^^^^^^^^^^^^^^^^^^^^^^^^
  File "C:\Users\matma\Documents\Rozwój gier\lockstate-canteen-table-cycles-20261004\tooling\blender\refine-canteen-dining-table-detail.py", line 167, in actual_triangle_contacts
    if zhigh-zlow<=1e-5 or not inside(shoe,point) or not inside(name,point):raise ValueError('Dining mounting shoe lacks real triangle-interior contact: '+shoe+' / '+name)
                                                                            ^^^^^^^^^^^^^^^^^^^^^^^^^^^^^^^^^^^^^^^^^^^^^^^^^^^^^^^^^^^^^^^^^^^^^^^^^^^^^^^^^^^^^^^^^^^^^^^
ValueError: Dining mounting shoe lacks real triangle-interior contact: physical-canteen-dining-table.rail-to-post arm 0 / Stool support rail

Error: script failed, file: 'C:\Users\matma\Documents\Rozwój gier\lockstate-canteen-table-cycles-20261004\tooling\blender\render-canteen-dining-table-cycles.py', exiting.
