
 RUN  v4.1.11 C:/Users/matma/Documents/Rozwój gier/lockstate-canteen-table-cycles-20261004

xxxx

 Test Files  1 failed (1)
      Tests  4 failed (4)
   Start at  00:52:26
   Duration  645ms (transform 170ms, setup 0ms, import 505ms, tests 18ms, environment 0ms)


⎯⎯⎯⎯⎯⎯⎯ Failed Tests 4 ⎯⎯⎯⎯⎯⎯⎯

 FAIL  tests/unit/oblique-canteen-dining-table-modern-consumer.test.ts > selects genuine saved modern Canteen dining table q0 owner0 over its whole unchanged template footprint
 FAIL  tests/unit/oblique-canteen-dining-table-modern-consumer.test.ts > selects genuine saved modern Canteen dining table q0 owner1 over its whole unchanged template footprint
 FAIL  tests/unit/oblique-canteen-dining-table-modern-consumer.test.ts > selects genuine saved modern Canteen dining table q1 owner0 over its whole unchanged template footprint
 FAIL  tests/unit/oblique-canteen-dining-table-modern-consumer.test.ts > selects genuine saved modern Canteen dining table q1 owner1 over its whole unchanged template footprint
AssertionError: expected [] to deeply equal [ { …(2) } ]

- Expected
+ Received

- [
-   {
-     "assetId": "furniture.dining.table.wooden",
-     "manifest": "/game-content/oblique-furniture.canteen-dining-table.v1.json",
-   },
- ]
+ []

 ❯ tests/unit/oblique-canteen-dining-table-modern-consumer.test.ts:39:69
     37|     (turns===0?3:2)*64,(turns===0?2:3)*64,1,camera).footprint);
     38|   const registry=parseObliqueModuleRegistry(JSON.parse(readFileSync(ne…
     39|   expect(registry.entries.filter(row=>row.assetId===solid.assetId)).to…
       |                                                                     ^
     40|   const catalog=parseObliqueModuleCatalog(JSON.parse(readFileSync(new …
     41|   expect(catalog.source).toBe('assets/source/blender/furniture.canteen…

⎯⎯⎯⎯⎯⎯⎯⎯⎯⎯⎯⎯⎯⎯⎯⎯⎯⎯⎯⎯⎯⎯⎯⎯[1/4]⎯
