00:01.125  blend            | Read blend: "C:\Users\matma\Documents\Rozwój gier\lockstate-canteen-table-cycles-20261004\assets\source\blender\furniture.canteen.dining-table.soft-light.blend"
00:02.609  render           | Saved: 'C:\Users\matma\Documents\Rozwój gier\lockstate-canteen-table-cycles-20261004\public\assets\environment\oblique\furniture.dining.table.wooden-yaw+00-elev20.render.png'
00:03.812  render           | Saved: 'C:\Users\matma\Documents\Rozwój gier\lockstate-canteen-table-cycles-20261004\public\assets\environment\oblique\furniture.dining.table.wooden-yaw+00-elev30.render.png'
00:05.203  render           | Saved: 'C:\Users\matma\Documents\Rozwój gier\lockstate-canteen-table-cycles-20261004\public\assets\environment\oblique\furniture.dining.table.wooden-yaw+00-elev40.render.png'
00:06.656  render           | Saved: 'C:\Users\matma\Documents\Rozwój gier\lockstate-canteen-table-cycles-20261004\public\assets\environment\oblique\furniture.dining.table.wooden-yaw+00-elev50.render.png'
00:08.250  render           | Saved: 'C:\Users\matma\Documents\Rozwój gier\lockstate-canteen-table-cycles-20261004\public\assets\environment\oblique\furniture.dining.table.wooden-yaw+00-elev60.render.png'
00:09.891  render           | Saved: 'C:\Users\matma\Documents\Rozwój gier\lockstate-canteen-table-cycles-20261004\public\assets\environment\oblique\furniture.dining.table.wooden-yaw+00-elev70.render.png'
00:11.078  render           | Saved: 'C:\Users\matma\Documents\Rozwój gier\lockstate-canteen-table-cycles-20261004\public\assets\environment\oblique\furniture.dining.table.wooden-yaw+30-elev20.render.png'
00:12.359  render           | Saved: 'C:\Users\matma\Documents\Rozwój gier\lockstate-canteen-table-cycles-20261004\public\assets\environment\oblique\furniture.dining.table.wooden-yaw+30-elev30.render.png'
00:13.797  render           | Saved: 'C:\Users\matma\Documents\Rozwój gier\lockstate-canteen-table-cycles-20261004\public\assets\environment\oblique\furniture.dining.table.wooden-yaw+30-elev40.render.png'
00:15.281  render           | Saved: 'C:\Users\matma\Documents\Rozwój gier\lockstate-canteen-table-cycles-20261004\public\assets\environment\oblique\furniture.dining.table.wooden-yaw+30-elev50.render.png'
00:16.906  render           | Saved: 'C:\Users\matma\Documents\Rozwój gier\lockstate-canteen-table-cycles-20261004\public\assets\environment\oblique\furniture.dining.table.wooden-yaw+30-elev60.render.png'
00:18.562  render           | Saved: 'C:\Users\matma\Documents\Rozwój gier\lockstate-canteen-table-cycles-20261004\public\assets\environment\oblique\furniture.dining.table.wooden-yaw+30-elev70.render.png'
00:19.812  render           | Saved: 'C:\Users\matma\Documents\Rozwój gier\lockstate-canteen-table-cycles-20261004\public\assets\environment\oblique\furniture.dining.table.wooden-yaw+60-elev20.render.png'
00:21.156  render           | Saved: 'C:\Users\matma\Documents\Rozwój gier\lockstate-canteen-table-cycles-20261004\public\assets\environment\oblique\furniture.dining.table.wooden-yaw+60-elev30.render.png'
00:22.672  render           | Saved: 'C:\Users\matma\Documents\Rozwój gier\lockstate-canteen-table-cycles-20261004\public\assets\environment\oblique\furniture.dining.table.wooden-yaw+60-elev40.render.png'
00:24.297  render           | Saved: 'C:\Users\matma\Documents\Rozwój gier\lockstate-canteen-table-cycles-20261004\public\assets\environment\oblique\furniture.dining.table.wooden-yaw+60-elev50.render.png'
00:26.062  render           | Saved: 'C:\Users\matma\Documents\Rozwój gier\lockstate-canteen-table-cycles-20261004\public\assets\environment\oblique\furniture.dining.table.wooden-yaw+60-elev60.render.png'
00:27.797  render           | Saved: 'C:\Users\matma\Documents\Rozwój gier\lockstate-canteen-table-cycles-20261004\public\assets\environment\oblique\furniture.dining.table.wooden-yaw+60-elev70.render.png'
00:29.000  render           | Saved: 'C:\Users\matma\Documents\Rozwój gier\lockstate-canteen-table-cycles-20261004\public\assets\environment\oblique\furniture.dining.table.wooden-yaw+90-elev20.render.png'
00:30.375  render           | Saved: 'C:\Users\matma\Documents\Rozwój gier\lockstate-canteen-table-cycles-20261004\public\assets\environment\oblique\furniture.dining.table.wooden-yaw+90-elev30.render.png'
00:31.891  render           | Saved: 'C:\Users\matma\Documents\Rozwój gier\lockstate-canteen-table-cycles-20261004\public\assets\environment\oblique\furniture.dining.table.wooden-yaw+90-elev40.render.png'
00:33.531  render           | Saved: 'C:\Users\matma\Documents\Rozwój gier\lockstate-canteen-table-cycles-20261004\public\assets\environment\oblique\furniture.dining.table.wooden-yaw+90-elev50.render.png'
00:35.187  render           | Saved: 'C:\Users\matma\Documents\Rozwój gier\lockstate-canteen-table-cycles-20261004\public\assets\environment\oblique\furniture.dining.table.wooden-yaw+90-elev60.render.png'
00:36.812  render           | Saved: 'C:\Users\matma\Documents\Rozwój gier\lockstate-canteen-table-cycles-20261004\public\assets\environment\oblique\furniture.dining.table.wooden-yaw+90-elev70.render.png'
00:38.172  render           | Saved: 'C:\Users\matma\Documents\Rozwój gier\lockstate-canteen-table-cycles-20261004\public\assets\environment\oblique\furniture.dining.table.wooden-yaw+120-elev20.render.png'
00:39.672  render           | Saved: 'C:\Users\matma\Documents\Rozwój gier\lockstate-canteen-table-cycles-20261004\public\assets\environment\oblique\furniture.dining.table.wooden-yaw+120-elev30.render.png'
00:41.250  render           | Saved: 'C:\Users\matma\Documents\Rozwój gier\lockstate-canteen-table-cycles-20261004\public\assets\environment\oblique\furniture.dining.table.wooden-yaw+120-elev40.render.png'
00:42.859  render           | Saved: 'C:\Users\matma\Documents\Rozwój gier\lockstate-canteen-table-cycles-20261004\public\assets\environment\oblique\furniture.dining.table.wooden-yaw+120-elev50.render.png'
00:44.578  render           | Saved: 'C:\Users\matma\Documents\Rozwój gier\lockstate-canteen-table-cycles-20261004\public\assets\environment\oblique\furniture.dining.table.wooden-yaw+120-elev60.render.png'
00:46.203  render           | Saved: 'C:\Users\matma\Documents\Rozwój gier\lockstate-canteen-table-cycles-20261004\public\assets\environment\oblique\furniture.dining.table.wooden-yaw+120-elev70.render.png'
00:47.625  render           | Saved: 'C:\Users\matma\Documents\Rozwój gier\lockstate-canteen-table-cycles-20261004\public\assets\environment\oblique\furniture.dining.table.wooden-yaw+150-elev20.render.png'
00:49.078  render           | Saved: 'C:\Users\matma\Documents\Rozwój gier\lockstate-canteen-table-cycles-20261004\public\assets\environment\oblique\furniture.dining.table.wooden-yaw+150-elev30.render.png'
00:50.687  render           | Saved: 'C:\Users\matma\Documents\Rozwój gier\lockstate-canteen-table-cycles-20261004\public\assets\environment\oblique\furniture.dining.table.wooden-yaw+150-elev40.render.png'
00:52.266  render           | Saved: 'C:\Users\matma\Documents\Rozwój gier\lockstate-canteen-table-cycles-20261004\public\assets\environment\oblique\furniture.dining.table.wooden-yaw+150-elev50.render.png'
00:53.953  render           | Saved: 'C:\Users\matma\Documents\Rozwój gier\lockstate-canteen-table-cycles-20261004\public\assets\environment\oblique\furniture.dining.table.wooden-yaw+150-elev60.render.png'
00:55.641  render           | Saved: 'C:\Users\matma\Documents\Rozwój gier\lockstate-canteen-table-cycles-20261004\public\assets\environment\oblique\furniture.dining.table.wooden-yaw+150-elev70.render.png'
00:57.016  render           | Saved: 'C:\Users\matma\Documents\Rozwój gier\lockstate-canteen-table-cycles-20261004\public\assets\environment\oblique\furniture.dining.table.wooden-yaw+180-elev20.render.png'
00:58.422  render           | Saved: 'C:\Users\matma\Documents\Rozwój gier\lockstate-canteen-table-cycles-20261004\public\assets\environment\oblique\furniture.dining.table.wooden-yaw+180-elev30.render.png'
00:59.953  render           | Saved: 'C:\Users\matma\Documents\Rozwój gier\lockstate-canteen-table-cycles-20261004\public\assets\environment\oblique\furniture.dining.table.wooden-yaw+180-elev40.render.png'
01:01.516  render           | Saved: 'C:\Users\matma\Documents\Rozwój gier\lockstate-canteen-table-cycles-20261004\public\assets\environment\oblique\furniture.dining.table.wooden-yaw+180-elev50.render.png'
01:03.156  render           | Saved: 'C:\Users\matma\Documents\Rozwój gier\lockstate-canteen-table-cycles-20261004\public\assets\environment\oblique\furniture.dining.table.wooden-yaw+180-elev60.render.png'
01:04.766  render           | Saved: 'C:\Users\matma\Documents\Rozwój gier\lockstate-canteen-table-cycles-20261004\public\assets\environment\oblique\furniture.dining.table.wooden-yaw+180-elev70.render.png'
01:06.172  render           | Saved: 'C:\Users\matma\Documents\Rozwój gier\lockstate-canteen-table-cycles-20261004\public\assets\environment\oblique\furniture.dining.table.wooden-yaw+210-elev20.render.png'
01:07.625  render           | Saved: 'C:\Users\matma\Documents\Rozwój gier\lockstate-canteen-table-cycles-20261004\public\assets\environment\oblique\furniture.dining.table.wooden-yaw+210-elev30.render.png'
01:09.187  render           | Saved: 'C:\Users\matma\Documents\Rozwój gier\lockstate-canteen-table-cycles-20261004\public\assets\environment\oblique\furniture.dining.table.wooden-yaw+210-elev40.render.png'
01:10.750  render           | Saved: 'C:\Users\matma\Documents\Rozwój gier\lockstate-canteen-table-cycles-20261004\public\assets\environment\oblique\furniture.dining.table.wooden-yaw+210-elev50.render.png'
01:12.359  render           | Saved: 'C:\Users\matma\Documents\Rozwój gier\lockstate-canteen-table-cycles-20261004\public\assets\environment\oblique\furniture.dining.table.wooden-yaw+210-elev60.render.png'
01:13.984  render           | Saved: 'C:\Users\matma\Documents\Rozwój gier\lockstate-canteen-table-cycles-20261004\public\assets\environment\oblique\furniture.dining.table.wooden-yaw+210-elev70.render.png'
01:15.312  render           | Saved: 'C:\Users\matma\Documents\Rozwój gier\lockstate-canteen-table-cycles-20261004\public\assets\environment\oblique\furniture.dining.table.wooden-yaw+240-elev20.render.png'
01:16.734  render           | Saved: 'C:\Users\matma\Documents\Rozwój gier\lockstate-canteen-table-cycles-20261004\public\assets\environment\oblique\furniture.dining.table.wooden-yaw+240-elev30.render.png'
01:18.297  render           | Saved: 'C:\Users\matma\Documents\Rozwój gier\lockstate-canteen-table-cycles-20261004\public\assets\environment\oblique\furniture.dining.table.wooden-yaw+240-elev40.render.png'
01:19.875  render           | Saved: 'C:\Users\matma\Documents\Rozwój gier\lockstate-canteen-table-cycles-20261004\public\assets\environment\oblique\furniture.dining.table.wooden-yaw+240-elev50.render.png'
01:21.562  render           | Saved: 'C:\Users\matma\Documents\Rozwój gier\lockstate-canteen-table-cycles-20261004\public\assets\environment\oblique\furniture.dining.table.wooden-yaw+240-elev60.render.png'
01:23.156  render           | Saved: 'C:\Users\matma\Documents\Rozwój gier\lockstate-canteen-table-cycles-20261004\public\assets\environment\oblique\furniture.dining.table.wooden-yaw+240-elev70.render.png'
01:24.344  render           | Saved: 'C:\Users\matma\Documents\Rozwój gier\lockstate-canteen-table-cycles-20261004\public\assets\environment\oblique\furniture.dining.table.wooden-yaw+270-elev20.render.png'
01:25.641  render           | Saved: 'C:\Users\matma\Documents\Rozwój gier\lockstate-canteen-table-cycles-20261004\public\assets\environment\oblique\furniture.dining.table.wooden-yaw+270-elev30.render.png'
01:27.141  render           | Saved: 'C:\Users\matma\Documents\Rozwój gier\lockstate-canteen-table-cycles-20261004\public\assets\environment\oblique\furniture.dining.table.wooden-yaw+270-elev40.render.png'
01:28.750  render           | Saved: 'C:\Users\matma\Documents\Rozwój gier\lockstate-canteen-table-cycles-20261004\public\assets\environment\oblique\furniture.dining.table.wooden-yaw+270-elev50.render.png'
01:30.406  render           | Saved: 'C:\Users\matma\Documents\Rozwój gier\lockstate-canteen-table-cycles-20261004\public\assets\environment\oblique\furniture.dining.table.wooden-yaw+270-elev60.render.png'
01:32.031  render           | Saved: 'C:\Users\matma\Documents\Rozwój gier\lockstate-canteen-table-cycles-20261004\public\assets\environment\oblique\furniture.dining.table.wooden-yaw+270-elev70.render.png'
01:33.266  render           | Saved: 'C:\Users\matma\Documents\Rozwój gier\lockstate-canteen-table-cycles-20261004\public\assets\environment\oblique\furniture.dining.table.wooden-yaw+300-elev20.render.png'
01:34.609  render           | Saved: 'C:\Users\matma\Documents\Rozwój gier\lockstate-canteen-table-cycles-20261004\public\assets\environment\oblique\furniture.dining.table.wooden-yaw+300-elev30.render.png'
01:36.109  render           | Saved: 'C:\Users\matma\Documents\Rozwój gier\lockstate-canteen-table-cycles-20261004\public\assets\environment\oblique\furniture.dining.table.wooden-yaw+300-elev40.render.png'
01:37.672  render           | Saved: 'C:\Users\matma\Documents\Rozwój gier\lockstate-canteen-table-cycles-20261004\public\assets\environment\oblique\furniture.dining.table.wooden-yaw+300-elev50.render.png'
01:39.359  render           | Saved: 'C:\Users\matma\Documents\Rozwój gier\lockstate-canteen-table-cycles-20261004\public\assets\environment\oblique\furniture.dining.table.wooden-yaw+300-elev60.render.png'
01:41.016  render           | Saved: 'C:\Users\matma\Documents\Rozwój gier\lockstate-canteen-table-cycles-20261004\public\assets\environment\oblique\furniture.dining.table.wooden-yaw+300-elev70.render.png'
01:42.172  render           | Saved: 'C:\Users\matma\Documents\Rozwój gier\lockstate-canteen-table-cycles-20261004\public\assets\environment\oblique\furniture.dining.table.wooden-yaw+330-elev20.render.png'
01:43.422  render           | Saved: 'C:\Users\matma\Documents\Rozwój gier\lockstate-canteen-table-cycles-20261004\public\assets\environment\oblique\furniture.dining.table.wooden-yaw+330-elev30.render.png'
01:44.859  render           | Saved: 'C:\Users\matma\Documents\Rozwój gier\lockstate-canteen-table-cycles-20261004\public\assets\environment\oblique\furniture.dining.table.wooden-yaw+330-elev40.render.png'
01:46.312  render           | Saved: 'C:\Users\matma\Documents\Rozwój gier\lockstate-canteen-table-cycles-20261004\public\assets\environment\oblique\furniture.dining.table.wooden-yaw+330-elev50.render.png'
01:47.891  render           | Saved: 'C:\Users\matma\Documents\Rozwój gier\lockstate-canteen-table-cycles-20261004\public\assets\environment\oblique\furniture.dining.table.wooden-yaw+330-elev60.render.png'
01:49.578  render           | Saved: 'C:\Users\matma\Documents\Rozwój gier\lockstate-canteen-table-cycles-20261004\public\assets\environment\oblique\furniture.dining.table.wooden-yaw+330-elev70.render.png'
rendered 72 verified poses: C:\Users\matma\Documents\Rozwój gier\lockstate-canteen-table-cycles-20261004\public\game-content\oblique-furniture.canteen-dining-table.v1.json
CANTEEN_TABLE_CYCLES_EXPORT72_DECODED_GREEN
Blender 5.2.1 LTS (hash 9e2066aef7ef built 2026-08-25 02:38:20)

Blender quit
