
 RUN  v4.1.11 C:/Users/matma/Documents/Rozwój gier/lockstate-canteen-table-cycles-20261004

xxxx
node :
At line:30 char:1
+ node node_modules/vitest/vitest.mjs run tests/unit/oblique-canteen-di ...
+ ~~~~~~~~~~~~~~~~~~~~~~~~~~~~~~~~~~~~~~~~~~~~~~~~~~~~~~~~~~~~~~~~~~~~~
    + CategoryInfo          : NotSpecified: (:String) [], RemoteException
    + FullyQualifiedErrorId : NativeCommandError

⎯⎯⎯⎯⎯⎯⎯ Failed Tests 4 ⎯⎯⎯⎯⎯⎯⎯

 FAIL  tests/unit/oblique-canteen-dining-table-modern-consumer.test.ts > selects genuine saved modern Canteen dining ta
ble q0 owner0 over its whole unchanged template footprint
 FAIL  tests/unit/oblique-canteen-dining-table-modern-consumer.test.ts > selects genuine saved modern Canteen dining ta
ble q0 owner1 over its whole unchanged template footprint
 FAIL  tests/unit/oblique-canteen-dining-table-modern-consumer.test.ts > selects genuine saved modern Canteen dining ta
ble q1 owner0 over its whole unchanged template footprint
 FAIL  tests/unit/oblique-canteen-dining-table-modern-consumer.test.ts > selects genuine saved modern Canteen dining ta
ble q1 owner1 over its whole unchanged template footprint
AssertionError: expected 'assets/source/blender/furniture.cante…' to be 'assets/source/blender/furniture.cante…' // Obj
ect.is equality

Expected: "assets/source/blender/furniture.canteen.dining-table.soft-light.blend"
Received: "assets/source/blender/furniture.canteen.dining-table.angled-detail.blend"

 ❯ tests/unit/oblique-canteen-dining-table-modern-consumer.test.ts:41:26
     39|   expect(registry.entries.filter(row=>row.assetId===solid.assetId)).to…
     40|   const catalog=parseObliqueModuleCatalog(JSON.parse(readFileSync(new …
     41|   expect(catalog.source).toBe('assets/source/blender/furniture.canteen…
       |                          ^
     42|   expect(catalog.sourceSha256).toBe('4f92eb8cebdb7f5d343f5ca49869c3175…
     43|   const selected=selectObliqueModuleFrame(catalog,{yawRadians:solid.as…

⎯⎯⎯⎯⎯⎯⎯⎯⎯⎯⎯⎯⎯⎯⎯⎯⎯⎯⎯⎯⎯⎯⎯⎯[1/4]⎯


 Test Files  1 failed (1)
      Tests  4 failed (4)
   Start at  00:50:22
   Duration  853ms (transform 327ms, setup 0ms, import 703ms, tests 14ms, environment 0ms)
