00:01.094  blend            | Read blend: "C:\Users\matma\Documents\Rozwój gier\lockstate-visitation-fixture-model-20261003\assets\source\blender\furniture.reception.waiting-armchair.blend"
Blender 5.2.1 LTS (hash 9e2066aef7ef built 2026-08-25 02:38:20)

Blender quit
Traceback (most recent call last):
  File "C:\Users\matma\Documents\Rozwój gier\lockstate-visitation-fixture-model-20261003\tooling\blender\render-reception-waiting-armchair-oblique.py", line 101, in <module>
    exporter.main()
    ~~~~~~~~~~~~~^^
  File "C:\Users\matma\Documents\Rozwój gier\lockstate-visitation-fixture-model-20261003\tooling\blender\render-kitchen-fixtures-oblique.py", line 184, in main
    scene, camera, target = configure(model)
                            ~~~~~~~~~^^^^^^^
  File "C:\Users\matma\Documents\Rozwój gier\lockstate-visitation-fixture-model-20261003\tooling\blender\render-reception-waiting-armchair-oblique.py", line 45, in configure
    scene, camera, target = shared_configure(model, prepare_source)
                            ~~~~~~~~~~~~~~~~^^^^^^^^^^^^^^^^^^^^^^^
  File "C:\Users\matma\Documents\Rozwój gier\lockstate-visitation-fixture-model-20261003\tooling\blender\render-kitchen-fixtures-oblique.py", line 132, in configure
    prepare_source(scene, model)
    ~~~~~~~~~~~~~~^^^^^^^^^^^^^^
  File "C:\Users\matma\Documents\Rozwój gier\lockstate-visitation-fixture-model-20261003\tooling\blender\render-reception-waiting-armchair-oblique.py", line 41, in prepare_source
    builder.verify_source(scene)
    ~~~~~~~~~~~~~~~~~~~~~^^^^^^^
  File "C:\Users\matma\Documents\Rozwój gier\lockstate-visitation-fixture-model-20261003\tooling\blender\build-reception-waiting-armchair.py", line 95, in verify_source
    contacts = source_contacts(scene, receipt['actualContactPairs'])
  File "C:\Users\matma\Documents\Rozwój gier\lockstate-visitation-fixture-model-20261003\tooling\blender\build-reception-waiting-armchair.py", line 66, in source_contacts
    raise ValueError(f'Reception waiting armchair actual contact disconnected: {first} / {second}')
ValueError: Reception waiting armchair actual contact disconnected: Reception waiting armchair.continuous steel arm bearer.-0.32 / Reception waiting armchair.front steel arm upright.-0.32

Error: script failed, file: 'C:\Users\matma\Documents\Rozwój gier\lockstate-visitation-fixture-model-20261003\tooling\blender\render-reception-waiting-armchair-oblique.py', exiting.
