00:01.062  blend            | Read blend: "C:\Users\matma\Documents\Rozwój gier\lockstate-common-room-bench-arm-supports-20261003\assets\source\blender\furniture.common-room.upholstered-bench.angled-detail.blend"
00:01.718  render           | Saved: 'C:\Users\matma\Documents\Rozwój gier\lockstate-common-room-bench-arm-supports-20261003\public\assets\environment\oblique\common-room-bench-yaw+00-elev20.render.png'
00:01.781  render           | Saved: 'C:\Users\matma\Documents\Rozwój gier\lockstate-common-room-bench-arm-supports-20261003\public\assets\environment\oblique\common-room-bench-yaw+00-elev30.render.png'
00:01.859  render           | Saved: 'C:\Users\matma\Documents\Rozwój gier\lockstate-common-room-bench-arm-supports-20261003\public\assets\environment\oblique\common-room-bench-yaw+00-elev40.render.png'
00:01.921  render           | Saved: 'C:\Users\matma\Documents\Rozwój gier\lockstate-common-room-bench-arm-supports-20261003\public\assets\environment\oblique\common-room-bench-yaw+00-elev50.render.png'
00:01.984  render           | Saved: 'C:\Users\matma\Documents\Rozwój gier\lockstate-common-room-bench-arm-supports-20261003\public\assets\environment\oblique\common-room-bench-yaw+00-elev60.render.png'
00:02.062  render           | Saved: 'C:\Users\matma\Documents\Rozwój gier\lockstate-common-room-bench-arm-supports-20261003\public\assets\environment\oblique\common-room-bench-yaw+00-elev70.render.png'
00:02.125  render           | Saved: 'C:\Users\matma\Documents\Rozwój gier\lockstate-common-room-bench-arm-supports-20261003\public\assets\environment\oblique\common-room-bench-yaw+30-elev20.render.png'
00:02.203  render           | Saved: 'C:\Users\matma\Documents\Rozwój gier\lockstate-common-room-bench-arm-supports-20261003\public\assets\environment\oblique\common-room-bench-yaw+30-elev30.render.png'
00:02.281  render           | Saved: 'C:\Users\matma\Documents\Rozwój gier\lockstate-common-room-bench-arm-supports-20261003\public\assets\environment\oblique\common-room-bench-yaw+30-elev40.render.png'
00:02.343  render           | Saved: 'C:\Users\matma\Documents\Rozwój gier\lockstate-common-room-bench-arm-supports-20261003\public\assets\environment\oblique\common-room-bench-yaw+30-elev50.render.png'
00:02.421  render           | Saved: 'C:\Users\matma\Documents\Rozwój gier\lockstate-common-room-bench-arm-supports-20261003\public\assets\environment\oblique\common-room-bench-yaw+30-elev60.render.png'
00:02.484  render           | Saved: 'C:\Users\matma\Documents\Rozwój gier\lockstate-common-room-bench-arm-supports-20261003\public\assets\environment\oblique\common-room-bench-yaw+30-elev70.render.png'
00:02.546  render           | Saved: 'C:\Users\matma\Documents\Rozwój gier\lockstate-common-room-bench-arm-supports-20261003\public\assets\environment\oblique\common-room-bench-yaw+60-elev20.render.png'
00:02.625  render           | Saved: 'C:\Users\matma\Documents\Rozwój gier\lockstate-common-room-bench-arm-supports-20261003\public\assets\environment\oblique\common-room-bench-yaw+60-elev30.render.png'
00:02.687  render           | Saved: 'C:\Users\matma\Documents\Rozwój gier\lockstate-common-room-bench-arm-supports-20261003\public\assets\environment\oblique\common-room-bench-yaw+60-elev40.render.png'
00:02.765  render           | Saved: 'C:\Users\matma\Documents\Rozwój gier\lockstate-common-room-bench-arm-supports-20261003\public\assets\environment\oblique\common-room-bench-yaw+60-elev50.render.png'
00:02.843  render           | Saved: 'C:\Users\matma\Documents\Rozwój gier\lockstate-common-room-bench-arm-supports-20261003\public\assets\environment\oblique\common-room-bench-yaw+60-elev60.render.png'
00:02.906  render           | Saved: 'C:\Users\matma\Documents\Rozwój gier\lockstate-common-room-bench-arm-supports-20261003\public\assets\environment\oblique\common-room-bench-yaw+60-elev70.render.png'
00:02.984  render           | Saved: 'C:\Users\matma\Documents\Rozwój gier\lockstate-common-room-bench-arm-supports-20261003\public\assets\environment\oblique\common-room-bench-yaw+90-elev20.render.png'
00:03.046  render           | Saved: 'C:\Users\matma\Documents\Rozwój gier\lockstate-common-room-bench-arm-supports-20261003\public\assets\environment\oblique\common-room-bench-yaw+90-elev30.render.png'
00:03.125  render           | Saved: 'C:\Users\matma\Documents\Rozwój gier\lockstate-common-room-bench-arm-supports-20261003\public\assets\environment\oblique\common-room-bench-yaw+90-elev40.render.png'
00:03.187  render           | Saved: 'C:\Users\matma\Documents\Rozwój gier\lockstate-common-room-bench-arm-supports-20261003\public\assets\environment\oblique\common-room-bench-yaw+90-elev50.render.png'
00:03.265  render           | Saved: 'C:\Users\matma\Documents\Rozwój gier\lockstate-common-room-bench-arm-supports-20261003\public\assets\environment\oblique\common-room-bench-yaw+90-elev60.render.png'
00:03.343  render           | Saved: 'C:\Users\matma\Documents\Rozwój gier\lockstate-common-room-bench-arm-supports-20261003\public\assets\environment\oblique\common-room-bench-yaw+90-elev70.render.png'
00:03.406  render           | Saved: 'C:\Users\matma\Documents\Rozwój gier\lockstate-common-room-bench-arm-supports-20261003\public\assets\environment\oblique\common-room-bench-yaw+120-elev20.render.png'
00:03.484  render           | Saved: 'C:\Users\matma\Documents\Rozwój gier\lockstate-common-room-bench-arm-supports-20261003\public\assets\environment\oblique\common-room-bench-yaw+120-elev30.render.png'
00:03.562  render           | Saved: 'C:\Users\matma\Documents\Rozwój gier\lockstate-common-room-bench-arm-supports-20261003\public\assets\environment\oblique\common-room-bench-yaw+120-elev40.render.png'
00:03.640  render           | Saved: 'C:\Users\matma\Documents\Rozwój gier\lockstate-common-room-bench-arm-supports-20261003\public\assets\environment\oblique\common-room-bench-yaw+120-elev50.render.png'
00:03.718  render           | Saved: 'C:\Users\matma\Documents\Rozwój gier\lockstate-common-room-bench-arm-supports-20261003\public\assets\environment\oblique\common-room-bench-yaw+120-elev60.render.png'
00:03.781  render           | Saved: 'C:\Users\matma\Documents\Rozwój gier\lockstate-common-room-bench-arm-supports-20261003\public\assets\environment\oblique\common-room-bench-yaw+120-elev70.render.png'
00:03.859  render           | Saved: 'C:\Users\matma\Documents\Rozwój gier\lockstate-common-room-bench-arm-supports-20261003\public\assets\environment\oblique\common-room-bench-yaw+150-elev20.render.png'
00:03.937  render           | Saved: 'C:\Users\matma\Documents\Rozwój gier\lockstate-common-room-bench-arm-supports-20261003\public\assets\environment\oblique\common-room-bench-yaw+150-elev30.render.png'
00:04.000  render           | Saved: 'C:\Users\matma\Documents\Rozwój gier\lockstate-common-room-bench-arm-supports-20261003\public\assets\environment\oblique\common-room-bench-yaw+150-elev40.render.png'
00:04.078  render           | Saved: 'C:\Users\matma\Documents\Rozwój gier\lockstate-common-room-bench-arm-supports-20261003\public\assets\environment\oblique\common-room-bench-yaw+150-elev50.render.png'
00:04.156  render           | Saved: 'C:\Users\matma\Documents\Rozwój gier\lockstate-common-room-bench-arm-supports-20261003\public\assets\environment\oblique\common-room-bench-yaw+150-elev60.render.png'
00:04.218  render           | Saved: 'C:\Users\matma\Documents\Rozwój gier\lockstate-common-room-bench-arm-supports-20261003\public\assets\environment\oblique\common-room-bench-yaw+150-elev70.render.png'
00:04.296  render           | Saved: 'C:\Users\matma\Documents\Rozwój gier\lockstate-common-room-bench-arm-supports-20261003\public\assets\environment\oblique\common-room-bench-yaw+180-elev20.render.png'
00:04.375  render           | Saved: 'C:\Users\matma\Documents\Rozwój gier\lockstate-common-room-bench-arm-supports-20261003\public\assets\environment\oblique\common-room-bench-yaw+180-elev30.render.png'
00:04.437  render           | Saved: 'C:\Users\matma\Documents\Rozwój gier\lockstate-common-room-bench-arm-supports-20261003\public\assets\environment\oblique\common-room-bench-yaw+180-elev40.render.png'
00:04.515  render           | Saved: 'C:\Users\matma\Documents\Rozwój gier\lockstate-common-room-bench-arm-supports-20261003\public\assets\environment\oblique\common-room-bench-yaw+180-elev50.render.png'
00:04.578  render           | Saved: 'C:\Users\matma\Documents\Rozwój gier\lockstate-common-room-bench-arm-supports-20261003\public\assets\environment\oblique\common-room-bench-yaw+180-elev60.render.png'
00:04.640  render           | Saved: 'C:\Users\matma\Documents\Rozwój gier\lockstate-common-room-bench-arm-supports-20261003\public\assets\environment\oblique\common-room-bench-yaw+180-elev70.render.png'
00:04.718  render           | Saved: 'C:\Users\matma\Documents\Rozwój gier\lockstate-common-room-bench-arm-supports-20261003\public\assets\environment\oblique\common-room-bench-yaw+210-elev20.render.png'
00:04.781  render           | Saved: 'C:\Users\matma\Documents\Rozwój gier\lockstate-common-room-bench-arm-supports-20261003\public\assets\environment\oblique\common-room-bench-yaw+210-elev30.render.png'
00:04.859  render           | Saved: 'C:\Users\matma\Documents\Rozwój gier\lockstate-common-room-bench-arm-supports-20261003\public\assets\environment\oblique\common-room-bench-yaw+210-elev40.render.png'
00:04.937  render           | Saved: 'C:\Users\matma\Documents\Rozwój gier\lockstate-common-room-bench-arm-supports-20261003\public\assets\environment\oblique\common-room-bench-yaw+210-elev50.render.png'
00:05.000  render           | Saved: 'C:\Users\matma\Documents\Rozwój gier\lockstate-common-room-bench-arm-supports-20261003\public\assets\environment\oblique\common-room-bench-yaw+210-elev60.render.png'
00:05.062  render           | Saved: 'C:\Users\matma\Documents\Rozwój gier\lockstate-common-room-bench-arm-supports-20261003\public\assets\environment\oblique\common-room-bench-yaw+210-elev70.render.png'
00:05.140  render           | Saved: 'C:\Users\matma\Documents\Rozwój gier\lockstate-common-room-bench-arm-supports-20261003\public\assets\environment\oblique\common-room-bench-yaw+240-elev20.render.png'
00:05.203  render           | Saved: 'C:\Users\matma\Documents\Rozwój gier\lockstate-common-room-bench-arm-supports-20261003\public\assets\environment\oblique\common-room-bench-yaw+240-elev30.render.png'
00:05.281  render           | Saved: 'C:\Users\matma\Documents\Rozwój gier\lockstate-common-room-bench-arm-supports-20261003\public\assets\environment\oblique\common-room-bench-yaw+240-elev40.render.png'
00:05.343  render           | Saved: 'C:\Users\matma\Documents\Rozwój gier\lockstate-common-room-bench-arm-supports-20261003\public\assets\environment\oblique\common-room-bench-yaw+240-elev50.render.png'
00:05.421  render           | Saved: 'C:\Users\matma\Documents\Rozwój gier\lockstate-common-room-bench-arm-supports-20261003\public\assets\environment\oblique\common-room-bench-yaw+240-elev60.render.png'
00:05.484  render           | Saved: 'C:\Users\matma\Documents\Rozwój gier\lockstate-common-room-bench-arm-supports-20261003\public\assets\environment\oblique\common-room-bench-yaw+240-elev70.render.png'
00:05.562  render           | Saved: 'C:\Users\matma\Documents\Rozwój gier\lockstate-common-room-bench-arm-supports-20261003\public\assets\environment\oblique\common-room-bench-yaw+270-elev20.render.png'
00:05.625  render           | Saved: 'C:\Users\matma\Documents\Rozwój gier\lockstate-common-room-bench-arm-supports-20261003\public\assets\environment\oblique\common-room-bench-yaw+270-elev30.render.png'
00:05.687  render           | Saved: 'C:\Users\matma\Documents\Rozwój gier\lockstate-common-room-bench-arm-supports-20261003\public\assets\environment\oblique\common-room-bench-yaw+270-elev40.render.png'
00:05.765  render           | Saved: 'C:\Users\matma\Documents\Rozwój gier\lockstate-common-room-bench-arm-supports-20261003\public\assets\environment\oblique\common-room-bench-yaw+270-elev50.render.png'
00:05.843  render           | Saved: 'C:\Users\matma\Documents\Rozwój gier\lockstate-common-room-bench-arm-supports-20261003\public\assets\environment\oblique\common-room-bench-yaw+270-elev60.render.png'
00:05.906  render           | Saved: 'C:\Users\matma\Documents\Rozwój gier\lockstate-common-room-bench-arm-supports-20261003\public\assets\environment\oblique\common-room-bench-yaw+270-elev70.render.png'
00:05.984  render           | Saved: 'C:\Users\matma\Documents\Rozwój gier\lockstate-common-room-bench-arm-supports-20261003\public\assets\environment\oblique\common-room-bench-yaw+300-elev20.render.png'
00:06.062  render           | Saved: 'C:\Users\matma\Documents\Rozwój gier\lockstate-common-room-bench-arm-supports-20261003\public\assets\environment\oblique\common-room-bench-yaw+300-elev30.render.png'
00:06.140  render           | Saved: 'C:\Users\matma\Documents\Rozwój gier\lockstate-common-room-bench-arm-supports-20261003\public\assets\environment\oblique\common-room-bench-yaw+300-elev40.render.png'
00:06.218  render           | Saved: 'C:\Users\matma\Documents\Rozwój gier\lockstate-common-room-bench-arm-supports-20261003\public\assets\environment\oblique\common-room-bench-yaw+300-elev50.render.png'
00:06.281  render           | Saved: 'C:\Users\matma\Documents\Rozwój gier\lockstate-common-room-bench-arm-supports-20261003\public\assets\environment\oblique\common-room-bench-yaw+300-elev60.render.png'
00:06.359  render           | Saved: 'C:\Users\matma\Documents\Rozwój gier\lockstate-common-room-bench-arm-supports-20261003\public\assets\environment\oblique\common-room-bench-yaw+300-elev70.render.png'
00:06.437  render           | Saved: 'C:\Users\matma\Documents\Rozwój gier\lockstate-common-room-bench-arm-supports-20261003\public\assets\environment\oblique\common-room-bench-yaw+330-elev20.render.png'
00:06.515  render           | Saved: 'C:\Users\matma\Documents\Rozwój gier\lockstate-common-room-bench-arm-supports-20261003\public\assets\environment\oblique\common-room-bench-yaw+330-elev30.render.png'
00:06.593  render           | Saved: 'C:\Users\matma\Documents\Rozwój gier\lockstate-common-room-bench-arm-supports-20261003\public\assets\environment\oblique\common-room-bench-yaw+330-elev40.render.png'
00:06.671  render           | Saved: 'C:\Users\matma\Documents\Rozwój gier\lockstate-common-room-bench-arm-supports-20261003\public\assets\environment\oblique\common-room-bench-yaw+330-elev50.render.png'
00:06.750  render           | Saved: 'C:\Users\matma\Documents\Rozwój gier\lockstate-common-room-bench-arm-supports-20261003\public\assets\environment\oblique\common-room-bench-yaw+330-elev60.render.png'
00:06.828  render           | Saved: 'C:\Users\matma\Documents\Rozwój gier\lockstate-common-room-bench-arm-supports-20261003\public\assets\environment\oblique\common-room-bench-yaw+330-elev70.render.png'
rendered 72 verified poses: C:\Users\matma\Documents\Rozwój gier\lockstate-common-room-bench-arm-supports-20261003\public\game-content\oblique-furniture.common-room-bench.v1.json
Blender 5.2.1 LTS (hash 9e2066aef7ef built 2026-08-25 02:38:20)

Blender quit
