00:01.078  blend            | Read blend: "C:\Users\matma\Documents\Rozwój gier\lockstate-common-room-bench-arm-supports-20261003\assets\source\blender\furniture.common-room.upholstered-bench.angled-detail.blend"
Traceback (most recent call last):
  File "C:\Users\matma\Documents\Rozwój gier\lockstate-common-room-bench-arm-supports-20261003\tooling\blender\render-common-room-bench-oblique.py", line 264, in <module>
    main()
    ~~~~^^
  File "C:\Users\matma\Documents\Rozwój gier\lockstate-common-room-bench-arm-supports-20261003\tooling\blender\render-common-room-bench-oblique.py", line 211, in main
    scene, camera = configure()
                    ~~~~~~~~~^^
  File "C:\Users\matma\Documents\Rozwój gier\lockstate-common-room-bench-arm-supports-20261003\tooling\blender\render-common-room-bench-oblique.py", line 165, in configure
    verify_source(scene)
    ~~~~~~~~~~~~~^^^^^^^
  File "C:\Users\matma\Documents\Rozwój gier\lockstate-common-room-bench-arm-supports-20261003\tooling\blender\render-common-room-bench-oblique.py", line 56, in verify_source
    audit.actual_triangle_contacts(scene, receipt['actualContactTargets'])
    ~~~~~~~~~~~~~~~~~~~~~~~~~~~~~~^^^^^^^^^^^^^^^^^^^^^^^^^^^^^^^^^^^^^^^^
  File "C:\Users\matma\Documents\Rozwój gier\lockstate-common-room-bench-arm-supports-20261003\tooling\blender\refine-cell-cot-detail.py", line 165, in actual_triangle_contacts
    if zhigh-zlow<=1e-5 or not inside(shoe,point) or not inside(name,point):raise ValueError('Cot mounting shoe lacks real triangle-interior contact: '+shoe+' / '+name)
                                                                            ^^^^^^^^^^^^^^^^^^^^^^^^^^^^^^^^^^^^^^^^^^^^^^^^^^^^^^^^^^^^^^^^^^^^^^^^^^^^^^^^^^^^^^^^^^^^
ValueError: Cot mounting shoe lacks real triangle-interior contact: physical-common-room-bench.front arm riser 0 / side seat bearer

Error: script failed, file: 'C:\Users\matma\Documents\Rozwój gier\lockstate-common-room-bench-arm-supports-20261003\tooling\blender\render-common-room-bench-oblique.py', exiting.
Blender 5.2.1 LTS (hash 9e2066aef7ef built 2026-08-25 02:38:20)

Blender quit
