00:01.140  blend            | Read blend: "C:\Users\matma\Documents\Rozwój gier\lockstate-kitchen-prep-counter-cycles-20261004\assets\source\blender\furniture.kitchen.prep-counter.soft-light.blend"
Traceback (most recent call last):
  File "C:\Users\matma\Documents\Rozwój gier\lockstate-kitchen-prep-counter-cycles-20261004\tooling\blender\render-kitchen-prep-counter-cycles.py", line 115, in <module>
    main()
    ~~~~^^
  File "C:\Users\matma\Documents\Rozwój gier\lockstate-kitchen-prep-counter-cycles-20261004\tooling\blender\render-kitchen-prep-counter-cycles.py", line 75, in main
    scene,camera = configure()
                   ~~~~~~~~~^^
  File "C:\Users\matma\Documents\Rozwój gier\lockstate-kitchen-prep-counter-cycles-20261004\tooling\blender\render-kitchen-prep-counter-cycles.py", line 37, in configure
    prepare.verify_scene(scene, scene.camera, EXPECTED)
    ~~~~~~~~~~~~~~~~~~~~^^^^^^^^^^^^^^^^^^^^^^^^^^^^^^^
  File "C:\Users\matma\Documents\Rozwój gier\lockstate-kitchen-prep-counter-cycles-20261004\tooling\blender\prepare-kitchen-prep-counter-cycles.py", line 77, in verify_scene
    contacts.verify_contacts(scene)
    ~~~~~~~~~~~~~~~~~~~~~~~~^^^^^^^
  File "C:\Users\matma\Documents\Rozwój gier\lockstate-kitchen-prep-counter-cycles-20261004\tooling\blender\prep-counter-retained-contacts.py", line 87, in verify_contacts
    if witness is None: raise ValueError('Prep retained triangle-interior contact absent: ' + part + ' / ' + target)
                        ^^^^^^^^^^^^^^^^^^^^^^^^^^^^^^^^^^^^^^^^^^^^^^^^^^^^^^^^^^^^^^^^^^^^^^^^^^^^^^^^^^^^^^^^^^^^
ValueError: Prep retained triangle-interior contact absent: foot / counter-body

Error: script failed, file: 'C:\Users\matma\Documents\Rozwój gier\lockstate-kitchen-prep-counter-cycles-20261004\tooling\blender\render-kitchen-prep-counter-cycles.py', exiting.
Blender 5.2.1 LTS (hash 9e2066aef7ef built 2026-08-25 02:38:20)

Blender quit
