00:01.140  blend            | Read blend: "C:\Users\matma\Documents\Rozwój gier\lockstate-kitchen-prep-counter-cycles-20261004\assets\source\blender\furniture.kitchen.prep-counter.angled.blend"
KITCHEN_BOUNDS furniture.kitchen.prep-counter.variants [0.07300007343292236, 0.01850000210106373, 0.0] [1.9269999265670776, 0.9229999780654907, 1.6200001239776611]
DEDICATED_KITCHEN_PREP_COUNTER_EVALUATED_BOUNDS [0.07300007343292236, 0.01850000210106373, 0.0] [1.9269999265670776, 0.9229999780654907, 1.6200001239776611]; four occupied orientations verified
{
  "meshCount": 78,
  "materials": [
    {
      "name": "brushed stainless",
      "users": 58,
      "diffuse": [
        0.41999998688697815,
        0.49000000953674316,
        0.5199999809265137,
        1.0
      ],
      "shaderRGBA": [
        0.41999998688697815,
        0.49000000953674316,
        0.5199999809265137,
        1.0
      ],
      "roughness": 0.23000000417232513,
      "metallic": 0.7200000286102295
    },
    {
      "name": "butcher block",
      "users": 4,
      "diffuse": [
        0.47999998927116394,
        0.2199999988079071,
        0.09000000357627869,
        1.0
      ],
      "shaderRGBA": [
        0.47999998927116394,
        0.2199999988079071,
        0.09000000357627869,
        1.0
      ],
      "roughness": 0.47999998927116394,
      "metallic": 0.019999999552965164
    },
    {
      "name": "ingredient pans",
      "users": 3,
      "diffuse": [
        0.6700000166893005,
        0.3100000023841858,
        0.07999999821186066,
        1.0
      ],
      "shaderRGBA": [
        0.6700000166893005,
        0.3100000023841858,
        0.07999999821186066,
        1.0
      ],
      "roughness": 0.3799999952316284,
      "metallic": 0.05000000074505806
    },
    {
      "name": "prep basin",
      "users": 1,
      "diffuse": [
        0.8199999928474426,
        0.8600000143051147,
        0.8399999737739563,
        1.0
      ],
      "shaderRGBA": [
        0.8199999928474426,
        0.8600000143051147,
        0.8399999737739563,
        1.0
      ],
      "roughness": 0.2800000011920929,
      "metallic": 0.11999999731779099
    },
    {
      "name": "recess shadow",
      "users": 11,
      "diffuse": [
        0.03500000014901161,
        0.04500000178813934,
        0.05000000074505806,
        1.0
      ],
      "shaderRGBA": [
        0.03500000014901161,
        0.04500000178813934,
        0.05000000074505806,
        1.0
      ],
      "roughness": 0.30000001192092896,
      "metallic": 0.2199999988079071
    },
    {
      "name": "sanitation light",
      "users": 1,
      "diffuse": [
        0.18000000715255737,
        0.75,
        0.3199999928474426,
        1.0
      ],
      "shaderRGBA": [
        0.18000000715255737,
        0.75,
        0.3199999928474426,
        1.0
      ],
      "roughness": 0.25999999046325684,
      "metallic": 0.029999999329447746
    }
  ],
  "engine": "BLENDER_WORKBENCH"
}
Blender 5.2.1 LTS (hash 9e2066aef7ef built 2026-08-25 02:38:20)

Blender quit
