00:01.437  blend            | Read blend: "C:\Users\matma\Documents\Rozwój gier\lockstate-kitchen-prep-counter-cycles-20261004\assets\source\blender\furniture.kitchen.prep-counter.soft-light.blend"
00:06.141  render           | Saved: 'C:\Users\matma\Documents\Rozwój gier\lockstate-kitchen-prep-counter-cycles-20261004\public\assets\environment\oblique\furniture.kitchen.prep-counter.variants-yaw+00-elev20.render.png'
00:11.000  render           | Saved: 'C:\Users\matma\Documents\Rozwój gier\lockstate-kitchen-prep-counter-cycles-20261004\public\assets\environment\oblique\furniture.kitchen.prep-counter.variants-yaw+00-elev30.render.png'
00:15.844  render           | Saved: 'C:\Users\matma\Documents\Rozwój gier\lockstate-kitchen-prep-counter-cycles-20261004\public\assets\environment\oblique\furniture.kitchen.prep-counter.variants-yaw+00-elev40.render.png'
00:20.562  render           | Saved: 'C:\Users\matma\Documents\Rozwój gier\lockstate-kitchen-prep-counter-cycles-20261004\public\assets\environment\oblique\furniture.kitchen.prep-counter.variants-yaw+00-elev50.render.png'
00:25.000  render           | Saved: 'C:\Users\matma\Documents\Rozwój gier\lockstate-kitchen-prep-counter-cycles-20261004\public\assets\environment\oblique\furniture.kitchen.prep-counter.variants-yaw+00-elev60.render.png'
00:29.219  render           | Saved: 'C:\Users\matma\Documents\Rozwój gier\lockstate-kitchen-prep-counter-cycles-20261004\public\assets\environment\oblique\furniture.kitchen.prep-counter.variants-yaw+00-elev70.render.png'
00:33.812  render           | Saved: 'C:\Users\matma\Documents\Rozwój gier\lockstate-kitchen-prep-counter-cycles-20261004\public\assets\environment\oblique\furniture.kitchen.prep-counter.variants-yaw+30-elev20.render.png'
00:38.453  render           | Saved: 'C:\Users\matma\Documents\Rozwój gier\lockstate-kitchen-prep-counter-cycles-20261004\public\assets\environment\oblique\furniture.kitchen.prep-counter.variants-yaw+30-elev30.render.png'
00:43.312  render           | Saved: 'C:\Users\matma\Documents\Rozwój gier\lockstate-kitchen-prep-counter-cycles-20261004\public\assets\environment\oblique\furniture.kitchen.prep-counter.variants-yaw+30-elev40.render.png'
00:48.062  render           | Saved: 'C:\Users\matma\Documents\Rozwój gier\lockstate-kitchen-prep-counter-cycles-20261004\public\assets\environment\oblique\furniture.kitchen.prep-counter.variants-yaw+30-elev50.render.png'
00:52.516  render           | Saved: 'C:\Users\matma\Documents\Rozwój gier\lockstate-kitchen-prep-counter-cycles-20261004\public\assets\environment\oblique\furniture.kitchen.prep-counter.variants-yaw+30-elev60.render.png'
00:56.656  render           | Saved: 'C:\Users\matma\Documents\Rozwój gier\lockstate-kitchen-prep-counter-cycles-20261004\public\assets\environment\oblique\furniture.kitchen.prep-counter.variants-yaw+30-elev70.render.png'
01:00.781  render           | Saved: 'C:\Users\matma\Documents\Rozwój gier\lockstate-kitchen-prep-counter-cycles-20261004\public\assets\environment\oblique\furniture.kitchen.prep-counter.variants-yaw+60-elev20.render.png'
01:05.141  render           | Saved: 'C:\Users\matma\Documents\Rozwój gier\lockstate-kitchen-prep-counter-cycles-20261004\public\assets\environment\oblique\furniture.kitchen.prep-counter.variants-yaw+60-elev30.render.png'
01:09.406  render           | Saved: 'C:\Users\matma\Documents\Rozwój gier\lockstate-kitchen-prep-counter-cycles-20261004\public\assets\environment\oblique\furniture.kitchen.prep-counter.variants-yaw+60-elev40.render.png'
01:13.625  render           | Saved: 'C:\Users\matma\Documents\Rozwój gier\lockstate-kitchen-prep-counter-cycles-20261004\public\assets\environment\oblique\furniture.kitchen.prep-counter.variants-yaw+60-elev50.render.png'
01:17.766  render           | Saved: 'C:\Users\matma\Documents\Rozwój gier\lockstate-kitchen-prep-counter-cycles-20261004\public\assets\environment\oblique\furniture.kitchen.prep-counter.variants-yaw+60-elev60.render.png'
01:21.641  render           | Saved: 'C:\Users\matma\Documents\Rozwój gier\lockstate-kitchen-prep-counter-cycles-20261004\public\assets\environment\oblique\furniture.kitchen.prep-counter.variants-yaw+60-elev70.render.png'
01:24.672  render           | Saved: 'C:\Users\matma\Documents\Rozwój gier\lockstate-kitchen-prep-counter-cycles-20261004\public\assets\environment\oblique\furniture.kitchen.prep-counter.variants-yaw+90-elev20.render.png'
01:28.125  render           | Saved: 'C:\Users\matma\Documents\Rozwój gier\lockstate-kitchen-prep-counter-cycles-20261004\public\assets\environment\oblique\furniture.kitchen.prep-counter.variants-yaw+90-elev30.render.png'
01:31.656  render           | Saved: 'C:\Users\matma\Documents\Rozwój gier\lockstate-kitchen-prep-counter-cycles-20261004\public\assets\environment\oblique\furniture.kitchen.prep-counter.variants-yaw+90-elev40.render.png'
01:35.219  render           | Saved: 'C:\Users\matma\Documents\Rozwój gier\lockstate-kitchen-prep-counter-cycles-20261004\public\assets\environment\oblique\furniture.kitchen.prep-counter.variants-yaw+90-elev50.render.png'
01:38.844  render           | Saved: 'C:\Users\matma\Documents\Rozwój gier\lockstate-kitchen-prep-counter-cycles-20261004\public\assets\environment\oblique\furniture.kitchen.prep-counter.variants-yaw+90-elev60.render.png'
01:42.406  render           | Saved: 'C:\Users\matma\Documents\Rozwój gier\lockstate-kitchen-prep-counter-cycles-20261004\public\assets\environment\oblique\furniture.kitchen.prep-counter.variants-yaw+90-elev70.render.png'
01:45.906  render           | Saved: 'C:\Users\matma\Documents\Rozwój gier\lockstate-kitchen-prep-counter-cycles-20261004\public\assets\environment\oblique\furniture.kitchen.prep-counter.variants-yaw+120-elev20.render.png'
01:49.500  render           | Saved: 'C:\Users\matma\Documents\Rozwój gier\lockstate-kitchen-prep-counter-cycles-20261004\public\assets\environment\oblique\furniture.kitchen.prep-counter.variants-yaw+120-elev30.render.png'
01:53.172  render           | Saved: 'C:\Users\matma\Documents\Rozwój gier\lockstate-kitchen-prep-counter-cycles-20261004\public\assets\environment\oblique\furniture.kitchen.prep-counter.variants-yaw+120-elev40.render.png'
01:56.797  render           | Saved: 'C:\Users\matma\Documents\Rozwój gier\lockstate-kitchen-prep-counter-cycles-20261004\public\assets\environment\oblique\furniture.kitchen.prep-counter.variants-yaw+120-elev50.render.png'
02:00.859  render           | Saved: 'C:\Users\matma\Documents\Rozwój gier\lockstate-kitchen-prep-counter-cycles-20261004\public\assets\environment\oblique\furniture.kitchen.prep-counter.variants-yaw+120-elev60.render.png'
02:04.484  render           | Saved: 'C:\Users\matma\Documents\Rozwój gier\lockstate-kitchen-prep-counter-cycles-20261004\public\assets\environment\oblique\furniture.kitchen.prep-counter.variants-yaw+120-elev70.render.png'
02:08.016  render           | Saved: 'C:\Users\matma\Documents\Rozwój gier\lockstate-kitchen-prep-counter-cycles-20261004\public\assets\environment\oblique\furniture.kitchen.prep-counter.variants-yaw+150-elev20.render.png'
02:11.062  render           | Saved: 'C:\Users\matma\Documents\Rozwój gier\lockstate-kitchen-prep-counter-cycles-20261004\public\assets\environment\oblique\furniture.kitchen.prep-counter.variants-yaw+150-elev30.render.png'
02:14.047  render           | Saved: 'C:\Users\matma\Documents\Rozwój gier\lockstate-kitchen-prep-counter-cycles-20261004\public\assets\environment\oblique\furniture.kitchen.prep-counter.variants-yaw+150-elev40.render.png'
02:17.062  render           | Saved: 'C:\Users\matma\Documents\Rozwój gier\lockstate-kitchen-prep-counter-cycles-20261004\public\assets\environment\oblique\furniture.kitchen.prep-counter.variants-yaw+150-elev50.render.png'
02:20.031  render           | Saved: 'C:\Users\matma\Documents\Rozwój gier\lockstate-kitchen-prep-counter-cycles-20261004\public\assets\environment\oblique\furniture.kitchen.prep-counter.variants-yaw+150-elev60.render.png'
02:22.922  render           | Saved: 'C:\Users\matma\Documents\Rozwój gier\lockstate-kitchen-prep-counter-cycles-20261004\public\assets\environment\oblique\furniture.kitchen.prep-counter.variants-yaw+150-elev70.render.png'
02:25.969  render           | Saved: 'C:\Users\matma\Documents\Rozwój gier\lockstate-kitchen-prep-counter-cycles-20261004\public\assets\environment\oblique\furniture.kitchen.prep-counter.variants-yaw+180-elev20.render.png'
02:28.937  render           | Saved: 'C:\Users\matma\Documents\Rozwój gier\lockstate-kitchen-prep-counter-cycles-20261004\public\assets\environment\oblique\furniture.kitchen.prep-counter.variants-yaw+180-elev30.render.png'
02:31.906  render           | Saved: 'C:\Users\matma\Documents\Rozwój gier\lockstate-kitchen-prep-counter-cycles-20261004\public\assets\environment\oblique\furniture.kitchen.prep-counter.variants-yaw+180-elev40.render.png'
02:34.891  render           | Saved: 'C:\Users\matma\Documents\Rozwój gier\lockstate-kitchen-prep-counter-cycles-20261004\public\assets\environment\oblique\furniture.kitchen.prep-counter.variants-yaw+180-elev50.render.png'
02:37.828  render           | Saved: 'C:\Users\matma\Documents\Rozwój gier\lockstate-kitchen-prep-counter-cycles-20261004\public\assets\environment\oblique\furniture.kitchen.prep-counter.variants-yaw+180-elev60.render.png'
02:40.781  render           | Saved: 'C:\Users\matma\Documents\Rozwój gier\lockstate-kitchen-prep-counter-cycles-20261004\public\assets\environment\oblique\furniture.kitchen.prep-counter.variants-yaw+180-elev70.render.png'
02:43.859  render           | Saved: 'C:\Users\matma\Documents\Rozwój gier\lockstate-kitchen-prep-counter-cycles-20261004\public\assets\environment\oblique\furniture.kitchen.prep-counter.variants-yaw+210-elev20.render.png'
02:46.906  render           | Saved: 'C:\Users\matma\Documents\Rozwój gier\lockstate-kitchen-prep-counter-cycles-20261004\public\assets\environment\oblique\furniture.kitchen.prep-counter.variants-yaw+210-elev30.render.png'
02:49.906  render           | Saved: 'C:\Users\matma\Documents\Rozwój gier\lockstate-kitchen-prep-counter-cycles-20261004\public\assets\environment\oblique\furniture.kitchen.prep-counter.variants-yaw+210-elev40.render.png'
02:52.937  render           | Saved: 'C:\Users\matma\Documents\Rozwój gier\lockstate-kitchen-prep-counter-cycles-20261004\public\assets\environment\oblique\furniture.kitchen.prep-counter.variants-yaw+210-elev50.render.png'
02:55.906  render           | Saved: 'C:\Users\matma\Documents\Rozwój gier\lockstate-kitchen-prep-counter-cycles-20261004\public\assets\environment\oblique\furniture.kitchen.prep-counter.variants-yaw+210-elev60.render.png'
02:58.750  render           | Saved: 'C:\Users\matma\Documents\Rozwój gier\lockstate-kitchen-prep-counter-cycles-20261004\public\assets\environment\oblique\furniture.kitchen.prep-counter.variants-yaw+210-elev70.render.png'
03:01.578  render           | Saved: 'C:\Users\matma\Documents\Rozwój gier\lockstate-kitchen-prep-counter-cycles-20261004\public\assets\environment\oblique\furniture.kitchen.prep-counter.variants-yaw+240-elev20.render.png'
03:04.437  render           | Saved: 'C:\Users\matma\Documents\Rozwój gier\lockstate-kitchen-prep-counter-cycles-20261004\public\assets\environment\oblique\furniture.kitchen.prep-counter.variants-yaw+240-elev30.render.png'
03:07.375  render           | Saved: 'C:\Users\matma\Documents\Rozwój gier\lockstate-kitchen-prep-counter-cycles-20261004\public\assets\environment\oblique\furniture.kitchen.prep-counter.variants-yaw+240-elev40.render.png'
03:10.391  render           | Saved: 'C:\Users\matma\Documents\Rozwój gier\lockstate-kitchen-prep-counter-cycles-20261004\public\assets\environment\oblique\furniture.kitchen.prep-counter.variants-yaw+240-elev50.render.png'
03:13.328  render           | Saved: 'C:\Users\matma\Documents\Rozwój gier\lockstate-kitchen-prep-counter-cycles-20261004\public\assets\environment\oblique\furniture.kitchen.prep-counter.variants-yaw+240-elev60.render.png'
03:16.250  render           | Saved: 'C:\Users\matma\Documents\Rozwój gier\lockstate-kitchen-prep-counter-cycles-20261004\public\assets\environment\oblique\furniture.kitchen.prep-counter.variants-yaw+240-elev70.render.png'
03:18.797  render           | Saved: 'C:\Users\matma\Documents\Rozwój gier\lockstate-kitchen-prep-counter-cycles-20261004\public\assets\environment\oblique\furniture.kitchen.prep-counter.variants-yaw+270-elev20.render.png'
03:21.500  render           | Saved: 'C:\Users\matma\Documents\Rozwój gier\lockstate-kitchen-prep-counter-cycles-20261004\public\assets\environment\oblique\furniture.kitchen.prep-counter.variants-yaw+270-elev30.render.png'
03:24.328  render           | Saved: 'C:\Users\matma\Documents\Rozwój gier\lockstate-kitchen-prep-counter-cycles-20261004\public\assets\environment\oblique\furniture.kitchen.prep-counter.variants-yaw+270-elev40.render.png'
03:27.172  render           | Saved: 'C:\Users\matma\Documents\Rozwój gier\lockstate-kitchen-prep-counter-cycles-20261004\public\assets\environment\oblique\furniture.kitchen.prep-counter.variants-yaw+270-elev50.render.png'
03:30.109  render           | Saved: 'C:\Users\matma\Documents\Rozwój gier\lockstate-kitchen-prep-counter-cycles-20261004\public\assets\environment\oblique\furniture.kitchen.prep-counter.variants-yaw+270-elev60.render.png'
03:32.969  render           | Saved: 'C:\Users\matma\Documents\Rozwój gier\lockstate-kitchen-prep-counter-cycles-20261004\public\assets\environment\oblique\furniture.kitchen.prep-counter.variants-yaw+270-elev70.render.png'
03:36.312  render           | Saved: 'C:\Users\matma\Documents\Rozwój gier\lockstate-kitchen-prep-counter-cycles-20261004\public\assets\environment\oblique\furniture.kitchen.prep-counter.variants-yaw+300-elev20.render.png'
03:39.766  render           | Saved: 'C:\Users\matma\Documents\Rozwój gier\lockstate-kitchen-prep-counter-cycles-20261004\public\assets\environment\oblique\furniture.kitchen.prep-counter.variants-yaw+300-elev30.render.png'
03:43.234  render           | Saved: 'C:\Users\matma\Documents\Rozwój gier\lockstate-kitchen-prep-counter-cycles-20261004\public\assets\environment\oblique\furniture.kitchen.prep-counter.variants-yaw+300-elev40.render.png'
03:46.656  render           | Saved: 'C:\Users\matma\Documents\Rozwój gier\lockstate-kitchen-prep-counter-cycles-20261004\public\assets\environment\oblique\furniture.kitchen.prep-counter.variants-yaw+300-elev50.render.png'
03:50.031  render           | Saved: 'C:\Users\matma\Documents\Rozwój gier\lockstate-kitchen-prep-counter-cycles-20261004\public\assets\environment\oblique\furniture.kitchen.prep-counter.variants-yaw+300-elev60.render.png'
03:53.297  render           | Saved: 'C:\Users\matma\Documents\Rozwój gier\lockstate-kitchen-prep-counter-cycles-20261004\public\assets\environment\oblique\furniture.kitchen.prep-counter.variants-yaw+300-elev70.render.png'
03:57.187  render           | Saved: 'C:\Users\matma\Documents\Rozwój gier\lockstate-kitchen-prep-counter-cycles-20261004\public\assets\environment\oblique\furniture.kitchen.prep-counter.variants-yaw+330-elev20.render.png'
04:01.016  render           | Saved: 'C:\Users\matma\Documents\Rozwój gier\lockstate-kitchen-prep-counter-cycles-20261004\public\assets\environment\oblique\furniture.kitchen.prep-counter.variants-yaw+330-elev30.render.png'
04:04.906  render           | Saved: 'C:\Users\matma\Documents\Rozwój gier\lockstate-kitchen-prep-counter-cycles-20261004\public\assets\environment\oblique\furniture.kitchen.prep-counter.variants-yaw+330-elev40.render.png'
04:08.656  render           | Saved: 'C:\Users\matma\Documents\Rozwój gier\lockstate-kitchen-prep-counter-cycles-20261004\public\assets\environment\oblique\furniture.kitchen.prep-counter.variants-yaw+330-elev50.render.png'
04:12.297  render           | Saved: 'C:\Users\matma\Documents\Rozwój gier\lockstate-kitchen-prep-counter-cycles-20261004\public\assets\environment\oblique\furniture.kitchen.prep-counter.variants-yaw+330-elev60.render.png'
04:15.672  render           | Saved: 'C:\Users\matma\Documents\Rozwój gier\lockstate-kitchen-prep-counter-cycles-20261004\public\assets\environment\oblique\furniture.kitchen.prep-counter.variants-yaw+330-elev70.render.png'
rendered 72 verified poses: C:\Users\matma\Documents\Rozwój gier\lockstate-kitchen-prep-counter-cycles-20261004\public\game-content\oblique-furniture.kitchen-prep-counter.v1.json
KITCHEN_PREP_COUNTER_CYCLES_EXPORT72_DECODED_GREEN
Blender 5.2.1 LTS (hash 9e2066aef7ef built 2026-08-25 02:38:20)

Blender quit
