00:01.047  blend            | Read blend: "C:\Users\matma\Documents\Rozwój gier\lockstate-modern-ground-wall-material-study-20261003\assets\source\blender\wall.square.brick.full.soft-light.blend"
ACTUAL_FULL_WALL_SOURCE59_MATERIAL9_CONTACT58_DISPATCH_GREEN
00:02.985  render           | Saved: 'C:\Users\matma\Documents\Rozwój gier\lockstate-modern-ground-wall-material-study-20261003\public\assets\environment\oblique\square-brick-full-wall-yaw-180-elev25.render.png'
00:05.328  render           | Saved: 'C:\Users\matma\Documents\Rozwój gier\lockstate-modern-ground-wall-material-study-20261003\public\assets\environment\oblique\square-brick-full-wall-yaw-180-elev45.render.png'
00:07.656  render           | Saved: 'C:\Users\matma\Documents\Rozwój gier\lockstate-modern-ground-wall-material-study-20261003\public\assets\environment\oblique\square-brick-full-wall-yaw-180-elev65.render.png'
00:10.016  render           | Saved: 'C:\Users\matma\Documents\Rozwój gier\lockstate-modern-ground-wall-material-study-20261003\public\assets\environment\oblique\square-brick-full-wall-yaw-165-elev25.render.png'
00:12.391  render           | Saved: 'C:\Users\matma\Documents\Rozwój gier\lockstate-modern-ground-wall-material-study-20261003\public\assets\environment\oblique\square-brick-full-wall-yaw-165-elev45.render.png'
00:14.750  render           | Saved: 'C:\Users\matma\Documents\Rozwój gier\lockstate-modern-ground-wall-material-study-20261003\public\assets\environment\oblique\square-brick-full-wall-yaw-165-elev65.render.png'
00:17.125  render           | Saved: 'C:\Users\matma\Documents\Rozwój gier\lockstate-modern-ground-wall-material-study-20261003\public\assets\environment\oblique\square-brick-full-wall-yaw-150-elev25.render.png'
00:19.516  render           | Saved: 'C:\Users\matma\Documents\Rozwój gier\lockstate-modern-ground-wall-material-study-20261003\public\assets\environment\oblique\square-brick-full-wall-yaw-150-elev45.render.png'
00:21.875  render           | Saved: 'C:\Users\matma\Documents\Rozwój gier\lockstate-modern-ground-wall-material-study-20261003\public\assets\environment\oblique\square-brick-full-wall-yaw-150-elev65.render.png'
00:24.266  render           | Saved: 'C:\Users\matma\Documents\Rozwój gier\lockstate-modern-ground-wall-material-study-20261003\public\assets\environment\oblique\square-brick-full-wall-yaw-135-elev25.render.png'
00:26.641  render           | Saved: 'C:\Users\matma\Documents\Rozwój gier\lockstate-modern-ground-wall-material-study-20261003\public\assets\environment\oblique\square-brick-full-wall-yaw-135-elev45.render.png'
00:29.016  render           | Saved: 'C:\Users\matma\Documents\Rozwój gier\lockstate-modern-ground-wall-material-study-20261003\public\assets\environment\oblique\square-brick-full-wall-yaw-135-elev65.render.png'
00:31.375  render           | Saved: 'C:\Users\matma\Documents\Rozwój gier\lockstate-modern-ground-wall-material-study-20261003\public\assets\environment\oblique\square-brick-full-wall-yaw-120-elev25.render.png'
00:33.766  render           | Saved: 'C:\Users\matma\Documents\Rozwój gier\lockstate-modern-ground-wall-material-study-20261003\public\assets\environment\oblique\square-brick-full-wall-yaw-120-elev45.render.png'
00:36.125  render           | Saved: 'C:\Users\matma\Documents\Rozwój gier\lockstate-modern-ground-wall-material-study-20261003\public\assets\environment\oblique\square-brick-full-wall-yaw-120-elev65.render.png'
00:38.485  render           | Saved: 'C:\Users\matma\Documents\Rozwój gier\lockstate-modern-ground-wall-material-study-20261003\public\assets\environment\oblique\square-brick-full-wall-yaw-105-elev25.render.png'
00:40.860  render           | Saved: 'C:\Users\matma\Documents\Rozwój gier\lockstate-modern-ground-wall-material-study-20261003\public\assets\environment\oblique\square-brick-full-wall-yaw-105-elev45.render.png'
00:43.235  render           | Saved: 'C:\Users\matma\Documents\Rozwój gier\lockstate-modern-ground-wall-material-study-20261003\public\assets\environment\oblique\square-brick-full-wall-yaw-105-elev65.render.png'
00:45.547  render           | Saved: 'C:\Users\matma\Documents\Rozwój gier\lockstate-modern-ground-wall-material-study-20261003\public\assets\environment\oblique\square-brick-full-wall-yaw-090-elev25.render.png'
00:47.891  render           | Saved: 'C:\Users\matma\Documents\Rozwój gier\lockstate-modern-ground-wall-material-study-20261003\public\assets\environment\oblique\square-brick-full-wall-yaw-090-elev45.render.png'
00:50.219  render           | Saved: 'C:\Users\matma\Documents\Rozwój gier\lockstate-modern-ground-wall-material-study-20261003\public\assets\environment\oblique\square-brick-full-wall-yaw-090-elev65.render.png'
00:52.547  render           | Saved: 'C:\Users\matma\Documents\Rozwój gier\lockstate-modern-ground-wall-material-study-20261003\public\assets\environment\oblique\square-brick-full-wall-yaw-075-elev25.render.png'
00:54.906  render           | Saved: 'C:\Users\matma\Documents\Rozwój gier\lockstate-modern-ground-wall-material-study-20261003\public\assets\environment\oblique\square-brick-full-wall-yaw-075-elev45.render.png'
00:57.250  render           | Saved: 'C:\Users\matma\Documents\Rozwój gier\lockstate-modern-ground-wall-material-study-20261003\public\assets\environment\oblique\square-brick-full-wall-yaw-075-elev65.render.png'
00:59.594  render           | Saved: 'C:\Users\matma\Documents\Rozwój gier\lockstate-modern-ground-wall-material-study-20261003\public\assets\environment\oblique\square-brick-full-wall-yaw-060-elev25.render.png'
01:01.953  render           | Saved: 'C:\Users\matma\Documents\Rozwój gier\lockstate-modern-ground-wall-material-study-20261003\public\assets\environment\oblique\square-brick-full-wall-yaw-060-elev45.render.png'
01:04.313  render           | Saved: 'C:\Users\matma\Documents\Rozwój gier\lockstate-modern-ground-wall-material-study-20261003\public\assets\environment\oblique\square-brick-full-wall-yaw-060-elev65.render.png'
01:06.641  render           | Saved: 'C:\Users\matma\Documents\Rozwój gier\lockstate-modern-ground-wall-material-study-20261003\public\assets\environment\oblique\square-brick-full-wall-yaw-045-elev25.render.png'
01:09.000  render           | Saved: 'C:\Users\matma\Documents\Rozwój gier\lockstate-modern-ground-wall-material-study-20261003\public\assets\environment\oblique\square-brick-full-wall-yaw-045-elev45.render.png'
01:11.360  render           | Saved: 'C:\Users\matma\Documents\Rozwój gier\lockstate-modern-ground-wall-material-study-20261003\public\assets\environment\oblique\square-brick-full-wall-yaw-045-elev65.render.png'
01:13.688  render           | Saved: 'C:\Users\matma\Documents\Rozwój gier\lockstate-modern-ground-wall-material-study-20261003\public\assets\environment\oblique\square-brick-full-wall-yaw-030-elev25.render.png'
01:16.047  render           | Saved: 'C:\Users\matma\Documents\Rozwój gier\lockstate-modern-ground-wall-material-study-20261003\public\assets\environment\oblique\square-brick-full-wall-yaw-030-elev45.render.png'
01:18.406  render           | Saved: 'C:\Users\matma\Documents\Rozwój gier\lockstate-modern-ground-wall-material-study-20261003\public\assets\environment\oblique\square-brick-full-wall-yaw-030-elev65.render.png'
01:20.703  render           | Saved: 'C:\Users\matma\Documents\Rozwój gier\lockstate-modern-ground-wall-material-study-20261003\public\assets\environment\oblique\square-brick-full-wall-yaw-015-elev25.render.png'
01:23.000  render           | Saved: 'C:\Users\matma\Documents\Rozwój gier\lockstate-modern-ground-wall-material-study-20261003\public\assets\environment\oblique\square-brick-full-wall-yaw-015-elev45.render.png'
01:25.328  render           | Saved: 'C:\Users\matma\Documents\Rozwój gier\lockstate-modern-ground-wall-material-study-20261003\public\assets\environment\oblique\square-brick-full-wall-yaw-015-elev65.render.png'
01:27.610  render           | Saved: 'C:\Users\matma\Documents\Rozwój gier\lockstate-modern-ground-wall-material-study-20261003\public\assets\environment\oblique\square-brick-full-wall-yaw+000-elev25.render.png'
01:29.891  render           | Saved: 'C:\Users\matma\Documents\Rozwój gier\lockstate-modern-ground-wall-material-study-20261003\public\assets\environment\oblique\square-brick-full-wall-yaw+000-elev45.render.png'
01:32.188  render           | Saved: 'C:\Users\matma\Documents\Rozwój gier\lockstate-modern-ground-wall-material-study-20261003\public\assets\environment\oblique\square-brick-full-wall-yaw+000-elev65.render.png'
01:34.500  render           | Saved: 'C:\Users\matma\Documents\Rozwój gier\lockstate-modern-ground-wall-material-study-20261003\public\assets\environment\oblique\square-brick-full-wall-yaw+015-elev25.render.png'
01:36.828  render           | Saved: 'C:\Users\matma\Documents\Rozwój gier\lockstate-modern-ground-wall-material-study-20261003\public\assets\environment\oblique\square-brick-full-wall-yaw+015-elev45.render.png'
01:39.156  render           | Saved: 'C:\Users\matma\Documents\Rozwój gier\lockstate-modern-ground-wall-material-study-20261003\public\assets\environment\oblique\square-brick-full-wall-yaw+015-elev65.render.png'
01:41.469  render           | Saved: 'C:\Users\matma\Documents\Rozwój gier\lockstate-modern-ground-wall-material-study-20261003\public\assets\environment\oblique\square-brick-full-wall-yaw+030-elev25.render.png'
01:43.813  render           | Saved: 'C:\Users\matma\Documents\Rozwój gier\lockstate-modern-ground-wall-material-study-20261003\public\assets\environment\oblique\square-brick-full-wall-yaw+030-elev45.render.png'
01:46.141  render           | Saved: 'C:\Users\matma\Documents\Rozwój gier\lockstate-modern-ground-wall-material-study-20261003\public\assets\environment\oblique\square-brick-full-wall-yaw+030-elev65.render.png'
01:48.469  render           | Saved: 'C:\Users\matma\Documents\Rozwój gier\lockstate-modern-ground-wall-material-study-20261003\public\assets\environment\oblique\square-brick-full-wall-yaw+045-elev25.render.png'
01:50.813  render           | Saved: 'C:\Users\matma\Documents\Rozwój gier\lockstate-modern-ground-wall-material-study-20261003\public\assets\environment\oblique\square-brick-full-wall-yaw+045-elev45.render.png'
01:53.141  render           | Saved: 'C:\Users\matma\Documents\Rozwój gier\lockstate-modern-ground-wall-material-study-20261003\public\assets\environment\oblique\square-brick-full-wall-yaw+045-elev65.render.png'
01:55.422  render           | Saved: 'C:\Users\matma\Documents\Rozwój gier\lockstate-modern-ground-wall-material-study-20261003\public\assets\environment\oblique\square-brick-full-wall-yaw+060-elev25.render.png'
01:57.766  render           | Saved: 'C:\Users\matma\Documents\Rozwój gier\lockstate-modern-ground-wall-material-study-20261003\public\assets\environment\oblique\square-brick-full-wall-yaw+060-elev45.render.png'
02:00.110  render           | Saved: 'C:\Users\matma\Documents\Rozwój gier\lockstate-modern-ground-wall-material-study-20261003\public\assets\environment\oblique\square-brick-full-wall-yaw+060-elev65.render.png'
02:02.391  render           | Saved: 'C:\Users\matma\Documents\Rozwój gier\lockstate-modern-ground-wall-material-study-20261003\public\assets\environment\oblique\square-brick-full-wall-yaw+075-elev25.render.png'
02:04.703  render           | Saved: 'C:\Users\matma\Documents\Rozwój gier\lockstate-modern-ground-wall-material-study-20261003\public\assets\environment\oblique\square-brick-full-wall-yaw+075-elev45.render.png'
02:06.985  render           | Saved: 'C:\Users\matma\Documents\Rozwój gier\lockstate-modern-ground-wall-material-study-20261003\public\assets\environment\oblique\square-brick-full-wall-yaw+075-elev65.render.png'
02:09.297  render           | Saved: 'C:\Users\matma\Documents\Rozwój gier\lockstate-modern-ground-wall-material-study-20261003\public\assets\environment\oblique\square-brick-full-wall-yaw+090-elev25.render.png'
02:11.594  render           | Saved: 'C:\Users\matma\Documents\Rozwój gier\lockstate-modern-ground-wall-material-study-20261003\public\assets\environment\oblique\square-brick-full-wall-yaw+090-elev45.render.png'
02:13.906  render           | Saved: 'C:\Users\matma\Documents\Rozwój gier\lockstate-modern-ground-wall-material-study-20261003\public\assets\environment\oblique\square-brick-full-wall-yaw+090-elev65.render.png'
02:16.219  render           | Saved: 'C:\Users\matma\Documents\Rozwój gier\lockstate-modern-ground-wall-material-study-20261003\public\assets\environment\oblique\square-brick-full-wall-yaw+105-elev25.render.png'
02:18.625  render           | Saved: 'C:\Users\matma\Documents\Rozwój gier\lockstate-modern-ground-wall-material-study-20261003\public\assets\environment\oblique\square-brick-full-wall-yaw+105-elev45.render.png'
02:20.969  render           | Saved: 'C:\Users\matma\Documents\Rozwój gier\lockstate-modern-ground-wall-material-study-20261003\public\assets\environment\oblique\square-brick-full-wall-yaw+105-elev65.render.png'
02:23.313  render           | Saved: 'C:\Users\matma\Documents\Rozwój gier\lockstate-modern-ground-wall-material-study-20261003\public\assets\environment\oblique\square-brick-full-wall-yaw+120-elev25.render.png'
02:25.672  render           | Saved: 'C:\Users\matma\Documents\Rozwój gier\lockstate-modern-ground-wall-material-study-20261003\public\assets\environment\oblique\square-brick-full-wall-yaw+120-elev45.render.png'
02:28.016  render           | Saved: 'C:\Users\matma\Documents\Rozwój gier\lockstate-modern-ground-wall-material-study-20261003\public\assets\environment\oblique\square-brick-full-wall-yaw+120-elev65.render.png'
02:30.375  render           | Saved: 'C:\Users\matma\Documents\Rozwój gier\lockstate-modern-ground-wall-material-study-20261003\public\assets\environment\oblique\square-brick-full-wall-yaw+135-elev25.render.png'
02:32.735  render           | Saved: 'C:\Users\matma\Documents\Rozwój gier\lockstate-modern-ground-wall-material-study-20261003\public\assets\environment\oblique\square-brick-full-wall-yaw+135-elev45.render.png'
02:35.078  render           | Saved: 'C:\Users\matma\Documents\Rozwój gier\lockstate-modern-ground-wall-material-study-20261003\public\assets\environment\oblique\square-brick-full-wall-yaw+135-elev65.render.png'
02:37.406  render           | Saved: 'C:\Users\matma\Documents\Rozwój gier\lockstate-modern-ground-wall-material-study-20261003\public\assets\environment\oblique\square-brick-full-wall-yaw+150-elev25.render.png'
02:39.750  render           | Saved: 'C:\Users\matma\Documents\Rozwój gier\lockstate-modern-ground-wall-material-study-20261003\public\assets\environment\oblique\square-brick-full-wall-yaw+150-elev45.render.png'
02:42.172  render           | Saved: 'C:\Users\matma\Documents\Rozwój gier\lockstate-modern-ground-wall-material-study-20261003\public\assets\environment\oblique\square-brick-full-wall-yaw+150-elev65.render.png'
02:44.485  render           | Saved: 'C:\Users\matma\Documents\Rozwój gier\lockstate-modern-ground-wall-material-study-20261003\public\assets\environment\oblique\square-brick-full-wall-yaw+165-elev25.render.png'
02:46.860  render           | Saved: 'C:\Users\matma\Documents\Rozwój gier\lockstate-modern-ground-wall-material-study-20261003\public\assets\environment\oblique\square-brick-full-wall-yaw+165-elev45.render.png'
02:49.188  render           | Saved: 'C:\Users\matma\Documents\Rozwój gier\lockstate-modern-ground-wall-material-study-20261003\public\assets\environment\oblique\square-brick-full-wall-yaw+165-elev65.render.png'
02:49.235  blend            | Read blend: "C:\Users\matma\Documents\Rozwój gier\lockstate-modern-ground-wall-material-study-20261003\assets\source\blender\wall.square.brick.full.soft-light.blend"
ACTUAL_FULL_WALL_SOURCE59_MATERIAL9_CONTACT58_DISPATCH_GREEN
ACTUAL_FULL_WALL72_DESCRIPTOR_RGBA_BORDER_HASH_GREEN
ACTUAL_FULL_WALL_APPROVED_MATERIAL72_COMPLETE
Blender 5.2.1 LTS (hash 9e2066aef7ef built 2026-08-25 02:38:20)

Blender quit
