00:01.094  blend            | Read blend: "C:\Users\matma\Documents\Rozwój gier\lockstate-reception-registration-desk-model-20261003\assets\source\blender\furniture.reception.registration-desk.blend"
Blender 5.2.1 LTS (hash 9e2066aef7ef built 2026-08-25 02:38:20)

Blender quit
Traceback (most recent call last):
  File "C:\Users\matma\Documents\Rozwój gier\lockstate-reception-registration-desk-model-20261003\tooling\blender\render-reception-registration-desk-oblique.py", line 106, in <module>
    exporter.main()
    ~~~~~~~~~~~~~^^
  File "C:\Users\matma\Documents\Rozwój gier\lockstate-reception-registration-desk-model-20261003\tooling\blender\render-kitchen-fixtures-oblique.py", line 184, in main
    scene, camera, target = configure(model)
                            ~~~~~~~~~^^^^^^^
  File "C:\Users\matma\Documents\Rozwój gier\lockstate-reception-registration-desk-model-20261003\tooling\blender\render-reception-registration-desk-oblique.py", line 50, in configure
    scene, camera, target = shared_configure(model, prepare_source)
                            ~~~~~~~~~~~~~~~~^^^^^^^^^^^^^^^^^^^^^^^
  File "C:\Users\matma\Documents\Rozwój gier\lockstate-reception-registration-desk-model-20261003\tooling\blender\render-kitchen-fixtures-oblique.py", line 132, in configure
    prepare_source(scene, model)
    ~~~~~~~~~~~~~~^^^^^^^^^^^^^^
  File "C:\Users\matma\Documents\Rozwój gier\lockstate-reception-registration-desk-model-20261003\tooling\blender\render-reception-registration-desk-oblique.py", line 46, in prepare_source
    builder.verify_source(scene)
    ~~~~~~~~~~~~~~~~~~~~~^^^^^^^
  File "C:\Users\matma\Documents\Rozwój gier\lockstate-reception-registration-desk-model-20261003\tooling\blender\build-reception-registration-desk.py", line 111, in verify_source
    contacts = source_contacts(scene, receipt['actualContactPairs'])
  File "C:\Users\matma\Documents\Rozwój gier\lockstate-reception-registration-desk-model-20261003\tooling\blender\build-reception-registration-desk.py", line 66, in source_contacts
    raise ValueError(f'Reception registration desk actual contact disconnected: {first} / {second}')
ValueError: Reception registration desk actual contact disconnected: Reception registration desk.raised visitor handover counter / Reception registration desk.visitor-facing registration panel

Error: script failed, file: 'C:\Users\matma\Documents\Rozwój gier\lockstate-reception-registration-desk-model-20261003\tooling\blender\render-reception-registration-desk-oblique.py', exiting.
