00:01.125  blend            | Read blend: "C:\Users\matma\Documents\Rozwój gier\lockstate-reception-registration-desk-model-20261003\assets\source\blender\furniture.reception.registration-desk.blend"
RECEPTION_DESK_SOURCE_GREEN 110 meshes/20 actual contacts/all original materials/four occupied turns
00:01.640  render           | Saved: 'C:\Users\matma\Documents\Rozwój gier\lockstate-reception-registration-desk-model-20261003\public\assets\environment\oblique\furniture.reception.registration-desk-yaw+00-elev20.render.png'
00:01.719  render           | Saved: 'C:\Users\matma\Documents\Rozwój gier\lockstate-reception-registration-desk-model-20261003\public\assets\environment\oblique\furniture.reception.registration-desk-yaw+00-elev30.render.png'
00:01.797  render           | Saved: 'C:\Users\matma\Documents\Rozwój gier\lockstate-reception-registration-desk-model-20261003\public\assets\environment\oblique\furniture.reception.registration-desk-yaw+00-elev40.render.png'
00:01.890  render           | Saved: 'C:\Users\matma\Documents\Rozwój gier\lockstate-reception-registration-desk-model-20261003\public\assets\environment\oblique\furniture.reception.registration-desk-yaw+00-elev50.render.png'
00:01.984  render           | Saved: 'C:\Users\matma\Documents\Rozwój gier\lockstate-reception-registration-desk-model-20261003\public\assets\environment\oblique\furniture.reception.registration-desk-yaw+00-elev60.render.png'
00:02.062  render           | Saved: 'C:\Users\matma\Documents\Rozwój gier\lockstate-reception-registration-desk-model-20261003\public\assets\environment\oblique\furniture.reception.registration-desk-yaw+00-elev70.render.png'
00:02.156  render           | Saved: 'C:\Users\matma\Documents\Rozwój gier\lockstate-reception-registration-desk-model-20261003\public\assets\environment\oblique\furniture.reception.registration-desk-yaw+30-elev20.render.png'
00:02.234  render           | Saved: 'C:\Users\matma\Documents\Rozwój gier\lockstate-reception-registration-desk-model-20261003\public\assets\environment\oblique\furniture.reception.registration-desk-yaw+30-elev30.render.png'
00:02.328  render           | Saved: 'C:\Users\matma\Documents\Rozwój gier\lockstate-reception-registration-desk-model-20261003\public\assets\environment\oblique\furniture.reception.registration-desk-yaw+30-elev40.render.png'
00:02.406  render           | Saved: 'C:\Users\matma\Documents\Rozwój gier\lockstate-reception-registration-desk-model-20261003\public\assets\environment\oblique\furniture.reception.registration-desk-yaw+30-elev50.render.png'
00:02.484  render           | Saved: 'C:\Users\matma\Documents\Rozwój gier\lockstate-reception-registration-desk-model-20261003\public\assets\environment\oblique\furniture.reception.registration-desk-yaw+30-elev60.render.png'
00:02.578  render           | Saved: 'C:\Users\matma\Documents\Rozwój gier\lockstate-reception-registration-desk-model-20261003\public\assets\environment\oblique\furniture.reception.registration-desk-yaw+30-elev70.render.png'
00:02.656  render           | Saved: 'C:\Users\matma\Documents\Rozwój gier\lockstate-reception-registration-desk-model-20261003\public\assets\environment\oblique\furniture.reception.registration-desk-yaw+60-elev20.render.png'
00:02.734  render           | Saved: 'C:\Users\matma\Documents\Rozwój gier\lockstate-reception-registration-desk-model-20261003\public\assets\environment\oblique\furniture.reception.registration-desk-yaw+60-elev30.render.png'
00:02.812  render           | Saved: 'C:\Users\matma\Documents\Rozwój gier\lockstate-reception-registration-desk-model-20261003\public\assets\environment\oblique\furniture.reception.registration-desk-yaw+60-elev40.render.png'
00:02.906  render           | Saved: 'C:\Users\matma\Documents\Rozwój gier\lockstate-reception-registration-desk-model-20261003\public\assets\environment\oblique\furniture.reception.registration-desk-yaw+60-elev50.render.png'
00:02.984  render           | Saved: 'C:\Users\matma\Documents\Rozwój gier\lockstate-reception-registration-desk-model-20261003\public\assets\environment\oblique\furniture.reception.registration-desk-yaw+60-elev60.render.png'
00:03.062  render           | Saved: 'C:\Users\matma\Documents\Rozwój gier\lockstate-reception-registration-desk-model-20261003\public\assets\environment\oblique\furniture.reception.registration-desk-yaw+60-elev70.render.png'
00:03.140  render           | Saved: 'C:\Users\matma\Documents\Rozwój gier\lockstate-reception-registration-desk-model-20261003\public\assets\environment\oblique\furniture.reception.registration-desk-yaw+90-elev20.render.png'
00:03.234  render           | Saved: 'C:\Users\matma\Documents\Rozwój gier\lockstate-reception-registration-desk-model-20261003\public\assets\environment\oblique\furniture.reception.registration-desk-yaw+90-elev30.render.png'
00:03.328  render           | Saved: 'C:\Users\matma\Documents\Rozwój gier\lockstate-reception-registration-desk-model-20261003\public\assets\environment\oblique\furniture.reception.registration-desk-yaw+90-elev40.render.png'
00:03.406  render           | Saved: 'C:\Users\matma\Documents\Rozwój gier\lockstate-reception-registration-desk-model-20261003\public\assets\environment\oblique\furniture.reception.registration-desk-yaw+90-elev50.render.png'
00:03.500  render           | Saved: 'C:\Users\matma\Documents\Rozwój gier\lockstate-reception-registration-desk-model-20261003\public\assets\environment\oblique\furniture.reception.registration-desk-yaw+90-elev60.render.png'
00:03.594  render           | Saved: 'C:\Users\matma\Documents\Rozwój gier\lockstate-reception-registration-desk-model-20261003\public\assets\environment\oblique\furniture.reception.registration-desk-yaw+90-elev70.render.png'
00:03.687  render           | Saved: 'C:\Users\matma\Documents\Rozwój gier\lockstate-reception-registration-desk-model-20261003\public\assets\environment\oblique\furniture.reception.registration-desk-yaw+120-elev20.render.png'
00:03.781  render           | Saved: 'C:\Users\matma\Documents\Rozwój gier\lockstate-reception-registration-desk-model-20261003\public\assets\environment\oblique\furniture.reception.registration-desk-yaw+120-elev30.render.png'
00:03.875  render           | Saved: 'C:\Users\matma\Documents\Rozwój gier\lockstate-reception-registration-desk-model-20261003\public\assets\environment\oblique\furniture.reception.registration-desk-yaw+120-elev40.render.png'
00:03.969  render           | Saved: 'C:\Users\matma\Documents\Rozwój gier\lockstate-reception-registration-desk-model-20261003\public\assets\environment\oblique\furniture.reception.registration-desk-yaw+120-elev50.render.png'
00:04.062  render           | Saved: 'C:\Users\matma\Documents\Rozwój gier\lockstate-reception-registration-desk-model-20261003\public\assets\environment\oblique\furniture.reception.registration-desk-yaw+120-elev60.render.png'
00:04.156  render           | Saved: 'C:\Users\matma\Documents\Rozwój gier\lockstate-reception-registration-desk-model-20261003\public\assets\environment\oblique\furniture.reception.registration-desk-yaw+120-elev70.render.png'
00:04.234  render           | Saved: 'C:\Users\matma\Documents\Rozwój gier\lockstate-reception-registration-desk-model-20261003\public\assets\environment\oblique\furniture.reception.registration-desk-yaw+150-elev20.render.png'
00:04.328  render           | Saved: 'C:\Users\matma\Documents\Rozwój gier\lockstate-reception-registration-desk-model-20261003\public\assets\environment\oblique\furniture.reception.registration-desk-yaw+150-elev30.render.png'
00:04.422  render           | Saved: 'C:\Users\matma\Documents\Rozwój gier\lockstate-reception-registration-desk-model-20261003\public\assets\environment\oblique\furniture.reception.registration-desk-yaw+150-elev40.render.png'
00:04.515  render           | Saved: 'C:\Users\matma\Documents\Rozwój gier\lockstate-reception-registration-desk-model-20261003\public\assets\environment\oblique\furniture.reception.registration-desk-yaw+150-elev50.render.png'
00:04.609  render           | Saved: 'C:\Users\matma\Documents\Rozwój gier\lockstate-reception-registration-desk-model-20261003\public\assets\environment\oblique\furniture.reception.registration-desk-yaw+150-elev60.render.png'
00:04.703  render           | Saved: 'C:\Users\matma\Documents\Rozwój gier\lockstate-reception-registration-desk-model-20261003\public\assets\environment\oblique\furniture.reception.registration-desk-yaw+150-elev70.render.png'
00:04.797  render           | Saved: 'C:\Users\matma\Documents\Rozwój gier\lockstate-reception-registration-desk-model-20261003\public\assets\environment\oblique\furniture.reception.registration-desk-yaw+180-elev20.render.png'
00:04.875  render           | Saved: 'C:\Users\matma\Documents\Rozwój gier\lockstate-reception-registration-desk-model-20261003\public\assets\environment\oblique\furniture.reception.registration-desk-yaw+180-elev30.render.png'
00:04.969  render           | Saved: 'C:\Users\matma\Documents\Rozwój gier\lockstate-reception-registration-desk-model-20261003\public\assets\environment\oblique\furniture.reception.registration-desk-yaw+180-elev40.render.png'
00:05.062  render           | Saved: 'C:\Users\matma\Documents\Rozwój gier\lockstate-reception-registration-desk-model-20261003\public\assets\environment\oblique\furniture.reception.registration-desk-yaw+180-elev50.render.png'
00:05.156  render           | Saved: 'C:\Users\matma\Documents\Rozwój gier\lockstate-reception-registration-desk-model-20261003\public\assets\environment\oblique\furniture.reception.registration-desk-yaw+180-elev60.render.png'
00:05.250  render           | Saved: 'C:\Users\matma\Documents\Rozwój gier\lockstate-reception-registration-desk-model-20261003\public\assets\environment\oblique\furniture.reception.registration-desk-yaw+180-elev70.render.png'
00:05.328  render           | Saved: 'C:\Users\matma\Documents\Rozwój gier\lockstate-reception-registration-desk-model-20261003\public\assets\environment\oblique\furniture.reception.registration-desk-yaw+210-elev20.render.png'
00:05.422  render           | Saved: 'C:\Users\matma\Documents\Rozwój gier\lockstate-reception-registration-desk-model-20261003\public\assets\environment\oblique\furniture.reception.registration-desk-yaw+210-elev30.render.png'
00:05.515  render           | Saved: 'C:\Users\matma\Documents\Rozwój gier\lockstate-reception-registration-desk-model-20261003\public\assets\environment\oblique\furniture.reception.registration-desk-yaw+210-elev40.render.png'
00:05.594  render           | Saved: 'C:\Users\matma\Documents\Rozwój gier\lockstate-reception-registration-desk-model-20261003\public\assets\environment\oblique\furniture.reception.registration-desk-yaw+210-elev50.render.png'
00:05.687  render           | Saved: 'C:\Users\matma\Documents\Rozwój gier\lockstate-reception-registration-desk-model-20261003\public\assets\environment\oblique\furniture.reception.registration-desk-yaw+210-elev60.render.png'
00:05.765  render           | Saved: 'C:\Users\matma\Documents\Rozwój gier\lockstate-reception-registration-desk-model-20261003\public\assets\environment\oblique\furniture.reception.registration-desk-yaw+210-elev70.render.png'
00:05.844  render           | Saved: 'C:\Users\matma\Documents\Rozwój gier\lockstate-reception-registration-desk-model-20261003\public\assets\environment\oblique\furniture.reception.registration-desk-yaw+240-elev20.render.png'
00:05.937  render           | Saved: 'C:\Users\matma\Documents\Rozwój gier\lockstate-reception-registration-desk-model-20261003\public\assets\environment\oblique\furniture.reception.registration-desk-yaw+240-elev30.render.png'
00:06.031  render           | Saved: 'C:\Users\matma\Documents\Rozwój gier\lockstate-reception-registration-desk-model-20261003\public\assets\environment\oblique\furniture.reception.registration-desk-yaw+240-elev40.render.png'
00:06.109  render           | Saved: 'C:\Users\matma\Documents\Rozwój gier\lockstate-reception-registration-desk-model-20261003\public\assets\environment\oblique\furniture.reception.registration-desk-yaw+240-elev50.render.png'
00:06.187  render           | Saved: 'C:\Users\matma\Documents\Rozwój gier\lockstate-reception-registration-desk-model-20261003\public\assets\environment\oblique\furniture.reception.registration-desk-yaw+240-elev60.render.png'
00:06.281  render           | Saved: 'C:\Users\matma\Documents\Rozwój gier\lockstate-reception-registration-desk-model-20261003\public\assets\environment\oblique\furniture.reception.registration-desk-yaw+240-elev70.render.png'
00:06.359  render           | Saved: 'C:\Users\matma\Documents\Rozwój gier\lockstate-reception-registration-desk-model-20261003\public\assets\environment\oblique\furniture.reception.registration-desk-yaw+270-elev20.render.png'
00:06.453  render           | Saved: 'C:\Users\matma\Documents\Rozwój gier\lockstate-reception-registration-desk-model-20261003\public\assets\environment\oblique\furniture.reception.registration-desk-yaw+270-elev30.render.png'
00:06.547  render           | Saved: 'C:\Users\matma\Documents\Rozwój gier\lockstate-reception-registration-desk-model-20261003\public\assets\environment\oblique\furniture.reception.registration-desk-yaw+270-elev40.render.png'
00:06.625  render           | Saved: 'C:\Users\matma\Documents\Rozwój gier\lockstate-reception-registration-desk-model-20261003\public\assets\environment\oblique\furniture.reception.registration-desk-yaw+270-elev50.render.png'
00:06.719  render           | Saved: 'C:\Users\matma\Documents\Rozwój gier\lockstate-reception-registration-desk-model-20261003\public\assets\environment\oblique\furniture.reception.registration-desk-yaw+270-elev60.render.png'
00:06.812  render           | Saved: 'C:\Users\matma\Documents\Rozwój gier\lockstate-reception-registration-desk-model-20261003\public\assets\environment\oblique\furniture.reception.registration-desk-yaw+270-elev70.render.png'
00:06.906  render           | Saved: 'C:\Users\matma\Documents\Rozwój gier\lockstate-reception-registration-desk-model-20261003\public\assets\environment\oblique\furniture.reception.registration-desk-yaw+300-elev20.render.png'
00:07.000  render           | Saved: 'C:\Users\matma\Documents\Rozwój gier\lockstate-reception-registration-desk-model-20261003\public\assets\environment\oblique\furniture.reception.registration-desk-yaw+300-elev30.render.png'
00:07.109  render           | Saved: 'C:\Users\matma\Documents\Rozwój gier\lockstate-reception-registration-desk-model-20261003\public\assets\environment\oblique\furniture.reception.registration-desk-yaw+300-elev40.render.png'
00:07.187  render           | Saved: 'C:\Users\matma\Documents\Rozwój gier\lockstate-reception-registration-desk-model-20261003\public\assets\environment\oblique\furniture.reception.registration-desk-yaw+300-elev50.render.png'
00:07.281  render           | Saved: 'C:\Users\matma\Documents\Rozwój gier\lockstate-reception-registration-desk-model-20261003\public\assets\environment\oblique\furniture.reception.registration-desk-yaw+300-elev60.render.png'
00:07.375  render           | Saved: 'C:\Users\matma\Documents\Rozwój gier\lockstate-reception-registration-desk-model-20261003\public\assets\environment\oblique\furniture.reception.registration-desk-yaw+300-elev70.render.png'
00:07.453  render           | Saved: 'C:\Users\matma\Documents\Rozwój gier\lockstate-reception-registration-desk-model-20261003\public\assets\environment\oblique\furniture.reception.registration-desk-yaw+330-elev20.render.png'
00:07.547  render           | Saved: 'C:\Users\matma\Documents\Rozwój gier\lockstate-reception-registration-desk-model-20261003\public\assets\environment\oblique\furniture.reception.registration-desk-yaw+330-elev30.render.png'
00:07.640  render           | Saved: 'C:\Users\matma\Documents\Rozwój gier\lockstate-reception-registration-desk-model-20261003\public\assets\environment\oblique\furniture.reception.registration-desk-yaw+330-elev40.render.png'
00:07.734  render           | Saved: 'C:\Users\matma\Documents\Rozwój gier\lockstate-reception-registration-desk-model-20261003\public\assets\environment\oblique\furniture.reception.registration-desk-yaw+330-elev50.render.png'
00:07.828  render           | Saved: 'C:\Users\matma\Documents\Rozwój gier\lockstate-reception-registration-desk-model-20261003\public\assets\environment\oblique\furniture.reception.registration-desk-yaw+330-elev60.render.png'
00:07.906  render           | Saved: 'C:\Users\matma\Documents\Rozwój gier\lockstate-reception-registration-desk-model-20261003\public\assets\environment\oblique\furniture.reception.registration-desk-yaw+330-elev70.render.png'
KITCHEN_BOUNDS furniture.reception.registration-desk [0.0899999737739563, 0.08000001311302185, 0.0] [1.9100000858306885, 0.92249995470047, 1.2699999809265137]
rendered 72 verified poses: C:\Users\matma\Documents\Rozwój gier\lockstate-reception-registration-desk-model-20261003\public\game-content\oblique-furniture-reception-registration-desk.v1.json
Blender 5.2.1 LTS (hash 9e2066aef7ef built 2026-08-25 02:38:20)

Blender quit
