00:01.344  blend            | Read blend: "C:\Users\matma\Documents\Rozwój gier\lockstate-classroom-teacher-desk-cycles-20261004\assets\source\blender\furniture.classroom.teacher-desk.soft-light.blend"
00:02.422  render           | Saved: 'C:\Users\matma\Documents\Rozwój gier\lockstate-classroom-teacher-desk-cycles-20261004\public\assets\environment\oblique\furniture.classroom.teacher-desk-yaw+00-elev20.render.png'
00:03.313  render           | Saved: 'C:\Users\matma\Documents\Rozwój gier\lockstate-classroom-teacher-desk-cycles-20261004\public\assets\environment\oblique\furniture.classroom.teacher-desk-yaw+00-elev30.render.png'
00:04.235  render           | Saved: 'C:\Users\matma\Documents\Rozwój gier\lockstate-classroom-teacher-desk-cycles-20261004\public\assets\environment\oblique\furniture.classroom.teacher-desk-yaw+00-elev40.render.png'
00:05.141  render           | Saved: 'C:\Users\matma\Documents\Rozwój gier\lockstate-classroom-teacher-desk-cycles-20261004\public\assets\environment\oblique\furniture.classroom.teacher-desk-yaw+00-elev50.render.png'
00:06.047  render           | Saved: 'C:\Users\matma\Documents\Rozwój gier\lockstate-classroom-teacher-desk-cycles-20261004\public\assets\environment\oblique\furniture.classroom.teacher-desk-yaw+00-elev60.render.png'
00:06.953  render           | Saved: 'C:\Users\matma\Documents\Rozwój gier\lockstate-classroom-teacher-desk-cycles-20261004\public\assets\environment\oblique\furniture.classroom.teacher-desk-yaw+00-elev70.render.png'
00:07.860  render           | Saved: 'C:\Users\matma\Documents\Rozwój gier\lockstate-classroom-teacher-desk-cycles-20261004\public\assets\environment\oblique\furniture.classroom.teacher-desk-yaw+30-elev20.render.png'
00:08.766  render           | Saved: 'C:\Users\matma\Documents\Rozwój gier\lockstate-classroom-teacher-desk-cycles-20261004\public\assets\environment\oblique\furniture.classroom.teacher-desk-yaw+30-elev30.render.png'
00:09.672  render           | Saved: 'C:\Users\matma\Documents\Rozwój gier\lockstate-classroom-teacher-desk-cycles-20261004\public\assets\environment\oblique\furniture.classroom.teacher-desk-yaw+30-elev40.render.png'
00:10.594  render           | Saved: 'C:\Users\matma\Documents\Rozwój gier\lockstate-classroom-teacher-desk-cycles-20261004\public\assets\environment\oblique\furniture.classroom.teacher-desk-yaw+30-elev50.render.png'
00:11.500  render           | Saved: 'C:\Users\matma\Documents\Rozwój gier\lockstate-classroom-teacher-desk-cycles-20261004\public\assets\environment\oblique\furniture.classroom.teacher-desk-yaw+30-elev60.render.png'
00:12.406  render           | Saved: 'C:\Users\matma\Documents\Rozwój gier\lockstate-classroom-teacher-desk-cycles-20261004\public\assets\environment\oblique\furniture.classroom.teacher-desk-yaw+30-elev70.render.png'
00:13.235  render           | Saved: 'C:\Users\matma\Documents\Rozwój gier\lockstate-classroom-teacher-desk-cycles-20261004\public\assets\environment\oblique\furniture.classroom.teacher-desk-yaw+60-elev20.render.png'
00:14.094  render           | Saved: 'C:\Users\matma\Documents\Rozwój gier\lockstate-classroom-teacher-desk-cycles-20261004\public\assets\environment\oblique\furniture.classroom.teacher-desk-yaw+60-elev30.render.png'
00:14.985  render           | Saved: 'C:\Users\matma\Documents\Rozwój gier\lockstate-classroom-teacher-desk-cycles-20261004\public\assets\environment\oblique\furniture.classroom.teacher-desk-yaw+60-elev40.render.png'
00:15.891  render           | Saved: 'C:\Users\matma\Documents\Rozwój gier\lockstate-classroom-teacher-desk-cycles-20261004\public\assets\environment\oblique\furniture.classroom.teacher-desk-yaw+60-elev50.render.png'
00:16.781  render           | Saved: 'C:\Users\matma\Documents\Rozwój gier\lockstate-classroom-teacher-desk-cycles-20261004\public\assets\environment\oblique\furniture.classroom.teacher-desk-yaw+60-elev60.render.png'
00:17.688  render           | Saved: 'C:\Users\matma\Documents\Rozwój gier\lockstate-classroom-teacher-desk-cycles-20261004\public\assets\environment\oblique\furniture.classroom.teacher-desk-yaw+60-elev70.render.png'
00:18.453  render           | Saved: 'C:\Users\matma\Documents\Rozwój gier\lockstate-classroom-teacher-desk-cycles-20261004\public\assets\environment\oblique\furniture.classroom.teacher-desk-yaw+90-elev20.render.png'
00:19.266  render           | Saved: 'C:\Users\matma\Documents\Rozwój gier\lockstate-classroom-teacher-desk-cycles-20261004\public\assets\environment\oblique\furniture.classroom.teacher-desk-yaw+90-elev30.render.png'
00:20.125  render           | Saved: 'C:\Users\matma\Documents\Rozwój gier\lockstate-classroom-teacher-desk-cycles-20261004\public\assets\environment\oblique\furniture.classroom.teacher-desk-yaw+90-elev40.render.png'
00:21.031  render           | Saved: 'C:\Users\matma\Documents\Rozwój gier\lockstate-classroom-teacher-desk-cycles-20261004\public\assets\environment\oblique\furniture.classroom.teacher-desk-yaw+90-elev50.render.png'
00:22.047  render           | Saved: 'C:\Users\matma\Documents\Rozwój gier\lockstate-classroom-teacher-desk-cycles-20261004\public\assets\environment\oblique\furniture.classroom.teacher-desk-yaw+90-elev60.render.png'
00:22.985  render           | Saved: 'C:\Users\matma\Documents\Rozwój gier\lockstate-classroom-teacher-desk-cycles-20261004\public\assets\environment\oblique\furniture.classroom.teacher-desk-yaw+90-elev70.render.png'
00:23.906  render           | Saved: 'C:\Users\matma\Documents\Rozwój gier\lockstate-classroom-teacher-desk-cycles-20261004\public\assets\environment\oblique\furniture.classroom.teacher-desk-yaw+120-elev20.render.png'
00:24.828  render           | Saved: 'C:\Users\matma\Documents\Rozwój gier\lockstate-classroom-teacher-desk-cycles-20261004\public\assets\environment\oblique\furniture.classroom.teacher-desk-yaw+120-elev30.render.png'
00:25.766  render           | Saved: 'C:\Users\matma\Documents\Rozwój gier\lockstate-classroom-teacher-desk-cycles-20261004\public\assets\environment\oblique\furniture.classroom.teacher-desk-yaw+120-elev40.render.png'
00:26.703  render           | Saved: 'C:\Users\matma\Documents\Rozwój gier\lockstate-classroom-teacher-desk-cycles-20261004\public\assets\environment\oblique\furniture.classroom.teacher-desk-yaw+120-elev50.render.png'
00:27.610  render           | Saved: 'C:\Users\matma\Documents\Rozwój gier\lockstate-classroom-teacher-desk-cycles-20261004\public\assets\environment\oblique\furniture.classroom.teacher-desk-yaw+120-elev60.render.png'
00:28.531  render           | Saved: 'C:\Users\matma\Documents\Rozwój gier\lockstate-classroom-teacher-desk-cycles-20261004\public\assets\environment\oblique\furniture.classroom.teacher-desk-yaw+120-elev70.render.png'
00:29.516  render           | Saved: 'C:\Users\matma\Documents\Rozwój gier\lockstate-classroom-teacher-desk-cycles-20261004\public\assets\environment\oblique\furniture.classroom.teacher-desk-yaw+150-elev20.render.png'
00:30.500  render           | Saved: 'C:\Users\matma\Documents\Rozwój gier\lockstate-classroom-teacher-desk-cycles-20261004\public\assets\environment\oblique\furniture.classroom.teacher-desk-yaw+150-elev30.render.png'
00:31.469  render           | Saved: 'C:\Users\matma\Documents\Rozwój gier\lockstate-classroom-teacher-desk-cycles-20261004\public\assets\environment\oblique\furniture.classroom.teacher-desk-yaw+150-elev40.render.png'
00:32.438  render           | Saved: 'C:\Users\matma\Documents\Rozwój gier\lockstate-classroom-teacher-desk-cycles-20261004\public\assets\environment\oblique\furniture.classroom.teacher-desk-yaw+150-elev50.render.png'
00:33.391  render           | Saved: 'C:\Users\matma\Documents\Rozwój gier\lockstate-classroom-teacher-desk-cycles-20261004\public\assets\environment\oblique\furniture.classroom.teacher-desk-yaw+150-elev60.render.png'
00:34.313  render           | Saved: 'C:\Users\matma\Documents\Rozwój gier\lockstate-classroom-teacher-desk-cycles-20261004\public\assets\environment\oblique\furniture.classroom.teacher-desk-yaw+150-elev70.render.png'
00:35.266  render           | Saved: 'C:\Users\matma\Documents\Rozwój gier\lockstate-classroom-teacher-desk-cycles-20261004\public\assets\environment\oblique\furniture.classroom.teacher-desk-yaw+180-elev20.render.png'
00:36.235  render           | Saved: 'C:\Users\matma\Documents\Rozwój gier\lockstate-classroom-teacher-desk-cycles-20261004\public\assets\environment\oblique\furniture.classroom.teacher-desk-yaw+180-elev30.render.png'
00:37.203  render           | Saved: 'C:\Users\matma\Documents\Rozwój gier\lockstate-classroom-teacher-desk-cycles-20261004\public\assets\environment\oblique\furniture.classroom.teacher-desk-yaw+180-elev40.render.png'
00:38.172  render           | Saved: 'C:\Users\matma\Documents\Rozwój gier\lockstate-classroom-teacher-desk-cycles-20261004\public\assets\environment\oblique\furniture.classroom.teacher-desk-yaw+180-elev50.render.png'
00:39.125  render           | Saved: 'C:\Users\matma\Documents\Rozwój gier\lockstate-classroom-teacher-desk-cycles-20261004\public\assets\environment\oblique\furniture.classroom.teacher-desk-yaw+180-elev60.render.png'
00:40.047  render           | Saved: 'C:\Users\matma\Documents\Rozwój gier\lockstate-classroom-teacher-desk-cycles-20261004\public\assets\environment\oblique\furniture.classroom.teacher-desk-yaw+180-elev70.render.png'
00:41.031  render           | Saved: 'C:\Users\matma\Documents\Rozwój gier\lockstate-classroom-teacher-desk-cycles-20261004\public\assets\environment\oblique\furniture.classroom.teacher-desk-yaw+210-elev20.render.png'
00:42.047  render           | Saved: 'C:\Users\matma\Documents\Rozwój gier\lockstate-classroom-teacher-desk-cycles-20261004\public\assets\environment\oblique\furniture.classroom.teacher-desk-yaw+210-elev30.render.png'
00:43.031  render           | Saved: 'C:\Users\matma\Documents\Rozwój gier\lockstate-classroom-teacher-desk-cycles-20261004\public\assets\environment\oblique\furniture.classroom.teacher-desk-yaw+210-elev40.render.png'
00:44.000  render           | Saved: 'C:\Users\matma\Documents\Rozwój gier\lockstate-classroom-teacher-desk-cycles-20261004\public\assets\environment\oblique\furniture.classroom.teacher-desk-yaw+210-elev50.render.png'
00:44.938  render           | Saved: 'C:\Users\matma\Documents\Rozwój gier\lockstate-classroom-teacher-desk-cycles-20261004\public\assets\environment\oblique\furniture.classroom.teacher-desk-yaw+210-elev60.render.png'
00:45.860  render           | Saved: 'C:\Users\matma\Documents\Rozwój gier\lockstate-classroom-teacher-desk-cycles-20261004\public\assets\environment\oblique\furniture.classroom.teacher-desk-yaw+210-elev70.render.png'
00:46.750  render           | Saved: 'C:\Users\matma\Documents\Rozwój gier\lockstate-classroom-teacher-desk-cycles-20261004\public\assets\environment\oblique\furniture.classroom.teacher-desk-yaw+240-elev20.render.png'
00:47.641  render           | Saved: 'C:\Users\matma\Documents\Rozwój gier\lockstate-classroom-teacher-desk-cycles-20261004\public\assets\environment\oblique\furniture.classroom.teacher-desk-yaw+240-elev30.render.png'
00:48.547  render           | Saved: 'C:\Users\matma\Documents\Rozwój gier\lockstate-classroom-teacher-desk-cycles-20261004\public\assets\environment\oblique\furniture.classroom.teacher-desk-yaw+240-elev40.render.png'
00:49.469  render           | Saved: 'C:\Users\matma\Documents\Rozwój gier\lockstate-classroom-teacher-desk-cycles-20261004\public\assets\environment\oblique\furniture.classroom.teacher-desk-yaw+240-elev50.render.png'
00:50.375  render           | Saved: 'C:\Users\matma\Documents\Rozwój gier\lockstate-classroom-teacher-desk-cycles-20261004\public\assets\environment\oblique\furniture.classroom.teacher-desk-yaw+240-elev60.render.png'
00:51.281  render           | Saved: 'C:\Users\matma\Documents\Rozwój gier\lockstate-classroom-teacher-desk-cycles-20261004\public\assets\environment\oblique\furniture.classroom.teacher-desk-yaw+240-elev70.render.png'
00:52.016  render           | Saved: 'C:\Users\matma\Documents\Rozwój gier\lockstate-classroom-teacher-desk-cycles-20261004\public\assets\environment\oblique\furniture.classroom.teacher-desk-yaw+270-elev20.render.png'
00:52.797  render           | Saved: 'C:\Users\matma\Documents\Rozwój gier\lockstate-classroom-teacher-desk-cycles-20261004\public\assets\environment\oblique\furniture.classroom.teacher-desk-yaw+270-elev30.render.png'
00:53.625  render           | Saved: 'C:\Users\matma\Documents\Rozwój gier\lockstate-classroom-teacher-desk-cycles-20261004\public\assets\environment\oblique\furniture.classroom.teacher-desk-yaw+270-elev40.render.png'
00:54.500  render           | Saved: 'C:\Users\matma\Documents\Rozwój gier\lockstate-classroom-teacher-desk-cycles-20261004\public\assets\environment\oblique\furniture.classroom.teacher-desk-yaw+270-elev50.render.png'
00:55.438  render           | Saved: 'C:\Users\matma\Documents\Rozwój gier\lockstate-classroom-teacher-desk-cycles-20261004\public\assets\environment\oblique\furniture.classroom.teacher-desk-yaw+270-elev60.render.png'
00:56.438  render           | Saved: 'C:\Users\matma\Documents\Rozwój gier\lockstate-classroom-teacher-desk-cycles-20261004\public\assets\environment\oblique\furniture.classroom.teacher-desk-yaw+270-elev70.render.png'
00:57.391  render           | Saved: 'C:\Users\matma\Documents\Rozwój gier\lockstate-classroom-teacher-desk-cycles-20261004\public\assets\environment\oblique\furniture.classroom.teacher-desk-yaw+300-elev20.render.png'
00:58.344  render           | Saved: 'C:\Users\matma\Documents\Rozwój gier\lockstate-classroom-teacher-desk-cycles-20261004\public\assets\environment\oblique\furniture.classroom.teacher-desk-yaw+300-elev30.render.png'
00:59.344  render           | Saved: 'C:\Users\matma\Documents\Rozwój gier\lockstate-classroom-teacher-desk-cycles-20261004\public\assets\environment\oblique\furniture.classroom.teacher-desk-yaw+300-elev40.render.png'
01:00.360  render           | Saved: 'C:\Users\matma\Documents\Rozwój gier\lockstate-classroom-teacher-desk-cycles-20261004\public\assets\environment\oblique\furniture.classroom.teacher-desk-yaw+300-elev50.render.png'
01:01.375  render           | Saved: 'C:\Users\matma\Documents\Rozwój gier\lockstate-classroom-teacher-desk-cycles-20261004\public\assets\environment\oblique\furniture.classroom.teacher-desk-yaw+300-elev60.render.png'
01:02.313  render           | Saved: 'C:\Users\matma\Documents\Rozwój gier\lockstate-classroom-teacher-desk-cycles-20261004\public\assets\environment\oblique\furniture.classroom.teacher-desk-yaw+300-elev70.render.png'
01:03.250  render           | Saved: 'C:\Users\matma\Documents\Rozwój gier\lockstate-classroom-teacher-desk-cycles-20261004\public\assets\environment\oblique\furniture.classroom.teacher-desk-yaw+330-elev20.render.png'
01:04.219  render           | Saved: 'C:\Users\matma\Documents\Rozwój gier\lockstate-classroom-teacher-desk-cycles-20261004\public\assets\environment\oblique\furniture.classroom.teacher-desk-yaw+330-elev30.render.png'
01:05.250  render           | Saved: 'C:\Users\matma\Documents\Rozwój gier\lockstate-classroom-teacher-desk-cycles-20261004\public\assets\environment\oblique\furniture.classroom.teacher-desk-yaw+330-elev40.render.png'
01:06.266  render           | Saved: 'C:\Users\matma\Documents\Rozwój gier\lockstate-classroom-teacher-desk-cycles-20261004\public\assets\environment\oblique\furniture.classroom.teacher-desk-yaw+330-elev50.render.png'
01:07.297  render           | Saved: 'C:\Users\matma\Documents\Rozwój gier\lockstate-classroom-teacher-desk-cycles-20261004\public\assets\environment\oblique\furniture.classroom.teacher-desk-yaw+330-elev60.render.png'
01:08.328  render           | Saved: 'C:\Users\matma\Documents\Rozwój gier\lockstate-classroom-teacher-desk-cycles-20261004\public\assets\environment\oblique\furniture.classroom.teacher-desk-yaw+330-elev70.render.png'
rendered 72 verified poses: C:\Users\matma\Documents\Rozwój gier\lockstate-classroom-teacher-desk-cycles-20261004\public\game-content\oblique-furniture-classroom-teacher-desk.v1.json
CLASSROOM_TEACHER_DESK_CYCLES_EXPORT72_DECODED_GREEN
Blender 5.2.1 LTS (hash 9e2066aef7ef built 2026-08-25 02:38:20)

Blender quit
