00:01.156  blend            | Read blend: "C:\Users\matma\Documents\Rozwój gier\lockstate-classroom-teacher-desk-cycles-20261004\assets\source\blender\furniture.classroom.teacher-desk.blend"
CLASSROOM_DESK_SOURCE_GREEN 133 meshes/55 actual contacts/all original materials/four occupied turns
KITCHEN_BOUNDS furniture.classroom.teacher-desk [0.0899999737739563, 0.08000001311302185, 0.0] [1.9100000858306885, 0.92249995470047, 1.2699999809265137]
{
  "meshCount": 133,
  "materials": [
    {
      "name": "monitor display",
      "users": 3,
      "diffuse": [
        0.05000000074505806,
        0.12999999523162842,
        0.17000000178813934,
        1.0
      ],
      "shaderRGBA": [
        0.800000011920929,
        0.800000011920929,
        0.800000011920929,
        1.0
      ],
      "roughness": 0.5,
      "metallic": 0.0
    },
    {
      "name": "paper",
      "users": 9,
      "diffuse": [
        0.800000011920929,
        0.7599999904632568,
        0.6200000047683716,
        1.0
      ],
      "shaderRGBA": [
        0.800000011920929,
        0.800000011920929,
        0.800000011920929,
        1.0
      ],
      "roughness": 0.5,
      "metallic": 0.0
    },
    {
      "name": "powder coated steel",
      "users": 76,
      "diffuse": [
        0.23000000417232513,
        0.30000001192092896,
        0.3199999928474426,
        1.0
      ],
      "shaderRGBA": [
        0.800000011920929,
        0.800000011920929,
        0.800000011920929,
        1.0
      ],
      "roughness": 0.5,
      "metallic": 0.0
    },
    {
      "name": "teal drawer label",
      "users": 25,
      "diffuse": [
        0.11999999731779099,
        0.4699999988079071,
        0.47999998927116394,
        1.0
      ],
      "shaderRGBA": [
        0.800000011920929,
        0.800000011920929,
        0.800000011920929,
        1.0
      ],
      "roughness": 0.5,
      "metallic": 0.0
    },
    {
      "name": "warm oak laminate",
      "users": 15,
      "diffuse": [
        0.41999998688697815,
        0.27000001072883606,
        0.14000000059604645,
        1.0
      ],
      "shaderRGBA": [
        0.800000011920929,
        0.800000011920929,
        0.800000011920929,
        1.0
      ],
      "roughness": 0.5,
      "metallic": 0.0
    },
    {
      "name": "worktop edging",
      "users": 5,
      "diffuse": [
        0.18000000715255737,
        0.11999999731779099,
        0.07999999821186066,
        1.0
      ],
      "shaderRGBA": [
        0.800000011920929,
        0.800000011920929,
        0.800000011920929,
        1.0
      ],
      "roughness": 0.5,
      "metallic": 0.0
    }
  ],
  "engine": "BLENDER_WORKBENCH"
}
Blender 5.2.1 LTS (hash 9e2066aef7ef built 2026-08-25 02:38:20)

Blender quit
