00:01.140  blend            | Read blend: "C:\Users\matma\Documents\Rozwój gier\lockstate-kitchen-laundry-functional-detail-20261003\assets\source\blender\furniture.laundry.linen-rack.blend"
Blender 5.2.1 LTS (hash 9e2066aef7ef built 2026-08-25 02:38:20)

Blender quit
Traceback (most recent call last):
  File "C:\Users\matma\Documents\Rozwój gier\lockstate-kitchen-laundry-functional-detail-20261003\tooling\blender\render-laundry-linen-rack-oblique.py", line 129, in <module>
    scene, camera, target = configure(MODEL)
                            ~~~~~~~~~^^^^^^^
  File "C:\Users\matma\Documents\Rozwój gier\lockstate-kitchen-laundry-functional-detail-20261003\tooling\blender\render-laundry-linen-rack-oblique.py", line 52, in configure
    scene, camera, target = shared_configure(model, prepare_source)
                            ~~~~~~~~~~~~~~~~^^^^^^^^^^^^^^^^^^^^^^^
  File "C:\Users\matma\Documents\Rozwój gier\lockstate-kitchen-laundry-functional-detail-20261003\tooling\blender\render-kitchen-fixtures-oblique.py", line 132, in configure
    prepare_source(scene, model)
    ~~~~~~~~~~~~~~^^^^^^^^^^^^^^
  File "C:\Users\matma\Documents\Rozwój gier\lockstate-kitchen-laundry-functional-detail-20261003\tooling\blender\render-laundry-linen-rack-oblique.py", line 48, in prepare_source
    builder.verify_source(scene)
    ~~~~~~~~~~~~~~~~~~~~~^^^^^^^
  File "C:\Users\matma\Documents\Rozwój gier\lockstate-kitchen-laundry-functional-detail-20261003\tooling\blender\build-laundry-linen-rack.py", line 105, in verify_source
    contacts = source_contacts(scene, receipt['actualContactPairs'])
  File "C:\Users\matma\Documents\Rozwój gier\lockstate-kitchen-laundry-functional-detail-20261003\tooling\blender\build-laundry-linen-rack.py", line 76, in source_contacts
    raise ValueError(f'Laundry linen rack actual contact disconnected: {first} / {second}')
ValueError: Laundry linen rack actual contact disconnected: Laundry linen rack.folded linen panel 0 / Laundry linen rack.linen rail return fold 0

Error: script failed, file: 'C:\Users\matma\Documents\Rozwój gier\lockstate-kitchen-laundry-functional-detail-20261003\tooling\blender\render-laundry-linen-rack-oblique.py', exiting.
