00:01.109  blend            | Read blend: "C:\Users\matma\Documents\Rozwój gier\lockstate-kitchen-laundry-functional-detail-20261003\assets\source\blender\furniture.laundry.linen-rack.blend"
LAUNDRY_LINEN_RACK_SOURCE_GREEN 111 meshes/8 actual contacts/all original materials/four occupied turns
00:01.718  render           | Saved: 'C:\Users\matma\Documents\Rozwój gier\lockstate-kitchen-laundry-functional-detail-20261003\public\assets\environment\oblique\furniture.laundry.linen-rack-yaw+00-elev20.render.png'
00:01.812  render           | Saved: 'C:\Users\matma\Documents\Rozwój gier\lockstate-kitchen-laundry-functional-detail-20261003\public\assets\environment\oblique\furniture.laundry.linen-rack-yaw+00-elev30.render.png'
00:01.906  render           | Saved: 'C:\Users\matma\Documents\Rozwój gier\lockstate-kitchen-laundry-functional-detail-20261003\public\assets\environment\oblique\furniture.laundry.linen-rack-yaw+00-elev40.render.png'
00:01.984  render           | Saved: 'C:\Users\matma\Documents\Rozwój gier\lockstate-kitchen-laundry-functional-detail-20261003\public\assets\environment\oblique\furniture.laundry.linen-rack-yaw+00-elev50.render.png'
00:02.093  render           | Saved: 'C:\Users\matma\Documents\Rozwój gier\lockstate-kitchen-laundry-functional-detail-20261003\public\assets\environment\oblique\furniture.laundry.linen-rack-yaw+00-elev60.render.png'
00:02.187  render           | Saved: 'C:\Users\matma\Documents\Rozwój gier\lockstate-kitchen-laundry-functional-detail-20261003\public\assets\environment\oblique\furniture.laundry.linen-rack-yaw+00-elev70.render.png'
00:02.281  render           | Saved: 'C:\Users\matma\Documents\Rozwój gier\lockstate-kitchen-laundry-functional-detail-20261003\public\assets\environment\oblique\furniture.laundry.linen-rack-yaw+30-elev20.render.png'
00:02.375  render           | Saved: 'C:\Users\matma\Documents\Rozwój gier\lockstate-kitchen-laundry-functional-detail-20261003\public\assets\environment\oblique\furniture.laundry.linen-rack-yaw+30-elev30.render.png'
00:02.468  render           | Saved: 'C:\Users\matma\Documents\Rozwój gier\lockstate-kitchen-laundry-functional-detail-20261003\public\assets\environment\oblique\furniture.laundry.linen-rack-yaw+30-elev40.render.png'
00:02.562  render           | Saved: 'C:\Users\matma\Documents\Rozwój gier\lockstate-kitchen-laundry-functional-detail-20261003\public\assets\environment\oblique\furniture.laundry.linen-rack-yaw+30-elev50.render.png'
00:02.656  render           | Saved: 'C:\Users\matma\Documents\Rozwój gier\lockstate-kitchen-laundry-functional-detail-20261003\public\assets\environment\oblique\furniture.laundry.linen-rack-yaw+30-elev60.render.png'
00:02.734  render           | Saved: 'C:\Users\matma\Documents\Rozwój gier\lockstate-kitchen-laundry-functional-detail-20261003\public\assets\environment\oblique\furniture.laundry.linen-rack-yaw+30-elev70.render.png'
00:02.828  render           | Saved: 'C:\Users\matma\Documents\Rozwój gier\lockstate-kitchen-laundry-functional-detail-20261003\public\assets\environment\oblique\furniture.laundry.linen-rack-yaw+60-elev20.render.png'
00:02.921  render           | Saved: 'C:\Users\matma\Documents\Rozwój gier\lockstate-kitchen-laundry-functional-detail-20261003\public\assets\environment\oblique\furniture.laundry.linen-rack-yaw+60-elev30.render.png'
00:03.015  render           | Saved: 'C:\Users\matma\Documents\Rozwój gier\lockstate-kitchen-laundry-functional-detail-20261003\public\assets\environment\oblique\furniture.laundry.linen-rack-yaw+60-elev40.render.png'
00:03.109  render           | Saved: 'C:\Users\matma\Documents\Rozwój gier\lockstate-kitchen-laundry-functional-detail-20261003\public\assets\environment\oblique\furniture.laundry.linen-rack-yaw+60-elev50.render.png'
00:03.203  render           | Saved: 'C:\Users\matma\Documents\Rozwój gier\lockstate-kitchen-laundry-functional-detail-20261003\public\assets\environment\oblique\furniture.laundry.linen-rack-yaw+60-elev60.render.png'
00:03.296  render           | Saved: 'C:\Users\matma\Documents\Rozwój gier\lockstate-kitchen-laundry-functional-detail-20261003\public\assets\environment\oblique\furniture.laundry.linen-rack-yaw+60-elev70.render.png'
00:03.375  render           | Saved: 'C:\Users\matma\Documents\Rozwój gier\lockstate-kitchen-laundry-functional-detail-20261003\public\assets\environment\oblique\furniture.laundry.linen-rack-yaw+90-elev20.render.png'
00:03.468  render           | Saved: 'C:\Users\matma\Documents\Rozwój gier\lockstate-kitchen-laundry-functional-detail-20261003\public\assets\environment\oblique\furniture.laundry.linen-rack-yaw+90-elev30.render.png'
00:03.578  render           | Saved: 'C:\Users\matma\Documents\Rozwój gier\lockstate-kitchen-laundry-functional-detail-20261003\public\assets\environment\oblique\furniture.laundry.linen-rack-yaw+90-elev40.render.png'
00:03.671  render           | Saved: 'C:\Users\matma\Documents\Rozwój gier\lockstate-kitchen-laundry-functional-detail-20261003\public\assets\environment\oblique\furniture.laundry.linen-rack-yaw+90-elev50.render.png'
00:03.765  render           | Saved: 'C:\Users\matma\Documents\Rozwój gier\lockstate-kitchen-laundry-functional-detail-20261003\public\assets\environment\oblique\furniture.laundry.linen-rack-yaw+90-elev60.render.png'
00:03.859  render           | Saved: 'C:\Users\matma\Documents\Rozwój gier\lockstate-kitchen-laundry-functional-detail-20261003\public\assets\environment\oblique\furniture.laundry.linen-rack-yaw+90-elev70.render.png'
00:03.968  render           | Saved: 'C:\Users\matma\Documents\Rozwój gier\lockstate-kitchen-laundry-functional-detail-20261003\public\assets\environment\oblique\furniture.laundry.linen-rack-yaw+120-elev20.render.png'
00:04.062  render           | Saved: 'C:\Users\matma\Documents\Rozwój gier\lockstate-kitchen-laundry-functional-detail-20261003\public\assets\environment\oblique\furniture.laundry.linen-rack-yaw+120-elev30.render.png'
00:04.156  render           | Saved: 'C:\Users\matma\Documents\Rozwój gier\lockstate-kitchen-laundry-functional-detail-20261003\public\assets\environment\oblique\furniture.laundry.linen-rack-yaw+120-elev40.render.png'
00:04.250  render           | Saved: 'C:\Users\matma\Documents\Rozwój gier\lockstate-kitchen-laundry-functional-detail-20261003\public\assets\environment\oblique\furniture.laundry.linen-rack-yaw+120-elev50.render.png'
00:04.343  render           | Saved: 'C:\Users\matma\Documents\Rozwój gier\lockstate-kitchen-laundry-functional-detail-20261003\public\assets\environment\oblique\furniture.laundry.linen-rack-yaw+120-elev60.render.png'
00:04.421  render           | Saved: 'C:\Users\matma\Documents\Rozwój gier\lockstate-kitchen-laundry-functional-detail-20261003\public\assets\environment\oblique\furniture.laundry.linen-rack-yaw+120-elev70.render.png'
00:04.515  render           | Saved: 'C:\Users\matma\Documents\Rozwój gier\lockstate-kitchen-laundry-functional-detail-20261003\public\assets\environment\oblique\furniture.laundry.linen-rack-yaw+150-elev20.render.png'
00:04.609  render           | Saved: 'C:\Users\matma\Documents\Rozwój gier\lockstate-kitchen-laundry-functional-detail-20261003\public\assets\environment\oblique\furniture.laundry.linen-rack-yaw+150-elev30.render.png'
00:04.703  render           | Saved: 'C:\Users\matma\Documents\Rozwój gier\lockstate-kitchen-laundry-functional-detail-20261003\public\assets\environment\oblique\furniture.laundry.linen-rack-yaw+150-elev40.render.png'
00:04.796  render           | Saved: 'C:\Users\matma\Documents\Rozwój gier\lockstate-kitchen-laundry-functional-detail-20261003\public\assets\environment\oblique\furniture.laundry.linen-rack-yaw+150-elev50.render.png'
00:04.875  render           | Saved: 'C:\Users\matma\Documents\Rozwój gier\lockstate-kitchen-laundry-functional-detail-20261003\public\assets\environment\oblique\furniture.laundry.linen-rack-yaw+150-elev60.render.png'
00:04.968  render           | Saved: 'C:\Users\matma\Documents\Rozwój gier\lockstate-kitchen-laundry-functional-detail-20261003\public\assets\environment\oblique\furniture.laundry.linen-rack-yaw+150-elev70.render.png'
00:05.062  render           | Saved: 'C:\Users\matma\Documents\Rozwój gier\lockstate-kitchen-laundry-functional-detail-20261003\public\assets\environment\oblique\furniture.laundry.linen-rack-yaw+180-elev20.render.png'
00:05.156  render           | Saved: 'C:\Users\matma\Documents\Rozwój gier\lockstate-kitchen-laundry-functional-detail-20261003\public\assets\environment\oblique\furniture.laundry.linen-rack-yaw+180-elev30.render.png'
00:05.250  render           | Saved: 'C:\Users\matma\Documents\Rozwój gier\lockstate-kitchen-laundry-functional-detail-20261003\public\assets\environment\oblique\furniture.laundry.linen-rack-yaw+180-elev40.render.png'
00:05.343  render           | Saved: 'C:\Users\matma\Documents\Rozwój gier\lockstate-kitchen-laundry-functional-detail-20261003\public\assets\environment\oblique\furniture.laundry.linen-rack-yaw+180-elev50.render.png'
00:05.437  render           | Saved: 'C:\Users\matma\Documents\Rozwój gier\lockstate-kitchen-laundry-functional-detail-20261003\public\assets\environment\oblique\furniture.laundry.linen-rack-yaw+180-elev60.render.png'
00:05.531  render           | Saved: 'C:\Users\matma\Documents\Rozwój gier\lockstate-kitchen-laundry-functional-detail-20261003\public\assets\environment\oblique\furniture.laundry.linen-rack-yaw+180-elev70.render.png'
00:05.625  render           | Saved: 'C:\Users\matma\Documents\Rozwój gier\lockstate-kitchen-laundry-functional-detail-20261003\public\assets\environment\oblique\furniture.laundry.linen-rack-yaw+210-elev20.render.png'
00:05.734  render           | Saved: 'C:\Users\matma\Documents\Rozwój gier\lockstate-kitchen-laundry-functional-detail-20261003\public\assets\environment\oblique\furniture.laundry.linen-rack-yaw+210-elev30.render.png'
00:05.828  render           | Saved: 'C:\Users\matma\Documents\Rozwój gier\lockstate-kitchen-laundry-functional-detail-20261003\public\assets\environment\oblique\furniture.laundry.linen-rack-yaw+210-elev40.render.png'
00:05.921  render           | Saved: 'C:\Users\matma\Documents\Rozwój gier\lockstate-kitchen-laundry-functional-detail-20261003\public\assets\environment\oblique\furniture.laundry.linen-rack-yaw+210-elev50.render.png'
00:06.015  render           | Saved: 'C:\Users\matma\Documents\Rozwój gier\lockstate-kitchen-laundry-functional-detail-20261003\public\assets\environment\oblique\furniture.laundry.linen-rack-yaw+210-elev60.render.png'
00:06.109  render           | Saved: 'C:\Users\matma\Documents\Rozwój gier\lockstate-kitchen-laundry-functional-detail-20261003\public\assets\environment\oblique\furniture.laundry.linen-rack-yaw+210-elev70.render.png'
00:06.187  render           | Saved: 'C:\Users\matma\Documents\Rozwój gier\lockstate-kitchen-laundry-functional-detail-20261003\public\assets\environment\oblique\furniture.laundry.linen-rack-yaw+240-elev20.render.png'
00:06.281  render           | Saved: 'C:\Users\matma\Documents\Rozwój gier\lockstate-kitchen-laundry-functional-detail-20261003\public\assets\environment\oblique\furniture.laundry.linen-rack-yaw+240-elev30.render.png'
00:06.375  render           | Saved: 'C:\Users\matma\Documents\Rozwój gier\lockstate-kitchen-laundry-functional-detail-20261003\public\assets\environment\oblique\furniture.laundry.linen-rack-yaw+240-elev40.render.png'
00:06.468  render           | Saved: 'C:\Users\matma\Documents\Rozwój gier\lockstate-kitchen-laundry-functional-detail-20261003\public\assets\environment\oblique\furniture.laundry.linen-rack-yaw+240-elev50.render.png'
00:06.562  render           | Saved: 'C:\Users\matma\Documents\Rozwój gier\lockstate-kitchen-laundry-functional-detail-20261003\public\assets\environment\oblique\furniture.laundry.linen-rack-yaw+240-elev60.render.png'
00:06.656  render           | Saved: 'C:\Users\matma\Documents\Rozwój gier\lockstate-kitchen-laundry-functional-detail-20261003\public\assets\environment\oblique\furniture.laundry.linen-rack-yaw+240-elev70.render.png'
00:06.750  render           | Saved: 'C:\Users\matma\Documents\Rozwój gier\lockstate-kitchen-laundry-functional-detail-20261003\public\assets\environment\oblique\furniture.laundry.linen-rack-yaw+270-elev20.render.png'
00:06.843  render           | Saved: 'C:\Users\matma\Documents\Rozwój gier\lockstate-kitchen-laundry-functional-detail-20261003\public\assets\environment\oblique\furniture.laundry.linen-rack-yaw+270-elev30.render.png'
00:06.937  render           | Saved: 'C:\Users\matma\Documents\Rozwój gier\lockstate-kitchen-laundry-functional-detail-20261003\public\assets\environment\oblique\furniture.laundry.linen-rack-yaw+270-elev40.render.png'
00:07.031  render           | Saved: 'C:\Users\matma\Documents\Rozwój gier\lockstate-kitchen-laundry-functional-detail-20261003\public\assets\environment\oblique\furniture.laundry.linen-rack-yaw+270-elev50.render.png'
00:07.140  render           | Saved: 'C:\Users\matma\Documents\Rozwój gier\lockstate-kitchen-laundry-functional-detail-20261003\public\assets\environment\oblique\furniture.laundry.linen-rack-yaw+270-elev60.render.png'
00:07.234  render           | Saved: 'C:\Users\matma\Documents\Rozwój gier\lockstate-kitchen-laundry-functional-detail-20261003\public\assets\environment\oblique\furniture.laundry.linen-rack-yaw+270-elev70.render.png'
00:07.328  render           | Saved: 'C:\Users\matma\Documents\Rozwój gier\lockstate-kitchen-laundry-functional-detail-20261003\public\assets\environment\oblique\furniture.laundry.linen-rack-yaw+300-elev20.render.png'
00:07.421  render           | Saved: 'C:\Users\matma\Documents\Rozwój gier\lockstate-kitchen-laundry-functional-detail-20261003\public\assets\environment\oblique\furniture.laundry.linen-rack-yaw+300-elev30.render.png'
00:07.531  render           | Saved: 'C:\Users\matma\Documents\Rozwój gier\lockstate-kitchen-laundry-functional-detail-20261003\public\assets\environment\oblique\furniture.laundry.linen-rack-yaw+300-elev40.render.png'
00:07.609  render           | Saved: 'C:\Users\matma\Documents\Rozwój gier\lockstate-kitchen-laundry-functional-detail-20261003\public\assets\environment\oblique\furniture.laundry.linen-rack-yaw+300-elev50.render.png'
00:07.703  render           | Saved: 'C:\Users\matma\Documents\Rozwój gier\lockstate-kitchen-laundry-functional-detail-20261003\public\assets\environment\oblique\furniture.laundry.linen-rack-yaw+300-elev60.render.png'
00:07.796  render           | Saved: 'C:\Users\matma\Documents\Rozwój gier\lockstate-kitchen-laundry-functional-detail-20261003\public\assets\environment\oblique\furniture.laundry.linen-rack-yaw+300-elev70.render.png'
00:07.875  render           | Saved: 'C:\Users\matma\Documents\Rozwój gier\lockstate-kitchen-laundry-functional-detail-20261003\public\assets\environment\oblique\furniture.laundry.linen-rack-yaw+330-elev20.render.png'
00:07.984  render           | Saved: 'C:\Users\matma\Documents\Rozwój gier\lockstate-kitchen-laundry-functional-detail-20261003\public\assets\environment\oblique\furniture.laundry.linen-rack-yaw+330-elev30.render.png'
00:08.062  render           | Saved: 'C:\Users\matma\Documents\Rozwój gier\lockstate-kitchen-laundry-functional-detail-20261003\public\assets\environment\oblique\furniture.laundry.linen-rack-yaw+330-elev40.render.png'
00:08.156  render           | Saved: 'C:\Users\matma\Documents\Rozwój gier\lockstate-kitchen-laundry-functional-detail-20261003\public\assets\environment\oblique\furniture.laundry.linen-rack-yaw+330-elev50.render.png'
00:08.250  render           | Saved: 'C:\Users\matma\Documents\Rozwój gier\lockstate-kitchen-laundry-functional-detail-20261003\public\assets\environment\oblique\furniture.laundry.linen-rack-yaw+330-elev60.render.png'
00:08.328  render           | Saved: 'C:\Users\matma\Documents\Rozwój gier\lockstate-kitchen-laundry-functional-detail-20261003\public\assets\environment\oblique\furniture.laundry.linen-rack-yaw+330-elev70.render.png'
KITCHEN_BOUNDS furniture.laundry.linen-rack [0.004999697208404541, 0.04500061273574829, 0.0] [0.9950003027915955, 0.9549993872642517, 1.4079999923706055]
rendered 72 verified poses: C:\Users\matma\Documents\Rozwój gier\lockstate-kitchen-laundry-functional-detail-20261003\public\game-content\oblique-furniture-laundry-linen-rack.v1.json
LAUNDRY_LINEN_RACK_EXPORTED_BODY_GREEN 72 genuinely decoded RGBA bodies
Blender 5.2.1 LTS (hash 9e2066aef7ef built 2026-08-25 02:38:20)

Blender quit
