
 RUN  v4.1.11 C:/Users/matma/Documents/Rozwój gier/hud-build-input-gap-20261003

 ❯ tests/unit/camera-pan-ports.test.ts (56 tests | 28 failed) 28ms
   × Angled pan 'up' moves exactly128CSSpx at yaw-75 CSSratio1 5ms
   × Angled pan 'down' moves exactly128CSSpx at yaw-75 CSSratio1 1ms
   × Angled pan 'left' moves exactly128CSSpx at yaw-75 CSSratio1 0ms
   × Angled pan 'right' moves exactly128CSSpx at yaw-75 CSSratio1 0ms
   × Angled pan 'up' moves exactly128CSSpx at yaw-75 CSSratio2 0ms
   × Angled pan 'down' moves exactly128CSSpx at yaw-75 CSSratio2 0ms
   × Angled pan 'left' moves exactly128CSSpx at yaw-75 CSSratio2 0ms
   × Angled pan 'right' moves exactly128CSSpx at yaw-75 CSSratio2 0ms
   × Angled pan 'up' moves exactly128CSSpx at yaw30 CSSratio1 0ms
   × Angled pan 'down' moves exactly128CSSpx at yaw30 CSSratio1 0ms
   × Angled pan 'left' moves exactly128CSSpx at yaw30 CSSratio1 0ms
   × Angled pan 'right' moves exactly128CSSpx at yaw30 CSSratio1 0ms
   × Angled pan 'up' moves exactly128CSSpx at yaw30 CSSratio2 0ms
   × Angled pan 'down' moves exactly128CSSpx at yaw30 CSSratio2 0ms
   × Angled pan 'left' moves exactly128CSSpx at yaw30 CSSratio2 0ms
   × Angled pan 'right' moves exactly128CSSpx at yaw30 CSSratio2 0ms
   × Angled pan 'up' moves exactly128CSSpx at yaw125 CSSratio1 0ms
   × Angled pan 'down' moves exactly128CSSpx at yaw125 CSSratio1 0ms
   × Angled pan 'left' moves exactly128CSSpx at yaw125 CSSratio1 0ms
   × Angled pan 'right' moves exactly128CSSpx at yaw125 CSSratio1 0ms
   × Angled pan 'up' moves exactly128CSSpx at yaw125 CSSratio2 0ms
   × Angled pan 'down' moves exactly128CSSpx at yaw125 CSSratio2 0ms
   × Angled pan 'left' moves exactly128CSSpx at yaw125 CSSratio2 0ms
   × Angled pan 'right' moves exactly128CSSpx at yaw125 CSSratio2 0ms
   × 'oblique' pan 'up' refreshes the stationary whole-square Build hover without ordering or changing the tool 4ms
   × 'oblique' pan 'down' refreshes the stationary whole-square Build hover without ordering or changing the tool 1ms
   × 'oblique' pan 'left' refreshes the stationary whole-square Build hover without ordering or changing the tool 1ms
   × 'oblique' pan 'right' refreshes the stationary whole-square Build hover without ordering or changing the tool 0ms

 Test Files  1 failed | 1 passed (2)
      Tests  28 failed | 33 passed (61)
   Start at  03:40:23
   Duration  1.46s (transform 648ms, setup 0ms, import 1.65s, tests 32ms, environment 0ms)


⎯⎯⎯⎯⎯⎯ Failed Tests 28 ⎯⎯⎯⎯⎯⎯⎯

 FAIL  tests/unit/camera-pan-ports.test.ts > Angled pan 'up' moves exactly128CSSpx at yaw-75 CSSratio1
 FAIL  tests/unit/camera-pan-ports.test.ts > Angled pan 'up' moves exactly128CSSpx at yaw-75 CSSratio2
 FAIL  tests/unit/camera-pan-ports.test.ts > Angled pan 'up' moves exactly128CSSpx at yaw30 CSSratio1
 FAIL  tests/unit/camera-pan-ports.test.ts > Angled pan 'up' moves exactly128CSSpx at yaw30 CSSratio2
 FAIL  tests/unit/camera-pan-ports.test.ts > Angled pan 'up' moves exactly128CSSpx at yaw125 CSSratio1
 FAIL  tests/unit/camera-pan-ports.test.ts > Angled pan 'up' moves exactly128CSSpx at yaw125 CSSratio2
AssertionError: expected +0 to be close to 128, received difference is 128, but expected 5e-10
 ❯ tests/unit/camera-pan-ports.test.ts:99:40
     97|   const after = screenOf(anchor, Reflect.get(scene, 'pose') as Oblique…
     98|   expect((after.x - before.x) * ratio).toBeCloseTo(-128 * delta.x, 9);
     99|   expect((after.y - before.y) * ratio).toBeCloseTo(-128 * delta.y, 9);
       |                                        ^
    100|   const next = scene.captureCameraView();
    101|   expect(next.zoom).toBe(view.zoom); expect(next.yawRadians).toBe(view…

⎯⎯⎯⎯⎯⎯⎯⎯⎯⎯⎯⎯⎯⎯⎯⎯⎯⎯⎯⎯⎯⎯⎯[1/28]⎯

 FAIL  tests/unit/camera-pan-ports.test.ts > Angled pan 'down' moves exactly128CSSpx at yaw-75 CSSratio1
 FAIL  tests/unit/camera-pan-ports.test.ts > Angled pan 'down' moves exactly128CSSpx at yaw-75 CSSratio2
 FAIL  tests/unit/camera-pan-ports.test.ts > Angled pan 'down' moves exactly128CSSpx at yaw30 CSSratio1
 FAIL  tests/unit/camera-pan-ports.test.ts > Angled pan 'down' moves exactly128CSSpx at yaw30 CSSratio2
 FAIL  tests/unit/camera-pan-ports.test.ts > Angled pan 'down' moves exactly128CSSpx at yaw125 CSSratio1
 FAIL  tests/unit/camera-pan-ports.test.ts > Angled pan 'down' moves exactly128CSSpx at yaw125 CSSratio2
AssertionError: expected +0 to be close to -128, received difference is 128, but expected 5e-10
 ❯ tests/unit/camera-pan-ports.test.ts:99:40
     97|   const after = screenOf(anchor, Reflect.get(scene, 'pose') as Oblique…
     98|   expect((after.x - before.x) * ratio).toBeCloseTo(-128 * delta.x, 9);
     99|   expect((after.y - before.y) * ratio).toBeCloseTo(-128 * delta.y, 9);
       |                                        ^
    100|   const next = scene.captureCameraView();
    101|   expect(next.zoom).toBe(view.zoom); expect(next.yawRadians).toBe(view…

⎯⎯⎯⎯⎯⎯⎯⎯⎯⎯⎯⎯⎯⎯⎯⎯⎯⎯⎯⎯⎯⎯⎯[2/28]⎯

 FAIL  tests/unit/camera-pan-ports.test.ts > Angled pan 'left' moves exactly128CSSpx at yaw-75 CSSratio1
 FAIL  tests/unit/camera-pan-ports.test.ts > Angled pan 'left' moves exactly128CSSpx at yaw-75 CSSratio2
 FAIL  tests/unit/camera-pan-ports.test.ts > Angled pan 'left' moves exactly128CSSpx at yaw30 CSSratio1
 FAIL  tests/unit/camera-pan-ports.test.ts > Angled pan 'left' moves exactly128CSSpx at yaw30 CSSratio2
 FAIL  tests/unit/camera-pan-ports.test.ts > Angled pan 'left' moves exactly128CSSpx at yaw125 CSSratio1
 FAIL  tests/unit/camera-pan-ports.test.ts > Angled pan 'left' moves exactly128CSSpx at yaw125 CSSratio2
AssertionError: expected +0 to be close to 128, received difference is 128, but expected 5e-10
 ❯ tests/unit/camera-pan-ports.test.ts:98:40
     96|   pan(scene, direction);
     97|   const after = screenOf(anchor, Reflect.get(scene, 'pose') as Oblique…
     98|   expect((after.x - before.x) * ratio).toBeCloseTo(-128 * delta.x, 9);
       |                                        ^
     99|   expect((after.y - before.y) * ratio).toBeCloseTo(-128 * delta.y, 9);
    100|   const next = scene.captureCameraView();

⎯⎯⎯⎯⎯⎯⎯⎯⎯⎯⎯⎯⎯⎯⎯⎯⎯⎯⎯⎯⎯⎯⎯[3/28]⎯

 FAIL  tests/unit/camera-pan-ports.test.ts > Angled pan 'right' moves exactly128CSSpx at yaw-75 CSSratio1
 FAIL  tests/unit/camera-pan-ports.test.ts > Angled pan 'right' moves exactly128CSSpx at yaw-75 CSSratio2
 FAIL  tests/unit/camera-pan-ports.test.ts > Angled pan 'right' moves exactly128CSSpx at yaw30 CSSratio1
 FAIL  tests/unit/camera-pan-ports.test.ts > Angled pan 'right' moves exactly128CSSpx at yaw30 CSSratio2
 FAIL  tests/unit/camera-pan-ports.test.ts > Angled pan 'right' moves exactly128CSSpx at yaw125 CSSratio1
 FAIL  tests/unit/camera-pan-ports.test.ts > Angled pan 'right' moves exactly128CSSpx at yaw125 CSSratio2
AssertionError: expected +0 to be close to -128, received difference is 128, but expected 5e-10
 ❯ tests/unit/camera-pan-ports.test.ts:98:40
     96|   pan(scene, direction);
     97|   const after = screenOf(anchor, Reflect.get(scene, 'pose') as Oblique…
     98|   expect((after.x - before.x) * ratio).toBeCloseTo(-128 * delta.x, 9);
       |                                        ^
     99|   expect((after.y - before.y) * ratio).toBeCloseTo(-128 * delta.y, 9);
    100|   const next = scene.captureCameraView();

⎯⎯⎯⎯⎯⎯⎯⎯⎯⎯⎯⎯⎯⎯⎯⎯⎯⎯⎯⎯⎯⎯⎯[4/28]⎯

 FAIL  tests/unit/camera-pan-ports.test.ts > 'oblique' pan 'up' refreshes the stationary whole-square Build hover without ordering or changing the tool
 FAIL  tests/unit/camera-pan-ports.test.ts > 'oblique' pan 'down' refreshes the stationary whole-square Build hover without ordering or changing the tool
 FAIL  tests/unit/camera-pan-ports.test.ts > 'oblique' pan 'left' refreshes the stationary whole-square Build hover without ordering or changing the tool
 FAIL  tests/unit/camera-pan-ports.test.ts > 'oblique' pan 'right' refreshes the stationary whole-square Build hover without ordering or changing the tool
AssertionError: expected { x: 9, y: -6, segments: 1, …(2) } to not deeply equal { x: 9, y: -6, segments: 1, …(2) }

Compared values have no visual difference.

 ❯ tests/unit/camera-pan-ports.test.ts:134:22
    132|     pan(scene, direction);
    133|     const next = targets.at(-1)!;
    134|     expect(next).not.toEqual(old);
       |                      ^
    135|     let ground: { x: number; y: number };
    136|     if (camera !== undefined) { camera.preRender(); ground = camera.ge…

⎯⎯⎯⎯⎯⎯⎯⎯⎯⎯⎯⎯⎯⎯⎯⎯⎯⎯⎯⎯⎯⎯⎯[5/28]⎯

