
 RUN  v4.1.11 C:/Users/matma/Documents/Rozwój gier/hud-build-input-gap-20261003

 ❯ tests/unit/camera-pan-ports.test.ts (56 tests | 4 failed) 20ms
   × 'world' pan 'up' refreshes the stationary whole-square Build hover without ordering or changing the tool 4ms
   × 'world' pan 'down' refreshes the stationary whole-square Build hover without ordering or changing the tool 1ms
   × 'world' pan 'left' refreshes the stationary whole-square Build hover without ordering or changing the tool 0ms
   × 'world' pan 'right' refreshes the stationary whole-square Build hover without ordering or changing the tool 0ms

 Test Files  1 failed | 1 passed (2)
      Tests  4 failed | 57 passed (61)
   Start at  03:40:27
   Duration  1.42s (transform 599ms, setup 0ms, import 1.64s, tests 25ms, environment 0ms)


⎯⎯⎯⎯⎯⎯⎯ Failed Tests 4 ⎯⎯⎯⎯⎯⎯⎯

 FAIL  tests/unit/camera-pan-ports.test.ts > 'world' pan 'up' refreshes the stationary whole-square Build hover without ordering or changing the tool
 FAIL  tests/unit/camera-pan-ports.test.ts > 'world' pan 'down' refreshes the stationary whole-square Build hover without ordering or changing the tool
 FAIL  tests/unit/camera-pan-ports.test.ts > 'world' pan 'left' refreshes the stationary whole-square Build hover without ordering or changing the tool
 FAIL  tests/unit/camera-pan-ports.test.ts > 'world' pan 'right' refreshes the stationary whole-square Build hover without ordering or changing the tool
AssertionError: expected { x: 14, y: 10, segments: 1, …(2) } to not deeply equal { x: 14, y: 10, segments: 1, …(2) }

Compared values have no visual difference.

 ❯ tests/unit/camera-pan-ports.test.ts:134:22
    132|     pan(scene, direction);
    133|     const next = targets.at(-1)!;
    134|     expect(next).not.toEqual(old);
       |                      ^
    135|     let ground: { x: number; y: number };
    136|     if (camera !== undefined) { camera.preRender(); ground = camera.ge…

⎯⎯⎯⎯⎯⎯⎯⎯⎯⎯⎯⎯⎯⎯⎯⎯⎯⎯⎯⎯⎯⎯⎯⎯[1/4]⎯

