00:01.203  blend            | Read blend: "C:\Users\matma\Documents\Rozwój gier\lockstate-interior-door-cycles-20261004\assets\source\blender\furniture.classroom.student-chair.soft-light.blend"
00:03.437  render           | Saved: 'C:\Users\matma\Documents\Rozwój gier\lockstate-interior-door-cycles-20261004\public\assets\environment\oblique\furniture.classroom.student-chair-yaw+00-elev20.render.png'
00:05.656  render           | Saved: 'C:\Users\matma\Documents\Rozwój gier\lockstate-interior-door-cycles-20261004\public\assets\environment\oblique\furniture.classroom.student-chair-yaw+00-elev30.render.png'
00:07.859  render           | Saved: 'C:\Users\matma\Documents\Rozwój gier\lockstate-interior-door-cycles-20261004\public\assets\environment\oblique\furniture.classroom.student-chair-yaw+00-elev40.render.png'
00:10.078  render           | Saved: 'C:\Users\matma\Documents\Rozwój gier\lockstate-interior-door-cycles-20261004\public\assets\environment\oblique\furniture.classroom.student-chair-yaw+00-elev50.render.png'
00:12.265  render           | Saved: 'C:\Users\matma\Documents\Rozwój gier\lockstate-interior-door-cycles-20261004\public\assets\environment\oblique\furniture.classroom.student-chair-yaw+00-elev60.render.png'
00:14.422  render           | Saved: 'C:\Users\matma\Documents\Rozwój gier\lockstate-interior-door-cycles-20261004\public\assets\environment\oblique\furniture.classroom.student-chair-yaw+00-elev70.render.png'
00:16.609  render           | Saved: 'C:\Users\matma\Documents\Rozwój gier\lockstate-interior-door-cycles-20261004\public\assets\environment\oblique\furniture.classroom.student-chair-yaw+30-elev20.render.png'
00:18.812  render           | Saved: 'C:\Users\matma\Documents\Rozwój gier\lockstate-interior-door-cycles-20261004\public\assets\environment\oblique\furniture.classroom.student-chair-yaw+30-elev30.render.png'
00:21.015  render           | Saved: 'C:\Users\matma\Documents\Rozwój gier\lockstate-interior-door-cycles-20261004\public\assets\environment\oblique\furniture.classroom.student-chair-yaw+30-elev40.render.png'
00:23.218  render           | Saved: 'C:\Users\matma\Documents\Rozwój gier\lockstate-interior-door-cycles-20261004\public\assets\environment\oblique\furniture.classroom.student-chair-yaw+30-elev50.render.png'
00:25.422  render           | Saved: 'C:\Users\matma\Documents\Rozwój gier\lockstate-interior-door-cycles-20261004\public\assets\environment\oblique\furniture.classroom.student-chair-yaw+30-elev60.render.png'
00:27.562  render           | Saved: 'C:\Users\matma\Documents\Rozwój gier\lockstate-interior-door-cycles-20261004\public\assets\environment\oblique\furniture.classroom.student-chair-yaw+30-elev70.render.png'
00:29.703  render           | Saved: 'C:\Users\matma\Documents\Rozwój gier\lockstate-interior-door-cycles-20261004\public\assets\environment\oblique\furniture.classroom.student-chair-yaw+60-elev20.render.png'
00:31.859  render           | Saved: 'C:\Users\matma\Documents\Rozwój gier\lockstate-interior-door-cycles-20261004\public\assets\environment\oblique\furniture.classroom.student-chair-yaw+60-elev30.render.png'
00:34.062  render           | Saved: 'C:\Users\matma\Documents\Rozwój gier\lockstate-interior-door-cycles-20261004\public\assets\environment\oblique\furniture.classroom.student-chair-yaw+60-elev40.render.png'
00:36.187  render           | Saved: 'C:\Users\matma\Documents\Rozwój gier\lockstate-interior-door-cycles-20261004\public\assets\environment\oblique\furniture.classroom.student-chair-yaw+60-elev50.render.png'
00:38.343  render           | Saved: 'C:\Users\matma\Documents\Rozwój gier\lockstate-interior-door-cycles-20261004\public\assets\environment\oblique\furniture.classroom.student-chair-yaw+60-elev60.render.png'
00:40.468  render           | Saved: 'C:\Users\matma\Documents\Rozwój gier\lockstate-interior-door-cycles-20261004\public\assets\environment\oblique\furniture.classroom.student-chair-yaw+60-elev70.render.png'
00:42.500  render           | Saved: 'C:\Users\matma\Documents\Rozwój gier\lockstate-interior-door-cycles-20261004\public\assets\environment\oblique\furniture.classroom.student-chair-yaw+90-elev20.render.png'
00:44.547  render           | Saved: 'C:\Users\matma\Documents\Rozwój gier\lockstate-interior-door-cycles-20261004\public\assets\environment\oblique\furniture.classroom.student-chair-yaw+90-elev30.render.png'
00:46.625  render           | Saved: 'C:\Users\matma\Documents\Rozwój gier\lockstate-interior-door-cycles-20261004\public\assets\environment\oblique\furniture.classroom.student-chair-yaw+90-elev40.render.png'
00:48.703  render           | Saved: 'C:\Users\matma\Documents\Rozwój gier\lockstate-interior-door-cycles-20261004\public\assets\environment\oblique\furniture.classroom.student-chair-yaw+90-elev50.render.png'
00:50.781  render           | Saved: 'C:\Users\matma\Documents\Rozwój gier\lockstate-interior-door-cycles-20261004\public\assets\environment\oblique\furniture.classroom.student-chair-yaw+90-elev60.render.png'
00:52.828  render           | Saved: 'C:\Users\matma\Documents\Rozwój gier\lockstate-interior-door-cycles-20261004\public\assets\environment\oblique\furniture.classroom.student-chair-yaw+90-elev70.render.png'
00:54.906  render           | Saved: 'C:\Users\matma\Documents\Rozwój gier\lockstate-interior-door-cycles-20261004\public\assets\environment\oblique\furniture.classroom.student-chair-yaw+120-elev20.render.png'
00:57.015  render           | Saved: 'C:\Users\matma\Documents\Rozwój gier\lockstate-interior-door-cycles-20261004\public\assets\environment\oblique\furniture.classroom.student-chair-yaw+120-elev30.render.png'
00:59.109  render           | Saved: 'C:\Users\matma\Documents\Rozwój gier\lockstate-interior-door-cycles-20261004\public\assets\environment\oblique\furniture.classroom.student-chair-yaw+120-elev40.render.png'
01:01.218  render           | Saved: 'C:\Users\matma\Documents\Rozwój gier\lockstate-interior-door-cycles-20261004\public\assets\environment\oblique\furniture.classroom.student-chair-yaw+120-elev50.render.png'
01:03.328  render           | Saved: 'C:\Users\matma\Documents\Rozwój gier\lockstate-interior-door-cycles-20261004\public\assets\environment\oblique\furniture.classroom.student-chair-yaw+120-elev60.render.png'
01:05.390  render           | Saved: 'C:\Users\matma\Documents\Rozwój gier\lockstate-interior-door-cycles-20261004\public\assets\environment\oblique\furniture.classroom.student-chair-yaw+120-elev70.render.png'
01:07.547  render           | Saved: 'C:\Users\matma\Documents\Rozwój gier\lockstate-interior-door-cycles-20261004\public\assets\environment\oblique\furniture.classroom.student-chair-yaw+150-elev20.render.png'
01:09.593  render           | Saved: 'C:\Users\matma\Documents\Rozwój gier\lockstate-interior-door-cycles-20261004\public\assets\environment\oblique\furniture.classroom.student-chair-yaw+150-elev30.render.png'
01:11.672  render           | Saved: 'C:\Users\matma\Documents\Rozwój gier\lockstate-interior-door-cycles-20261004\public\assets\environment\oblique\furniture.classroom.student-chair-yaw+150-elev40.render.png'
01:13.750  render           | Saved: 'C:\Users\matma\Documents\Rozwój gier\lockstate-interior-door-cycles-20261004\public\assets\environment\oblique\furniture.classroom.student-chair-yaw+150-elev50.render.png'
01:15.797  render           | Saved: 'C:\Users\matma\Documents\Rozwój gier\lockstate-interior-door-cycles-20261004\public\assets\environment\oblique\furniture.classroom.student-chair-yaw+150-elev60.render.png'
01:17.797  render           | Saved: 'C:\Users\matma\Documents\Rozwój gier\lockstate-interior-door-cycles-20261004\public\assets\environment\oblique\furniture.classroom.student-chair-yaw+150-elev70.render.png'
01:19.781  render           | Saved: 'C:\Users\matma\Documents\Rozwój gier\lockstate-interior-door-cycles-20261004\public\assets\environment\oblique\furniture.classroom.student-chair-yaw+180-elev20.render.png'
01:21.812  render           | Saved: 'C:\Users\matma\Documents\Rozwój gier\lockstate-interior-door-cycles-20261004\public\assets\environment\oblique\furniture.classroom.student-chair-yaw+180-elev30.render.png'
01:23.843  render           | Saved: 'C:\Users\matma\Documents\Rozwój gier\lockstate-interior-door-cycles-20261004\public\assets\environment\oblique\furniture.classroom.student-chair-yaw+180-elev40.render.png'
01:25.906  render           | Saved: 'C:\Users\matma\Documents\Rozwój gier\lockstate-interior-door-cycles-20261004\public\assets\environment\oblique\furniture.classroom.student-chair-yaw+180-elev50.render.png'
01:27.953  render           | Saved: 'C:\Users\matma\Documents\Rozwój gier\lockstate-interior-door-cycles-20261004\public\assets\environment\oblique\furniture.classroom.student-chair-yaw+180-elev60.render.png'
01:30.031  render           | Saved: 'C:\Users\matma\Documents\Rozwój gier\lockstate-interior-door-cycles-20261004\public\assets\environment\oblique\furniture.classroom.student-chair-yaw+180-elev70.render.png'
01:32.093  render           | Saved: 'C:\Users\matma\Documents\Rozwój gier\lockstate-interior-door-cycles-20261004\public\assets\environment\oblique\furniture.classroom.student-chair-yaw+210-elev20.render.png'
01:34.234  render           | Saved: 'C:\Users\matma\Documents\Rozwój gier\lockstate-interior-door-cycles-20261004\public\assets\environment\oblique\furniture.classroom.student-chair-yaw+210-elev30.render.png'
01:36.343  render           | Saved: 'C:\Users\matma\Documents\Rozwój gier\lockstate-interior-door-cycles-20261004\public\assets\environment\oblique\furniture.classroom.student-chair-yaw+210-elev40.render.png'
01:38.422  render           | Saved: 'C:\Users\matma\Documents\Rozwój gier\lockstate-interior-door-cycles-20261004\public\assets\environment\oblique\furniture.classroom.student-chair-yaw+210-elev50.render.png'
01:40.500  render           | Saved: 'C:\Users\matma\Documents\Rozwój gier\lockstate-interior-door-cycles-20261004\public\assets\environment\oblique\furniture.classroom.student-chair-yaw+210-elev60.render.png'
01:42.547  render           | Saved: 'C:\Users\matma\Documents\Rozwój gier\lockstate-interior-door-cycles-20261004\public\assets\environment\oblique\furniture.classroom.student-chair-yaw+210-elev70.render.png'
01:44.593  render           | Saved: 'C:\Users\matma\Documents\Rozwój gier\lockstate-interior-door-cycles-20261004\public\assets\environment\oblique\furniture.classroom.student-chair-yaw+240-elev20.render.png'
01:46.718  render           | Saved: 'C:\Users\matma\Documents\Rozwój gier\lockstate-interior-door-cycles-20261004\public\assets\environment\oblique\furniture.classroom.student-chair-yaw+240-elev30.render.png'
01:48.828  render           | Saved: 'C:\Users\matma\Documents\Rozwój gier\lockstate-interior-door-cycles-20261004\public\assets\environment\oblique\furniture.classroom.student-chair-yaw+240-elev40.render.png'
01:50.922  render           | Saved: 'C:\Users\matma\Documents\Rozwój gier\lockstate-interior-door-cycles-20261004\public\assets\environment\oblique\furniture.classroom.student-chair-yaw+240-elev50.render.png'
01:53.031  render           | Saved: 'C:\Users\matma\Documents\Rozwój gier\lockstate-interior-door-cycles-20261004\public\assets\environment\oblique\furniture.classroom.student-chair-yaw+240-elev60.render.png'
01:55.125  render           | Saved: 'C:\Users\matma\Documents\Rozwój gier\lockstate-interior-door-cycles-20261004\public\assets\environment\oblique\furniture.classroom.student-chair-yaw+240-elev70.render.png'
01:57.172  render           | Saved: 'C:\Users\matma\Documents\Rozwój gier\lockstate-interior-door-cycles-20261004\public\assets\environment\oblique\furniture.classroom.student-chair-yaw+270-elev20.render.png'
01:59.328  render           | Saved: 'C:\Users\matma\Documents\Rozwój gier\lockstate-interior-door-cycles-20261004\public\assets\environment\oblique\furniture.classroom.student-chair-yaw+270-elev30.render.png'
02:01.437  render           | Saved: 'C:\Users\matma\Documents\Rozwój gier\lockstate-interior-door-cycles-20261004\public\assets\environment\oblique\furniture.classroom.student-chair-yaw+270-elev40.render.png'
02:03.562  render           | Saved: 'C:\Users\matma\Documents\Rozwój gier\lockstate-interior-door-cycles-20261004\public\assets\environment\oblique\furniture.classroom.student-chair-yaw+270-elev50.render.png'
02:05.703  render           | Saved: 'C:\Users\matma\Documents\Rozwój gier\lockstate-interior-door-cycles-20261004\public\assets\environment\oblique\furniture.classroom.student-chair-yaw+270-elev60.render.png'
02:07.828  render           | Saved: 'C:\Users\matma\Documents\Rozwój gier\lockstate-interior-door-cycles-20261004\public\assets\environment\oblique\furniture.classroom.student-chair-yaw+270-elev70.render.png'
02:10.000  render           | Saved: 'C:\Users\matma\Documents\Rozwój gier\lockstate-interior-door-cycles-20261004\public\assets\environment\oblique\furniture.classroom.student-chair-yaw+300-elev20.render.png'
02:12.218  render           | Saved: 'C:\Users\matma\Documents\Rozwój gier\lockstate-interior-door-cycles-20261004\public\assets\environment\oblique\furniture.classroom.student-chair-yaw+300-elev30.render.png'
02:14.437  render           | Saved: 'C:\Users\matma\Documents\Rozwój gier\lockstate-interior-door-cycles-20261004\public\assets\environment\oblique\furniture.classroom.student-chair-yaw+300-elev40.render.png'
02:16.687  render           | Saved: 'C:\Users\matma\Documents\Rozwój gier\lockstate-interior-door-cycles-20261004\public\assets\environment\oblique\furniture.classroom.student-chair-yaw+300-elev50.render.png'
02:18.906  render           | Saved: 'C:\Users\matma\Documents\Rozwój gier\lockstate-interior-door-cycles-20261004\public\assets\environment\oblique\furniture.classroom.student-chair-yaw+300-elev60.render.png'
02:21.078  render           | Saved: 'C:\Users\matma\Documents\Rozwój gier\lockstate-interior-door-cycles-20261004\public\assets\environment\oblique\furniture.classroom.student-chair-yaw+300-elev70.render.png'
02:23.312  render           | Saved: 'C:\Users\matma\Documents\Rozwój gier\lockstate-interior-door-cycles-20261004\public\assets\environment\oblique\furniture.classroom.student-chair-yaw+330-elev20.render.png'
02:25.578  render           | Saved: 'C:\Users\matma\Documents\Rozwój gier\lockstate-interior-door-cycles-20261004\public\assets\environment\oblique\furniture.classroom.student-chair-yaw+330-elev30.render.png'
02:27.828  render           | Saved: 'C:\Users\matma\Documents\Rozwój gier\lockstate-interior-door-cycles-20261004\public\assets\environment\oblique\furniture.classroom.student-chair-yaw+330-elev40.render.png'
02:30.078  render           | Saved: 'C:\Users\matma\Documents\Rozwój gier\lockstate-interior-door-cycles-20261004\public\assets\environment\oblique\furniture.classroom.student-chair-yaw+330-elev50.render.png'
02:32.312  render           | Saved: 'C:\Users\matma\Documents\Rozwój gier\lockstate-interior-door-cycles-20261004\public\assets\environment\oblique\furniture.classroom.student-chair-yaw+330-elev60.render.png'
02:34.547  render           | Saved: 'C:\Users\matma\Documents\Rozwój gier\lockstate-interior-door-cycles-20261004\public\assets\environment\oblique\furniture.classroom.student-chair-yaw+330-elev70.render.png'
rendered 72 verified poses: C:\Users\matma\Documents\Rozwój gier\lockstate-interior-door-cycles-20261004\public\game-content\oblique-furniture-classroom-student-chair.v1.json
CLASSROOM_STUDENT_CHAIR_CYCLES_EXPORT72_DECODED_GREEN
Blender 5.2.1 LTS (hash 9e2066aef7ef built 2026-08-25 02:38:20)

Blender quit
