
 RUN  v4.1.11 C:/Users/matma/Documents/Rozwój gier/lockstate-interior-door-cycles-20261004

 ✓ tests/unit/oblique-classroom-student-chair-context.test.ts > Classroom student ObjectChair context in the actual world projection > selects ALL FOUR literal completed Classroom chairs q0 with their canonical source60/e40 frame 7ms
 ✓ tests/unit/oblique-classroom-student-chair-context.test.ts > Classroom student ObjectChair context in the actual world projection > selects ALL FOUR literal completed Classroom chairs q1 with their canonical source60/e40 frame 2ms
 ✓ tests/unit/oblique-classroom-student-chair-context.test.ts > Classroom student ObjectChair context in the actual world projection > preserves ordinary chair art for planned Classroom objects 1ms
 ✓ tests/unit/oblique-classroom-student-chair-context.test.ts > Classroom student ObjectChair context in the actual world projection > preserves ordinary chair art for building Classroom objects 0ms
 ✓ tests/unit/oblique-classroom-student-chair-context.test.ts > Classroom student ObjectChair context in the actual world projection > preserves default/Reception/other-room chairs and the entire Classroom footprint boundary 2ms
 ✓ tests/unit/oblique-classroom-student-chair-context.test.ts > Classroom student ObjectChair context in the actual world projection > keeps the existing teacher desk and other furniture unchanged 0ms
 × tests/unit/oblique-classroom-student-chair-context.test.ts > Classroom student ObjectChair context in the actual world projection > registers the selected asset once with its real source and complete descriptor 10ms
   → actual runtime Classroom student registry entry: expected [] to deeply equal [ { …(2) } ]

⎯⎯⎯⎯⎯⎯⎯ Failed Tests 1 ⎯⎯⎯⎯⎯⎯⎯

 FAIL  tests/unit/oblique-classroom-student-chair-context.test.ts > Classroom student ObjectChair context in the actual world projection > registers the selected asset once with its real source and complete descriptor
AssertionError: actual runtime Classroom student registry entry: expected [] to deeply equal [ { …(2) } ]

- Expected
+ Received

- [
-   {
-     "assetId": "furniture.classroom.student-chair",
-     "manifest": "/game-content/oblique-furniture-classroom-student-chair.v1.json",
-   },
- ]
+ []

 ❯ tests/unit/oblique-classroom-student-chair-context.test.ts:109:72
    107|     const registry = parseObliqueModuleRegistry(JSON.parse(readFileSyn…
    108|     const entries = registry.entries.filter(entry => entry.assetId ===…
    109|     expect(entries, 'actual runtime Classroom student registry entry')…
       |                                                                        ^
    110|       manifest: '/game-content/oblique-furniture-classroom-student-cha…
    111|     const entry = entries[0];

⎯⎯⎯⎯⎯⎯⎯⎯⎯⎯⎯⎯⎯⎯⎯⎯⎯⎯⎯⎯⎯⎯⎯⎯[1/1]⎯


 Test Files  1 failed (1)
      Tests  1 failed | 6 passed (7)
   Start at  03:36:43
   Duration  651ms (transform 169ms, setup 0ms, import 506ms, tests 23ms, environment 0ms)
