00:01.141  blend            | Read blend: "C:\Users\matma\Documents\Rozwój gier\lockstate-interior-door-cycles-20261004\assets\source\blender\furniture.classroom.student-chair.soft-light.blend"
Traceback (most recent call last):
  File "C:\Users\matma\Documents\Rozwój gier\lockstate-interior-door-cycles-20261004\tooling\blender\render-classroom-student-chair-cycles.py", line 116, in <module>
    main()
    ~~~~^^
  File "C:\Users\matma\Documents\Rozwój gier\lockstate-interior-door-cycles-20261004\tooling\blender\render-classroom-student-chair-cycles.py", line 76, in main
    scene,camera = configure()
                   ~~~~~~~~~^^
  File "C:\Users\matma\Documents\Rozwój gier\lockstate-interior-door-cycles-20261004\tooling\blender\render-classroom-student-chair-cycles.py", line 38, in configure
    prepare.verify_scene(scene, scene.camera, EXPECTED)
    ~~~~~~~~~~~~~~~~~~~~^^^^^^^^^^^^^^^^^^^^^^^^^^^^^^^
  File "C:\Users\matma\Documents\Rozwój gier\lockstate-interior-door-cycles-20261004\tooling\blender\prepare-classroom-student-chair-cycles.py", line 77, in verify_scene
    source.builder.source_contacts(scene, ORIGINAL_RECEIPT['actualContactPairs'])
    ~~~~~~~~~~~~~~~~~~~~~~~~~~~~~~^^^^^^^^^^^^^^^^^^^^^^^^^^^^^^^^^^^^^^^^^^^^^^^
  File "C:\Users\matma\Documents\Rozwój gier\lockstate-interior-door-cycles-20261004\tooling\blender\build-classroom-student-chair.py", line 66, in source_contacts
    raise ValueError(f'Classroom student chair actual contact disconnected: {first} / {second}')
ValueError: Classroom student chair actual contact disconnected: Classroom student chair.sealed timber writing tablet / Classroom student chair.continuous petrol tablet bearer

Error: script failed, file: 'C:\Users\matma\Documents\Rozwój gier\lockstate-interior-door-cycles-20261004\tooling\blender\render-classroom-student-chair-cycles.py', exiting.
Blender 5.2.1 LTS (hash 9e2066aef7ef built 2026-08-25 02:38:20)

Blender quit
