vite v8.2.2 building lockstate_development environment for production...
transforming...
✓ 92 modules transformed.
rendering chunks...
computing gzip size...
dist/lockstate_development/.vite/manifest.json    0.15 kB │ gzip:  0.11 kB
dist/lockstate_development/wrangler.json          1.60 kB │ gzip:  0.80 kB
dist/lockstate_development/index.js             288.27 kB │ gzip: 76.43 kB

✓ built in 102ms
vite v8.2.2 building client environment for production...
transforming...
✓ 477 modules transformed.
rendering chunks...
computing gzip size...
dist/client/.assetsignore                      0.02 kB
dist/client/index.html                         1.71 kB │ gzip:   0.87 kB
dist/client/assets/worker-D-gwVE7K.js        409.06 kB
dist/client/assets/index-CMa3qn7S.css         79.79 kB │ gzip:  12.17 kB
dist/client/assets/pl-catalog-DH5N0Ee9.js     49.83 kB │ gzip:  14.44 kB
dist/client/assets/catalog-MenY0rzl.js        85.77 kB │ gzip:  23.53 kB
dist/client/assets/index-oO0OvMNB.js       1,876.59 kB │ gzip: 495.20 kB

✓ built in 5.63s
[plugin builtin:vite-reporter] 
(!) Some chunks are larger than 500 kB after minification. Consider:
- Using dynamic import() to code-split the application
- Use build.rolldownOptions.output.codeSplitting to improve chunking: https://rolldown.rs/reference/OutputOptions.codeSplitting
- Adjust chunk size limit for this warning via build.chunkSizeWarningLimit.
[33m[PLUGIN_TIMINGS] [0mYour build spent 95% of 5.6s inside plugin hooks (5.3s).
Measured inside the callback, so queue time is excluded and time the callback itself awaited is not:
  - vite:prepare-out-dir renderStart (79%, 4.4s, 1 call)
See https://rolldown.rs/reference/InputOptions.checks#plugintimings for more details.

Verified Cloudflare production output: dist\lockstate_development\wrangler.json -> dist\client
