
 RUN  v4.1.11 C:/Users/matma/Documents/Rozwój gier/hud-session-gesture-owner-audit-20261003

stdout | tests/unit/ordinary-build-session-ownership.test.ts > world/new/wall: outgoing held gesture cannot report or submit into replacement worker
ACTUAL_SESSION_OLD_PRIMARY_RELEASE {"mode":"world","operation":"new","tool":"wall","commands":[{"type":"PlaceBuildOrder","orderId":"order-3890b30d-1e76-4c8e-b698-8fc390704436","definitionId":"wall-brick","x":11,"y":11,"footprint":"square","transactionId":"build-b580302a-c358-4a10-a8e7-a3436e5469d2"}],"roomReports":[],"beforeOrders":0,"afterOrders":1}

stdout | tests/unit/ordinary-build-session-ownership.test.ts > world/new/object: outgoing held gesture cannot report or submit into replacement worker
ACTUAL_SESSION_OLD_PRIMARY_RELEASE {"mode":"world","operation":"new","tool":"object","commands":[{"type":"PlaceObject","orderId":"object-451c2db4-cf8b-42be-a7a4-8735135de96d","definitionId":"bed-wooden","x":11,"y":11}],"roomReports":[],"beforeOrders":0,"afterOrders":0}

stdout | tests/unit/ordinary-build-session-ownership.test.ts > world/new/room: outgoing held gesture cannot report or submit into replacement worker
ACTUAL_SESSION_OLD_PRIMARY_RELEASE {"mode":"world","operation":"new","tool":"room","commands":[],"roomReports":[{"kind":"designate","roomId":"room.yard","area":{"x":11,"y":11,"width":1,"height":1}}],"beforeOrders":0,"afterOrders":0}

stdout | tests/unit/ordinary-build-session-ownership.test.ts > world/load/wall: outgoing held gesture cannot report or submit into replacement worker
ACTUAL_SESSION_OLD_PRIMARY_RELEASE {"mode":"world","operation":"load","tool":"wall","commands":[{"type":"PlaceBuildOrder","orderId":"order-75e3ded1-b203-4462-8694-8055c38410be","definitionId":"wall-brick","x":11,"y":11,"footprint":"square","transactionId":"build-83b209b2-70b4-4187-8408-4e83a4db5f16"}],"roomReports":[],"beforeOrders":0,"afterOrders":1}

stdout | tests/unit/ordinary-build-session-ownership.test.ts > world/load/object: outgoing held gesture cannot report or submit into replacement worker
ACTUAL_SESSION_OLD_PRIMARY_RELEASE {"mode":"world","operation":"load","tool":"object","commands":[{"type":"PlaceObject","orderId":"object-5bab32a2-37ed-4fea-a816-b695ec51f748","definitionId":"bed-wooden","x":11,"y":11}],"roomReports":[],"beforeOrders":0,"afterOrders":0}

stdout | tests/unit/ordinary-build-session-ownership.test.ts > world/load/room: outgoing held gesture cannot report or submit into replacement worker
ACTUAL_SESSION_OLD_PRIMARY_RELEASE {"mode":"world","operation":"load","tool":"room","commands":[],"roomReports":[{"kind":"designate","roomId":"room.yard","area":{"x":11,"y":11,"width":1,"height":1}}],"beforeOrders":0,"afterOrders":0}

 ❯ tests/unit/ordinary-build-session-ownership.test.ts (30 tests | 7 failed) 94ms
   × world/new/wall: outgoing held gesture cannot report or submit into replacement worker 23ms
   × world/new/object: outgoing held gesture cannot report or submit into replacement worker 5ms
   × world/new/room: outgoing held gesture cannot report or submit into replacement worker 3ms
   × world/load/wall: outgoing held gesture cannot report or submit into replacement worker 6ms
   × world/load/object: outgoing held gesture cannot report or submit into replacement worker 4ms
   × world/load/room: outgoing held gesture cannot report or submit into replacement worker 3ms
   × oblique/wall: ordinary same-session held primary release remains legal 1ms

⎯⎯⎯⎯⎯⎯⎯ Failed Tests 7 ⎯⎯⎯⎯⎯⎯⎯

 FAIL  tests/unit/ordinary-build-session-ownership.test.ts > world/new/wall: outgoing held gesture cannot report or submit into replacement worker
 FAIL  tests/unit/ordinary-build-session-ownership.test.ts > world/new/object: outgoing held gesture cannot report or submit into replacement worker
 FAIL  tests/unit/ordinary-build-session-ownership.test.ts > world/load/wall: outgoing held gesture cannot report or submit into replacement worker
 FAIL  tests/unit/ordinary-build-session-ownership.test.ts > world/load/object: outgoing held gesture cannot report or submit into replacement worker
AssertionError: the cancelled outgoing press must not enter the new worker: expected [ { protocolVersion: 1, …(3) } ] to have a length of +0 but got 1

- Expected
+ Received

- 0
+ 1

 ❯ tests/unit/ordinary-build-session-ownership.test.ts:154:98
    152|       console.log('ACTUAL_SESSION_OLD_PRIMARY_RELEASE', JSON.stringify…
    153|         beforeOrders: before.construction.orders.length, afterOrders: …
    154|       expect(h.actors.submitted(), 'the cancelled outgoing press must …
       |                                                                                                  ^
    155|       expect(h.roomReports, 'old room rectangle must not become new-se…
    156|       expect(after).toEqual(before);

⎯⎯⎯⎯⎯⎯⎯⎯⎯⎯⎯⎯⎯⎯⎯⎯⎯⎯⎯⎯⎯⎯⎯⎯[1/7]⎯

 FAIL  tests/unit/ordinary-build-session-ownership.test.ts > world/new/room: outgoing held gesture cannot report or submit into replacement worker
 FAIL  tests/unit/ordinary-build-session-ownership.test.ts > world/load/room: outgoing held gesture cannot report or submit into replacement worker
AssertionError: old room rectangle must not become new-session pending confirmation: expected [ { kind: 'designate', …(2) } ] to have a length of +0 but got 1

- Expected
+ Received

- 0
+ 1

 ❯ tests/unit/ordinary-build-session-ownership.test.ts:155:100
    153|         beforeOrders: before.construction.orders.length, afterOrders: …
    154|       expect(h.actors.submitted(), 'the cancelled outgoing press must …
    155|       expect(h.roomReports, 'old room rectangle must not become new-se…
       |                                                                                                    ^
    156|       expect(after).toEqual(before);
    157|       h.mouse('down', 0, 1); h.mouse('up', 0, 0);

⎯⎯⎯⎯⎯⎯⎯⎯⎯⎯⎯⎯⎯⎯⎯⎯⎯⎯⎯⎯⎯⎯⎯⎯[2/7]⎯

 FAIL  tests/unit/ordinary-build-session-ownership.test.ts > oblique/wall: ordinary same-session held primary release remains legal
AssertionError: expected [ { protocolVersion: 1, …(3) }, …(1) ] to have a length of 1 but got 2

- Expected
+ Received

- 1
+ 2

 ❯ tests/unit/ordinary-build-session-ownership.test.ts:168:70
    166|     try {
    167|       h.mouse('down', 0, 1); h.mouse('move', 0, 1, 940); h.mouse('up',…
    168|       expect(tool === 'room' ? h.roomReports : h.actors.submitted()).t…
       |                                                                      ^
    169|     } finally { await h.actors.host.stop(); }
    170|   });

⎯⎯⎯⎯⎯⎯⎯⎯⎯⎯⎯⎯⎯⎯⎯⎯⎯⎯⎯⎯⎯⎯⎯⎯[3/7]⎯


 Test Files  1 failed (1)
      Tests  7 failed | 23 passed (30)
   Start at  06:26:19
   Duration  3.62s (transform 1.12s, setup 0ms, import 3.38s, tests 94ms, environment 0ms)

