
 RUN  v4.1.11 C:/Users/matma/Documents/Rozwój gier/hud-pending-wall-native-20261003

 ❯ tests/unit/pending-wall-guards-fixture.test.ts (1 test | 1 failed) 388ms
   × native loading-wall setup restores real hired identities and finishes a legal whole-square wall beside them 388ms

⎯⎯⎯⎯⎯⎯⎯ Failed Tests 1 ⎯⎯⎯⎯⎯⎯⎯

 FAIL  tests/unit/pending-wall-guards-fixture.test.ts > native loading-wall setup restores real hired identities and finishes a legal whole-square wall beside them
AssertionError: expected [ { kind: 'staff', …(3) } ] to have a length of 2 but got 1

- Expected
+ Received

- 2
+ 1

 ❯ tests/unit/pending-wall-guards-fixture.test.ts:12:82
     10|   const { runtime } = restoreSimulationRuntime(save.payload as Session…
     11|   expect(runtime.actorIdentity.getSnapshot()).toEqual(save.payload.ide…
     12|   expect(save.payload.identity?.entries.filter(entry => entry.kind ===…
       |                                                                                  ^
     13|   expect(runtime.securityGuards.allGuardIds().map(id => runtime.securi…
     14|     .toEqual([{ x: 20, y: 19 }, { x: 20, y: 21 }]);

⎯⎯⎯⎯⎯⎯⎯⎯⎯⎯⎯⎯⎯⎯⎯⎯⎯⎯⎯⎯⎯⎯⎯⎯[1/1]⎯


 Test Files  1 failed (1)
      Tests  1 failed (1)
   Start at  04:48:06
   Duration  6.97s (transform 4.37s, setup 0ms, import 6.40s, tests 388ms, environment 0ms)

