00:01.125  blend            | Read blend: "C:\Users\matma\Documents\Rozwój gier\lockstate-kitchen-cooker-cycles-20261004\assets\source\blender\furniture.kitchen.stove.soft-light.blend"
00:05.734  render           | Saved: 'C:\Users\matma\Documents\Rozwój gier\lockstate-kitchen-cooker-cycles-20261004\public\assets\environment\oblique\furniture.kitchen.stove.variants-yaw+00-elev20.render.png'
00:10.109  render           | Saved: 'C:\Users\matma\Documents\Rozwój gier\lockstate-kitchen-cooker-cycles-20261004\public\assets\environment\oblique\furniture.kitchen.stove.variants-yaw+00-elev30.render.png'
00:14.453  render           | Saved: 'C:\Users\matma\Documents\Rozwój gier\lockstate-kitchen-cooker-cycles-20261004\public\assets\environment\oblique\furniture.kitchen.stove.variants-yaw+00-elev40.render.png'
00:18.750  render           | Saved: 'C:\Users\matma\Documents\Rozwój gier\lockstate-kitchen-cooker-cycles-20261004\public\assets\environment\oblique\furniture.kitchen.stove.variants-yaw+00-elev50.render.png'
00:22.672  render           | Saved: 'C:\Users\matma\Documents\Rozwój gier\lockstate-kitchen-cooker-cycles-20261004\public\assets\environment\oblique\furniture.kitchen.stove.variants-yaw+00-elev60.render.png'
00:26.266  render           | Saved: 'C:\Users\matma\Documents\Rozwój gier\lockstate-kitchen-cooker-cycles-20261004\public\assets\environment\oblique\furniture.kitchen.stove.variants-yaw+00-elev70.render.png'
00:30.547  render           | Saved: 'C:\Users\matma\Documents\Rozwój gier\lockstate-kitchen-cooker-cycles-20261004\public\assets\environment\oblique\furniture.kitchen.stove.variants-yaw+30-elev20.render.png'
00:34.844  render           | Saved: 'C:\Users\matma\Documents\Rozwój gier\lockstate-kitchen-cooker-cycles-20261004\public\assets\environment\oblique\furniture.kitchen.stove.variants-yaw+30-elev30.render.png'
00:39.156  render           | Saved: 'C:\Users\matma\Documents\Rozwój gier\lockstate-kitchen-cooker-cycles-20261004\public\assets\environment\oblique\furniture.kitchen.stove.variants-yaw+30-elev40.render.png'
00:43.344  render           | Saved: 'C:\Users\matma\Documents\Rozwój gier\lockstate-kitchen-cooker-cycles-20261004\public\assets\environment\oblique\furniture.kitchen.stove.variants-yaw+30-elev50.render.png'
00:47.359  render           | Saved: 'C:\Users\matma\Documents\Rozwój gier\lockstate-kitchen-cooker-cycles-20261004\public\assets\environment\oblique\furniture.kitchen.stove.variants-yaw+30-elev60.render.png'
00:50.891  render           | Saved: 'C:\Users\matma\Documents\Rozwój gier\lockstate-kitchen-cooker-cycles-20261004\public\assets\environment\oblique\furniture.kitchen.stove.variants-yaw+30-elev70.render.png'
00:54.625  render           | Saved: 'C:\Users\matma\Documents\Rozwój gier\lockstate-kitchen-cooker-cycles-20261004\public\assets\environment\oblique\furniture.kitchen.stove.variants-yaw+60-elev20.render.png'
00:58.438  render           | Saved: 'C:\Users\matma\Documents\Rozwój gier\lockstate-kitchen-cooker-cycles-20261004\public\assets\environment\oblique\furniture.kitchen.stove.variants-yaw+60-elev30.render.png'
01:02.266  render           | Saved: 'C:\Users\matma\Documents\Rozwój gier\lockstate-kitchen-cooker-cycles-20261004\public\assets\environment\oblique\furniture.kitchen.stove.variants-yaw+60-elev40.render.png'
01:05.984  render           | Saved: 'C:\Users\matma\Documents\Rozwój gier\lockstate-kitchen-cooker-cycles-20261004\public\assets\environment\oblique\furniture.kitchen.stove.variants-yaw+60-elev50.render.png'
01:09.547  render           | Saved: 'C:\Users\matma\Documents\Rozwój gier\lockstate-kitchen-cooker-cycles-20261004\public\assets\environment\oblique\furniture.kitchen.stove.variants-yaw+60-elev60.render.png'
01:12.875  render           | Saved: 'C:\Users\matma\Documents\Rozwój gier\lockstate-kitchen-cooker-cycles-20261004\public\assets\environment\oblique\furniture.kitchen.stove.variants-yaw+60-elev70.render.png'
01:15.578  render           | Saved: 'C:\Users\matma\Documents\Rozwój gier\lockstate-kitchen-cooker-cycles-20261004\public\assets\environment\oblique\furniture.kitchen.stove.variants-yaw+90-elev20.render.png'
01:18.422  render           | Saved: 'C:\Users\matma\Documents\Rozwój gier\lockstate-kitchen-cooker-cycles-20261004\public\assets\environment\oblique\furniture.kitchen.stove.variants-yaw+90-elev30.render.png'
01:21.328  render           | Saved: 'C:\Users\matma\Documents\Rozwój gier\lockstate-kitchen-cooker-cycles-20261004\public\assets\environment\oblique\furniture.kitchen.stove.variants-yaw+90-elev40.render.png'
01:24.250  render           | Saved: 'C:\Users\matma\Documents\Rozwój gier\lockstate-kitchen-cooker-cycles-20261004\public\assets\environment\oblique\furniture.kitchen.stove.variants-yaw+90-elev50.render.png'
01:27.156  render           | Saved: 'C:\Users\matma\Documents\Rozwój gier\lockstate-kitchen-cooker-cycles-20261004\public\assets\environment\oblique\furniture.kitchen.stove.variants-yaw+90-elev60.render.png'
01:29.969  render           | Saved: 'C:\Users\matma\Documents\Rozwój gier\lockstate-kitchen-cooker-cycles-20261004\public\assets\environment\oblique\furniture.kitchen.stove.variants-yaw+90-elev70.render.png'
01:33.125  render           | Saved: 'C:\Users\matma\Documents\Rozwój gier\lockstate-kitchen-cooker-cycles-20261004\public\assets\environment\oblique\furniture.kitchen.stove.variants-yaw+120-elev20.render.png'
01:36.234  render           | Saved: 'C:\Users\matma\Documents\Rozwój gier\lockstate-kitchen-cooker-cycles-20261004\public\assets\environment\oblique\furniture.kitchen.stove.variants-yaw+120-elev30.render.png'
01:39.266  render           | Saved: 'C:\Users\matma\Documents\Rozwój gier\lockstate-kitchen-cooker-cycles-20261004\public\assets\environment\oblique\furniture.kitchen.stove.variants-yaw+120-elev40.render.png'
01:42.250  render           | Saved: 'C:\Users\matma\Documents\Rozwój gier\lockstate-kitchen-cooker-cycles-20261004\public\assets\environment\oblique\furniture.kitchen.stove.variants-yaw+120-elev50.render.png'
01:45.203  render           | Saved: 'C:\Users\matma\Documents\Rozwój gier\lockstate-kitchen-cooker-cycles-20261004\public\assets\environment\oblique\furniture.kitchen.stove.variants-yaw+120-elev60.render.png'
01:48.063  render           | Saved: 'C:\Users\matma\Documents\Rozwój gier\lockstate-kitchen-cooker-cycles-20261004\public\assets\environment\oblique\furniture.kitchen.stove.variants-yaw+120-elev70.render.png'
01:51.609  render           | Saved: 'C:\Users\matma\Documents\Rozwój gier\lockstate-kitchen-cooker-cycles-20261004\public\assets\environment\oblique\furniture.kitchen.stove.variants-yaw+150-elev20.render.png'
01:55.031  render           | Saved: 'C:\Users\matma\Documents\Rozwój gier\lockstate-kitchen-cooker-cycles-20261004\public\assets\environment\oblique\furniture.kitchen.stove.variants-yaw+150-elev30.render.png'
01:58.313  render           | Saved: 'C:\Users\matma\Documents\Rozwój gier\lockstate-kitchen-cooker-cycles-20261004\public\assets\environment\oblique\furniture.kitchen.stove.variants-yaw+150-elev40.render.png'
02:01.438  render           | Saved: 'C:\Users\matma\Documents\Rozwój gier\lockstate-kitchen-cooker-cycles-20261004\public\assets\environment\oblique\furniture.kitchen.stove.variants-yaw+150-elev50.render.png'
02:04.438  render           | Saved: 'C:\Users\matma\Documents\Rozwój gier\lockstate-kitchen-cooker-cycles-20261004\public\assets\environment\oblique\furniture.kitchen.stove.variants-yaw+150-elev60.render.png'
02:07.203  render           | Saved: 'C:\Users\matma\Documents\Rozwój gier\lockstate-kitchen-cooker-cycles-20261004\public\assets\environment\oblique\furniture.kitchen.stove.variants-yaw+150-elev70.render.png'
02:10.703  render           | Saved: 'C:\Users\matma\Documents\Rozwój gier\lockstate-kitchen-cooker-cycles-20261004\public\assets\environment\oblique\furniture.kitchen.stove.variants-yaw+180-elev20.render.png'
02:14.109  render           | Saved: 'C:\Users\matma\Documents\Rozwój gier\lockstate-kitchen-cooker-cycles-20261004\public\assets\environment\oblique\furniture.kitchen.stove.variants-yaw+180-elev30.render.png'
02:17.375  render           | Saved: 'C:\Users\matma\Documents\Rozwój gier\lockstate-kitchen-cooker-cycles-20261004\public\assets\environment\oblique\furniture.kitchen.stove.variants-yaw+180-elev40.render.png'
02:20.453  render           | Saved: 'C:\Users\matma\Documents\Rozwój gier\lockstate-kitchen-cooker-cycles-20261004\public\assets\environment\oblique\furniture.kitchen.stove.variants-yaw+180-elev50.render.png'
02:23.328  render           | Saved: 'C:\Users\matma\Documents\Rozwój gier\lockstate-kitchen-cooker-cycles-20261004\public\assets\environment\oblique\furniture.kitchen.stove.variants-yaw+180-elev60.render.png'
02:26.156  render           | Saved: 'C:\Users\matma\Documents\Rozwój gier\lockstate-kitchen-cooker-cycles-20261004\public\assets\environment\oblique\furniture.kitchen.stove.variants-yaw+180-elev70.render.png'
02:29.656  render           | Saved: 'C:\Users\matma\Documents\Rozwój gier\lockstate-kitchen-cooker-cycles-20261004\public\assets\environment\oblique\furniture.kitchen.stove.variants-yaw+210-elev20.render.png'
02:33.141  render           | Saved: 'C:\Users\matma\Documents\Rozwój gier\lockstate-kitchen-cooker-cycles-20261004\public\assets\environment\oblique\furniture.kitchen.stove.variants-yaw+210-elev30.render.png'
02:36.438  render           | Saved: 'C:\Users\matma\Documents\Rozwój gier\lockstate-kitchen-cooker-cycles-20261004\public\assets\environment\oblique\furniture.kitchen.stove.variants-yaw+210-elev40.render.png'
02:39.484  render           | Saved: 'C:\Users\matma\Documents\Rozwój gier\lockstate-kitchen-cooker-cycles-20261004\public\assets\environment\oblique\furniture.kitchen.stove.variants-yaw+210-elev50.render.png'
02:42.469  render           | Saved: 'C:\Users\matma\Documents\Rozwój gier\lockstate-kitchen-cooker-cycles-20261004\public\assets\environment\oblique\furniture.kitchen.stove.variants-yaw+210-elev60.render.png'
02:45.391  render           | Saved: 'C:\Users\matma\Documents\Rozwój gier\lockstate-kitchen-cooker-cycles-20261004\public\assets\environment\oblique\furniture.kitchen.stove.variants-yaw+210-elev70.render.png'
02:48.531  render           | Saved: 'C:\Users\matma\Documents\Rozwój gier\lockstate-kitchen-cooker-cycles-20261004\public\assets\environment\oblique\furniture.kitchen.stove.variants-yaw+240-elev20.render.png'
02:51.625  render           | Saved: 'C:\Users\matma\Documents\Rozwój gier\lockstate-kitchen-cooker-cycles-20261004\public\assets\environment\oblique\furniture.kitchen.stove.variants-yaw+240-elev30.render.png'
02:54.641  render           | Saved: 'C:\Users\matma\Documents\Rozwój gier\lockstate-kitchen-cooker-cycles-20261004\public\assets\environment\oblique\furniture.kitchen.stove.variants-yaw+240-elev40.render.png'
02:57.594  render           | Saved: 'C:\Users\matma\Documents\Rozwój gier\lockstate-kitchen-cooker-cycles-20261004\public\assets\environment\oblique\furniture.kitchen.stove.variants-yaw+240-elev50.render.png'
03:00.547  render           | Saved: 'C:\Users\matma\Documents\Rozwój gier\lockstate-kitchen-cooker-cycles-20261004\public\assets\environment\oblique\furniture.kitchen.stove.variants-yaw+240-elev60.render.png'
03:03.438  render           | Saved: 'C:\Users\matma\Documents\Rozwój gier\lockstate-kitchen-cooker-cycles-20261004\public\assets\environment\oblique\furniture.kitchen.stove.variants-yaw+240-elev70.render.png'
03:06.109  render           | Saved: 'C:\Users\matma\Documents\Rozwój gier\lockstate-kitchen-cooker-cycles-20261004\public\assets\environment\oblique\furniture.kitchen.stove.variants-yaw+270-elev20.render.png'
03:08.938  render           | Saved: 'C:\Users\matma\Documents\Rozwój gier\lockstate-kitchen-cooker-cycles-20261004\public\assets\environment\oblique\furniture.kitchen.stove.variants-yaw+270-elev30.render.png'
03:11.828  render           | Saved: 'C:\Users\matma\Documents\Rozwój gier\lockstate-kitchen-cooker-cycles-20261004\public\assets\environment\oblique\furniture.kitchen.stove.variants-yaw+270-elev40.render.png'
03:14.750  render           | Saved: 'C:\Users\matma\Documents\Rozwój gier\lockstate-kitchen-cooker-cycles-20261004\public\assets\environment\oblique\furniture.kitchen.stove.variants-yaw+270-elev50.render.png'
03:17.688  render           | Saved: 'C:\Users\matma\Documents\Rozwój gier\lockstate-kitchen-cooker-cycles-20261004\public\assets\environment\oblique\furniture.kitchen.stove.variants-yaw+270-elev60.render.png'
03:20.547  render           | Saved: 'C:\Users\matma\Documents\Rozwój gier\lockstate-kitchen-cooker-cycles-20261004\public\assets\environment\oblique\furniture.kitchen.stove.variants-yaw+270-elev70.render.png'
03:24.250  render           | Saved: 'C:\Users\matma\Documents\Rozwój gier\lockstate-kitchen-cooker-cycles-20261004\public\assets\environment\oblique\furniture.kitchen.stove.variants-yaw+300-elev20.render.png'
03:28.047  render           | Saved: 'C:\Users\matma\Documents\Rozwój gier\lockstate-kitchen-cooker-cycles-20261004\public\assets\environment\oblique\furniture.kitchen.stove.variants-yaw+300-elev30.render.png'
03:31.891  render           | Saved: 'C:\Users\matma\Documents\Rozwój gier\lockstate-kitchen-cooker-cycles-20261004\public\assets\environment\oblique\furniture.kitchen.stove.variants-yaw+300-elev40.render.png'
03:35.500  render           | Saved: 'C:\Users\matma\Documents\Rozwój gier\lockstate-kitchen-cooker-cycles-20261004\public\assets\environment\oblique\furniture.kitchen.stove.variants-yaw+300-elev50.render.png'
03:38.984  render           | Saved: 'C:\Users\matma\Documents\Rozwój gier\lockstate-kitchen-cooker-cycles-20261004\public\assets\environment\oblique\furniture.kitchen.stove.variants-yaw+300-elev60.render.png'
03:42.250  render           | Saved: 'C:\Users\matma\Documents\Rozwój gier\lockstate-kitchen-cooker-cycles-20261004\public\assets\environment\oblique\furniture.kitchen.stove.variants-yaw+300-elev70.render.png'
03:46.391  render           | Saved: 'C:\Users\matma\Documents\Rozwój gier\lockstate-kitchen-cooker-cycles-20261004\public\assets\environment\oblique\furniture.kitchen.stove.variants-yaw+330-elev20.render.png'
03:50.594  render           | Saved: 'C:\Users\matma\Documents\Rozwój gier\lockstate-kitchen-cooker-cycles-20261004\public\assets\environment\oblique\furniture.kitchen.stove.variants-yaw+330-elev30.render.png'
03:54.797  render           | Saved: 'C:\Users\matma\Documents\Rozwój gier\lockstate-kitchen-cooker-cycles-20261004\public\assets\environment\oblique\furniture.kitchen.stove.variants-yaw+330-elev40.render.png'
03:58.906  render           | Saved: 'C:\Users\matma\Documents\Rozwój gier\lockstate-kitchen-cooker-cycles-20261004\public\assets\environment\oblique\furniture.kitchen.stove.variants-yaw+330-elev50.render.png'
04:02.781  render           | Saved: 'C:\Users\matma\Documents\Rozwój gier\lockstate-kitchen-cooker-cycles-20261004\public\assets\environment\oblique\furniture.kitchen.stove.variants-yaw+330-elev60.render.png'
04:06.266  render           | Saved: 'C:\Users\matma\Documents\Rozwój gier\lockstate-kitchen-cooker-cycles-20261004\public\assets\environment\oblique\furniture.kitchen.stove.variants-yaw+330-elev70.render.png'
rendered 72 verified poses: C:\Users\matma\Documents\Rozwój gier\lockstate-kitchen-cooker-cycles-20261004\public\game-content\oblique-furniture.kitchen-stove.v1.json
KITCHEN_STOVE_CYCLES_EXPORT72_DECODED_GREEN
Blender 5.2.1 LTS (hash 9e2066aef7ef built 2026-08-25 02:38:20)

Blender quit
