
 RUN  v4.1.11 C:/Users/matma/Documents/Rozwój gier/lockstate-kitchen-cooker-cycles-20261004

xx

 Test Files  1 failed (1)
      Tests  2 failed (2)
   Start at  00:14:37
   Duration  597ms (transform 161ms, setup 0ms, import 468ms, tests 13ms, environment 0ms)


⎯⎯⎯⎯⎯⎯⎯ Failed Tests 2 ⎯⎯⎯⎯⎯⎯⎯

 FAIL  tests/unit/oblique-kitchen-stove-modern-consumer.test.ts > selects genuine saved modern Kitchen stove q0 over its whole unchanged paid footprint
 FAIL  tests/unit/oblique-kitchen-stove-modern-consumer.test.ts > selects genuine saved modern Kitchen stove q1 over its whole unchanged paid footprint
AssertionError: expected [] to deeply equal [ { …(2) } ]

- Expected
+ Received

- [
-   {
-     "assetId": "furniture.kitchen.stove.variants",
-     "manifest": "/game-content/oblique-furniture.kitchen-stove.v1.json",
-   },
- ]
+ []

 ❯ tests/unit/oblique-kitchen-stove-modern-consumer.test.ts:39:69
     37|     turns===0?128:64,turns===0?64:128,1,camera).footprint);
     38|   const registry=parseObliqueModuleRegistry(JSON.parse(readFileSync(ne…
     39|   expect(registry.entries.filter(row=>row.assetId===solid.assetId)).to…
       |                                                                     ^
     40|   const catalog=parseObliqueModuleCatalog(JSON.parse(readFileSync(new …
     41|   expect(catalog.source).toBe('assets/source/blender/furniture.kitchen…

⎯⎯⎯⎯⎯⎯⎯⎯⎯⎯⎯⎯⎯⎯⎯⎯⎯⎯⎯⎯⎯⎯⎯⎯[1/2]⎯
