00:01.204  blend            | Read blend: "C:\Users\matma\Documents\Rozwój gier\lockstate-common-room-cycles-20261003\assets\source\blender\furniture.common-room.upholstered-bench.soft-light.blend"
00:02.094  render           | Saved: 'C:\Users\matma\Documents\Rozwój gier\lockstate-common-room-cycles-20261003\public\assets\environment\oblique\common-room-bench-yaw+00-elev20.render.png'
00:02.954  render           | Saved: 'C:\Users\matma\Documents\Rozwój gier\lockstate-common-room-cycles-20261003\public\assets\environment\oblique\common-room-bench-yaw+00-elev30.render.png'
00:03.844  render           | Saved: 'C:\Users\matma\Documents\Rozwój gier\lockstate-common-room-cycles-20261003\public\assets\environment\oblique\common-room-bench-yaw+00-elev40.render.png'
00:04.750  render           | Saved: 'C:\Users\matma\Documents\Rozwój gier\lockstate-common-room-cycles-20261003\public\assets\environment\oblique\common-room-bench-yaw+00-elev50.render.png'
00:05.641  render           | Saved: 'C:\Users\matma\Documents\Rozwój gier\lockstate-common-room-cycles-20261003\public\assets\environment\oblique\common-room-bench-yaw+00-elev60.render.png'
00:06.516  render           | Saved: 'C:\Users\matma\Documents\Rozwój gier\lockstate-common-room-cycles-20261003\public\assets\environment\oblique\common-room-bench-yaw+00-elev70.render.png'
00:07.360  render           | Saved: 'C:\Users\matma\Documents\Rozwój gier\lockstate-common-room-cycles-20261003\public\assets\environment\oblique\common-room-bench-yaw+30-elev20.render.png'
00:08.250  render           | Saved: 'C:\Users\matma\Documents\Rozwój gier\lockstate-common-room-cycles-20261003\public\assets\environment\oblique\common-room-bench-yaw+30-elev30.render.png'
00:09.235  render           | Saved: 'C:\Users\matma\Documents\Rozwój gier\lockstate-common-room-cycles-20261003\public\assets\environment\oblique\common-room-bench-yaw+30-elev40.render.png'
00:10.235  render           | Saved: 'C:\Users\matma\Documents\Rozwój gier\lockstate-common-room-cycles-20261003\public\assets\environment\oblique\common-room-bench-yaw+30-elev50.render.png'
00:11.235  render           | Saved: 'C:\Users\matma\Documents\Rozwój gier\lockstate-common-room-cycles-20261003\public\assets\environment\oblique\common-room-bench-yaw+30-elev60.render.png'
00:12.188  render           | Saved: 'C:\Users\matma\Documents\Rozwój gier\lockstate-common-room-cycles-20261003\public\assets\environment\oblique\common-room-bench-yaw+30-elev70.render.png'
00:13.079  render           | Saved: 'C:\Users\matma\Documents\Rozwój gier\lockstate-common-room-cycles-20261003\public\assets\environment\oblique\common-room-bench-yaw+60-elev20.render.png'
00:13.954  render           | Saved: 'C:\Users\matma\Documents\Rozwój gier\lockstate-common-room-cycles-20261003\public\assets\environment\oblique\common-room-bench-yaw+60-elev30.render.png'
00:14.829  render           | Saved: 'C:\Users\matma\Documents\Rozwój gier\lockstate-common-room-cycles-20261003\public\assets\environment\oblique\common-room-bench-yaw+60-elev40.render.png'
00:15.750  render           | Saved: 'C:\Users\matma\Documents\Rozwój gier\lockstate-common-room-cycles-20261003\public\assets\environment\oblique\common-room-bench-yaw+60-elev50.render.png'
00:16.704  render           | Saved: 'C:\Users\matma\Documents\Rozwój gier\lockstate-common-room-cycles-20261003\public\assets\environment\oblique\common-room-bench-yaw+60-elev60.render.png'
00:17.625  render           | Saved: 'C:\Users\matma\Documents\Rozwój gier\lockstate-common-room-cycles-20261003\public\assets\environment\oblique\common-room-bench-yaw+60-elev70.render.png'
00:18.344  render           | Saved: 'C:\Users\matma\Documents\Rozwój gier\lockstate-common-room-cycles-20261003\public\assets\environment\oblique\common-room-bench-yaw+90-elev20.render.png'
00:19.172  render           | Saved: 'C:\Users\matma\Documents\Rozwój gier\lockstate-common-room-cycles-20261003\public\assets\environment\oblique\common-room-bench-yaw+90-elev30.render.png'
00:20.016  render           | Saved: 'C:\Users\matma\Documents\Rozwój gier\lockstate-common-room-cycles-20261003\public\assets\environment\oblique\common-room-bench-yaw+90-elev40.render.png'
00:20.875  render           | Saved: 'C:\Users\matma\Documents\Rozwój gier\lockstate-common-room-cycles-20261003\public\assets\environment\oblique\common-room-bench-yaw+90-elev50.render.png'
00:21.735  render           | Saved: 'C:\Users\matma\Documents\Rozwój gier\lockstate-common-room-cycles-20261003\public\assets\environment\oblique\common-room-bench-yaw+90-elev60.render.png'
00:22.625  render           | Saved: 'C:\Users\matma\Documents\Rozwój gier\lockstate-common-room-cycles-20261003\public\assets\environment\oblique\common-room-bench-yaw+90-elev70.render.png'
00:23.422  render           | Saved: 'C:\Users\matma\Documents\Rozwój gier\lockstate-common-room-cycles-20261003\public\assets\environment\oblique\common-room-bench-yaw+120-elev20.render.png'
00:24.313  render           | Saved: 'C:\Users\matma\Documents\Rozwój gier\lockstate-common-room-cycles-20261003\public\assets\environment\oblique\common-room-bench-yaw+120-elev30.render.png'
00:25.297  render           | Saved: 'C:\Users\matma\Documents\Rozwój gier\lockstate-common-room-cycles-20261003\public\assets\environment\oblique\common-room-bench-yaw+120-elev40.render.png'
00:26.297  render           | Saved: 'C:\Users\matma\Documents\Rozwój gier\lockstate-common-room-cycles-20261003\public\assets\environment\oblique\common-room-bench-yaw+120-elev50.render.png'
00:27.313  render           | Saved: 'C:\Users\matma\Documents\Rozwój gier\lockstate-common-room-cycles-20261003\public\assets\environment\oblique\common-room-bench-yaw+120-elev60.render.png'
00:28.344  render           | Saved: 'C:\Users\matma\Documents\Rozwój gier\lockstate-common-room-cycles-20261003\public\assets\environment\oblique\common-room-bench-yaw+120-elev70.render.png'
00:29.313  render           | Saved: 'C:\Users\matma\Documents\Rozwój gier\lockstate-common-room-cycles-20261003\public\assets\environment\oblique\common-room-bench-yaw+150-elev20.render.png'
00:30.266  render           | Saved: 'C:\Users\matma\Documents\Rozwój gier\lockstate-common-room-cycles-20261003\public\assets\environment\oblique\common-room-bench-yaw+150-elev30.render.png'
00:31.250  render           | Saved: 'C:\Users\matma\Documents\Rozwój gier\lockstate-common-room-cycles-20261003\public\assets\environment\oblique\common-room-bench-yaw+150-elev40.render.png'
00:32.250  render           | Saved: 'C:\Users\matma\Documents\Rozwój gier\lockstate-common-room-cycles-20261003\public\assets\environment\oblique\common-room-bench-yaw+150-elev50.render.png'
00:33.266  render           | Saved: 'C:\Users\matma\Documents\Rozwój gier\lockstate-common-room-cycles-20261003\public\assets\environment\oblique\common-room-bench-yaw+150-elev60.render.png'
00:34.297  render           | Saved: 'C:\Users\matma\Documents\Rozwój gier\lockstate-common-room-cycles-20261003\public\assets\environment\oblique\common-room-bench-yaw+150-elev70.render.png'
00:35.204  render           | Saved: 'C:\Users\matma\Documents\Rozwój gier\lockstate-common-room-cycles-20261003\public\assets\environment\oblique\common-room-bench-yaw+180-elev20.render.png'
00:36.094  render           | Saved: 'C:\Users\matma\Documents\Rozwój gier\lockstate-common-room-cycles-20261003\public\assets\environment\oblique\common-room-bench-yaw+180-elev30.render.png'
00:37.032  render           | Saved: 'C:\Users\matma\Documents\Rozwój gier\lockstate-common-room-cycles-20261003\public\assets\environment\oblique\common-room-bench-yaw+180-elev40.render.png'
00:38.000  render           | Saved: 'C:\Users\matma\Documents\Rozwój gier\lockstate-common-room-cycles-20261003\public\assets\environment\oblique\common-room-bench-yaw+180-elev50.render.png'
00:38.985  render           | Saved: 'C:\Users\matma\Documents\Rozwój gier\lockstate-common-room-cycles-20261003\public\assets\environment\oblique\common-room-bench-yaw+180-elev60.render.png'
00:39.985  render           | Saved: 'C:\Users\matma\Documents\Rozwój gier\lockstate-common-room-cycles-20261003\public\assets\environment\oblique\common-room-bench-yaw+180-elev70.render.png'
00:40.954  render           | Saved: 'C:\Users\matma\Documents\Rozwój gier\lockstate-common-room-cycles-20261003\public\assets\environment\oblique\common-room-bench-yaw+210-elev20.render.png'
00:41.907  render           | Saved: 'C:\Users\matma\Documents\Rozwój gier\lockstate-common-room-cycles-20261003\public\assets\environment\oblique\common-room-bench-yaw+210-elev30.render.png'
00:42.875  render           | Saved: 'C:\Users\matma\Documents\Rozwój gier\lockstate-common-room-cycles-20261003\public\assets\environment\oblique\common-room-bench-yaw+210-elev40.render.png'
00:43.860  render           | Saved: 'C:\Users\matma\Documents\Rozwój gier\lockstate-common-room-cycles-20261003\public\assets\environment\oblique\common-room-bench-yaw+210-elev50.render.png'
00:44.860  render           | Saved: 'C:\Users\matma\Documents\Rozwój gier\lockstate-common-room-cycles-20261003\public\assets\environment\oblique\common-room-bench-yaw+210-elev60.render.png'
00:45.875  render           | Saved: 'C:\Users\matma\Documents\Rozwój gier\lockstate-common-room-cycles-20261003\public\assets\environment\oblique\common-room-bench-yaw+210-elev70.render.png'
00:46.766  render           | Saved: 'C:\Users\matma\Documents\Rozwój gier\lockstate-common-room-cycles-20261003\public\assets\environment\oblique\common-room-bench-yaw+240-elev20.render.png'
00:47.704  render           | Saved: 'C:\Users\matma\Documents\Rozwój gier\lockstate-common-room-cycles-20261003\public\assets\environment\oblique\common-room-bench-yaw+240-elev30.render.png'
00:48.657  render           | Saved: 'C:\Users\matma\Documents\Rozwój gier\lockstate-common-room-cycles-20261003\public\assets\environment\oblique\common-room-bench-yaw+240-elev40.render.png'
00:49.641  render           | Saved: 'C:\Users\matma\Documents\Rozwój gier\lockstate-common-room-cycles-20261003\public\assets\environment\oblique\common-room-bench-yaw+240-elev50.render.png'
00:50.657  render           | Saved: 'C:\Users\matma\Documents\Rozwój gier\lockstate-common-room-cycles-20261003\public\assets\environment\oblique\common-room-bench-yaw+240-elev60.render.png'
00:51.704  render           | Saved: 'C:\Users\matma\Documents\Rozwój gier\lockstate-common-room-cycles-20261003\public\assets\environment\oblique\common-room-bench-yaw+240-elev70.render.png'
00:52.516  render           | Saved: 'C:\Users\matma\Documents\Rozwój gier\lockstate-common-room-cycles-20261003\public\assets\environment\oblique\common-room-bench-yaw+270-elev20.render.png'
00:53.391  render           | Saved: 'C:\Users\matma\Documents\Rozwój gier\lockstate-common-room-cycles-20261003\public\assets\environment\oblique\common-room-bench-yaw+270-elev30.render.png'
00:54.329  render           | Saved: 'C:\Users\matma\Documents\Rozwój gier\lockstate-common-room-cycles-20261003\public\assets\environment\oblique\common-room-bench-yaw+270-elev40.render.png'
00:55.297  render           | Saved: 'C:\Users\matma\Documents\Rozwój gier\lockstate-common-room-cycles-20261003\public\assets\environment\oblique\common-room-bench-yaw+270-elev50.render.png'
00:56.297  render           | Saved: 'C:\Users\matma\Documents\Rozwój gier\lockstate-common-room-cycles-20261003\public\assets\environment\oblique\common-room-bench-yaw+270-elev60.render.png'
00:57.313  render           | Saved: 'C:\Users\matma\Documents\Rozwój gier\lockstate-common-room-cycles-20261003\public\assets\environment\oblique\common-room-bench-yaw+270-elev70.render.png'
00:58.282  render           | Saved: 'C:\Users\matma\Documents\Rozwój gier\lockstate-common-room-cycles-20261003\public\assets\environment\oblique\common-room-bench-yaw+300-elev20.render.png'
00:59.313  render           | Saved: 'C:\Users\matma\Documents\Rozwój gier\lockstate-common-room-cycles-20261003\public\assets\environment\oblique\common-room-bench-yaw+300-elev30.render.png'
01:00.375  render           | Saved: 'C:\Users\matma\Documents\Rozwój gier\lockstate-common-room-cycles-20261003\public\assets\environment\oblique\common-room-bench-yaw+300-elev40.render.png'
01:01.454  render           | Saved: 'C:\Users\matma\Documents\Rozwój gier\lockstate-common-room-cycles-20261003\public\assets\environment\oblique\common-room-bench-yaw+300-elev50.render.png'
01:02.532  render           | Saved: 'C:\Users\matma\Documents\Rozwój gier\lockstate-common-room-cycles-20261003\public\assets\environment\oblique\common-room-bench-yaw+300-elev60.render.png'
01:03.594  render           | Saved: 'C:\Users\matma\Documents\Rozwój gier\lockstate-common-room-cycles-20261003\public\assets\environment\oblique\common-room-bench-yaw+300-elev70.render.png'
01:04.657  render           | Saved: 'C:\Users\matma\Documents\Rozwój gier\lockstate-common-room-cycles-20261003\public\assets\environment\oblique\common-room-bench-yaw+330-elev20.render.png'
01:05.766  render           | Saved: 'C:\Users\matma\Documents\Rozwój gier\lockstate-common-room-cycles-20261003\public\assets\environment\oblique\common-room-bench-yaw+330-elev30.render.png'
01:06.813  render           | Saved: 'C:\Users\matma\Documents\Rozwój gier\lockstate-common-room-cycles-20261003\public\assets\environment\oblique\common-room-bench-yaw+330-elev40.render.png'
01:07.688  render           | Saved: 'C:\Users\matma\Documents\Rozwój gier\lockstate-common-room-cycles-20261003\public\assets\environment\oblique\common-room-bench-yaw+330-elev50.render.png'
01:08.547  render           | Saved: 'C:\Users\matma\Documents\Rozwój gier\lockstate-common-room-cycles-20261003\public\assets\environment\oblique\common-room-bench-yaw+330-elev60.render.png'
01:09.407  render           | Saved: 'C:\Users\matma\Documents\Rozwój gier\lockstate-common-room-cycles-20261003\public\assets\environment\oblique\common-room-bench-yaw+330-elev70.render.png'
rendered 72 verified poses: C:\Users\matma\Documents\Rozwój gier\lockstate-common-room-cycles-20261003\public\game-content\oblique-furniture.common-room-bench.v1.json
COMMON_ROOM_CYCLES_EXPORT72_DECODED_GREEN
Blender 5.2.1 LTS (hash 9e2066aef7ef built 2026-08-25 02:38:20)

Blender quit
