
 RUN  v4.1.11 C:/Users/matma/Documents/Rozwój gier/lockstate-cell-toilet-cycles-20261003

xx

 Test Files  1 failed (1)
      Tests  2 failed (2)
   Start at  23:23:21
   Duration  690ms (transform 195ms, setup 0ms, import 541ms, tests 16ms, environment 0ms)


⎯⎯⎯⎯⎯⎯⎯ Failed Tests 2 ⎯⎯⎯⎯⎯⎯⎯

 FAIL  tests/unit/oblique-cell-toilet-modern-consumer.test.ts > selects genuine modern toilet body in literal Basic Cell q0 over its whole paid occupied footprint
 FAIL  tests/unit/oblique-cell-toilet-modern-consumer.test.ts > selects genuine modern toilet body in literal Basic Cell q1 over its whole paid occupied footprint
AssertionError: expected 'assets/source/blender/fixture.cell.to…' to be 'assets/source/blender/fixture.cell.to…' // Object.is equality

Expected: "assets/source/blender/fixture.cell.toilet_sink.soft-light.blend"
Received: "assets/source/blender/fixture.cell.toilet_sink.angled-connection.blend"

 ❯ tests/unit/oblique-cell-toilet-modern-consumer.test.ts:41:26
     39|   expect(registry.entries.filter(row=>row.assetId===solid.assetId)).to…
     40|   const catalog=parseObliqueModuleCatalog(JSON.parse(readFileSync(new …
     41|   expect(catalog.source).toBe('assets/source/blender/fixture.cell.toil…
       |                          ^
     42|   expect(catalog.sourceSha256).toBe('1aa9169f65ea498fd1bfe6a2ee600f058…
     43|   const selected=selectObliqueModuleFrame(catalog,{yawRadians:solid.as…

⎯⎯⎯⎯⎯⎯⎯⎯⎯⎯⎯⎯⎯⎯⎯⎯⎯⎯⎯⎯⎯⎯⎯⎯[1/2]⎯

