00:01.141  blend            | Read blend: "C:\Users\matma\Documents\Rozwój gier\lockstate-cell-toilet-cycles-20261003\assets\source\blender\fixture.cell.toilet_sink.soft-light.blend"
00:03.110  render           | Saved: 'C:\Users\matma\Documents\Rozwój gier\lockstate-cell-toilet-cycles-20261003\public\assets\environment\oblique\cell-toilet-yaw-165-elev20.staging.png'
00:05.016  render           | Saved: 'C:\Users\matma\Documents\Rozwój gier\lockstate-cell-toilet-cycles-20261003\public\assets\environment\oblique\cell-toilet-yaw-165-elev30.staging.png'
00:06.907  render           | Saved: 'C:\Users\matma\Documents\Rozwój gier\lockstate-cell-toilet-cycles-20261003\public\assets\environment\oblique\cell-toilet-yaw-165-elev40.staging.png'
00:08.829  render           | Saved: 'C:\Users\matma\Documents\Rozwój gier\lockstate-cell-toilet-cycles-20261003\public\assets\environment\oblique\cell-toilet-yaw-165-elev50.staging.png'
00:10.719  render           | Saved: 'C:\Users\matma\Documents\Rozwój gier\lockstate-cell-toilet-cycles-20261003\public\assets\environment\oblique\cell-toilet-yaw-165-elev60.staging.png'
00:12.579  render           | Saved: 'C:\Users\matma\Documents\Rozwój gier\lockstate-cell-toilet-cycles-20261003\public\assets\environment\oblique\cell-toilet-yaw-165-elev70.staging.png'
00:14.454  render           | Saved: 'C:\Users\matma\Documents\Rozwój gier\lockstate-cell-toilet-cycles-20261003\public\assets\environment\oblique\cell-toilet-yaw-135-elev20.staging.png'
00:16.344  render           | Saved: 'C:\Users\matma\Documents\Rozwój gier\lockstate-cell-toilet-cycles-20261003\public\assets\environment\oblique\cell-toilet-yaw-135-elev30.staging.png'
00:18.235  render           | Saved: 'C:\Users\matma\Documents\Rozwój gier\lockstate-cell-toilet-cycles-20261003\public\assets\environment\oblique\cell-toilet-yaw-135-elev40.staging.png'
00:20.125  render           | Saved: 'C:\Users\matma\Documents\Rozwój gier\lockstate-cell-toilet-cycles-20261003\public\assets\environment\oblique\cell-toilet-yaw-135-elev50.staging.png'
00:21.954  render           | Saved: 'C:\Users\matma\Documents\Rozwój gier\lockstate-cell-toilet-cycles-20261003\public\assets\environment\oblique\cell-toilet-yaw-135-elev60.staging.png'
00:23.813  render           | Saved: 'C:\Users\matma\Documents\Rozwój gier\lockstate-cell-toilet-cycles-20261003\public\assets\environment\oblique\cell-toilet-yaw-135-elev70.staging.png'
00:25.657  render           | Saved: 'C:\Users\matma\Documents\Rozwój gier\lockstate-cell-toilet-cycles-20261003\public\assets\environment\oblique\cell-toilet-yaw-105-elev20.staging.png'
00:27.516  render           | Saved: 'C:\Users\matma\Documents\Rozwój gier\lockstate-cell-toilet-cycles-20261003\public\assets\environment\oblique\cell-toilet-yaw-105-elev30.staging.png'
00:29.360  render           | Saved: 'C:\Users\matma\Documents\Rozwój gier\lockstate-cell-toilet-cycles-20261003\public\assets\environment\oblique\cell-toilet-yaw-105-elev40.staging.png'
00:31.266  render           | Saved: 'C:\Users\matma\Documents\Rozwój gier\lockstate-cell-toilet-cycles-20261003\public\assets\environment\oblique\cell-toilet-yaw-105-elev50.staging.png'
00:33.110  render           | Saved: 'C:\Users\matma\Documents\Rozwój gier\lockstate-cell-toilet-cycles-20261003\public\assets\environment\oblique\cell-toilet-yaw-105-elev60.staging.png'
00:34.969  render           | Saved: 'C:\Users\matma\Documents\Rozwój gier\lockstate-cell-toilet-cycles-20261003\public\assets\environment\oblique\cell-toilet-yaw-105-elev70.staging.png'
00:36.829  render           | Saved: 'C:\Users\matma\Documents\Rozwój gier\lockstate-cell-toilet-cycles-20261003\public\assets\environment\oblique\cell-toilet-yaw-75-elev20.staging.png'
00:38.719  render           | Saved: 'C:\Users\matma\Documents\Rozwój gier\lockstate-cell-toilet-cycles-20261003\public\assets\environment\oblique\cell-toilet-yaw-75-elev30.staging.png'
00:40.610  render           | Saved: 'C:\Users\matma\Documents\Rozwój gier\lockstate-cell-toilet-cycles-20261003\public\assets\environment\oblique\cell-toilet-yaw-75-elev40.staging.png'
00:42.485  render           | Saved: 'C:\Users\matma\Documents\Rozwój gier\lockstate-cell-toilet-cycles-20261003\public\assets\environment\oblique\cell-toilet-yaw-75-elev50.staging.png'
00:44.391  render           | Saved: 'C:\Users\matma\Documents\Rozwój gier\lockstate-cell-toilet-cycles-20261003\public\assets\environment\oblique\cell-toilet-yaw-75-elev60.staging.png'
00:46.297  render           | Saved: 'C:\Users\matma\Documents\Rozwój gier\lockstate-cell-toilet-cycles-20261003\public\assets\environment\oblique\cell-toilet-yaw-75-elev70.staging.png'
00:48.141  render           | Saved: 'C:\Users\matma\Documents\Rozwój gier\lockstate-cell-toilet-cycles-20261003\public\assets\environment\oblique\cell-toilet-yaw-45-elev20.staging.png'
00:49.969  render           | Saved: 'C:\Users\matma\Documents\Rozwój gier\lockstate-cell-toilet-cycles-20261003\public\assets\environment\oblique\cell-toilet-yaw-45-elev30.staging.png'
00:51.829  render           | Saved: 'C:\Users\matma\Documents\Rozwój gier\lockstate-cell-toilet-cycles-20261003\public\assets\environment\oblique\cell-toilet-yaw-45-elev40.staging.png'
00:53.797  render           | Saved: 'C:\Users\matma\Documents\Rozwój gier\lockstate-cell-toilet-cycles-20261003\public\assets\environment\oblique\cell-toilet-yaw-45-elev50.staging.png'
00:55.657  render           | Saved: 'C:\Users\matma\Documents\Rozwój gier\lockstate-cell-toilet-cycles-20261003\public\assets\environment\oblique\cell-toilet-yaw-45-elev60.staging.png'
00:57.563  render           | Saved: 'C:\Users\matma\Documents\Rozwój gier\lockstate-cell-toilet-cycles-20261003\public\assets\environment\oblique\cell-toilet-yaw-45-elev70.staging.png'
00:59.375  render           | Saved: 'C:\Users\matma\Documents\Rozwój gier\lockstate-cell-toilet-cycles-20261003\public\assets\environment\oblique\cell-toilet-yaw-15-elev20.staging.png'
01:01.235  render           | Saved: 'C:\Users\matma\Documents\Rozwój gier\lockstate-cell-toilet-cycles-20261003\public\assets\environment\oblique\cell-toilet-yaw-15-elev30.staging.png'
01:03.016  render           | Saved: 'C:\Users\matma\Documents\Rozwój gier\lockstate-cell-toilet-cycles-20261003\public\assets\environment\oblique\cell-toilet-yaw-15-elev40.staging.png'
01:04.844  render           | Saved: 'C:\Users\matma\Documents\Rozwój gier\lockstate-cell-toilet-cycles-20261003\public\assets\environment\oblique\cell-toilet-yaw-15-elev50.staging.png'
01:06.672  render           | Saved: 'C:\Users\matma\Documents\Rozwój gier\lockstate-cell-toilet-cycles-20261003\public\assets\environment\oblique\cell-toilet-yaw-15-elev60.staging.png'
01:08.469  render           | Saved: 'C:\Users\matma\Documents\Rozwój gier\lockstate-cell-toilet-cycles-20261003\public\assets\environment\oblique\cell-toilet-yaw-15-elev70.staging.png'
01:10.266  render           | Saved: 'C:\Users\matma\Documents\Rozwój gier\lockstate-cell-toilet-cycles-20261003\public\assets\environment\oblique\cell-toilet-yaw+15-elev20.staging.png'
01:12.110  render           | Saved: 'C:\Users\matma\Documents\Rozwój gier\lockstate-cell-toilet-cycles-20261003\public\assets\environment\oblique\cell-toilet-yaw+15-elev30.staging.png'
01:13.954  render           | Saved: 'C:\Users\matma\Documents\Rozwój gier\lockstate-cell-toilet-cycles-20261003\public\assets\environment\oblique\cell-toilet-yaw+15-elev40.staging.png'
01:15.797  render           | Saved: 'C:\Users\matma\Documents\Rozwój gier\lockstate-cell-toilet-cycles-20261003\public\assets\environment\oblique\cell-toilet-yaw+15-elev50.staging.png'
01:17.594  render           | Saved: 'C:\Users\matma\Documents\Rozwój gier\lockstate-cell-toilet-cycles-20261003\public\assets\environment\oblique\cell-toilet-yaw+15-elev60.staging.png'
01:19.407  render           | Saved: 'C:\Users\matma\Documents\Rozwój gier\lockstate-cell-toilet-cycles-20261003\public\assets\environment\oblique\cell-toilet-yaw+15-elev70.staging.png'
01:21.266  render           | Saved: 'C:\Users\matma\Documents\Rozwój gier\lockstate-cell-toilet-cycles-20261003\public\assets\environment\oblique\cell-toilet-yaw+45-elev20.staging.png'
01:23.157  render           | Saved: 'C:\Users\matma\Documents\Rozwój gier\lockstate-cell-toilet-cycles-20261003\public\assets\environment\oblique\cell-toilet-yaw+45-elev30.staging.png'
01:25.000  render           | Saved: 'C:\Users\matma\Documents\Rozwój gier\lockstate-cell-toilet-cycles-20261003\public\assets\environment\oblique\cell-toilet-yaw+45-elev40.staging.png'
01:26.891  render           | Saved: 'C:\Users\matma\Documents\Rozwój gier\lockstate-cell-toilet-cycles-20261003\public\assets\environment\oblique\cell-toilet-yaw+45-elev50.staging.png'
01:28.719  render           | Saved: 'C:\Users\matma\Documents\Rozwój gier\lockstate-cell-toilet-cycles-20261003\public\assets\environment\oblique\cell-toilet-yaw+45-elev60.staging.png'
01:30.532  render           | Saved: 'C:\Users\matma\Documents\Rozwój gier\lockstate-cell-toilet-cycles-20261003\public\assets\environment\oblique\cell-toilet-yaw+45-elev70.staging.png'
01:32.391  render           | Saved: 'C:\Users\matma\Documents\Rozwój gier\lockstate-cell-toilet-cycles-20261003\public\assets\environment\oblique\cell-toilet-yaw+75-elev20.staging.png'
01:34.297  render           | Saved: 'C:\Users\matma\Documents\Rozwój gier\lockstate-cell-toilet-cycles-20261003\public\assets\environment\oblique\cell-toilet-yaw+75-elev30.staging.png'
01:36.235  render           | Saved: 'C:\Users\matma\Documents\Rozwój gier\lockstate-cell-toilet-cycles-20261003\public\assets\environment\oblique\cell-toilet-yaw+75-elev40.staging.png'
01:38.172  render           | Saved: 'C:\Users\matma\Documents\Rozwój gier\lockstate-cell-toilet-cycles-20261003\public\assets\environment\oblique\cell-toilet-yaw+75-elev50.staging.png'
01:40.079  render           | Saved: 'C:\Users\matma\Documents\Rozwój gier\lockstate-cell-toilet-cycles-20261003\public\assets\environment\oblique\cell-toilet-yaw+75-elev60.staging.png'
01:41.954  render           | Saved: 'C:\Users\matma\Documents\Rozwój gier\lockstate-cell-toilet-cycles-20261003\public\assets\environment\oblique\cell-toilet-yaw+75-elev70.staging.png'
01:43.875  render           | Saved: 'C:\Users\matma\Documents\Rozwój gier\lockstate-cell-toilet-cycles-20261003\public\assets\environment\oblique\cell-toilet-yaw+105-elev20.staging.png'
01:45.844  render           | Saved: 'C:\Users\matma\Documents\Rozwój gier\lockstate-cell-toilet-cycles-20261003\public\assets\environment\oblique\cell-toilet-yaw+105-elev30.staging.png'
01:47.719  render           | Saved: 'C:\Users\matma\Documents\Rozwój gier\lockstate-cell-toilet-cycles-20261003\public\assets\environment\oblique\cell-toilet-yaw+105-elev40.staging.png'
01:49.641  render           | Saved: 'C:\Users\matma\Documents\Rozwój gier\lockstate-cell-toilet-cycles-20261003\public\assets\environment\oblique\cell-toilet-yaw+105-elev50.staging.png'
01:51.500  render           | Saved: 'C:\Users\matma\Documents\Rozwój gier\lockstate-cell-toilet-cycles-20261003\public\assets\environment\oblique\cell-toilet-yaw+105-elev60.staging.png'
01:53.360  render           | Saved: 'C:\Users\matma\Documents\Rozwój gier\lockstate-cell-toilet-cycles-20261003\public\assets\environment\oblique\cell-toilet-yaw+105-elev70.staging.png'
01:55.250  render           | Saved: 'C:\Users\matma\Documents\Rozwój gier\lockstate-cell-toilet-cycles-20261003\public\assets\environment\oblique\cell-toilet-yaw+135-elev20.staging.png'
01:57.157  render           | Saved: 'C:\Users\matma\Documents\Rozwój gier\lockstate-cell-toilet-cycles-20261003\public\assets\environment\oblique\cell-toilet-yaw+135-elev30.staging.png'
01:59.032  render           | Saved: 'C:\Users\matma\Documents\Rozwój gier\lockstate-cell-toilet-cycles-20261003\public\assets\environment\oblique\cell-toilet-yaw+135-elev40.staging.png'
02:00.954  render           | Saved: 'C:\Users\matma\Documents\Rozwój gier\lockstate-cell-toilet-cycles-20261003\public\assets\environment\oblique\cell-toilet-yaw+135-elev50.staging.png'
02:02.844  render           | Saved: 'C:\Users\matma\Documents\Rozwój gier\lockstate-cell-toilet-cycles-20261003\public\assets\environment\oblique\cell-toilet-yaw+135-elev60.staging.png'
02:04.704  render           | Saved: 'C:\Users\matma\Documents\Rozwój gier\lockstate-cell-toilet-cycles-20261003\public\assets\environment\oblique\cell-toilet-yaw+135-elev70.staging.png'
02:06.610  render           | Saved: 'C:\Users\matma\Documents\Rozwój gier\lockstate-cell-toilet-cycles-20261003\public\assets\environment\oblique\cell-toilet-yaw+165-elev20.staging.png'
02:08.579  render           | Saved: 'C:\Users\matma\Documents\Rozwój gier\lockstate-cell-toilet-cycles-20261003\public\assets\environment\oblique\cell-toilet-yaw+165-elev30.staging.png'
02:10.485  render           | Saved: 'C:\Users\matma\Documents\Rozwój gier\lockstate-cell-toilet-cycles-20261003\public\assets\environment\oblique\cell-toilet-yaw+165-elev40.staging.png'
02:12.422  render           | Saved: 'C:\Users\matma\Documents\Rozwój gier\lockstate-cell-toilet-cycles-20261003\public\assets\environment\oblique\cell-toilet-yaw+165-elev50.staging.png'
02:14.329  render           | Saved: 'C:\Users\matma\Documents\Rozwój gier\lockstate-cell-toilet-cycles-20261003\public\assets\environment\oblique\cell-toilet-yaw+165-elev60.staging.png'
02:16.235  render           | Saved: 'C:\Users\matma\Documents\Rozwój gier\lockstate-cell-toilet-cycles-20261003\public\assets\environment\oblique\cell-toilet-yaw+165-elev70.staging.png'
TOILET_CYCLES_EXPORT72_DECODED_GREEN
Blender 5.2.1 LTS (hash 9e2066aef7ef built 2026-08-25 02:38:20)

Blender quit
