
 RUN  v4.1.11 C:/Users/matma/Documents/Rozwój gier/lockstate-kitchen-fridge-cycles-20261004

xx

 Test Files  1 failed (1)
      Tests  2 failed (2)
   Start at  00:37:49
   Duration  624ms (transform 173ms, setup 0ms, import 495ms, tests 15ms, environment 0ms)


⎯⎯⎯⎯⎯⎯⎯ Failed Tests 2 ⎯⎯⎯⎯⎯⎯⎯

 FAIL  tests/unit/oblique-kitchen-fridge-modern-consumer.test.ts > selects genuine saved modern Kitchen fridge q0 over its whole unchanged paid footprint
 FAIL  tests/unit/oblique-kitchen-fridge-modern-consumer.test.ts > selects genuine saved modern Kitchen fridge q1 over its whole unchanged paid footprint
AssertionError: expected [] to deeply equal [ { …(2) } ]

- Expected
+ Received

- [
-   {
-     "assetId": "furniture.kitchen.fridge.variants",
-     "manifest": "/game-content/oblique-furniture.kitchen-fridge.v1.json",
-   },
- ]
+ []

 ❯ tests/unit/oblique-kitchen-fridge-modern-consumer.test.ts:39:69
     37|     64,64,1,camera).footprint);
     38|   const registry=parseObliqueModuleRegistry(JSON.parse(readFileSync(ne…
     39|   expect(registry.entries.filter(row=>row.assetId===solid.assetId)).to…
       |                                                                     ^
     40|   const catalog=parseObliqueModuleCatalog(JSON.parse(readFileSync(new …
     41|   expect(catalog.source).toBe('assets/source/blender/furniture.kitchen…

⎯⎯⎯⎯⎯⎯⎯⎯⎯⎯⎯⎯⎯⎯⎯⎯⎯⎯⎯⎯⎯⎯⎯⎯[1/2]⎯
