00:01.140  blend            | Read blend: "C:\Users\matma\Documents\Rozwój gier\lockstate-kitchen-fridge-cycles-20261004\assets\source\blender\furniture.kitchen.fridge.soft-light.blend"
00:04.250  render           | Saved: 'C:\Users\matma\Documents\Rozwój gier\lockstate-kitchen-fridge-cycles-20261004\public\assets\environment\oblique\furniture.kitchen.fridge.variants-yaw+00-elev20.render.png'
00:07.156  render           | Saved: 'C:\Users\matma\Documents\Rozwój gier\lockstate-kitchen-fridge-cycles-20261004\public\assets\environment\oblique\furniture.kitchen.fridge.variants-yaw+00-elev30.render.png'
00:10.031  render           | Saved: 'C:\Users\matma\Documents\Rozwój gier\lockstate-kitchen-fridge-cycles-20261004\public\assets\environment\oblique\furniture.kitchen.fridge.variants-yaw+00-elev40.render.png'
00:12.765  render           | Saved: 'C:\Users\matma\Documents\Rozwój gier\lockstate-kitchen-fridge-cycles-20261004\public\assets\environment\oblique\furniture.kitchen.fridge.variants-yaw+00-elev50.render.png'
00:15.406  render           | Saved: 'C:\Users\matma\Documents\Rozwój gier\lockstate-kitchen-fridge-cycles-20261004\public\assets\environment\oblique\furniture.kitchen.fridge.variants-yaw+00-elev60.render.png'
00:17.921  render           | Saved: 'C:\Users\matma\Documents\Rozwój gier\lockstate-kitchen-fridge-cycles-20261004\public\assets\environment\oblique\furniture.kitchen.fridge.variants-yaw+00-elev70.render.png'
00:21.093  render           | Saved: 'C:\Users\matma\Documents\Rozwój gier\lockstate-kitchen-fridge-cycles-20261004\public\assets\environment\oblique\furniture.kitchen.fridge.variants-yaw+30-elev20.render.png'
00:24.250  render           | Saved: 'C:\Users\matma\Documents\Rozwój gier\lockstate-kitchen-fridge-cycles-20261004\public\assets\environment\oblique\furniture.kitchen.fridge.variants-yaw+30-elev30.render.png'
00:27.375  render           | Saved: 'C:\Users\matma\Documents\Rozwój gier\lockstate-kitchen-fridge-cycles-20261004\public\assets\environment\oblique\furniture.kitchen.fridge.variants-yaw+30-elev40.render.png'
00:30.281  render           | Saved: 'C:\Users\matma\Documents\Rozwój gier\lockstate-kitchen-fridge-cycles-20261004\public\assets\environment\oblique\furniture.kitchen.fridge.variants-yaw+30-elev50.render.png'
00:33.031  render           | Saved: 'C:\Users\matma\Documents\Rozwój gier\lockstate-kitchen-fridge-cycles-20261004\public\assets\environment\oblique\furniture.kitchen.fridge.variants-yaw+30-elev60.render.png'
00:35.578  render           | Saved: 'C:\Users\matma\Documents\Rozwój gier\lockstate-kitchen-fridge-cycles-20261004\public\assets\environment\oblique\furniture.kitchen.fridge.variants-yaw+30-elev70.render.png'
00:38.796  render           | Saved: 'C:\Users\matma\Documents\Rozwój gier\lockstate-kitchen-fridge-cycles-20261004\public\assets\environment\oblique\furniture.kitchen.fridge.variants-yaw+60-elev20.render.png'
00:41.953  render           | Saved: 'C:\Users\matma\Documents\Rozwój gier\lockstate-kitchen-fridge-cycles-20261004\public\assets\environment\oblique\furniture.kitchen.fridge.variants-yaw+60-elev30.render.png'
00:45.015  render           | Saved: 'C:\Users\matma\Documents\Rozwój gier\lockstate-kitchen-fridge-cycles-20261004\public\assets\environment\oblique\furniture.kitchen.fridge.variants-yaw+60-elev40.render.png'
00:47.953  render           | Saved: 'C:\Users\matma\Documents\Rozwój gier\lockstate-kitchen-fridge-cycles-20261004\public\assets\environment\oblique\furniture.kitchen.fridge.variants-yaw+60-elev50.render.png'
00:50.734  render           | Saved: 'C:\Users\matma\Documents\Rozwój gier\lockstate-kitchen-fridge-cycles-20261004\public\assets\environment\oblique\furniture.kitchen.fridge.variants-yaw+60-elev60.render.png'
00:53.328  render           | Saved: 'C:\Users\matma\Documents\Rozwój gier\lockstate-kitchen-fridge-cycles-20261004\public\assets\environment\oblique\furniture.kitchen.fridge.variants-yaw+60-elev70.render.png'
00:56.203  render           | Saved: 'C:\Users\matma\Documents\Rozwój gier\lockstate-kitchen-fridge-cycles-20261004\public\assets\environment\oblique\furniture.kitchen.fridge.variants-yaw+90-elev20.render.png'
00:59.062  render           | Saved: 'C:\Users\matma\Documents\Rozwój gier\lockstate-kitchen-fridge-cycles-20261004\public\assets\environment\oblique\furniture.kitchen.fridge.variants-yaw+90-elev30.render.png'
01:01.875  render           | Saved: 'C:\Users\matma\Documents\Rozwój gier\lockstate-kitchen-fridge-cycles-20261004\public\assets\environment\oblique\furniture.kitchen.fridge.variants-yaw+90-elev40.render.png'
01:04.609  render           | Saved: 'C:\Users\matma\Documents\Rozwój gier\lockstate-kitchen-fridge-cycles-20261004\public\assets\environment\oblique\furniture.kitchen.fridge.variants-yaw+90-elev50.render.png'
01:07.218  render           | Saved: 'C:\Users\matma\Documents\Rozwój gier\lockstate-kitchen-fridge-cycles-20261004\public\assets\environment\oblique\furniture.kitchen.fridge.variants-yaw+90-elev60.render.png'
01:09.671  render           | Saved: 'C:\Users\matma\Documents\Rozwój gier\lockstate-kitchen-fridge-cycles-20261004\public\assets\environment\oblique\furniture.kitchen.fridge.variants-yaw+90-elev70.render.png'
01:12.765  render           | Saved: 'C:\Users\matma\Documents\Rozwój gier\lockstate-kitchen-fridge-cycles-20261004\public\assets\environment\oblique\furniture.kitchen.fridge.variants-yaw+120-elev20.render.png'
01:15.812  render           | Saved: 'C:\Users\matma\Documents\Rozwój gier\lockstate-kitchen-fridge-cycles-20261004\public\assets\environment\oblique\furniture.kitchen.fridge.variants-yaw+120-elev30.render.png'
01:18.796  render           | Saved: 'C:\Users\matma\Documents\Rozwój gier\lockstate-kitchen-fridge-cycles-20261004\public\assets\environment\oblique\furniture.kitchen.fridge.variants-yaw+120-elev40.render.png'
01:21.687  render           | Saved: 'C:\Users\matma\Documents\Rozwój gier\lockstate-kitchen-fridge-cycles-20261004\public\assets\environment\oblique\furniture.kitchen.fridge.variants-yaw+120-elev50.render.png'
01:24.421  render           | Saved: 'C:\Users\matma\Documents\Rozwój gier\lockstate-kitchen-fridge-cycles-20261004\public\assets\environment\oblique\furniture.kitchen.fridge.variants-yaw+120-elev60.render.png'
01:26.921  render           | Saved: 'C:\Users\matma\Documents\Rozwój gier\lockstate-kitchen-fridge-cycles-20261004\public\assets\environment\oblique\furniture.kitchen.fridge.variants-yaw+120-elev70.render.png'
01:29.968  render           | Saved: 'C:\Users\matma\Documents\Rozwój gier\lockstate-kitchen-fridge-cycles-20261004\public\assets\environment\oblique\furniture.kitchen.fridge.variants-yaw+150-elev20.render.png'
01:32.968  render           | Saved: 'C:\Users\matma\Documents\Rozwój gier\lockstate-kitchen-fridge-cycles-20261004\public\assets\environment\oblique\furniture.kitchen.fridge.variants-yaw+150-elev30.render.png'
01:35.875  render           | Saved: 'C:\Users\matma\Documents\Rozwój gier\lockstate-kitchen-fridge-cycles-20261004\public\assets\environment\oblique\furniture.kitchen.fridge.variants-yaw+150-elev40.render.png'
01:38.718  render           | Saved: 'C:\Users\matma\Documents\Rozwój gier\lockstate-kitchen-fridge-cycles-20261004\public\assets\environment\oblique\furniture.kitchen.fridge.variants-yaw+150-elev50.render.png'
01:41.453  render           | Saved: 'C:\Users\matma\Documents\Rozwój gier\lockstate-kitchen-fridge-cycles-20261004\public\assets\environment\oblique\furniture.kitchen.fridge.variants-yaw+150-elev60.render.png'
01:43.921  render           | Saved: 'C:\Users\matma\Documents\Rozwój gier\lockstate-kitchen-fridge-cycles-20261004\public\assets\environment\oblique\furniture.kitchen.fridge.variants-yaw+150-elev70.render.png'
01:46.671  render           | Saved: 'C:\Users\matma\Documents\Rozwój gier\lockstate-kitchen-fridge-cycles-20261004\public\assets\environment\oblique\furniture.kitchen.fridge.variants-yaw+180-elev20.render.png'
01:49.390  render           | Saved: 'C:\Users\matma\Documents\Rozwój gier\lockstate-kitchen-fridge-cycles-20261004\public\assets\environment\oblique\furniture.kitchen.fridge.variants-yaw+180-elev30.render.png'
01:52.140  render           | Saved: 'C:\Users\matma\Documents\Rozwój gier\lockstate-kitchen-fridge-cycles-20261004\public\assets\environment\oblique\furniture.kitchen.fridge.variants-yaw+180-elev40.render.png'
01:54.781  render           | Saved: 'C:\Users\matma\Documents\Rozwój gier\lockstate-kitchen-fridge-cycles-20261004\public\assets\environment\oblique\furniture.kitchen.fridge.variants-yaw+180-elev50.render.png'
01:57.296  render           | Saved: 'C:\Users\matma\Documents\Rozwój gier\lockstate-kitchen-fridge-cycles-20261004\public\assets\environment\oblique\furniture.kitchen.fridge.variants-yaw+180-elev60.render.png'
01:59.734  render           | Saved: 'C:\Users\matma\Documents\Rozwój gier\lockstate-kitchen-fridge-cycles-20261004\public\assets\environment\oblique\furniture.kitchen.fridge.variants-yaw+180-elev70.render.png'
02:02.718  render           | Saved: 'C:\Users\matma\Documents\Rozwój gier\lockstate-kitchen-fridge-cycles-20261004\public\assets\environment\oblique\furniture.kitchen.fridge.variants-yaw+210-elev20.render.png'
02:05.671  render           | Saved: 'C:\Users\matma\Documents\Rozwój gier\lockstate-kitchen-fridge-cycles-20261004\public\assets\environment\oblique\furniture.kitchen.fridge.variants-yaw+210-elev30.render.png'
02:08.625  render           | Saved: 'C:\Users\matma\Documents\Rozwój gier\lockstate-kitchen-fridge-cycles-20261004\public\assets\environment\oblique\furniture.kitchen.fridge.variants-yaw+210-elev40.render.png'
02:11.390  render           | Saved: 'C:\Users\matma\Documents\Rozwój gier\lockstate-kitchen-fridge-cycles-20261004\public\assets\environment\oblique\furniture.kitchen.fridge.variants-yaw+210-elev50.render.png'
02:14.031  render           | Saved: 'C:\Users\matma\Documents\Rozwój gier\lockstate-kitchen-fridge-cycles-20261004\public\assets\environment\oblique\furniture.kitchen.fridge.variants-yaw+210-elev60.render.png'
02:16.437  render           | Saved: 'C:\Users\matma\Documents\Rozwój gier\lockstate-kitchen-fridge-cycles-20261004\public\assets\environment\oblique\furniture.kitchen.fridge.variants-yaw+210-elev70.render.png'
02:19.406  render           | Saved: 'C:\Users\matma\Documents\Rozwój gier\lockstate-kitchen-fridge-cycles-20261004\public\assets\environment\oblique\furniture.kitchen.fridge.variants-yaw+240-elev20.render.png'
02:22.375  render           | Saved: 'C:\Users\matma\Documents\Rozwój gier\lockstate-kitchen-fridge-cycles-20261004\public\assets\environment\oblique\furniture.kitchen.fridge.variants-yaw+240-elev30.render.png'
02:25.265  render           | Saved: 'C:\Users\matma\Documents\Rozwój gier\lockstate-kitchen-fridge-cycles-20261004\public\assets\environment\oblique\furniture.kitchen.fridge.variants-yaw+240-elev40.render.png'
02:28.062  render           | Saved: 'C:\Users\matma\Documents\Rozwój gier\lockstate-kitchen-fridge-cycles-20261004\public\assets\environment\oblique\furniture.kitchen.fridge.variants-yaw+240-elev50.render.png'
02:30.718  render           | Saved: 'C:\Users\matma\Documents\Rozwój gier\lockstate-kitchen-fridge-cycles-20261004\public\assets\environment\oblique\furniture.kitchen.fridge.variants-yaw+240-elev60.render.png'
02:33.218  render           | Saved: 'C:\Users\matma\Documents\Rozwój gier\lockstate-kitchen-fridge-cycles-20261004\public\assets\environment\oblique\furniture.kitchen.fridge.variants-yaw+240-elev70.render.png'
02:36.000  render           | Saved: 'C:\Users\matma\Documents\Rozwój gier\lockstate-kitchen-fridge-cycles-20261004\public\assets\environment\oblique\furniture.kitchen.fridge.variants-yaw+270-elev20.render.png'
02:38.750  render           | Saved: 'C:\Users\matma\Documents\Rozwój gier\lockstate-kitchen-fridge-cycles-20261004\public\assets\environment\oblique\furniture.kitchen.fridge.variants-yaw+270-elev30.render.png'
02:41.500  render           | Saved: 'C:\Users\matma\Documents\Rozwój gier\lockstate-kitchen-fridge-cycles-20261004\public\assets\environment\oblique\furniture.kitchen.fridge.variants-yaw+270-elev40.render.png'
02:44.140  render           | Saved: 'C:\Users\matma\Documents\Rozwój gier\lockstate-kitchen-fridge-cycles-20261004\public\assets\environment\oblique\furniture.kitchen.fridge.variants-yaw+270-elev50.render.png'
02:46.718  render           | Saved: 'C:\Users\matma\Documents\Rozwój gier\lockstate-kitchen-fridge-cycles-20261004\public\assets\environment\oblique\furniture.kitchen.fridge.variants-yaw+270-elev60.render.png'
02:49.078  render           | Saved: 'C:\Users\matma\Documents\Rozwój gier\lockstate-kitchen-fridge-cycles-20261004\public\assets\environment\oblique\furniture.kitchen.fridge.variants-yaw+270-elev70.render.png'
02:52.125  render           | Saved: 'C:\Users\matma\Documents\Rozwój gier\lockstate-kitchen-fridge-cycles-20261004\public\assets\environment\oblique\furniture.kitchen.fridge.variants-yaw+300-elev20.render.png'
02:55.187  render           | Saved: 'C:\Users\matma\Documents\Rozwój gier\lockstate-kitchen-fridge-cycles-20261004\public\assets\environment\oblique\furniture.kitchen.fridge.variants-yaw+300-elev30.render.png'
02:58.125  render           | Saved: 'C:\Users\matma\Documents\Rozwój gier\lockstate-kitchen-fridge-cycles-20261004\public\assets\environment\oblique\furniture.kitchen.fridge.variants-yaw+300-elev40.render.png'
03:01.078  render           | Saved: 'C:\Users\matma\Documents\Rozwój gier\lockstate-kitchen-fridge-cycles-20261004\public\assets\environment\oblique\furniture.kitchen.fridge.variants-yaw+300-elev50.render.png'
03:03.812  render           | Saved: 'C:\Users\matma\Documents\Rozwój gier\lockstate-kitchen-fridge-cycles-20261004\public\assets\environment\oblique\furniture.kitchen.fridge.variants-yaw+300-elev60.render.png'
03:06.343  render           | Saved: 'C:\Users\matma\Documents\Rozwój gier\lockstate-kitchen-fridge-cycles-20261004\public\assets\environment\oblique\furniture.kitchen.fridge.variants-yaw+300-elev70.render.png'
03:09.421  render           | Saved: 'C:\Users\matma\Documents\Rozwój gier\lockstate-kitchen-fridge-cycles-20261004\public\assets\environment\oblique\furniture.kitchen.fridge.variants-yaw+330-elev20.render.png'
03:12.468  render           | Saved: 'C:\Users\matma\Documents\Rozwój gier\lockstate-kitchen-fridge-cycles-20261004\public\assets\environment\oblique\furniture.kitchen.fridge.variants-yaw+330-elev30.render.png'
03:15.484  render           | Saved: 'C:\Users\matma\Documents\Rozwój gier\lockstate-kitchen-fridge-cycles-20261004\public\assets\environment\oblique\furniture.kitchen.fridge.variants-yaw+330-elev40.render.png'
03:18.421  render           | Saved: 'C:\Users\matma\Documents\Rozwój gier\lockstate-kitchen-fridge-cycles-20261004\public\assets\environment\oblique\furniture.kitchen.fridge.variants-yaw+330-elev50.render.png'
03:21.187  render           | Saved: 'C:\Users\matma\Documents\Rozwój gier\lockstate-kitchen-fridge-cycles-20261004\public\assets\environment\oblique\furniture.kitchen.fridge.variants-yaw+330-elev60.render.png'
03:23.703  render           | Saved: 'C:\Users\matma\Documents\Rozwój gier\lockstate-kitchen-fridge-cycles-20261004\public\assets\environment\oblique\furniture.kitchen.fridge.variants-yaw+330-elev70.render.png'
rendered 72 verified poses: C:\Users\matma\Documents\Rozwój gier\lockstate-kitchen-fridge-cycles-20261004\public\game-content\oblique-furniture.kitchen-fridge.v1.json
KITCHEN_FRIDGE_CYCLES_EXPORT72_DECODED_GREEN
Blender 5.2.1 LTS (hash 9e2066aef7ef built 2026-08-25 02:38:20)

Blender quit
