00:01.125  blend            | Read blend: "C:\Users\matma\Documents\Rozwój gier\lockstate-kitchen-fridge-cycles-20261004\assets\source\blender\furniture.kitchen.fridge.soft-light.blend"
Blender 5.2.1 LTS (hash 9e2066aef7ef built 2026-08-25 02:38:20)

Blender quit
Traceback (most recent call last):
  File "C:\Users\matma\Documents\Rozwój gier\lockstate-kitchen-fridge-cycles-20261004\tooling\blender\render-kitchen-fridge-cycles.py", line 116, in <module>
    main()
    ~~~~^^
  File "C:\Users\matma\Documents\Rozwój gier\lockstate-kitchen-fridge-cycles-20261004\tooling\blender\render-kitchen-fridge-cycles.py", line 76, in main
    scene,camera = configure()
                   ~~~~~~~~~^^
  File "C:\Users\matma\Documents\Rozwój gier\lockstate-kitchen-fridge-cycles-20261004\tooling\blender\render-kitchen-fridge-cycles.py", line 37, in configure
    prepare.verify_scene(scene, scene.camera, EXPECTED)
    ~~~~~~~~~~~~~~~~~~~~^^^^^^^^^^^^^^^^^^^^^^^^^^^^^^^
  File "C:\Users\matma\Documents\Rozwój gier\lockstate-kitchen-fridge-cycles-20261004\tooling\blender\prepare-kitchen-fridge-cycles.py", line 77, in verify_scene
    audit.contacts(scene, ORIGINAL_RECEIPT['actualContactTargets'])
    ~~~~~~~~~~~~~~^^^^^^^^^^^^^^^^^^^^^^^^^^^^^^^^^^^^^^^^^^^^^^^^^
  File "C:\Users\matma\Documents\Rozwój gier\lockstate-kitchen-fridge-cycles-20261004\tooling\blender\refine-kitchen-fridge-angled-detail.py", line 150, in contacts
    raise ValueError('Fridge actual fixing is disconnected from its retained mount: '+name)
ValueError: Fridge actual fixing is disconnected from its retained mount: physical-kitchen-fridge.handle retaining head 0

Error: script failed, file: 'C:\Users\matma\Documents\Rozwój gier\lockstate-kitchen-fridge-cycles-20261004\tooling\blender\render-kitchen-fridge-cycles.py', exiting.
