
 RUN  v4.1.11 C:/Users/matma/Documents/Rozwój gier/lockstate-reception-context-blender-guards-20261003

 ❯ tests/unit/oblique-reception-chair-context.test.ts (7 tests | 1 failed) 20ms
     × registers the selected asset once with its real source and complete descriptor 8ms

 Test Files  1 failed (1)
      Tests  1 failed | 6 passed (7)
   Start at  14:37:38
   Duration  613ms (transform 176ms, setup 0ms, import 465ms, tests 20ms, environment 0ms)

[ELIFECYCLE] Test failed. See above for more details.
$ vitest run "tests/unit/oblique-reception-chair-context.test.ts"

⎯⎯⎯⎯⎯⎯⎯ Failed Tests 1 ⎯⎯⎯⎯⎯⎯⎯

 FAIL  tests/unit/oblique-reception-chair-context.test.ts > Reception ObjectChair context in the actual world projection > registers the selected asset once with its real source and complete descriptor
AssertionError: actual runtime Reception registry entry: expected [] to deeply equal [ { …(2) } ]

- Expected
+ Received

- [
-   {
-     "assetId": "furniture.reception.waiting-armchair",
-     "manifest": "/game-content/oblique-furniture-reception-waiting-armchair.v1.json",
-   },
- ]
+ []

 ❯ tests/unit/oblique-reception-chair-context.test.ts:93:64
     91|     const registry = parseObliqueModuleRegistry(JSON.parse(readFileSyn…
     92|     const entries = registry.entries.filter(entry => entry.assetId ===…
     93|     expect(entries, 'actual runtime Reception registry entry').toEqual…
       |                                                                ^
     94|       manifest: '/game-content/oblique-furniture-reception-waiting-arm…
     95|     const entry = entries[0];

⎯⎯⎯⎯⎯⎯⎯⎯⎯⎯⎯⎯⎯⎯⎯⎯⎯⎯⎯⎯⎯⎯⎯⎯[1/1]⎯

